2026-05-03 15:42:51,223 - INFO     - imgStream    : internal profiling set to False
2026-05-03 15:42:51,223 - INFO     - odStream     : internal profiling set to False
2026-05-03 15:42:51,223 - INFO     - frStream     : internal profiling set to False
2026-05-03 15:42:51,223 - INFO     - lprStream    : internal profiling set to False
2026-05-03 15:42:51,223 - INFO     - capStream    : internal profiling set to False
2026-05-03 15:42:51,223 - INFO     - krStream     : internal profiling set to False
2026-05-03 15:42:51,223 - INFO     - udpStream    : internal profiling set to False


================================================================================
|                                                                              |
|                     Running: Traffic Monitoring Pipeline                     |
|                                                                              |
|                         Algorithm: None, Model ID: 0                         |
|                                                                              |
|                             Target Indices: none                             |
|                                                                              |
|                             2026-05-03 15:42:51                              |
|                                                                              |
================================================================================


Number of CUDA devices: 1
2026-05-03 15:42:54,164 - INFO     - imgStream    : mix mode ratio=0.01 seed=3 -> 99 clean / 1 attack
2026-05-03 15:42:54,164 - INFO     - imgStream    : started
2026-05-03 15:42:54,178 - INFO     - img2od: 1 | od2fr: 0 | od2lpr: 0 | od2cap: 0 | fr2kr: 0 | lpr2kr: 0 | cap2udp: 0 | kr2udp: 0 | 
/home/lxt230026/.conda/envs/dyndl/lib/python3.10/site-packages/facenet_pytorch/models/inception_resnet_v1.py:329: FutureWarning: You are using `torch.load` with `weights_only=False` (the current default value), which uses the default pickle module implicitly. It is possible to construct malicious pickle data which will execute arbitrary code during unpickling (See https://github.com/pytorch/pytorch/blob/main/SECURITY.md#untrusted-models for more details). In a future release, the default value for `weights_only` will be flipped to `True`. This limits the functions that could be executed during unpickling. Arbitrary objects will no longer be allowed to be loaded via this mode unless they are explicitly allowlisted by the user via `torch.serialization.add_safe_globals`. We recommend you start setting `weights_only=True` for any use case where you don't have full control of the loaded file. Please open an issue on GitHub for any issues related to this experimental feature.
  state_dict = torch.load(cached_file)
2026-05-03 15:42:54,991 - INFO     - krStream     : face embeddings loaded, found 1000 embeddings
2026-05-03 15:42:54,992 - INFO     - krStream     : started
2026-05-03 15:42:55,045 - INFO     - frStream     : FR model loaded, model_id = vggface2
2026-05-03 15:42:55,045 - INFO     - frStream     : started
2026-05-03 15:42:55,156 - INFO     - odStream     : OD model loaded, model_id = 0
2026-05-03 15:42:55,156 - INFO     - odStream     : started
2026-05-03 15:42:55,179 - INFO     - img2od: 5 | od2fr: 0 | od2lpr: 0 | od2cap: 0 | fr2kr: 0 | lpr2kr: 0 | cap2udp: 0 | kr2udp: 0 | 
/home/lxt230026/EfficiencyAttack/traffic/cmpnt/c4_lpr.py:145: FutureWarning: You are using `torch.load` with `weights_only=False` (the current default value), which uses the default pickle module implicitly. It is possible to construct malicious pickle data which will execute arbitrary code during unpickling (See https://github.com/pytorch/pytorch/blob/main/SECURITY.md#untrusted-models for more details). In a future release, the default value for `weights_only` will be flipped to `True`. This limits the functions that could be executed during unpickling. Arbitrary objects will no longer be allowed to be loaded via this mode unless they are explicitly allowlisted by the user via `torch.serialization.add_safe_globals`. We recommend you start setting `weights_only=True` for any use case where you don't have full control of the loaded file. Please open an issue on GitHub for any issues related to this experimental feature.
  self.checkpoint = torch.load(self.model_id, map_location='cpu')
2026-05-03 15:42:55,666 - INFO     - Using custom providers: ['CPUExecutionProvider']
2026-05-03 15:42:55,667 - INFO     - Skipping download of 'argentinian-plates-cnn-model' model, already exists at /home/lxt230026/.cache/fast-plate-ocr/argentinian-plates-cnn-model
2026-05-03 15:42:55,674 - INFO     - udpStream    : LM model loaded, model_id = gpt2
2026-05-03 15:42:55,675 - INFO     - udpStream    : started
2026-05-03 15:42:55,681 - INFO     - lprStream    : LPR model loaded, model_id = model_v2.pth
2026-05-03 15:42:55,681 - INFO     - lprStream    : started
2026-05-03 15:42:55,980 - INFO     - capStream    : CAP model loaded, model_id = microsoft/git-base
2026-05-03 15:42:55,980 - INFO     - capStream    : started
2026-05-03 15:42:56,180 - INFO     - img2od: 10 | od2fr: 3 | od2lpr: 0 | od2cap: 0 | fr2kr: 0 | lpr2kr: 0 | cap2udp: 0 | kr2udp: 0 | 
2026-05-03 15:42:57,181 - INFO     - img2od: 11 | od2fr: 5 | od2lpr: 0 | od2cap: 2 | fr2kr: 2 | lpr2kr: 0 | cap2udp: 0 | kr2udp: 1 | 
2026-05-03 15:42:58,182 - INFO     - img2od: 11 | od2fr: 2 | od2lpr: 0 | od2cap: 0 | fr2kr: 4 | lpr2kr: 0 | cap2udp: 0 | kr2udp: 1 | 
2026-05-03 15:42:59,183 - INFO     - img2od: 12 | od2fr: 15 | od2lpr: 0 | od2cap: 0 | fr2kr: 6 | lpr2kr: 3 | cap2udp: 1 | kr2udp: 1 | 
2026-05-03 15:43:00,184 - INFO     - img2od: 13 | od2fr: 11 | od2lpr: 0 | od2cap: 0 | fr2kr: 10 | lpr2kr: 0 | cap2udp: 0 | kr2udp: 0 | 
2026-05-03 15:43:01,185 - INFO     - img2od: 13 | od2fr: 28 | od2lpr: 0 | od2cap: 0 | fr2kr: 12 | lpr2kr: 0 | cap2udp: 0 | kr2udp: 0 | 
2026-05-03 15:43:02,186 - INFO     - img2od: 14 | od2fr: 34 | od2lpr: 0 | od2cap: 0 | fr2kr: 16 | lpr2kr: 0 | cap2udp: 0 | kr2udp: 1 | 
2026-05-03 15:43:03,187 - INFO     - img2od: 14 | od2fr: 40 | od2lpr: 0 | od2cap: 0 | fr2kr: 18 | lpr2kr: 0 | cap2udp: 0 | kr2udp: 1 | 
2026-05-03 15:43:04,189 - INFO     - img2od: 15 | od2fr: 102 | od2lpr: 0 | od2cap: 0 | fr2kr: 22 | lpr2kr: 0 | cap2udp: 0 | kr2udp: 0 | 
2026-05-03 15:43:05,190 - INFO     - img2od: 16 | od2fr: 105 | od2lpr: 467 | od2cap: 0 | fr2kr: 24 | lpr2kr: 4 | cap2udp: 0 | kr2udp: 1 | 
2026-05-03 15:43:06,191 - INFO     - img2od: 17 | od2fr: 151 | od2lpr: 913 | od2cap: 0 | fr2kr: 28 | lpr2kr: 36 | cap2udp: 0 | kr2udp: 1 | 
2026-05-03 15:43:07,192 - INFO     - img2od: 19 | od2fr: 186 | od2lpr: 870 | od2cap: 0 | fr2kr: 32 | lpr2kr: 78 | cap2udp: 0 | kr2udp: 1 | 
2026-05-03 15:43:08,193 - INFO     - img2od: 19 | od2fr: 258 | od2lpr: 825 | od2cap: 0 | fr2kr: 35 | lpr2kr: 120 | cap2udp: 0 | kr2udp: 1 | 
2026-05-03 15:43:09,194 - INFO     - img2od: 20 | od2fr: 262 | od2lpr: 796 | od2cap: 0 | fr2kr: 39 | lpr2kr: 160 | cap2udp: 0 | kr2udp: 1 | 
2026-05-03 15:43:10,195 - INFO     - img2od: 20 | od2fr: 324 | od2lpr: 761 | od2cap: 0 | fr2kr: 43 | lpr2kr: 203 | cap2udp: 0 | kr2udp: 1 | 
2026-05-03 15:43:11,196 - INFO     - img2od: 22 | od2fr: 335 | od2lpr: 707 | od2cap: 0 | fr2kr: 46 | lpr2kr: 256 | cap2udp: 1 | kr2udp: 1 | 
2026-05-03 15:43:11,699 - INFO     - imgStream    : completed, sending END signal
2026-05-03 15:43:11,700 - INFO     - imgStream    : shutdown
2026-05-03 15:43:11,867 - INFO     - imgStream    : shutdown successful
2026-05-03 15:43:12,197 - INFO     - img2od: 20 | od2fr: 333 | od2lpr: 664 | od2cap: 0 | fr2kr: 50 | lpr2kr: 299 | cap2udp: 0 | kr2udp: 1 | 
2026-05-03 15:43:13,198 - INFO     - img2od: 15 | od2fr: 341 | od2lpr: 626 | od2cap: 1 | fr2kr: 54 | lpr2kr: 338 | cap2udp: 0 | kr2udp: 1 | 
2026-05-03 15:43:14,199 - INFO     - img2od: 10 | od2fr: 344 | od2lpr: 582 | od2cap: 0 | fr2kr: 57 | lpr2kr: 387 | cap2udp: 0 | kr2udp: 1 | 
2026-05-03 15:43:15,200 - INFO     - img2od: 6 | od2fr: 363 | od2lpr: 564 | od2cap: 0 | fr2kr: 61 | lpr2kr: 419 | cap2udp: 0 | kr2udp: 1 | 
2026-05-03 15:43:16,201 - INFO     - img2od: 1 | od2fr: 375 | od2lpr: 520 | od2cap: 0 | fr2kr: 65 | lpr2kr: 461 | cap2udp: 0 | kr2udp: 1 | 
2026-05-03 15:43:16,236 - INFO     - odStream     : Received END signal, shutting down
2026-05-03 15:43:16,240 - INFO     - capStream    : Received END signal, shutting down
2026-05-03 15:43:16,258 - INFO     - udpStream    : Received end signal from CAP
2026-05-03 15:43:16,502 - INFO     - odStream     : shutdown successful
2026-05-03 15:43:16,710 - INFO     - capStream    : shutdown successful
2026-05-03 15:43:17,202 - INFO     - img2od: 0 | od2fr: 370 | od2lpr: 451 | od2cap: 0 | fr2kr: 68 | lpr2kr: 528 | cap2udp: 0 | kr2udp: 1 | 
2026-05-03 15:43:18,203 - INFO     - img2od: 0 | od2fr: 364 | od2lpr: 358 | od2cap: 0 | fr2kr: 72 | lpr2kr: 618 | cap2udp: 0 | kr2udp: 1 | 
2026-05-03 15:43:19,204 - INFO     - img2od: 0 | od2fr: 358 | od2lpr: 263 | od2cap: 0 | fr2kr: 76 | lpr2kr: 711 | cap2udp: 0 | kr2udp: 1 | 
2026-05-03 15:43:20,205 - INFO     - img2od: 0 | od2fr: 352 | od2lpr: 179 | od2cap: 0 | fr2kr: 79 | lpr2kr: 793 | cap2udp: 0 | kr2udp: 1 | 
2026-05-03 15:43:21,206 - INFO     - img2od: 0 | od2fr: 346 | od2lpr: 94 | od2cap: 0 | fr2kr: 83 | lpr2kr: 875 | cap2udp: 0 | kr2udp: 1 | 
2026-05-03 15:43:22,207 - INFO     - img2od: 0 | od2fr: 340 | od2lpr: 39 | od2cap: 0 | fr2kr: 87 | lpr2kr: 928 | cap2udp: 0 | kr2udp: 1 | 
2026-05-03 15:43:22,940 - INFO     - lprStream    : Received END signal, shutting down
2026-05-03 15:43:23,071 - INFO     - lprStream    : shutdown successful
2026-05-03 15:43:23,208 - INFO     - img2od: 0 | od2fr: 333 | od2lpr: 0 | od2cap: 0 | fr2kr: 90 | lpr2kr: 966 | cap2udp: 0 | kr2udp: 0 | 
2026-05-03 15:43:24,209 - INFO     - img2od: 0 | od2fr: 327 | od2lpr: 0 | od2cap: 0 | fr2kr: 95 | lpr2kr: 963 | cap2udp: 0 | kr2udp: 1 | 
2026-05-03 15:43:25,210 - INFO     - img2od: 0 | od2fr: 320 | od2lpr: 0 | od2cap: 0 | fr2kr: 99 | lpr2kr: 960 | cap2udp: 0 | kr2udp: 1 | 
2026-05-03 15:43:26,211 - INFO     - img2od: 0 | od2fr: 313 | od2lpr: 0 | od2cap: 0 | fr2kr: 103 | lpr2kr: 957 | cap2udp: 0 | kr2udp: 1 | 
2026-05-03 15:43:27,212 - INFO     - img2od: 0 | od2fr: 306 | od2lpr: 0 | od2cap: 0 | fr2kr: 107 | lpr2kr: 954 | cap2udp: 0 | kr2udp: 1 | 
2026-05-03 15:43:28,213 - INFO     - img2od: 0 | od2fr: 299 | od2lpr: 0 | od2cap: 0 | fr2kr: 111 | lpr2kr: 952 | cap2udp: 0 | kr2udp: 0 | 
2026-05-03 15:43:29,214 - INFO     - img2od: 0 | od2fr: 291 | od2lpr: 0 | od2cap: 0 | fr2kr: 117 | lpr2kr: 949 | cap2udp: 0 | kr2udp: 1 | 
2026-05-03 15:43:30,216 - INFO     - img2od: 0 | od2fr: 284 | od2lpr: 0 | od2cap: 0 | fr2kr: 121 | lpr2kr: 946 | cap2udp: 0 | kr2udp: 1 | 
2026-05-03 15:43:31,217 - INFO     - img2od: 0 | od2fr: 277 | od2lpr: 0 | od2cap: 0 | fr2kr: 125 | lpr2kr: 943 | cap2udp: 0 | kr2udp: 0 | 
2026-05-03 15:43:32,218 - INFO     - img2od: 0 | od2fr: 270 | od2lpr: 0 | od2cap: 0 | fr2kr: 129 | lpr2kr: 941 | cap2udp: 0 | kr2udp: 0 | 
2026-05-03 15:43:33,219 - INFO     - img2od: 0 | od2fr: 263 | od2lpr: 0 | od2cap: 0 | fr2kr: 133 | lpr2kr: 938 | cap2udp: 0 | kr2udp: 0 | 
2026-05-03 15:43:34,220 - INFO     - img2od: 0 | od2fr: 256 | od2lpr: 0 | od2cap: 0 | fr2kr: 138 | lpr2kr: 935 | cap2udp: 0 | kr2udp: 1 | 
2026-05-03 15:43:35,222 - INFO     - img2od: 0 | od2fr: 249 | od2lpr: 0 | od2cap: 0 | fr2kr: 142 | lpr2kr: 932 | cap2udp: 0 | kr2udp: 1 | 
2026-05-03 15:43:36,223 - INFO     - img2od: 0 | od2fr: 242 | od2lpr: 0 | od2cap: 0 | fr2kr: 146 | lpr2kr: 929 | cap2udp: 0 | kr2udp: 1 | 
2026-05-03 15:43:37,224 - INFO     - img2od: 0 | od2fr: 234 | od2lpr: 0 | od2cap: 0 | fr2kr: 151 | lpr2kr: 927 | cap2udp: 0 | kr2udp: 1 | 
2026-05-03 15:43:38,226 - INFO     - img2od: 0 | od2fr: 227 | od2lpr: 0 | od2cap: 0 | fr2kr: 156 | lpr2kr: 924 | cap2udp: 0 | kr2udp: 1 | 
2026-05-03 15:43:39,227 - INFO     - img2od: 0 | od2fr: 220 | od2lpr: 0 | od2cap: 0 | fr2kr: 160 | lpr2kr: 921 | cap2udp: 0 | kr2udp: 1 | 
2026-05-03 15:43:40,228 - INFO     - img2od: 0 | od2fr: 213 | od2lpr: 0 | od2cap: 0 | fr2kr: 164 | lpr2kr: 918 | cap2udp: 0 | kr2udp: 1 | 
2026-05-03 15:43:41,229 - INFO     - img2od: 0 | od2fr: 206 | od2lpr: 0 | od2cap: 0 | fr2kr: 168 | lpr2kr: 915 | cap2udp: 0 | kr2udp: 1 | 
2026-05-03 15:43:42,230 - INFO     - img2od: 0 | od2fr: 199 | od2lpr: 0 | od2cap: 0 | fr2kr: 172 | lpr2kr: 913 | cap2udp: 0 | kr2udp: 1 | 
2026-05-03 15:43:43,232 - INFO     - img2od: 0 | od2fr: 192 | od2lpr: 0 | od2cap: 0 | fr2kr: 176 | lpr2kr: 910 | cap2udp: 0 | kr2udp: 1 | 
2026-05-03 15:43:44,233 - INFO     - img2od: 0 | od2fr: 185 | od2lpr: 0 | od2cap: 0 | fr2kr: 181 | lpr2kr: 907 | cap2udp: 0 | kr2udp: 1 | 
2026-05-03 15:43:45,234 - INFO     - img2od: 0 | od2fr: 178 | od2lpr: 0 | od2cap: 0 | fr2kr: 185 | lpr2kr: 904 | cap2udp: 0 | kr2udp: 0 | 
2026-05-03 15:43:46,235 - INFO     - img2od: 0 | od2fr: 171 | od2lpr: 0 | od2cap: 0 | fr2kr: 189 | lpr2kr: 901 | cap2udp: 0 | kr2udp: 0 | 
2026-05-03 15:43:47,237 - INFO     - img2od: 0 | od2fr: 164 | od2lpr: 0 | od2cap: 0 | fr2kr: 193 | lpr2kr: 899 | cap2udp: 0 | kr2udp: 0 | 
2026-05-03 15:43:48,238 - INFO     - img2od: 0 | od2fr: 157 | od2lpr: 0 | od2cap: 0 | fr2kr: 197 | lpr2kr: 896 | cap2udp: 0 | kr2udp: 0 | 
2026-05-03 15:43:49,239 - INFO     - img2od: 0 | od2fr: 150 | od2lpr: 0 | od2cap: 0 | fr2kr: 202 | lpr2kr: 893 | cap2udp: 0 | kr2udp: 1 | 
2026-05-03 15:43:50,240 - INFO     - img2od: 0 | od2fr: 142 | od2lpr: 0 | od2cap: 0 | fr2kr: 206 | lpr2kr: 890 | cap2udp: 0 | kr2udp: 1 | 
2026-05-03 15:43:51,242 - INFO     - img2od: 0 | od2fr: 135 | od2lpr: 0 | od2cap: 0 | fr2kr: 211 | lpr2kr: 887 | cap2udp: 0 | kr2udp: 0 | 
2026-05-03 15:43:52,243 - INFO     - img2od: 0 | od2fr: 128 | od2lpr: 0 | od2cap: 0 | fr2kr: 215 | lpr2kr: 885 | cap2udp: 0 | kr2udp: 0 | 
2026-05-03 15:43:53,244 - INFO     - img2od: 0 | od2fr: 121 | od2lpr: 0 | od2cap: 0 | fr2kr: 219 | lpr2kr: 882 | cap2udp: 0 | kr2udp: 1 | 
2026-05-03 15:43:54,245 - INFO     - img2od: 0 | od2fr: 114 | od2lpr: 0 | od2cap: 0 | fr2kr: 224 | lpr2kr: 879 | cap2udp: 0 | kr2udp: 1 | 
2026-05-03 15:43:55,246 - INFO     - img2od: 0 | od2fr: 107 | od2lpr: 0 | od2cap: 0 | fr2kr: 228 | lpr2kr: 876 | cap2udp: 0 | kr2udp: 1 | 
2026-05-03 15:43:56,248 - INFO     - img2od: 0 | od2fr: 100 | od2lpr: 0 | od2cap: 0 | fr2kr: 232 | lpr2kr: 873 | cap2udp: 0 | kr2udp: 1 | 
2026-05-03 15:43:57,249 - INFO     - img2od: 0 | od2fr: 93 | od2lpr: 0 | od2cap: 0 | fr2kr: 236 | lpr2kr: 871 | cap2udp: 0 | kr2udp: 0 | 
2026-05-03 15:43:58,250 - INFO     - img2od: 0 | od2fr: 86 | od2lpr: 0 | od2cap: 0 | fr2kr: 240 | lpr2kr: 868 | cap2udp: 0 | kr2udp: 0 | 
2026-05-03 15:43:59,251 - INFO     - img2od: 0 | od2fr: 79 | od2lpr: 0 | od2cap: 0 | fr2kr: 245 | lpr2kr: 865 | cap2udp: 0 | kr2udp: 1 | 
2026-05-03 15:44:00,252 - INFO     - img2od: 0 | od2fr: 72 | od2lpr: 0 | od2cap: 0 | fr2kr: 249 | lpr2kr: 862 | cap2udp: 0 | kr2udp: 0 | 
2026-05-03 15:44:01,253 - INFO     - img2od: 0 | od2fr: 65 | od2lpr: 0 | od2cap: 0 | fr2kr: 253 | lpr2kr: 859 | cap2udp: 0 | kr2udp: 0 | 
2026-05-03 15:44:02,254 - INFO     - img2od: 0 | od2fr: 58 | od2lpr: 0 | od2cap: 0 | fr2kr: 257 | lpr2kr: 857 | cap2udp: 0 | kr2udp: 0 | 
2026-05-03 15:44:03,256 - INFO     - img2od: 0 | od2fr: 51 | od2lpr: 0 | od2cap: 0 | fr2kr: 261 | lpr2kr: 854 | cap2udp: 0 | kr2udp: 0 | 
2026-05-03 15:44:04,257 - INFO     - img2od: 0 | od2fr: 44 | od2lpr: 0 | od2cap: 0 | fr2kr: 266 | lpr2kr: 851 | cap2udp: 0 | kr2udp: 1 | 
2026-05-03 15:44:05,258 - INFO     - img2od: 0 | od2fr: 37 | od2lpr: 0 | od2cap: 0 | fr2kr: 270 | lpr2kr: 848 | cap2udp: 0 | kr2udp: 0 | 
2026-05-03 15:44:06,259 - INFO     - img2od: 0 | od2fr: 30 | od2lpr: 0 | od2cap: 0 | fr2kr: 274 | lpr2kr: 845 | cap2udp: 0 | kr2udp: 0 | 
2026-05-03 15:44:07,261 - INFO     - img2od: 0 | od2fr: 23 | od2lpr: 0 | od2cap: 0 | fr2kr: 278 | lpr2kr: 843 | cap2udp: 0 | kr2udp: 0 | 
2026-05-03 15:44:08,262 - INFO     - img2od: 0 | od2fr: 16 | od2lpr: 0 | od2cap: 0 | fr2kr: 282 | lpr2kr: 840 | cap2udp: 0 | kr2udp: 0 | 
2026-05-03 15:44:09,263 - INFO     - img2od: 0 | od2fr: 9 | od2lpr: 0 | od2cap: 0 | fr2kr: 287 | lpr2kr: 837 | cap2udp: 0 | kr2udp: 1 | 
loading model on device: cuda
Initializing checkpoint: PekingU/rtdetr_r50vd, ID: 0
2026-05-03 15:44:10,264 - INFO     - img2od: 0 | od2fr: 1 | od2lpr: 0 | od2cap: 0 | fr2kr: 291 | lpr2kr: 834 | cap2udp: 0 | kr2udp: 0 | 
2026-05-03 15:44:10,405 - INFO     - frStream     : Received END signal, shutting down
2026-05-03 15:44:10,602 - INFO     - frStream     : shutdown successful
2026-05-03 15:44:11,264 - INFO     - img2od: 0 | od2fr: 0 | od2lpr: 0 | od2cap: 0 | fr2kr: 290 | lpr2kr: 831 | cap2udp: 0 | kr2udp: 0 | 
2026-05-03 15:44:12,266 - INFO     - img2od: 0 | od2fr: 0 | od2lpr: 0 | od2cap: 0 | fr2kr: 287 | lpr2kr: 828 | cap2udp: 0 | kr2udp: 0 | 
2026-05-03 15:44:13,267 - INFO     - img2od: 0 | od2fr: 0 | od2lpr: 0 | od2cap: 0 | fr2kr: 284 | lpr2kr: 826 | cap2udp: 0 | kr2udp: 0 | 
2026-05-03 15:44:14,268 - INFO     - img2od: 0 | od2fr: 0 | od2lpr: 0 | od2cap: 0 | fr2kr: 281 | lpr2kr: 823 | cap2udp: 0 | kr2udp: 0 | 
2026-05-03 15:44:15,269 - INFO     - img2od: 0 | od2fr: 0 | od2lpr: 0 | od2cap: 0 | fr2kr: 278 | lpr2kr: 820 | cap2udp: 0 | kr2udp: 0 | 
2026-05-03 15:44:16,271 - INFO     - img2od: 0 | od2fr: 0 | od2lpr: 0 | od2cap: 0 | fr2kr: 275 | lpr2kr: 817 | cap2udp: 0 | kr2udp: 1 | 
2026-05-03 15:44:17,272 - INFO     - img2od: 0 | od2fr: 0 | od2lpr: 0 | od2cap: 0 | fr2kr: 273 | lpr2kr: 814 | cap2udp: 0 | kr2udp: 1 | 
2026-05-03 15:44:18,273 - INFO     - img2od: 0 | od2fr: 0 | od2lpr: 0 | od2cap: 0 | fr2kr: 270 | lpr2kr: 811 | cap2udp: 0 | kr2udp: 1 | 
2026-05-03 15:44:19,274 - INFO     - img2od: 0 | od2fr: 0 | od2lpr: 0 | od2cap: 0 | fr2kr: 267 | lpr2kr: 808 | cap2udp: 0 | kr2udp: 1 | 
2026-05-03 15:44:20,275 - INFO     - img2od: 0 | od2fr: 0 | od2lpr: 0 | od2cap: 0 | fr2kr: 264 | lpr2kr: 805 | cap2udp: 0 | kr2udp: 1 | 
2026-05-03 15:44:21,277 - INFO     - img2od: 0 | od2fr: 0 | od2lpr: 0 | od2cap: 0 | fr2kr: 261 | lpr2kr: 802 | cap2udp: 0 | kr2udp: 0 | 
2026-05-03 15:44:22,278 - INFO     - img2od: 0 | od2fr: 0 | od2lpr: 0 | od2cap: 0 | fr2kr: 258 | lpr2kr: 799 | cap2udp: 0 | kr2udp: 0 | 
2026-05-03 15:44:23,279 - INFO     - img2od: 0 | od2fr: 0 | od2lpr: 0 | od2cap: 0 | fr2kr: 255 | lpr2kr: 796 | cap2udp: 0 | kr2udp: 0 | 
2026-05-03 15:44:24,280 - INFO     - img2od: 0 | od2fr: 0 | od2lpr: 0 | od2cap: 0 | fr2kr: 252 | lpr2kr: 794 | cap2udp: 0 | kr2udp: 0 | 
2026-05-03 15:44:25,282 - INFO     - img2od: 0 | od2fr: 0 | od2lpr: 0 | od2cap: 0 | fr2kr: 249 | lpr2kr: 791 | cap2udp: 0 | kr2udp: 0 | 
2026-05-03 15:44:26,283 - INFO     - img2od: 0 | od2fr: 0 | od2lpr: 0 | od2cap: 0 | fr2kr: 246 | lpr2kr: 788 | cap2udp: 0 | kr2udp: 0 | 
2026-05-03 15:44:27,284 - INFO     - img2od: 0 | od2fr: 0 | od2lpr: 0 | od2cap: 0 | fr2kr: 244 | lpr2kr: 785 | cap2udp: 0 | kr2udp: 1 | 
2026-05-03 15:44:28,285 - INFO     - img2od: 0 | od2fr: 0 | od2lpr: 0 | od2cap: 0 | fr2kr: 241 | lpr2kr: 782 | cap2udp: 0 | kr2udp: 1 | 
2026-05-03 15:44:29,286 - INFO     - img2od: 0 | od2fr: 0 | od2lpr: 0 | od2cap: 0 | fr2kr: 238 | lpr2kr: 779 | cap2udp: 0 | kr2udp: 1 | 
2026-05-03 15:44:30,287 - INFO     - img2od: 0 | od2fr: 0 | od2lpr: 0 | od2cap: 0 | fr2kr: 235 | lpr2kr: 776 | cap2udp: 0 | kr2udp: 0 | 
2026-05-03 15:44:31,288 - INFO     - img2od: 0 | od2fr: 0 | od2lpr: 0 | od2cap: 0 | fr2kr: 232 | lpr2kr: 773 | cap2udp: 0 | kr2udp: 0 | 
2026-05-03 15:44:32,289 - INFO     - img2od: 0 | od2fr: 0 | od2lpr: 0 | od2cap: 0 | fr2kr: 229 | lpr2kr: 770 | cap2udp: 0 | kr2udp: 0 | 
2026-05-03 15:44:33,291 - INFO     - img2od: 0 | od2fr: 0 | od2lpr: 0 | od2cap: 0 | fr2kr: 226 | lpr2kr: 768 | cap2udp: 0 | kr2udp: 0 | 
2026-05-03 15:44:34,292 - INFO     - img2od: 0 | od2fr: 0 | od2lpr: 0 | od2cap: 0 | fr2kr: 223 | lpr2kr: 765 | cap2udp: 0 | kr2udp: 0 | 
2026-05-03 15:44:35,293 - INFO     - img2od: 0 | od2fr: 0 | od2lpr: 0 | od2cap: 0 | fr2kr: 220 | lpr2kr: 762 | cap2udp: 0 | kr2udp: 0 | 
2026-05-03 15:44:36,294 - INFO     - img2od: 0 | od2fr: 0 | od2lpr: 0 | od2cap: 0 | fr2kr: 217 | lpr2kr: 759 | cap2udp: 0 | kr2udp: 0 | 
2026-05-03 15:44:37,296 - INFO     - img2od: 0 | od2fr: 0 | od2lpr: 0 | od2cap: 0 | fr2kr: 215 | lpr2kr: 756 | cap2udp: 0 | kr2udp: 1 | 
2026-05-03 15:44:38,297 - INFO     - img2od: 0 | od2fr: 0 | od2lpr: 0 | od2cap: 0 | fr2kr: 212 | lpr2kr: 753 | cap2udp: 0 | kr2udp: 1 | 
2026-05-03 15:44:39,298 - INFO     - img2od: 0 | od2fr: 0 | od2lpr: 0 | od2cap: 0 | fr2kr: 209 | lpr2kr: 750 | cap2udp: 0 | kr2udp: 1 | 
2026-05-03 15:44:40,299 - INFO     - img2od: 0 | od2fr: 0 | od2lpr: 0 | od2cap: 0 | fr2kr: 206 | lpr2kr: 747 | cap2udp: 0 | kr2udp: 0 | 
2026-05-03 15:44:41,301 - INFO     - img2od: 0 | od2fr: 0 | od2lpr: 0 | od2cap: 0 | fr2kr: 203 | lpr2kr: 744 | cap2udp: 0 | kr2udp: 0 | 
2026-05-03 15:44:42,302 - INFO     - img2od: 0 | od2fr: 0 | od2lpr: 0 | od2cap: 0 | fr2kr: 200 | lpr2kr: 741 | cap2udp: 0 | kr2udp: 0 | 
2026-05-03 15:44:43,303 - INFO     - img2od: 0 | od2fr: 0 | od2lpr: 0 | od2cap: 0 | fr2kr: 197 | lpr2kr: 738 | cap2udp: 0 | kr2udp: 0 | 
2026-05-03 15:44:44,304 - INFO     - img2od: 0 | od2fr: 0 | od2lpr: 0 | od2cap: 0 | fr2kr: 194 | lpr2kr: 736 | cap2udp: 0 | kr2udp: 0 | 
2026-05-03 15:44:45,305 - INFO     - img2od: 0 | od2fr: 0 | od2lpr: 0 | od2cap: 0 | fr2kr: 191 | lpr2kr: 733 | cap2udp: 0 | kr2udp: 0 | 
2026-05-03 15:44:46,307 - INFO     - img2od: 0 | od2fr: 0 | od2lpr: 0 | od2cap: 0 | fr2kr: 188 | lpr2kr: 730 | cap2udp: 0 | kr2udp: 0 | 
2026-05-03 15:44:47,308 - INFO     - img2od: 0 | od2fr: 0 | od2lpr: 0 | od2cap: 0 | fr2kr: 185 | lpr2kr: 727 | cap2udp: 0 | kr2udp: 0 | 
2026-05-03 15:44:48,309 - INFO     - img2od: 0 | od2fr: 0 | od2lpr: 0 | od2cap: 0 | fr2kr: 182 | lpr2kr: 724 | cap2udp: 0 | kr2udp: 1 | 
2026-05-03 15:44:49,310 - INFO     - img2od: 0 | od2fr: 0 | od2lpr: 0 | od2cap: 0 | fr2kr: 180 | lpr2kr: 721 | cap2udp: 0 | kr2udp: 1 | 
2026-05-03 15:44:50,312 - INFO     - img2od: 0 | od2fr: 0 | od2lpr: 0 | od2cap: 0 | fr2kr: 177 | lpr2kr: 718 | cap2udp: 0 | kr2udp: 1 | 
2026-05-03 15:44:51,313 - INFO     - img2od: 0 | od2fr: 0 | od2lpr: 0 | od2cap: 0 | fr2kr: 174 | lpr2kr: 715 | cap2udp: 0 | kr2udp: 1 | 
2026-05-03 15:44:52,314 - INFO     - img2od: 0 | od2fr: 0 | od2lpr: 0 | od2cap: 0 | fr2kr: 171 | lpr2kr: 712 | cap2udp: 0 | kr2udp: 0 | 
2026-05-03 15:44:53,315 - INFO     - img2od: 0 | od2fr: 0 | od2lpr: 0 | od2cap: 0 | fr2kr: 168 | lpr2kr: 709 | cap2udp: 0 | kr2udp: 0 | 
2026-05-03 15:44:54,316 - INFO     - img2od: 0 | od2fr: 0 | od2lpr: 0 | od2cap: 0 | fr2kr: 165 | lpr2kr: 706 | cap2udp: 0 | kr2udp: 0 | 
2026-05-03 15:44:55,318 - INFO     - img2od: 0 | od2fr: 0 | od2lpr: 0 | od2cap: 0 | fr2kr: 162 | lpr2kr: 704 | cap2udp: 0 | kr2udp: 0 | 
2026-05-03 15:44:56,319 - INFO     - img2od: 0 | od2fr: 0 | od2lpr: 0 | od2cap: 0 | fr2kr: 159 | lpr2kr: 701 | cap2udp: 0 | kr2udp: 0 | 
2026-05-03 15:44:57,320 - INFO     - img2od: 0 | od2fr: 0 | od2lpr: 0 | od2cap: 0 | fr2kr: 156 | lpr2kr: 698 | cap2udp: 0 | kr2udp: 0 | 
2026-05-03 15:44:58,321 - INFO     - img2od: 0 | od2fr: 0 | od2lpr: 0 | od2cap: 0 | fr2kr: 153 | lpr2kr: 695 | cap2udp: 0 | kr2udp: 0 | 
2026-05-03 15:44:59,322 - INFO     - img2od: 0 | od2fr: 0 | od2lpr: 0 | od2cap: 0 | fr2kr: 151 | lpr2kr: 692 | cap2udp: 0 | kr2udp: 1 | 
2026-05-03 15:45:00,323 - INFO     - img2od: 0 | od2fr: 0 | od2lpr: 0 | od2cap: 0 | fr2kr: 148 | lpr2kr: 689 | cap2udp: 0 | kr2udp: 1 | 
2026-05-03 15:45:01,324 - INFO     - img2od: 0 | od2fr: 0 | od2lpr: 0 | od2cap: 0 | fr2kr: 145 | lpr2kr: 686 | cap2udp: 0 | kr2udp: 1 | 
2026-05-03 15:45:02,326 - INFO     - img2od: 0 | od2fr: 0 | od2lpr: 0 | od2cap: 0 | fr2kr: 142 | lpr2kr: 683 | cap2udp: 0 | kr2udp: 0 | 
2026-05-03 15:45:03,327 - INFO     - img2od: 0 | od2fr: 0 | od2lpr: 0 | od2cap: 0 | fr2kr: 139 | lpr2kr: 680 | cap2udp: 0 | kr2udp: 0 | 
2026-05-03 15:45:04,328 - INFO     - img2od: 0 | od2fr: 0 | od2lpr: 0 | od2cap: 0 | fr2kr: 136 | lpr2kr: 677 | cap2udp: 0 | kr2udp: 0 | 
2026-05-03 15:45:05,329 - INFO     - img2od: 0 | od2fr: 0 | od2lpr: 0 | od2cap: 0 | fr2kr: 133 | lpr2kr: 675 | cap2udp: 0 | kr2udp: 0 | 
2026-05-03 15:45:06,331 - INFO     - img2od: 0 | od2fr: 0 | od2lpr: 0 | od2cap: 0 | fr2kr: 130 | lpr2kr: 672 | cap2udp: 0 | kr2udp: 0 | 
2026-05-03 15:45:07,331 - INFO     - img2od: 0 | od2fr: 0 | od2lpr: 0 | od2cap: 0 | fr2kr: 127 | lpr2kr: 669 | cap2udp: 0 | kr2udp: 0 | 
2026-05-03 15:45:08,332 - INFO     - img2od: 0 | od2fr: 0 | od2lpr: 0 | od2cap: 0 | fr2kr: 124 | lpr2kr: 666 | cap2udp: 0 | kr2udp: 1 | 
2026-05-03 15:45:09,333 - INFO     - img2od: 0 | od2fr: 0 | od2lpr: 0 | od2cap: 0 | fr2kr: 122 | lpr2kr: 663 | cap2udp: 0 | kr2udp: 1 | 
2026-05-03 15:45:10,334 - INFO     - img2od: 0 | od2fr: 0 | od2lpr: 0 | od2cap: 0 | fr2kr: 119 | lpr2kr: 660 | cap2udp: 0 | kr2udp: 1 | 
2026-05-03 15:45:11,336 - INFO     - img2od: 0 | od2fr: 0 | od2lpr: 0 | od2cap: 0 | fr2kr: 116 | lpr2kr: 657 | cap2udp: 0 | kr2udp: 1 | 
2026-05-03 15:45:12,337 - INFO     - img2od: 0 | od2fr: 0 | od2lpr: 0 | od2cap: 0 | fr2kr: 113 | lpr2kr: 654 | cap2udp: 0 | kr2udp: 0 | 
2026-05-03 15:45:13,338 - INFO     - img2od: 0 | od2fr: 0 | od2lpr: 0 | od2cap: 0 | fr2kr: 110 | lpr2kr: 651 | cap2udp: 0 | kr2udp: 0 | 
2026-05-03 15:45:14,339 - INFO     - img2od: 0 | od2fr: 0 | od2lpr: 0 | od2cap: 0 | fr2kr: 107 | lpr2kr: 648 | cap2udp: 0 | kr2udp: 0 | 
2026-05-03 15:45:15,341 - INFO     - img2od: 0 | od2fr: 0 | od2lpr: 0 | od2cap: 0 | fr2kr: 104 | lpr2kr: 645 | cap2udp: 0 | kr2udp: 0 | 
2026-05-03 15:45:16,342 - INFO     - img2od: 0 | od2fr: 0 | od2lpr: 0 | od2cap: 0 | fr2kr: 101 | lpr2kr: 643 | cap2udp: 0 | kr2udp: 0 | 
2026-05-03 15:45:17,343 - INFO     - img2od: 0 | od2fr: 0 | od2lpr: 0 | od2cap: 0 | fr2kr: 98 | lpr2kr: 640 | cap2udp: 0 | kr2udp: 0 | 
2026-05-03 15:45:18,344 - INFO     - img2od: 0 | od2fr: 0 | od2lpr: 0 | od2cap: 0 | fr2kr: 95 | lpr2kr: 637 | cap2udp: 0 | kr2udp: 0 | 
2026-05-03 15:45:19,345 - INFO     - img2od: 0 | od2fr: 0 | od2lpr: 0 | od2cap: 0 | fr2kr: 93 | lpr2kr: 634 | cap2udp: 0 | kr2udp: 1 | 
2026-05-03 15:45:20,347 - INFO     - img2od: 0 | od2fr: 0 | od2lpr: 0 | od2cap: 0 | fr2kr: 90 | lpr2kr: 631 | cap2udp: 0 | kr2udp: 1 | 
2026-05-03 15:45:21,348 - INFO     - img2od: 0 | od2fr: 0 | od2lpr: 0 | od2cap: 0 | fr2kr: 87 | lpr2kr: 628 | cap2udp: 0 | kr2udp: 1 | 
2026-05-03 15:45:22,349 - INFO     - img2od: 0 | od2fr: 0 | od2lpr: 0 | od2cap: 0 | fr2kr: 84 | lpr2kr: 625 | cap2udp: 0 | kr2udp: 1 | 
2026-05-03 15:45:23,350 - INFO     - img2od: 0 | od2fr: 0 | od2lpr: 0 | od2cap: 0 | fr2kr: 81 | lpr2kr: 622 | cap2udp: 0 | kr2udp: 0 | 
2026-05-03 15:45:24,351 - INFO     - img2od: 0 | od2fr: 0 | od2lpr: 0 | od2cap: 0 | fr2kr: 78 | lpr2kr: 619 | cap2udp: 0 | kr2udp: 0 | 
2026-05-03 15:45:25,353 - INFO     - img2od: 0 | od2fr: 0 | od2lpr: 0 | od2cap: 0 | fr2kr: 75 | lpr2kr: 616 | cap2udp: 0 | kr2udp: 0 | 
2026-05-03 15:45:26,354 - INFO     - img2od: 0 | od2fr: 0 | od2lpr: 0 | od2cap: 0 | fr2kr: 72 | lpr2kr: 613 | cap2udp: 0 | kr2udp: 0 | 
2026-05-03 15:45:27,355 - INFO     - img2od: 0 | od2fr: 0 | od2lpr: 0 | od2cap: 0 | fr2kr: 69 | lpr2kr: 611 | cap2udp: 0 | kr2udp: 0 | 
2026-05-03 15:45:28,356 - INFO     - img2od: 0 | od2fr: 0 | od2lpr: 0 | od2cap: 0 | fr2kr: 66 | lpr2kr: 608 | cap2udp: 0 | kr2udp: 0 | 
2026-05-03 15:45:29,358 - INFO     - img2od: 0 | od2fr: 0 | od2lpr: 0 | od2cap: 0 | fr2kr: 63 | lpr2kr: 605 | cap2udp: 0 | kr2udp: 0 | 
2026-05-03 15:45:30,359 - INFO     - img2od: 0 | od2fr: 0 | od2lpr: 0 | od2cap: 0 | fr2kr: 60 | lpr2kr: 602 | cap2udp: 0 | kr2udp: 1 | 
2026-05-03 15:45:31,360 - INFO     - img2od: 0 | od2fr: 0 | od2lpr: 0 | od2cap: 0 | fr2kr: 58 | lpr2kr: 599 | cap2udp: 0 | kr2udp: 1 | 
2026-05-03 15:45:32,361 - INFO     - img2od: 0 | od2fr: 0 | od2lpr: 0 | od2cap: 0 | fr2kr: 55 | lpr2kr: 596 | cap2udp: 0 | kr2udp: 1 | 
2026-05-03 15:45:33,362 - INFO     - img2od: 0 | od2fr: 0 | od2lpr: 0 | od2cap: 0 | fr2kr: 52 | lpr2kr: 593 | cap2udp: 0 | kr2udp: 1 | 
2026-05-03 15:45:34,364 - INFO     - img2od: 0 | od2fr: 0 | od2lpr: 0 | od2cap: 0 | fr2kr: 49 | lpr2kr: 590 | cap2udp: 0 | kr2udp: 1 | 
2026-05-03 15:45:35,365 - INFO     - img2od: 0 | od2fr: 0 | od2lpr: 0 | od2cap: 0 | fr2kr: 46 | lpr2kr: 587 | cap2udp: 0 | kr2udp: 0 | 
2026-05-03 15:45:36,366 - INFO     - img2od: 0 | od2fr: 0 | od2lpr: 0 | od2cap: 0 | fr2kr: 43 | lpr2kr: 584 | cap2udp: 0 | kr2udp: 0 | 
2026-05-03 15:45:37,367 - INFO     - img2od: 0 | od2fr: 0 | od2lpr: 0 | od2cap: 0 | fr2kr: 40 | lpr2kr: 581 | cap2udp: 0 | kr2udp: 0 | 
2026-05-03 15:45:38,369 - INFO     - img2od: 0 | od2fr: 0 | od2lpr: 0 | od2cap: 0 | fr2kr: 37 | lpr2kr: 579 | cap2udp: 0 | kr2udp: 0 | 
2026-05-03 15:45:39,370 - INFO     - img2od: 0 | od2fr: 0 | od2lpr: 0 | od2cap: 0 | fr2kr: 34 | lpr2kr: 576 | cap2udp: 0 | kr2udp: 0 | 
2026-05-03 15:45:40,371 - INFO     - img2od: 0 | od2fr: 0 | od2lpr: 0 | od2cap: 0 | fr2kr: 31 | lpr2kr: 573 | cap2udp: 0 | kr2udp: 0 | 
2026-05-03 15:45:41,372 - INFO     - img2od: 0 | od2fr: 0 | od2lpr: 0 | od2cap: 0 | fr2kr: 28 | lpr2kr: 570 | cap2udp: 0 | kr2udp: 0 | 
2026-05-03 15:45:42,374 - INFO     - img2od: 0 | od2fr: 0 | od2lpr: 0 | od2cap: 0 | fr2kr: 26 | lpr2kr: 567 | cap2udp: 0 | kr2udp: 1 | 
2026-05-03 15:45:43,375 - INFO     - img2od: 0 | od2fr: 0 | od2lpr: 0 | od2cap: 0 | fr2kr: 23 | lpr2kr: 564 | cap2udp: 0 | kr2udp: 1 | 
2026-05-03 15:45:44,376 - INFO     - img2od: 0 | od2fr: 0 | od2lpr: 0 | od2cap: 0 | fr2kr: 20 | lpr2kr: 561 | cap2udp: 0 | kr2udp: 1 | 
2026-05-03 15:45:45,377 - INFO     - img2od: 0 | od2fr: 0 | od2lpr: 0 | od2cap: 0 | fr2kr: 17 | lpr2kr: 558 | cap2udp: 0 | kr2udp: 1 | 
2026-05-03 15:45:46,378 - INFO     - img2od: 0 | od2fr: 0 | od2lpr: 0 | od2cap: 0 | fr2kr: 14 | lpr2kr: 555 | cap2udp: 0 | kr2udp: 0 | 
2026-05-03 15:45:47,380 - INFO     - img2od: 0 | od2fr: 0 | od2lpr: 0 | od2cap: 0 | fr2kr: 11 | lpr2kr: 552 | cap2udp: 0 | kr2udp: 0 | 
2026-05-03 15:45:48,381 - INFO     - img2od: 0 | od2fr: 0 | od2lpr: 0 | od2cap: 0 | fr2kr: 8 | lpr2kr: 550 | cap2udp: 0 | kr2udp: 0 | 
2026-05-03 15:45:49,382 - INFO     - img2od: 0 | od2fr: 0 | od2lpr: 0 | od2cap: 0 | fr2kr: 5 | lpr2kr: 547 | cap2udp: 0 | kr2udp: 0 | 
2026-05-03 15:45:50,383 - INFO     - img2od: 0 | od2fr: 0 | od2lpr: 0 | od2cap: 0 | fr2kr: 2 | lpr2kr: 544 | cap2udp: 0 | kr2udp: 0 | 
2026-05-03 15:45:51,019 - INFO     - krStream     : Received end signal from FR
2026-05-03 15:45:51,385 - INFO     - img2od: 0 | od2fr: 0 | od2lpr: 0 | od2cap: 0 | fr2kr: 0 | lpr2kr: 540 | cap2udp: 0 | kr2udp: 1 | 
2026-05-03 15:45:52,386 - INFO     - img2od: 0 | od2fr: 0 | od2lpr: 0 | od2cap: 0 | fr2kr: 0 | lpr2kr: 536 | cap2udp: 0 | kr2udp: 1 | 
2026-05-03 15:45:53,387 - INFO     - img2od: 0 | od2fr: 0 | od2lpr: 0 | od2cap: 0 | fr2kr: 0 | lpr2kr: 531 | cap2udp: 0 | kr2udp: 0 | 
2026-05-03 15:45:54,388 - INFO     - img2od: 0 | od2fr: 0 | od2lpr: 0 | od2cap: 0 | fr2kr: 0 | lpr2kr: 527 | cap2udp: 0 | kr2udp: 1 | 
2026-05-03 15:45:55,390 - INFO     - img2od: 0 | od2fr: 0 | od2lpr: 0 | od2cap: 0 | fr2kr: 0 | lpr2kr: 522 | cap2udp: 0 | kr2udp: 0 | 
2026-05-03 15:45:56,391 - INFO     - img2od: 0 | od2fr: 0 | od2lpr: 0 | od2cap: 0 | fr2kr: 0 | lpr2kr: 518 | cap2udp: 0 | kr2udp: 0 | 
2026-05-03 15:45:57,392 - INFO     - img2od: 0 | od2fr: 0 | od2lpr: 0 | od2cap: 0 | fr2kr: 0 | lpr2kr: 514 | cap2udp: 0 | kr2udp: 1 | 
2026-05-03 15:45:58,393 - INFO     - img2od: 0 | od2fr: 0 | od2lpr: 0 | od2cap: 0 | fr2kr: 0 | lpr2kr: 509 | cap2udp: 0 | kr2udp: 0 | 
2026-05-03 15:45:59,394 - INFO     - img2od: 0 | od2fr: 0 | od2lpr: 0 | od2cap: 0 | fr2kr: 0 | lpr2kr: 505 | cap2udp: 0 | kr2udp: 1 | 
2026-05-03 15:46:00,396 - INFO     - img2od: 0 | od2fr: 0 | od2lpr: 0 | od2cap: 0 | fr2kr: 0 | lpr2kr: 501 | cap2udp: 0 | kr2udp: 1 | 
2026-05-03 15:46:01,397 - INFO     - img2od: 0 | od2fr: 0 | od2lpr: 0 | od2cap: 0 | fr2kr: 0 | lpr2kr: 496 | cap2udp: 0 | kr2udp: 0 | 
2026-05-03 15:46:02,398 - INFO     - img2od: 0 | od2fr: 0 | od2lpr: 0 | od2cap: 0 | fr2kr: 0 | lpr2kr: 492 | cap2udp: 0 | kr2udp: 1 | 
2026-05-03 15:46:03,399 - INFO     - img2od: 0 | od2fr: 0 | od2lpr: 0 | od2cap: 0 | fr2kr: 0 | lpr2kr: 487 | cap2udp: 0 | kr2udp: 1 | 
2026-05-03 15:46:04,401 - INFO     - img2od: 0 | od2fr: 0 | od2lpr: 0 | od2cap: 0 | fr2kr: 0 | lpr2kr: 483 | cap2udp: 0 | kr2udp: 0 | 
2026-05-03 15:46:05,402 - INFO     - img2od: 0 | od2fr: 0 | od2lpr: 0 | od2cap: 0 | fr2kr: 0 | lpr2kr: 479 | cap2udp: 0 | kr2udp: 1 | 
2026-05-03 15:46:06,403 - INFO     - img2od: 0 | od2fr: 0 | od2lpr: 0 | od2cap: 0 | fr2kr: 0 | lpr2kr: 474 | cap2udp: 0 | kr2udp: 0 | 
2026-05-03 15:46:07,404 - INFO     - img2od: 0 | od2fr: 0 | od2lpr: 0 | od2cap: 0 | fr2kr: 0 | lpr2kr: 470 | cap2udp: 0 | kr2udp: 0 | 
2026-05-03 15:46:08,405 - INFO     - img2od: 0 | od2fr: 0 | od2lpr: 0 | od2cap: 0 | fr2kr: 0 | lpr2kr: 466 | cap2udp: 0 | kr2udp: 1 | 
2026-05-03 15:46:09,407 - INFO     - img2od: 0 | od2fr: 0 | od2lpr: 0 | od2cap: 0 | fr2kr: 0 | lpr2kr: 461 | cap2udp: 0 | kr2udp: 0 | 
2026-05-03 15:46:10,408 - INFO     - img2od: 0 | od2fr: 0 | od2lpr: 0 | od2cap: 0 | fr2kr: 0 | lpr2kr: 457 | cap2udp: 0 | kr2udp: 1 | 
2026-05-03 15:46:11,409 - INFO     - img2od: 0 | od2fr: 0 | od2lpr: 0 | od2cap: 0 | fr2kr: 0 | lpr2kr: 453 | cap2udp: 0 | kr2udp: 1 | 
2026-05-03 15:46:12,410 - INFO     - img2od: 0 | od2fr: 0 | od2lpr: 0 | od2cap: 0 | fr2kr: 0 | lpr2kr: 448 | cap2udp: 0 | kr2udp: 0 | 
2026-05-03 15:46:13,412 - INFO     - img2od: 0 | od2fr: 0 | od2lpr: 0 | od2cap: 0 | fr2kr: 0 | lpr2kr: 444 | cap2udp: 0 | kr2udp: 1 | 
2026-05-03 15:46:14,413 - INFO     - img2od: 0 | od2fr: 0 | od2lpr: 0 | od2cap: 0 | fr2kr: 0 | lpr2kr: 439 | cap2udp: 0 | kr2udp: 0 | 
2026-05-03 15:46:15,414 - INFO     - img2od: 0 | od2fr: 0 | od2lpr: 0 | od2cap: 0 | fr2kr: 0 | lpr2kr: 435 | cap2udp: 0 | kr2udp: 0 | 
2026-05-03 15:46:16,415 - INFO     - img2od: 0 | od2fr: 0 | od2lpr: 0 | od2cap: 0 | fr2kr: 0 | lpr2kr: 431 | cap2udp: 0 | kr2udp: 1 | 
2026-05-03 15:46:17,416 - INFO     - img2od: 0 | od2fr: 0 | od2lpr: 0 | od2cap: 0 | fr2kr: 0 | lpr2kr: 426 | cap2udp: 0 | kr2udp: 0 | 
2026-05-03 15:46:18,417 - INFO     - img2od: 0 | od2fr: 0 | od2lpr: 0 | od2cap: 0 | fr2kr: 0 | lpr2kr: 422 | cap2udp: 0 | kr2udp: 0 | 
2026-05-03 15:46:19,418 - INFO     - img2od: 0 | od2fr: 0 | od2lpr: 0 | od2cap: 0 | fr2kr: 0 | lpr2kr: 418 | cap2udp: 0 | kr2udp: 1 | 
2026-05-03 15:46:20,420 - INFO     - img2od: 0 | od2fr: 0 | od2lpr: 0 | od2cap: 0 | fr2kr: 0 | lpr2kr: 413 | cap2udp: 0 | kr2udp: 0 | 
2026-05-03 15:46:21,421 - INFO     - img2od: 0 | od2fr: 0 | od2lpr: 0 | od2cap: 0 | fr2kr: 0 | lpr2kr: 409 | cap2udp: 0 | kr2udp: 1 | 
2026-05-03 15:46:22,422 - INFO     - img2od: 0 | od2fr: 0 | od2lpr: 0 | od2cap: 0 | fr2kr: 0 | lpr2kr: 405 | cap2udp: 0 | kr2udp: 1 | 
2026-05-03 15:46:23,423 - INFO     - img2od: 0 | od2fr: 0 | od2lpr: 0 | od2cap: 0 | fr2kr: 0 | lpr2kr: 400 | cap2udp: 0 | kr2udp: 0 | 
2026-05-03 15:46:24,425 - INFO     - img2od: 0 | od2fr: 0 | od2lpr: 0 | od2cap: 0 | fr2kr: 0 | lpr2kr: 396 | cap2udp: 0 | kr2udp: 1 | 
2026-05-03 15:46:25,426 - INFO     - img2od: 0 | od2fr: 0 | od2lpr: 0 | od2cap: 0 | fr2kr: 0 | lpr2kr: 391 | cap2udp: 0 | kr2udp: 0 | 
2026-05-03 15:46:26,427 - INFO     - img2od: 0 | od2fr: 0 | od2lpr: 0 | od2cap: 0 | fr2kr: 0 | lpr2kr: 387 | cap2udp: 0 | kr2udp: 0 | 
2026-05-03 15:46:27,428 - INFO     - img2od: 0 | od2fr: 0 | od2lpr: 0 | od2cap: 0 | fr2kr: 0 | lpr2kr: 383 | cap2udp: 0 | kr2udp: 1 | 
2026-05-03 15:46:28,429 - INFO     - img2od: 0 | od2fr: 0 | od2lpr: 0 | od2cap: 0 | fr2kr: 0 | lpr2kr: 378 | cap2udp: 0 | kr2udp: 0 | 
2026-05-03 15:46:29,430 - INFO     - img2od: 0 | od2fr: 0 | od2lpr: 0 | od2cap: 0 | fr2kr: 0 | lpr2kr: 374 | cap2udp: 0 | kr2udp: 1 | 
2026-05-03 15:46:30,432 - INFO     - img2od: 0 | od2fr: 0 | od2lpr: 0 | od2cap: 0 | fr2kr: 0 | lpr2kr: 370 | cap2udp: 0 | kr2udp: 1 | 
2026-05-03 15:46:31,433 - INFO     - img2od: 0 | od2fr: 0 | od2lpr: 0 | od2cap: 0 | fr2kr: 0 | lpr2kr: 365 | cap2udp: 0 | kr2udp: 0 | 
2026-05-03 15:46:32,434 - INFO     - img2od: 0 | od2fr: 0 | od2lpr: 0 | od2cap: 0 | fr2kr: 0 | lpr2kr: 361 | cap2udp: 0 | kr2udp: 1 | 
2026-05-03 15:46:33,435 - INFO     - img2od: 0 | od2fr: 0 | od2lpr: 0 | od2cap: 0 | fr2kr: 0 | lpr2kr: 356 | cap2udp: 0 | kr2udp: 0 | 
2026-05-03 15:46:34,437 - INFO     - img2od: 0 | od2fr: 0 | od2lpr: 0 | od2cap: 0 | fr2kr: 0 | lpr2kr: 352 | cap2udp: 0 | kr2udp: 0 | 
2026-05-03 15:46:35,438 - INFO     - img2od: 0 | od2fr: 0 | od2lpr: 0 | od2cap: 0 | fr2kr: 0 | lpr2kr: 348 | cap2udp: 0 | kr2udp: 1 | 
2026-05-03 15:46:36,438 - INFO     - img2od: 0 | od2fr: 0 | od2lpr: 0 | od2cap: 0 | fr2kr: 0 | lpr2kr: 343 | cap2udp: 0 | kr2udp: 1 | 
2026-05-03 15:46:37,439 - INFO     - img2od: 0 | od2fr: 0 | od2lpr: 0 | od2cap: 0 | fr2kr: 0 | lpr2kr: 339 | cap2udp: 0 | kr2udp: 0 | 
2026-05-03 15:46:38,441 - INFO     - img2od: 0 | od2fr: 0 | od2lpr: 0 | od2cap: 0 | fr2kr: 0 | lpr2kr: 335 | cap2udp: 0 | kr2udp: 1 | 
2026-05-03 15:46:39,442 - INFO     - img2od: 0 | od2fr: 0 | od2lpr: 0 | od2cap: 0 | fr2kr: 0 | lpr2kr: 330 | cap2udp: 0 | kr2udp: 0 | 
2026-05-03 15:46:40,443 - INFO     - img2od: 0 | od2fr: 0 | od2lpr: 0 | od2cap: 0 | fr2kr: 0 | lpr2kr: 326 | cap2udp: 0 | kr2udp: 0 | 
2026-05-03 15:46:41,444 - INFO     - img2od: 0 | od2fr: 0 | od2lpr: 0 | od2cap: 0 | fr2kr: 0 | lpr2kr: 322 | cap2udp: 0 | kr2udp: 1 | 
2026-05-03 15:46:42,446 - INFO     - img2od: 0 | od2fr: 0 | od2lpr: 0 | od2cap: 0 | fr2kr: 0 | lpr2kr: 317 | cap2udp: 0 | kr2udp: 0 | 
2026-05-03 15:46:43,447 - INFO     - img2od: 0 | od2fr: 0 | od2lpr: 0 | od2cap: 0 | fr2kr: 0 | lpr2kr: 313 | cap2udp: 0 | kr2udp: 1 | 
2026-05-03 15:46:44,448 - INFO     - img2od: 0 | od2fr: 0 | od2lpr: 0 | od2cap: 0 | fr2kr: 0 | lpr2kr: 309 | cap2udp: 0 | kr2udp: 1 | 
2026-05-03 15:46:45,449 - INFO     - img2od: 0 | od2fr: 0 | od2lpr: 0 | od2cap: 0 | fr2kr: 0 | lpr2kr: 304 | cap2udp: 0 | kr2udp: 0 | 
2026-05-03 15:46:46,450 - INFO     - img2od: 0 | od2fr: 0 | od2lpr: 0 | od2cap: 0 | fr2kr: 0 | lpr2kr: 300 | cap2udp: 0 | kr2udp: 1 | 
2026-05-03 15:46:47,452 - INFO     - img2od: 0 | od2fr: 0 | od2lpr: 0 | od2cap: 0 | fr2kr: 0 | lpr2kr: 295 | cap2udp: 0 | kr2udp: 1 | 
2026-05-03 15:46:48,453 - INFO     - img2od: 0 | od2fr: 0 | od2lpr: 0 | od2cap: 0 | fr2kr: 0 | lpr2kr: 291 | cap2udp: 0 | kr2udp: 0 | 
2026-05-03 15:46:49,454 - INFO     - img2od: 0 | od2fr: 0 | od2lpr: 0 | od2cap: 0 | fr2kr: 0 | lpr2kr: 287 | cap2udp: 0 | kr2udp: 1 | 
2026-05-03 15:46:50,455 - INFO     - img2od: 0 | od2fr: 0 | od2lpr: 0 | od2cap: 0 | fr2kr: 0 | lpr2kr: 282 | cap2udp: 0 | kr2udp: 0 | 
2026-05-03 15:46:51,456 - INFO     - img2od: 0 | od2fr: 0 | od2lpr: 0 | od2cap: 0 | fr2kr: 0 | lpr2kr: 278 | cap2udp: 0 | kr2udp: 0 | 
2026-05-03 15:46:52,457 - INFO     - img2od: 0 | od2fr: 0 | od2lpr: 0 | od2cap: 0 | fr2kr: 0 | lpr2kr: 274 | cap2udp: 0 | kr2udp: 1 | 
2026-05-03 15:46:53,458 - INFO     - img2od: 0 | od2fr: 0 | od2lpr: 0 | od2cap: 0 | fr2kr: 0 | lpr2kr: 269 | cap2udp: 0 | kr2udp: 0 | 
2026-05-03 15:46:54,459 - INFO     - img2od: 0 | od2fr: 0 | od2lpr: 0 | od2cap: 0 | fr2kr: 0 | lpr2kr: 265 | cap2udp: 0 | kr2udp: 1 | 
2026-05-03 15:46:55,461 - INFO     - img2od: 0 | od2fr: 0 | od2lpr: 0 | od2cap: 0 | fr2kr: 0 | lpr2kr: 261 | cap2udp: 0 | kr2udp: 1 | 
2026-05-03 15:46:56,462 - INFO     - img2od: 0 | od2fr: 0 | od2lpr: 0 | od2cap: 0 | fr2kr: 0 | lpr2kr: 256 | cap2udp: 0 | kr2udp: 0 | 
2026-05-03 15:46:57,463 - INFO     - img2od: 0 | od2fr: 0 | od2lpr: 0 | od2cap: 0 | fr2kr: 0 | lpr2kr: 252 | cap2udp: 0 | kr2udp: 1 | 
2026-05-03 15:46:58,464 - INFO     - img2od: 0 | od2fr: 0 | od2lpr: 0 | od2cap: 0 | fr2kr: 0 | lpr2kr: 247 | cap2udp: 0 | kr2udp: 0 | 
2026-05-03 15:46:59,466 - INFO     - img2od: 0 | od2fr: 0 | od2lpr: 0 | od2cap: 0 | fr2kr: 0 | lpr2kr: 243 | cap2udp: 0 | kr2udp: 0 | 
2026-05-03 15:47:00,467 - INFO     - img2od: 0 | od2fr: 0 | od2lpr: 0 | od2cap: 0 | fr2kr: 0 | lpr2kr: 239 | cap2udp: 0 | kr2udp: 1 | 
2026-05-03 15:47:01,468 - INFO     - img2od: 0 | od2fr: 0 | od2lpr: 0 | od2cap: 0 | fr2kr: 0 | lpr2kr: 234 | cap2udp: 0 | kr2udp: 0 | 
2026-05-03 15:47:02,469 - INFO     - img2od: 0 | od2fr: 0 | od2lpr: 0 | od2cap: 0 | fr2kr: 0 | lpr2kr: 230 | cap2udp: 0 | kr2udp: 0 | 
2026-05-03 15:47:03,470 - INFO     - img2od: 0 | od2fr: 0 | od2lpr: 0 | od2cap: 0 | fr2kr: 0 | lpr2kr: 226 | cap2udp: 0 | kr2udp: 1 | 
2026-05-03 15:47:04,472 - INFO     - img2od: 0 | od2fr: 0 | od2lpr: 0 | od2cap: 0 | fr2kr: 0 | lpr2kr: 221 | cap2udp: 0 | kr2udp: 0 | 
2026-05-03 15:47:05,473 - INFO     - img2od: 0 | od2fr: 0 | od2lpr: 0 | od2cap: 0 | fr2kr: 0 | lpr2kr: 217 | cap2udp: 0 | kr2udp: 1 | 
2026-05-03 15:47:06,474 - INFO     - img2od: 0 | od2fr: 0 | od2lpr: 0 | od2cap: 0 | fr2kr: 0 | lpr2kr: 213 | cap2udp: 0 | kr2udp: 1 | 
2026-05-03 15:47:07,475 - INFO     - img2od: 0 | od2fr: 0 | od2lpr: 0 | od2cap: 0 | fr2kr: 0 | lpr2kr: 208 | cap2udp: 0 | kr2udp: 0 | 
2026-05-03 15:47:08,477 - INFO     - img2od: 0 | od2fr: 0 | od2lpr: 0 | od2cap: 0 | fr2kr: 0 | lpr2kr: 203 | cap2udp: 0 | kr2udp: 1 | 
2026-05-03 15:47:09,478 - INFO     - img2od: 0 | od2fr: 0 | od2lpr: 0 | od2cap: 0 | fr2kr: 0 | lpr2kr: 198 | cap2udp: 0 | kr2udp: 1 | 
2026-05-03 15:47:10,479 - INFO     - img2od: 0 | od2fr: 0 | od2lpr: 0 | od2cap: 0 | fr2kr: 0 | lpr2kr: 194 | cap2udp: 0 | kr2udp: 1 | 
2026-05-03 15:47:11,480 - INFO     - img2od: 0 | od2fr: 0 | od2lpr: 0 | od2cap: 0 | fr2kr: 0 | lpr2kr: 189 | cap2udp: 0 | kr2udp: 1 | 
2026-05-03 15:47:12,482 - INFO     - img2od: 0 | od2fr: 0 | od2lpr: 0 | od2cap: 0 | fr2kr: 0 | lpr2kr: 184 | cap2udp: 0 | kr2udp: 1 | 
2026-05-03 15:47:13,483 - INFO     - img2od: 0 | od2fr: 0 | od2lpr: 0 | od2cap: 0 | fr2kr: 0 | lpr2kr: 179 | cap2udp: 0 | kr2udp: 0 | 
2026-05-03 15:47:14,484 - INFO     - img2od: 0 | od2fr: 0 | od2lpr: 0 | od2cap: 0 | fr2kr: 0 | lpr2kr: 174 | cap2udp: 0 | kr2udp: 0 | 
2026-05-03 15:47:15,485 - INFO     - img2od: 0 | od2fr: 0 | od2lpr: 0 | od2cap: 0 | fr2kr: 0 | lpr2kr: 169 | cap2udp: 0 | kr2udp: 0 | 
2026-05-03 15:47:16,486 - INFO     - img2od: 0 | od2fr: 0 | od2lpr: 0 | od2cap: 0 | fr2kr: 0 | lpr2kr: 164 | cap2udp: 0 | kr2udp: 0 | 
2026-05-03 15:47:17,488 - INFO     - img2od: 0 | od2fr: 0 | od2lpr: 0 | od2cap: 0 | fr2kr: 0 | lpr2kr: 159 | cap2udp: 0 | kr2udp: 1 | 
2026-05-03 15:47:18,489 - INFO     - img2od: 0 | od2fr: 0 | od2lpr: 0 | od2cap: 0 | fr2kr: 0 | lpr2kr: 155 | cap2udp: 0 | kr2udp: 1 | 
2026-05-03 15:47:19,490 - INFO     - img2od: 0 | od2fr: 0 | od2lpr: 0 | od2cap: 0 | fr2kr: 0 | lpr2kr: 150 | cap2udp: 0 | kr2udp: 1 | 
2026-05-03 15:47:20,491 - INFO     - img2od: 0 | od2fr: 0 | od2lpr: 0 | od2cap: 0 | fr2kr: 0 | lpr2kr: 145 | cap2udp: 0 | kr2udp: 1 | 
2026-05-03 15:47:21,493 - INFO     - img2od: 0 | od2fr: 0 | od2lpr: 0 | od2cap: 0 | fr2kr: 0 | lpr2kr: 140 | cap2udp: 0 | kr2udp: 1 | 
2026-05-03 15:47:22,494 - INFO     - img2od: 0 | od2fr: 0 | od2lpr: 0 | od2cap: 0 | fr2kr: 0 | lpr2kr: 135 | cap2udp: 0 | kr2udp: 1 | 
2026-05-03 15:47:23,495 - INFO     - img2od: 0 | od2fr: 0 | od2lpr: 0 | od2cap: 0 | fr2kr: 0 | lpr2kr: 130 | cap2udp: 0 | kr2udp: 0 | 
2026-05-03 15:47:24,496 - INFO     - img2od: 0 | od2fr: 0 | od2lpr: 0 | od2cap: 0 | fr2kr: 0 | lpr2kr: 126 | cap2udp: 0 | kr2udp: 1 | 
2026-05-03 15:47:25,497 - INFO     - img2od: 0 | od2fr: 0 | od2lpr: 0 | od2cap: 0 | fr2kr: 0 | lpr2kr: 121 | cap2udp: 0 | kr2udp: 1 | 
2026-05-03 15:47:26,498 - INFO     - img2od: 0 | od2fr: 0 | od2lpr: 0 | od2cap: 0 | fr2kr: 0 | lpr2kr: 117 | cap2udp: 0 | kr2udp: 1 | 
2026-05-03 15:47:27,499 - INFO     - img2od: 0 | od2fr: 0 | od2lpr: 0 | od2cap: 0 | fr2kr: 0 | lpr2kr: 113 | cap2udp: 0 | kr2udp: 1 | 
2026-05-03 15:47:28,500 - INFO     - img2od: 0 | od2fr: 0 | od2lpr: 0 | od2cap: 0 | fr2kr: 0 | lpr2kr: 109 | cap2udp: 0 | kr2udp: 1 | 
2026-05-03 15:47:29,501 - INFO     - img2od: 0 | od2fr: 0 | od2lpr: 0 | od2cap: 0 | fr2kr: 0 | lpr2kr: 106 | cap2udp: 0 | kr2udp: 1 | 
2026-05-03 15:47:30,502 - INFO     - img2od: 0 | od2fr: 0 | od2lpr: 0 | od2cap: 0 | fr2kr: 0 | lpr2kr: 102 | cap2udp: 0 | kr2udp: 1 | 
2026-05-03 15:47:31,503 - INFO     - img2od: 0 | od2fr: 0 | od2lpr: 0 | od2cap: 0 | fr2kr: 0 | lpr2kr: 98 | cap2udp: 0 | kr2udp: 0 | 
2026-05-03 15:47:32,504 - INFO     - img2od: 0 | od2fr: 0 | od2lpr: 0 | od2cap: 0 | fr2kr: 0 | lpr2kr: 94 | cap2udp: 0 | kr2udp: 0 | 
2026-05-03 15:47:33,506 - INFO     - img2od: 0 | od2fr: 0 | od2lpr: 0 | od2cap: 0 | fr2kr: 0 | lpr2kr: 90 | cap2udp: 0 | kr2udp: 0 | 
2026-05-03 15:47:34,507 - INFO     - img2od: 0 | od2fr: 0 | od2lpr: 0 | od2cap: 0 | fr2kr: 0 | lpr2kr: 86 | cap2udp: 0 | kr2udp: 0 | 
2026-05-03 15:47:35,508 - INFO     - img2od: 0 | od2fr: 0 | od2lpr: 0 | od2cap: 0 | fr2kr: 0 | lpr2kr: 83 | cap2udp: 0 | kr2udp: 1 | 
2026-05-03 15:47:36,509 - INFO     - img2od: 0 | od2fr: 0 | od2lpr: 0 | od2cap: 0 | fr2kr: 0 | lpr2kr: 79 | cap2udp: 0 | kr2udp: 1 | 
2026-05-03 15:47:37,510 - INFO     - img2od: 0 | od2fr: 0 | od2lpr: 0 | od2cap: 0 | fr2kr: 0 | lpr2kr: 75 | cap2udp: 0 | kr2udp: 0 | 
2026-05-03 15:47:38,511 - INFO     - img2od: 0 | od2fr: 0 | od2lpr: 0 | od2cap: 0 | fr2kr: 0 | lpr2kr: 71 | cap2udp: 0 | kr2udp: 0 | 
2026-05-03 15:47:39,512 - INFO     - img2od: 0 | od2fr: 0 | od2lpr: 0 | od2cap: 0 | fr2kr: 0 | lpr2kr: 67 | cap2udp: 0 | kr2udp: 0 | 
2026-05-03 15:47:40,513 - INFO     - img2od: 0 | od2fr: 0 | od2lpr: 0 | od2cap: 0 | fr2kr: 0 | lpr2kr: 63 | cap2udp: 0 | kr2udp: 1 | 
2026-05-03 15:47:41,515 - INFO     - img2od: 0 | od2fr: 0 | od2lpr: 0 | od2cap: 0 | fr2kr: 0 | lpr2kr: 59 | cap2udp: 0 | kr2udp: 0 | 
2026-05-03 15:47:42,516 - INFO     - img2od: 0 | od2fr: 0 | od2lpr: 0 | od2cap: 0 | fr2kr: 0 | lpr2kr: 55 | cap2udp: 0 | kr2udp: 0 | 
2026-05-03 15:47:43,517 - INFO     - img2od: 0 | od2fr: 0 | od2lpr: 0 | od2cap: 0 | fr2kr: 0 | lpr2kr: 52 | cap2udp: 0 | kr2udp: 1 | 
2026-05-03 15:47:44,518 - INFO     - img2od: 0 | od2fr: 0 | od2lpr: 0 | od2cap: 0 | fr2kr: 0 | lpr2kr: 48 | cap2udp: 0 | kr2udp: 1 | 
2026-05-03 15:47:45,519 - INFO     - img2od: 0 | od2fr: 0 | od2lpr: 0 | od2cap: 0 | fr2kr: 0 | lpr2kr: 44 | cap2udp: 0 | kr2udp: 0 | 
2026-05-03 15:47:46,520 - INFO     - img2od: 0 | od2fr: 0 | od2lpr: 0 | od2cap: 0 | fr2kr: 0 | lpr2kr: 40 | cap2udp: 0 | kr2udp: 1 | 
2026-05-03 15:47:47,521 - INFO     - img2od: 0 | od2fr: 0 | od2lpr: 0 | od2cap: 0 | fr2kr: 0 | lpr2kr: 37 | cap2udp: 0 | kr2udp: 1 | 
2026-05-03 15:47:48,522 - INFO     - img2od: 0 | od2fr: 0 | od2lpr: 0 | od2cap: 0 | fr2kr: 0 | lpr2kr: 33 | cap2udp: 0 | kr2udp: 0 | 
2026-05-03 15:47:49,523 - INFO     - img2od: 0 | od2fr: 0 | od2lpr: 0 | od2cap: 0 | fr2kr: 0 | lpr2kr: 30 | cap2udp: 0 | kr2udp: 1 | 
2026-05-03 15:47:50,524 - INFO     - img2od: 0 | od2fr: 0 | od2lpr: 0 | od2cap: 0 | fr2kr: 0 | lpr2kr: 26 | cap2udp: 0 | kr2udp: 1 | 
2026-05-03 15:47:51,525 - INFO     - img2od: 0 | od2fr: 0 | od2lpr: 0 | od2cap: 0 | fr2kr: 0 | lpr2kr: 22 | cap2udp: 0 | kr2udp: 1 | 
2026-05-03 15:47:52,526 - INFO     - img2od: 0 | od2fr: 0 | od2lpr: 0 | od2cap: 0 | fr2kr: 0 | lpr2kr: 19 | cap2udp: 0 | kr2udp: 1 | 
2026-05-03 15:47:53,527 - INFO     - img2od: 0 | od2fr: 0 | od2lpr: 0 | od2cap: 0 | fr2kr: 0 | lpr2kr: 14 | cap2udp: 0 | kr2udp: 1 | 
2026-05-03 15:47:54,528 - INFO     - img2od: 0 | od2fr: 0 | od2lpr: 0 | od2cap: 0 | fr2kr: 0 | lpr2kr: 10 | cap2udp: 0 | kr2udp: 1 | 
2026-05-03 15:47:55,529 - INFO     - img2od: 0 | od2fr: 0 | od2lpr: 0 | od2cap: 0 | fr2kr: 0 | lpr2kr: 7 | cap2udp: 0 | kr2udp: 1 | 
2026-05-03 15:47:56,530 - INFO     - img2od: 0 | od2fr: 0 | od2lpr: 0 | od2cap: 0 | fr2kr: 0 | lpr2kr: 3 | cap2udp: 0 | kr2udp: 0 | 
2026-05-03 15:47:57,427 - INFO     - krStream     : Received end signal from LPR
2026-05-03 15:47:57,532 - INFO     - img2od: 0 | od2fr: 0 | od2lpr: 0 | od2cap: 0 | fr2kr: 0 | lpr2kr: 0 | cap2udp: 0 | kr2udp: 0 | 
2026-05-03 15:47:57,579 - INFO     - krStream     : Received BOTH END signal, shutting down
2026-05-03 15:47:57,614 - INFO     - udpStream    : Received end signal from KR
2026-05-03 15:47:57,751 - INFO     - udpStream    : Received BOTH END signal, shutting down
2026-05-03 15:47:57,763 - INFO     - krStream     : shutdown successful
2026-05-03 15:47:58,136 - INFO     - udpStream    : shutdown successful
2026-05-03 15:47:58,533 - INFO     - img2od: 0 | od2fr: 0 | od2lpr: 0 | od2cap: 0 | fr2kr: 0 | lpr2kr: 0 | cap2udp: 0 | kr2udp: 0 | 
2026-05-03 15:47:59,534 - INFO     - img2od: 0 | od2fr: 0 | od2lpr: 0 | od2cap: 0 | fr2kr: 0 | lpr2kr: 0 | cap2udp: 0 | kr2udp: 0 | 
2026-05-03 15:48:00,535 - INFO     - img2od: 0 | od2fr: 0 | od2lpr: 0 | od2cap: 0 | fr2kr: 0 | lpr2kr: 0 | cap2udp: 0 | kr2udp: 0 | 
2026-05-03 15:48:01,537 - INFO     - img2od: 0 | od2fr: 0 | od2lpr: 0 | od2cap: 0 | fr2kr: 0 | lpr2kr: 0 | cap2udp: 0 | kr2udp: 0 | 
2026-05-03 15:48:02,538 - INFO     - img2od: 0 | od2fr: 0 | od2lpr: 0 | od2cap: 0 | fr2kr: 0 | lpr2kr: 0 | cap2udp: 0 | kr2udp: 0 | 
2026-05-03 15:48:03,539 - INFO     - All queues empty, job done
2026-05-03 15:48:03,542 - INFO     - Queue logs written to ./profile_exp/mix/r0.01/no_defense/seed3/QUEUEWATCH.json
2026-05-03 15:48:04,173 - INFO     - Reach FINALLY block in MAIN process
2026-05-03 15:48:04,173 - INFO     - Starting cleanup of 7 processes.
2026-05-03 15:48:04,173 - INFO     - Draining and closing 8 queues.
2026-05-03 15:48:04,173 - INFO     - Starting cleanup for queue 0, queue size: 0.
2026-05-03 15:48:04,173 - INFO     - Starting cleanup for queue 1, queue size: 0.
2026-05-03 15:48:04,173 - INFO     - Starting cleanup for queue 2, queue size: 0.
2026-05-03 15:48:04,173 - INFO     - Starting cleanup for queue 3, queue size: 0.
2026-05-03 15:48:04,173 - INFO     - Starting cleanup for queue 4, queue size: 0.
2026-05-03 15:48:04,173 - INFO     - Starting cleanup for queue 5, queue size: 0.
2026-05-03 15:48:04,173 - INFO     - Starting cleanup for queue 6, queue size: 0.
2026-05-03 15:48:04,173 - INFO     - Starting cleanup for queue 7, queue size: 0.
2026-05-03 15:48:04,173 - INFO     - Cleanup complete.
2026-05-03 15:48:04,173 - INFO     - Cleaned up resources in MAIN process
2026-05-03 15:48:04,174 - INFO     - Summary written to ./profile_exp/mix/r0.01/no_defense/seed3/SUMMARY.json

======================================================================
PROFILING SUMMARY
======================================================================
  Total wall time:    313.08s
  Images processed:   100
  Throughput:         0.3194 img/s
  Avg E2E latency:    61.1948s
  Min E2E latency:    0.0216s
  Max E2E latency:    282.8942s

  Component          Count  Dropped     FLOPs/call    Total FLOPs
  --------------- -------- -------- -------------- --------------
  odStream             100        0   153844849936 15384484993600
  frStream             495        0     2837404864  1404515407680
  lprStream           1013        0    55083533056 55799618985728
  capStream             43        0   248859413613 10700954785359
  krStream            1508        0            n/a            n/a
  udpStream           1551        0            n/a            n/a

  Total FLOPs:        83289574172367
======================================================================
