2026-05-04 08:23:33,194 - INFO     - imgStream    : internal profiling set to False
2026-05-04 08:23:33,194 - INFO     - odStream     : internal profiling set to False
2026-05-04 08:23:33,195 - INFO     - frStream     : internal profiling set to False
2026-05-04 08:23:33,195 - INFO     - lprStream    : internal profiling set to False
2026-05-04 08:23:33,195 - INFO     - capStream    : internal profiling set to False
2026-05-04 08:23:33,195 - INFO     - krStream     : internal profiling set to False
2026-05-04 08:23:33,195 - INFO     - udpStream    : internal profiling set to False


================================================================================
|                                                                              |
|                     Running: Traffic Monitoring Pipeline                     |
|                                                                              |
|                         Algorithm: None, Model ID: 0                         |
|                                                                              |
|                             Target Indices: none                             |
|                                                                              |
|                             2026-05-04 08:23:33                              |
|                                                                              |
================================================================================


Number of CUDA devices: 1
2026-05-04 08:23:36,127 - INFO     - img2od: 0 | od2fr: 0 | od2lpr: 0 | od2cap: 0 | fr2kr: 0 | lpr2kr: 0 | cap2udp: 0 | kr2udp: 0 | 
2026-05-04 08:23:36,188 - INFO     - imgStream    : input defense = svm
2026-05-04 08:23:36,189 - INFO     - imgStream    : mix mode ratio=0.05 seed=2 -> 95 clean / 5 attack
2026-05-04 08:23:36,189 - INFO     - imgStream    : started
/home/lxt230026/.conda/envs/dyndl/lib/python3.10/site-packages/facenet_pytorch/models/inception_resnet_v1.py:329: FutureWarning: You are using `torch.load` with `weights_only=False` (the current default value), which uses the default pickle module implicitly. It is possible to construct malicious pickle data which will execute arbitrary code during unpickling (See https://github.com/pytorch/pytorch/blob/main/SECURITY.md#untrusted-models for more details). In a future release, the default value for `weights_only` will be flipped to `True`. This limits the functions that could be executed during unpickling. Arbitrary objects will no longer be allowed to be loaded via this mode unless they are explicitly allowlisted by the user via `torch.serialization.add_safe_globals`. We recommend you start setting `weights_only=True` for any use case where you don't have full control of the loaded file. Please open an issue on GitHub for any issues related to this experimental feature.
  state_dict = torch.load(cached_file)
2026-05-04 08:23:36,947 - INFO     - krStream     : face embeddings loaded, found 1000 embeddings
2026-05-04 08:23:36,947 - INFO     - krStream     : started
2026-05-04 08:23:36,987 - INFO     - frStream     : FR model loaded, model_id = vggface2
2026-05-04 08:23:36,987 - INFO     - frStream     : started
2026-05-04 08:23:37,114 - INFO     - odStream     : OD model loaded, model_id = 0
2026-05-04 08:23:37,114 - INFO     - odStream     : started
2026-05-04 08:23:37,129 - INFO     - img2od: 4 | od2fr: 0 | od2lpr: 0 | od2cap: 0 | fr2kr: 0 | lpr2kr: 0 | cap2udp: 0 | kr2udp: 0 | 
/home/lxt230026/EfficiencyAttack/traffic/cmpnt/c4_lpr.py:145: FutureWarning: You are using `torch.load` with `weights_only=False` (the current default value), which uses the default pickle module implicitly. It is possible to construct malicious pickle data which will execute arbitrary code during unpickling (See https://github.com/pytorch/pytorch/blob/main/SECURITY.md#untrusted-models for more details). In a future release, the default value for `weights_only` will be flipped to `True`. This limits the functions that could be executed during unpickling. Arbitrary objects will no longer be allowed to be loaded via this mode unless they are explicitly allowlisted by the user via `torch.serialization.add_safe_globals`. We recommend you start setting `weights_only=True` for any use case where you don't have full control of the loaded file. Please open an issue on GitHub for any issues related to this experimental feature.
  self.checkpoint = torch.load(self.model_id, map_location='cpu')
2026-05-04 08:23:37,590 - INFO     - udpStream    : LM model loaded, model_id = gpt2
2026-05-04 08:23:37,590 - INFO     - udpStream    : started
2026-05-04 08:23:37,616 - INFO     - Using custom providers: ['CPUExecutionProvider']
2026-05-04 08:23:37,616 - INFO     - Skipping download of 'argentinian-plates-cnn-model' model, already exists at /home/lxt230026/.cache/fast-plate-ocr/argentinian-plates-cnn-model
2026-05-04 08:23:37,630 - INFO     - lprStream    : LPR model loaded, model_id = model_v2.pth
2026-05-04 08:23:37,630 - INFO     - lprStream    : started
2026-05-04 08:23:37,906 - INFO     - capStream    : CAP model loaded, model_id = microsoft/git-base
2026-05-04 08:23:37,906 - INFO     - capStream    : started
2026-05-04 08:23:38,130 - INFO     - img2od: 8 | od2fr: 0 | od2lpr: 0 | od2cap: 0 | fr2kr: 0 | lpr2kr: 0 | cap2udp: 0 | kr2udp: 0 | 
2026-05-04 08:23:39,131 - INFO     - img2od: 9 | od2fr: 93 | od2lpr: 0 | od2cap: 1 | fr2kr: 1 | lpr2kr: 0 | cap2udp: 0 | kr2udp: 0 | 
2026-05-04 08:23:40,132 - INFO     - img2od: 9 | od2fr: 108 | od2lpr: 0 | od2cap: 4 | fr2kr: 5 | lpr2kr: 0 | cap2udp: 1 | kr2udp: 1 | 
2026-05-04 08:23:41,133 - INFO     - img2od: 9 | od2fr: 133 | od2lpr: 0 | od2cap: 2 | fr2kr: 7 | lpr2kr: 0 | cap2udp: 1 | kr2udp: 1 | 
2026-05-04 08:23:42,135 - INFO     - img2od: 8 | od2fr: 182 | od2lpr: 9 | od2cap: 1 | fr2kr: 10 | lpr2kr: 0 | cap2udp: 0 | kr2udp: 1 | 
2026-05-04 08:23:43,136 - INFO     - img2od: 8 | od2fr: 191 | od2lpr: 3 | od2cap: 2 | fr2kr: 13 | lpr2kr: 9 | cap2udp: 0 | kr2udp: 1 | 
2026-05-04 08:23:44,137 - INFO     - img2od: 7 | od2fr: 213 | od2lpr: 7 | od2cap: 1 | fr2kr: 17 | lpr2kr: 19 | cap2udp: 0 | kr2udp: 1 | 
2026-05-04 08:23:45,138 - INFO     - img2od: 7 | od2fr: 211 | od2lpr: 0 | od2cap: 0 | fr2kr: 21 | lpr2kr: 25 | cap2udp: 0 | kr2udp: 1 | 
2026-05-04 08:23:46,139 - INFO     - img2od: 6 | od2fr: 216 | od2lpr: 0 | od2cap: 0 | fr2kr: 26 | lpr2kr: 22 | cap2udp: 1 | kr2udp: 1 | 
2026-05-04 08:23:47,140 - INFO     - img2od: 5 | od2fr: 221 | od2lpr: 0 | od2cap: 0 | fr2kr: 29 | lpr2kr: 20 | cap2udp: 0 | kr2udp: 1 | 
2026-05-04 08:23:48,141 - INFO     - img2od: 6 | od2fr: 216 | od2lpr: 838 | od2cap: 0 | fr2kr: 34 | lpr2kr: 28 | cap2udp: 0 | kr2udp: 1 | 
2026-05-04 08:23:49,142 - INFO     - img2od: 7 | od2fr: 220 | od2lpr: 893 | od2cap: 0 | fr2kr: 37 | lpr2kr: 50 | cap2udp: 0 | kr2udp: 1 | 
2026-05-04 08:23:50,143 - INFO     - img2od: 6 | od2fr: 230 | od2lpr: 866 | od2cap: 1 | fr2kr: 41 | lpr2kr: 81 | cap2udp: 0 | kr2udp: 1 | 
2026-05-04 08:23:51,144 - INFO     - img2od: 6 | od2fr: 299 | od2lpr: 834 | od2cap: 0 | fr2kr: 44 | lpr2kr: 110 | cap2udp: 0 | kr2udp: 1 | 
2026-05-04 08:23:52,144 - INFO     - img2od: 5 | od2fr: 319 | od2lpr: 809 | od2cap: 0 | fr2kr: 48 | lpr2kr: 135 | cap2udp: 0 | kr2udp: 1 | 
2026-05-04 08:23:53,145 - INFO     - img2od: 6 | od2fr: 343 | od2lpr: 772 | od2cap: 0 | fr2kr: 52 | lpr2kr: 170 | cap2udp: 1 | kr2udp: 1 | 
2026-05-04 08:23:54,146 - INFO     - img2od: 6 | od2fr: 351 | od2lpr: 732 | od2cap: 0 | fr2kr: 55 | lpr2kr: 208 | cap2udp: 0 | kr2udp: 1 | 
2026-05-04 08:23:55,147 - INFO     - img2od: 5 | od2fr: 373 | od2lpr: 699 | od2cap: 0 | fr2kr: 59 | lpr2kr: 242 | cap2udp: 0 | kr2udp: 0 | 
2026-05-04 08:23:56,147 - INFO     - img2od: 5 | od2fr: 380 | od2lpr: 681 | od2cap: 0 | fr2kr: 63 | lpr2kr: 276 | cap2udp: 0 | kr2udp: 1 | 
2026-05-04 08:23:56,656 - INFO     - imgStream    : completed, sending END signal
2026-05-04 08:23:56,656 - INFO     - imgStream    : shutdown
2026-05-04 08:23:56,833 - INFO     - imgStream    : shutdown successful
2026-05-04 08:23:57,149 - INFO     - img2od: 3 | od2fr: 391 | od2lpr: 633 | od2cap: 0 | fr2kr: 66 | lpr2kr: 322 | cap2udp: 0 | kr2udp: 0 | 
2026-05-04 08:23:57,725 - INFO     - odStream     : Received END signal, shutting down
2026-05-04 08:23:57,888 - INFO     - capStream    : Received END signal, shutting down
2026-05-04 08:23:57,920 - INFO     - udpStream    : Received end signal from CAP
2026-05-04 08:23:57,983 - INFO     - odStream     : shutdown successful
2026-05-04 08:23:58,150 - INFO     - img2od: 0 | od2fr: 395 | od2lpr: 582 | od2cap: 0 | fr2kr: 70 | lpr2kr: 371 | cap2udp: 0 | kr2udp: 0 | 
2026-05-04 08:23:58,474 - INFO     - capStream    : shutdown successful
2026-05-04 08:23:59,151 - INFO     - img2od: 0 | od2fr: 389 | od2lpr: 515 | od2cap: 0 | fr2kr: 73 | lpr2kr: 437 | cap2udp: 0 | kr2udp: 1 | 
2026-05-04 08:24:00,152 - INFO     - img2od: 0 | od2fr: 383 | od2lpr: 441 | od2cap: 0 | fr2kr: 77 | lpr2kr: 507 | cap2udp: 0 | kr2udp: 0 | 
2026-05-04 08:24:01,153 - INFO     - img2od: 0 | od2fr: 377 | od2lpr: 355 | od2cap: 0 | fr2kr: 81 | lpr2kr: 591 | cap2udp: 0 | kr2udp: 1 | 
2026-05-04 08:24:02,154 - INFO     - img2od: 0 | od2fr: 370 | od2lpr: 287 | od2cap: 0 | fr2kr: 85 | lpr2kr: 657 | cap2udp: 0 | kr2udp: 0 | 
2026-05-04 08:24:03,155 - INFO     - img2od: 0 | od2fr: 364 | od2lpr: 231 | od2cap: 0 | fr2kr: 89 | lpr2kr: 710 | cap2udp: 0 | kr2udp: 1 | 
2026-05-04 08:24:04,156 - INFO     - img2od: 0 | od2fr: 358 | od2lpr: 166 | od2cap: 0 | fr2kr: 92 | lpr2kr: 773 | cap2udp: 0 | kr2udp: 1 | 
2026-05-04 08:24:05,157 - INFO     - img2od: 0 | od2fr: 352 | od2lpr: 111 | od2cap: 0 | fr2kr: 96 | lpr2kr: 826 | cap2udp: 0 | kr2udp: 1 | 
2026-05-04 08:24:06,158 - INFO     - img2od: 0 | od2fr: 346 | od2lpr: 68 | od2cap: 0 | fr2kr: 99 | lpr2kr: 866 | cap2udp: 0 | kr2udp: 1 | 
2026-05-04 08:24:07,159 - INFO     - img2od: 0 | od2fr: 340 | od2lpr: 11 | od2cap: 0 | fr2kr: 103 | lpr2kr: 921 | cap2udp: 0 | kr2udp: 0 | 
2026-05-04 08:24:07,332 - INFO     - lprStream    : Received END signal, shutting down
2026-05-04 08:24:07,456 - INFO     - lprStream    : shutdown successful
2026-05-04 08:24:08,160 - INFO     - img2od: 0 | od2fr: 333 | od2lpr: 0 | od2cap: 0 | fr2kr: 108 | lpr2kr: 930 | cap2udp: 0 | kr2udp: 1 | 
2026-05-04 08:24:09,161 - INFO     - img2od: 0 | od2fr: 326 | od2lpr: 0 | od2cap: 0 | fr2kr: 112 | lpr2kr: 927 | cap2udp: 0 | kr2udp: 0 | 
2026-05-04 08:24:10,163 - INFO     - img2od: 0 | od2fr: 319 | od2lpr: 0 | od2cap: 0 | fr2kr: 116 | lpr2kr: 925 | cap2udp: 0 | kr2udp: 1 | 
2026-05-04 08:24:11,164 - INFO     - img2od: 0 | od2fr: 312 | od2lpr: 0 | od2cap: 0 | fr2kr: 120 | lpr2kr: 922 | cap2udp: 0 | kr2udp: 1 | 
2026-05-04 08:24:12,165 - INFO     - img2od: 0 | od2fr: 305 | od2lpr: 0 | od2cap: 0 | fr2kr: 125 | lpr2kr: 919 | cap2udp: 0 | kr2udp: 1 | 
2026-05-04 08:24:13,166 - INFO     - img2od: 0 | od2fr: 298 | od2lpr: 0 | od2cap: 0 | fr2kr: 129 | lpr2kr: 916 | cap2udp: 0 | kr2udp: 0 | 
2026-05-04 08:24:14,168 - INFO     - img2od: 0 | od2fr: 291 | od2lpr: 0 | od2cap: 0 | fr2kr: 133 | lpr2kr: 914 | cap2udp: 0 | kr2udp: 0 | 
2026-05-04 08:24:15,169 - INFO     - img2od: 0 | od2fr: 284 | od2lpr: 0 | od2cap: 0 | fr2kr: 137 | lpr2kr: 911 | cap2udp: 0 | kr2udp: 0 | 
2026-05-04 08:24:16,170 - INFO     - img2od: 0 | od2fr: 277 | od2lpr: 0 | od2cap: 0 | fr2kr: 142 | lpr2kr: 908 | cap2udp: 0 | kr2udp: 1 | 
2026-05-04 08:24:17,171 - INFO     - img2od: 0 | od2fr: 270 | od2lpr: 0 | od2cap: 0 | fr2kr: 146 | lpr2kr: 905 | cap2udp: 0 | kr2udp: 0 | 
2026-05-04 08:24:18,172 - INFO     - img2od: 0 | od2fr: 263 | od2lpr: 0 | od2cap: 0 | fr2kr: 150 | lpr2kr: 902 | cap2udp: 0 | kr2udp: 1 | 
2026-05-04 08:24:19,173 - INFO     - img2od: 0 | od2fr: 256 | od2lpr: 0 | od2cap: 0 | fr2kr: 154 | lpr2kr: 900 | cap2udp: 0 | kr2udp: 1 | 
2026-05-04 08:24:20,175 - INFO     - img2od: 0 | od2fr: 249 | od2lpr: 0 | od2cap: 0 | fr2kr: 158 | lpr2kr: 897 | cap2udp: 0 | kr2udp: 1 | 
2026-05-04 08:24:21,176 - INFO     - img2od: 0 | od2fr: 242 | od2lpr: 0 | od2cap: 0 | fr2kr: 163 | lpr2kr: 894 | cap2udp: 0 | kr2udp: 1 | 
2026-05-04 08:24:22,177 - INFO     - img2od: 0 | od2fr: 235 | od2lpr: 0 | od2cap: 0 | fr2kr: 167 | lpr2kr: 891 | cap2udp: 0 | kr2udp: 0 | 
2026-05-04 08:24:23,178 - INFO     - img2od: 0 | od2fr: 228 | od2lpr: 0 | od2cap: 0 | fr2kr: 171 | lpr2kr: 888 | cap2udp: 0 | kr2udp: 1 | 
2026-05-04 08:24:24,180 - INFO     - img2od: 0 | od2fr: 221 | od2lpr: 0 | od2cap: 0 | fr2kr: 175 | lpr2kr: 886 | cap2udp: 0 | kr2udp: 0 | 
2026-05-04 08:24:25,181 - INFO     - img2od: 0 | od2fr: 213 | od2lpr: 0 | od2cap: 0 | fr2kr: 180 | lpr2kr: 883 | cap2udp: 0 | kr2udp: 1 | 
2026-05-04 08:24:26,182 - INFO     - img2od: 0 | od2fr: 206 | od2lpr: 0 | od2cap: 0 | fr2kr: 185 | lpr2kr: 880 | cap2udp: 0 | kr2udp: 1 | 
2026-05-04 08:24:27,183 - INFO     - img2od: 0 | od2fr: 199 | od2lpr: 0 | od2cap: 0 | fr2kr: 189 | lpr2kr: 877 | cap2udp: 0 | kr2udp: 1 | 
2026-05-04 08:24:28,185 - INFO     - img2od: 0 | od2fr: 192 | od2lpr: 0 | od2cap: 0 | fr2kr: 193 | lpr2kr: 875 | cap2udp: 0 | kr2udp: 1 | 
2026-05-04 08:24:29,186 - INFO     - img2od: 0 | od2fr: 185 | od2lpr: 0 | od2cap: 0 | fr2kr: 198 | lpr2kr: 872 | cap2udp: 0 | kr2udp: 1 | 
2026-05-04 08:24:30,187 - INFO     - img2od: 0 | od2fr: 177 | od2lpr: 0 | od2cap: 0 | fr2kr: 203 | lpr2kr: 869 | cap2udp: 0 | kr2udp: 1 | 
2026-05-04 08:24:31,188 - INFO     - img2od: 0 | od2fr: 170 | od2lpr: 0 | od2cap: 0 | fr2kr: 207 | lpr2kr: 866 | cap2udp: 0 | kr2udp: 1 | 
2026-05-04 08:24:32,190 - INFO     - img2od: 0 | od2fr: 163 | od2lpr: 0 | od2cap: 0 | fr2kr: 211 | lpr2kr: 864 | cap2udp: 0 | kr2udp: 0 | 
2026-05-04 08:24:33,191 - INFO     - img2od: 0 | od2fr: 156 | od2lpr: 0 | od2cap: 0 | fr2kr: 216 | lpr2kr: 861 | cap2udp: 0 | kr2udp: 1 | 
2026-05-04 08:24:34,192 - INFO     - img2od: 0 | od2fr: 149 | od2lpr: 0 | od2cap: 0 | fr2kr: 220 | lpr2kr: 858 | cap2udp: 0 | kr2udp: 1 | 
2026-05-04 08:24:35,193 - INFO     - img2od: 0 | od2fr: 141 | od2lpr: 0 | od2cap: 0 | fr2kr: 225 | lpr2kr: 855 | cap2udp: 0 | kr2udp: 1 | 
2026-05-04 08:24:36,194 - INFO     - img2od: 0 | od2fr: 134 | od2lpr: 0 | od2cap: 0 | fr2kr: 229 | lpr2kr: 853 | cap2udp: 0 | kr2udp: 0 | 
2026-05-04 08:24:37,196 - INFO     - img2od: 0 | od2fr: 127 | od2lpr: 0 | od2cap: 0 | fr2kr: 233 | lpr2kr: 850 | cap2udp: 0 | kr2udp: 1 | 
2026-05-04 08:24:38,197 - INFO     - img2od: 0 | od2fr: 120 | od2lpr: 0 | od2cap: 0 | fr2kr: 238 | lpr2kr: 847 | cap2udp: 0 | kr2udp: 1 | 
2026-05-04 08:24:39,198 - INFO     - img2od: 0 | od2fr: 113 | od2lpr: 0 | od2cap: 0 | fr2kr: 242 | lpr2kr: 844 | cap2udp: 0 | kr2udp: 1 | 
2026-05-04 08:24:40,199 - INFO     - img2od: 0 | od2fr: 106 | od2lpr: 0 | od2cap: 0 | fr2kr: 246 | lpr2kr: 842 | cap2udp: 0 | kr2udp: 1 | 
2026-05-04 08:24:41,201 - INFO     - img2od: 0 | od2fr: 98 | od2lpr: 0 | od2cap: 0 | fr2kr: 250 | lpr2kr: 839 | cap2udp: 0 | kr2udp: 1 | 
2026-05-04 08:24:42,202 - INFO     - img2od: 0 | od2fr: 91 | od2lpr: 0 | od2cap: 0 | fr2kr: 256 | lpr2kr: 836 | cap2udp: 0 | kr2udp: 1 | 
2026-05-04 08:24:43,203 - INFO     - img2od: 0 | od2fr: 85 | od2lpr: 0 | od2cap: 0 | fr2kr: 259 | lpr2kr: 833 | cap2udp: 0 | kr2udp: 1 | 
2026-05-04 08:24:44,204 - INFO     - img2od: 0 | od2fr: 78 | od2lpr: 0 | od2cap: 0 | fr2kr: 263 | lpr2kr: 830 | cap2udp: 0 | kr2udp: 0 | 
2026-05-04 08:24:45,205 - INFO     - img2od: 0 | od2fr: 71 | od2lpr: 0 | od2cap: 0 | fr2kr: 267 | lpr2kr: 827 | cap2udp: 0 | kr2udp: 0 | 
2026-05-04 08:24:46,206 - INFO     - img2od: 0 | od2fr: 64 | od2lpr: 0 | od2cap: 0 | fr2kr: 271 | lpr2kr: 825 | cap2udp: 0 | kr2udp: 0 | 
2026-05-04 08:24:47,207 - INFO     - img2od: 0 | od2fr: 57 | od2lpr: 0 | od2cap: 0 | fr2kr: 275 | lpr2kr: 822 | cap2udp: 0 | kr2udp: 1 | 
2026-05-04 08:24:48,208 - INFO     - img2od: 0 | od2fr: 50 | od2lpr: 0 | od2cap: 0 | fr2kr: 280 | lpr2kr: 819 | cap2udp: 0 | kr2udp: 1 | 
2026-05-04 08:24:49,210 - INFO     - img2od: 0 | od2fr: 43 | od2lpr: 0 | od2cap: 0 | fr2kr: 284 | lpr2kr: 816 | cap2udp: 0 | kr2udp: 0 | 
2026-05-04 08:24:50,211 - INFO     - img2od: 0 | od2fr: 36 | od2lpr: 0 | od2cap: 0 | fr2kr: 288 | lpr2kr: 813 | cap2udp: 0 | kr2udp: 0 | 
2026-05-04 08:24:51,212 - INFO     - img2od: 0 | od2fr: 29 | od2lpr: 0 | od2cap: 0 | fr2kr: 292 | lpr2kr: 811 | cap2udp: 0 | kr2udp: 0 | 
2026-05-04 08:24:52,213 - INFO     - img2od: 0 | od2fr: 22 | od2lpr: 0 | od2cap: 0 | fr2kr: 296 | lpr2kr: 808 | cap2udp: 0 | kr2udp: 0 | 
2026-05-04 08:24:53,215 - INFO     - img2od: 0 | od2fr: 15 | od2lpr: 0 | od2cap: 0 | fr2kr: 301 | lpr2kr: 805 | cap2udp: 0 | kr2udp: 1 | 
2026-05-04 08:24:54,216 - INFO     - img2od: 0 | od2fr: 7 | od2lpr: 0 | od2cap: 0 | fr2kr: 305 | lpr2kr: 802 | cap2udp: 0 | kr2udp: 1 | 
loading model on device: cuda
Initializing checkpoint: PekingU/rtdetr_r50vd, ID: 0
2026-05-04 08:24:55,204 - INFO     - frStream     : Received END signal, shutting down
2026-05-04 08:24:55,217 - INFO     - img2od: 0 | od2fr: 0 | od2lpr: 0 | od2cap: 0 | fr2kr: 310 | lpr2kr: 799 | cap2udp: 0 | kr2udp: 0 | 
2026-05-04 08:24:55,394 - INFO     - frStream     : shutdown successful
2026-05-04 08:24:56,218 - INFO     - img2od: 0 | od2fr: 0 | od2lpr: 0 | od2cap: 0 | fr2kr: 307 | lpr2kr: 796 | cap2udp: 0 | kr2udp: 0 | 
2026-05-04 08:24:57,220 - INFO     - img2od: 0 | od2fr: 0 | od2lpr: 0 | od2cap: 0 | fr2kr: 304 | lpr2kr: 794 | cap2udp: 0 | kr2udp: 0 | 
2026-05-04 08:24:58,221 - INFO     - img2od: 0 | od2fr: 0 | od2lpr: 0 | od2cap: 0 | fr2kr: 301 | lpr2kr: 791 | cap2udp: 0 | kr2udp: 0 | 
2026-05-04 08:24:59,222 - INFO     - img2od: 0 | od2fr: 0 | od2lpr: 0 | od2cap: 0 | fr2kr: 298 | lpr2kr: 788 | cap2udp: 0 | kr2udp: 0 | 
2026-05-04 08:25:00,223 - INFO     - img2od: 0 | od2fr: 0 | od2lpr: 0 | od2cap: 0 | fr2kr: 295 | lpr2kr: 785 | cap2udp: 0 | kr2udp: 0 | 
2026-05-04 08:25:01,225 - INFO     - img2od: 0 | od2fr: 0 | od2lpr: 0 | od2cap: 0 | fr2kr: 292 | lpr2kr: 782 | cap2udp: 0 | kr2udp: 0 | 
2026-05-04 08:25:02,226 - INFO     - img2od: 0 | od2fr: 0 | od2lpr: 0 | od2cap: 0 | fr2kr: 290 | lpr2kr: 779 | cap2udp: 0 | kr2udp: 1 | 
2026-05-04 08:25:03,227 - INFO     - img2od: 0 | od2fr: 0 | od2lpr: 0 | od2cap: 0 | fr2kr: 287 | lpr2kr: 776 | cap2udp: 0 | kr2udp: 1 | 
2026-05-04 08:25:04,228 - INFO     - img2od: 0 | od2fr: 0 | od2lpr: 0 | od2cap: 0 | fr2kr: 284 | lpr2kr: 773 | cap2udp: 0 | kr2udp: 1 | 
2026-05-04 08:25:05,229 - INFO     - img2od: 0 | od2fr: 0 | od2lpr: 0 | od2cap: 0 | fr2kr: 280 | lpr2kr: 770 | cap2udp: 0 | kr2udp: 1 | 
2026-05-04 08:25:06,231 - INFO     - img2od: 0 | od2fr: 0 | od2lpr: 0 | od2cap: 0 | fr2kr: 277 | lpr2kr: 766 | cap2udp: 0 | kr2udp: 1 | 
2026-05-04 08:25:07,232 - INFO     - img2od: 0 | od2fr: 0 | od2lpr: 0 | od2cap: 0 | fr2kr: 274 | lpr2kr: 763 | cap2udp: 0 | kr2udp: 1 | 
2026-05-04 08:25:08,233 - INFO     - img2od: 0 | od2fr: 0 | od2lpr: 0 | od2cap: 0 | fr2kr: 271 | lpr2kr: 760 | cap2udp: 0 | kr2udp: 1 | 
2026-05-04 08:25:09,234 - INFO     - img2od: 0 | od2fr: 0 | od2lpr: 0 | od2cap: 0 | fr2kr: 267 | lpr2kr: 757 | cap2udp: 0 | kr2udp: 1 | 
2026-05-04 08:25:10,236 - INFO     - img2od: 0 | od2fr: 0 | od2lpr: 0 | od2cap: 0 | fr2kr: 264 | lpr2kr: 754 | cap2udp: 0 | kr2udp: 1 | 
2026-05-04 08:25:11,237 - INFO     - img2od: 0 | od2fr: 0 | od2lpr: 0 | od2cap: 0 | fr2kr: 261 | lpr2kr: 750 | cap2udp: 0 | kr2udp: 1 | 
2026-05-04 08:25:12,238 - INFO     - img2od: 0 | od2fr: 0 | od2lpr: 0 | od2cap: 0 | fr2kr: 258 | lpr2kr: 747 | cap2udp: 0 | kr2udp: 1 | 
2026-05-04 08:25:13,239 - INFO     - img2od: 0 | od2fr: 0 | od2lpr: 0 | od2cap: 0 | fr2kr: 255 | lpr2kr: 744 | cap2udp: 0 | kr2udp: 1 | 
2026-05-04 08:25:14,241 - INFO     - img2od: 0 | od2fr: 0 | od2lpr: 0 | od2cap: 0 | fr2kr: 251 | lpr2kr: 741 | cap2udp: 0 | kr2udp: 1 | 
2026-05-04 08:25:15,242 - INFO     - img2od: 0 | od2fr: 0 | od2lpr: 0 | od2cap: 0 | fr2kr: 248 | lpr2kr: 737 | cap2udp: 0 | kr2udp: 1 | 
2026-05-04 08:25:16,243 - INFO     - img2od: 0 | od2fr: 0 | od2lpr: 0 | od2cap: 0 | fr2kr: 245 | lpr2kr: 734 | cap2udp: 0 | kr2udp: 1 | 
2026-05-04 08:25:17,244 - INFO     - img2od: 0 | od2fr: 0 | od2lpr: 0 | od2cap: 0 | fr2kr: 242 | lpr2kr: 731 | cap2udp: 0 | kr2udp: 1 | 
2026-05-04 08:25:18,246 - INFO     - img2od: 0 | od2fr: 0 | od2lpr: 0 | od2cap: 0 | fr2kr: 238 | lpr2kr: 728 | cap2udp: 0 | kr2udp: 1 | 
2026-05-04 08:25:19,247 - INFO     - img2od: 0 | od2fr: 0 | od2lpr: 0 | od2cap: 0 | fr2kr: 235 | lpr2kr: 724 | cap2udp: 0 | kr2udp: 1 | 
2026-05-04 08:25:20,248 - INFO     - img2od: 0 | od2fr: 0 | od2lpr: 0 | od2cap: 0 | fr2kr: 232 | lpr2kr: 721 | cap2udp: 0 | kr2udp: 1 | 
2026-05-04 08:25:21,249 - INFO     - img2od: 0 | od2fr: 0 | od2lpr: 0 | od2cap: 0 | fr2kr: 229 | lpr2kr: 718 | cap2udp: 0 | kr2udp: 1 | 
2026-05-04 08:25:22,250 - INFO     - img2od: 0 | od2fr: 0 | od2lpr: 0 | od2cap: 0 | fr2kr: 226 | lpr2kr: 715 | cap2udp: 0 | kr2udp: 0 | 
2026-05-04 08:25:23,251 - INFO     - img2od: 0 | od2fr: 0 | od2lpr: 0 | od2cap: 0 | fr2kr: 223 | lpr2kr: 712 | cap2udp: 0 | kr2udp: 1 | 
2026-05-04 08:25:24,252 - INFO     - img2od: 0 | od2fr: 0 | od2lpr: 0 | od2cap: 0 | fr2kr: 221 | lpr2kr: 710 | cap2udp: 0 | kr2udp: 1 | 
2026-05-04 08:25:25,253 - INFO     - img2od: 0 | od2fr: 0 | od2lpr: 0 | od2cap: 0 | fr2kr: 218 | lpr2kr: 707 | cap2udp: 0 | kr2udp: 0 | 
2026-05-04 08:25:26,254 - INFO     - img2od: 0 | od2fr: 0 | od2lpr: 0 | od2cap: 0 | fr2kr: 216 | lpr2kr: 705 | cap2udp: 0 | kr2udp: 1 | 
2026-05-04 08:25:27,255 - INFO     - img2od: 0 | od2fr: 0 | od2lpr: 0 | od2cap: 0 | fr2kr: 213 | lpr2kr: 703 | cap2udp: 0 | kr2udp: 0 | 
2026-05-04 08:25:28,256 - INFO     - img2od: 0 | od2fr: 0 | od2lpr: 0 | od2cap: 0 | fr2kr: 211 | lpr2kr: 700 | cap2udp: 0 | kr2udp: 1 | 
2026-05-04 08:25:29,256 - INFO     - img2od: 0 | od2fr: 0 | od2lpr: 0 | od2cap: 0 | fr2kr: 208 | lpr2kr: 698 | cap2udp: 0 | kr2udp: 0 | 
2026-05-04 08:25:30,258 - INFO     - img2od: 0 | od2fr: 0 | od2lpr: 0 | od2cap: 0 | fr2kr: 206 | lpr2kr: 695 | cap2udp: 0 | kr2udp: 1 | 
2026-05-04 08:25:31,259 - INFO     - img2od: 0 | od2fr: 0 | od2lpr: 0 | od2cap: 0 | fr2kr: 203 | lpr2kr: 692 | cap2udp: 0 | kr2udp: 0 | 
2026-05-04 08:25:32,260 - INFO     - img2od: 0 | od2fr: 0 | od2lpr: 0 | od2cap: 0 | fr2kr: 200 | lpr2kr: 690 | cap2udp: 0 | kr2udp: 0 | 
2026-05-04 08:25:33,261 - INFO     - img2od: 0 | od2fr: 0 | od2lpr: 0 | od2cap: 0 | fr2kr: 198 | lpr2kr: 687 | cap2udp: 0 | kr2udp: 1 | 
2026-05-04 08:25:34,262 - INFO     - img2od: 0 | od2fr: 0 | od2lpr: 0 | od2cap: 0 | fr2kr: 195 | lpr2kr: 684 | cap2udp: 0 | kr2udp: 0 | 
2026-05-04 08:25:35,264 - INFO     - img2od: 0 | od2fr: 0 | od2lpr: 0 | od2cap: 0 | fr2kr: 193 | lpr2kr: 682 | cap2udp: 0 | kr2udp: 1 | 
2026-05-04 08:25:36,265 - INFO     - img2od: 0 | od2fr: 0 | od2lpr: 0 | od2cap: 0 | fr2kr: 190 | lpr2kr: 679 | cap2udp: 0 | kr2udp: 1 | 
2026-05-04 08:25:37,266 - INFO     - img2od: 0 | od2fr: 0 | od2lpr: 0 | od2cap: 0 | fr2kr: 187 | lpr2kr: 677 | cap2udp: 0 | kr2udp: 1 | 
2026-05-04 08:25:38,267 - INFO     - img2od: 0 | od2fr: 0 | od2lpr: 0 | od2cap: 0 | fr2kr: 185 | lpr2kr: 674 | cap2udp: 0 | kr2udp: 1 | 
2026-05-04 08:25:39,268 - INFO     - img2od: 0 | od2fr: 0 | od2lpr: 0 | od2cap: 0 | fr2kr: 182 | lpr2kr: 671 | cap2udp: 0 | kr2udp: 1 | 
2026-05-04 08:25:40,269 - INFO     - img2od: 0 | od2fr: 0 | od2lpr: 0 | od2cap: 0 | fr2kr: 180 | lpr2kr: 669 | cap2udp: 0 | kr2udp: 1 | 
2026-05-04 08:25:41,270 - INFO     - img2od: 0 | od2fr: 0 | od2lpr: 0 | od2cap: 0 | fr2kr: 177 | lpr2kr: 666 | cap2udp: 0 | kr2udp: 0 | 
2026-05-04 08:25:42,271 - INFO     - img2od: 0 | od2fr: 0 | od2lpr: 0 | od2cap: 0 | fr2kr: 175 | lpr2kr: 664 | cap2udp: 0 | kr2udp: 1 | 
2026-05-04 08:25:43,272 - INFO     - img2od: 0 | od2fr: 0 | od2lpr: 0 | od2cap: 0 | fr2kr: 172 | lpr2kr: 662 | cap2udp: 0 | kr2udp: 0 | 
2026-05-04 08:25:44,273 - INFO     - img2od: 0 | od2fr: 0 | od2lpr: 0 | od2cap: 0 | fr2kr: 170 | lpr2kr: 659 | cap2udp: 0 | kr2udp: 0 | 
2026-05-04 08:25:45,274 - INFO     - img2od: 0 | od2fr: 0 | od2lpr: 0 | od2cap: 0 | fr2kr: 168 | lpr2kr: 657 | cap2udp: 0 | kr2udp: 1 | 
2026-05-04 08:25:46,275 - INFO     - img2od: 0 | od2fr: 0 | od2lpr: 0 | od2cap: 0 | fr2kr: 165 | lpr2kr: 655 | cap2udp: 0 | kr2udp: 0 | 
2026-05-04 08:25:47,276 - INFO     - img2od: 0 | od2fr: 0 | od2lpr: 0 | od2cap: 0 | fr2kr: 163 | lpr2kr: 652 | cap2udp: 0 | kr2udp: 1 | 
2026-05-04 08:25:48,277 - INFO     - img2od: 0 | od2fr: 0 | od2lpr: 0 | od2cap: 0 | fr2kr: 161 | lpr2kr: 650 | cap2udp: 0 | kr2udp: 1 | 
2026-05-04 08:25:49,278 - INFO     - img2od: 0 | od2fr: 0 | od2lpr: 0 | od2cap: 0 | fr2kr: 158 | lpr2kr: 648 | cap2udp: 0 | kr2udp: 0 | 
2026-05-04 08:25:50,279 - INFO     - img2od: 0 | od2fr: 0 | od2lpr: 0 | od2cap: 0 | fr2kr: 156 | lpr2kr: 645 | cap2udp: 0 | kr2udp: 1 | 
2026-05-04 08:25:51,280 - INFO     - img2od: 0 | od2fr: 0 | od2lpr: 0 | od2cap: 0 | fr2kr: 153 | lpr2kr: 643 | cap2udp: 0 | kr2udp: 0 | 
2026-05-04 08:25:52,281 - INFO     - img2od: 0 | od2fr: 0 | od2lpr: 0 | od2cap: 0 | fr2kr: 151 | lpr2kr: 640 | cap2udp: 0 | kr2udp: 0 | 
2026-05-04 08:25:53,283 - INFO     - img2od: 0 | od2fr: 0 | od2lpr: 0 | od2cap: 0 | fr2kr: 148 | lpr2kr: 638 | cap2udp: 0 | kr2udp: 0 | 
2026-05-04 08:25:54,284 - INFO     - img2od: 0 | od2fr: 0 | od2lpr: 0 | od2cap: 0 | fr2kr: 146 | lpr2kr: 635 | cap2udp: 0 | kr2udp: 1 | 
2026-05-04 08:25:55,285 - INFO     - img2od: 0 | od2fr: 0 | od2lpr: 0 | od2cap: 0 | fr2kr: 144 | lpr2kr: 633 | cap2udp: 0 | kr2udp: 1 | 
2026-05-04 08:25:56,286 - INFO     - img2od: 0 | od2fr: 0 | od2lpr: 0 | od2cap: 0 | fr2kr: 141 | lpr2kr: 630 | cap2udp: 0 | kr2udp: 0 | 
2026-05-04 08:25:57,287 - INFO     - img2od: 0 | od2fr: 0 | od2lpr: 0 | od2cap: 0 | fr2kr: 138 | lpr2kr: 628 | cap2udp: 0 | kr2udp: 1 | 
2026-05-04 08:25:58,288 - INFO     - img2od: 0 | od2fr: 0 | od2lpr: 0 | od2cap: 0 | fr2kr: 135 | lpr2kr: 625 | cap2udp: 0 | kr2udp: 1 | 
2026-05-04 08:25:59,289 - INFO     - img2od: 0 | od2fr: 0 | od2lpr: 0 | od2cap: 0 | fr2kr: 133 | lpr2kr: 622 | cap2udp: 0 | kr2udp: 1 | 
2026-05-04 08:26:00,290 - INFO     - img2od: 0 | od2fr: 0 | od2lpr: 0 | od2cap: 0 | fr2kr: 130 | lpr2kr: 619 | cap2udp: 0 | kr2udp: 1 | 
2026-05-04 08:26:01,291 - INFO     - img2od: 0 | od2fr: 0 | od2lpr: 0 | od2cap: 0 | fr2kr: 127 | lpr2kr: 617 | cap2udp: 0 | kr2udp: 0 | 
2026-05-04 08:26:02,292 - INFO     - img2od: 0 | od2fr: 0 | od2lpr: 0 | od2cap: 0 | fr2kr: 124 | lpr2kr: 614 | cap2udp: 0 | kr2udp: 1 | 
2026-05-04 08:26:03,294 - INFO     - img2od: 0 | od2fr: 0 | od2lpr: 0 | od2cap: 0 | fr2kr: 122 | lpr2kr: 611 | cap2udp: 0 | kr2udp: 1 | 
2026-05-04 08:26:04,295 - INFO     - img2od: 0 | od2fr: 0 | od2lpr: 0 | od2cap: 0 | fr2kr: 119 | lpr2kr: 608 | cap2udp: 0 | kr2udp: 0 | 
2026-05-04 08:26:05,296 - INFO     - img2od: 0 | od2fr: 0 | od2lpr: 0 | od2cap: 0 | fr2kr: 116 | lpr2kr: 606 | cap2udp: 0 | kr2udp: 1 | 
2026-05-04 08:26:06,297 - INFO     - img2od: 0 | od2fr: 0 | od2lpr: 0 | od2cap: 0 | fr2kr: 114 | lpr2kr: 603 | cap2udp: 0 | kr2udp: 1 | 
2026-05-04 08:26:07,298 - INFO     - img2od: 0 | od2fr: 0 | od2lpr: 0 | od2cap: 0 | fr2kr: 111 | lpr2kr: 600 | cap2udp: 0 | kr2udp: 1 | 
2026-05-04 08:26:08,299 - INFO     - img2od: 0 | od2fr: 0 | od2lpr: 0 | od2cap: 0 | fr2kr: 108 | lpr2kr: 597 | cap2udp: 0 | kr2udp: 0 | 
2026-05-04 08:26:09,300 - INFO     - img2od: 0 | od2fr: 0 | od2lpr: 0 | od2cap: 0 | fr2kr: 105 | lpr2kr: 595 | cap2udp: 0 | kr2udp: 0 | 
2026-05-04 08:26:10,301 - INFO     - img2od: 0 | od2fr: 0 | od2lpr: 0 | od2cap: 0 | fr2kr: 103 | lpr2kr: 592 | cap2udp: 0 | kr2udp: 1 | 
2026-05-04 08:26:11,302 - INFO     - img2od: 0 | od2fr: 0 | od2lpr: 0 | od2cap: 0 | fr2kr: 100 | lpr2kr: 589 | cap2udp: 0 | kr2udp: 1 | 
2026-05-04 08:26:12,304 - INFO     - img2od: 0 | od2fr: 0 | od2lpr: 0 | od2cap: 0 | fr2kr: 97 | lpr2kr: 586 | cap2udp: 0 | kr2udp: 1 | 
2026-05-04 08:26:13,305 - INFO     - img2od: 0 | od2fr: 0 | od2lpr: 0 | od2cap: 0 | fr2kr: 94 | lpr2kr: 584 | cap2udp: 0 | kr2udp: 0 | 
2026-05-04 08:26:14,306 - INFO     - img2od: 0 | od2fr: 0 | od2lpr: 0 | od2cap: 0 | fr2kr: 91 | lpr2kr: 581 | cap2udp: 0 | kr2udp: 1 | 
2026-05-04 08:26:15,307 - INFO     - img2od: 0 | od2fr: 0 | od2lpr: 0 | od2cap: 0 | fr2kr: 89 | lpr2kr: 578 | cap2udp: 0 | kr2udp: 1 | 
2026-05-04 08:26:16,309 - INFO     - img2od: 0 | od2fr: 0 | od2lpr: 0 | od2cap: 0 | fr2kr: 86 | lpr2kr: 575 | cap2udp: 0 | kr2udp: 0 | 
2026-05-04 08:26:17,310 - INFO     - img2od: 0 | od2fr: 0 | od2lpr: 0 | od2cap: 0 | fr2kr: 83 | lpr2kr: 573 | cap2udp: 0 | kr2udp: 0 | 
2026-05-04 08:26:18,311 - INFO     - img2od: 0 | od2fr: 0 | od2lpr: 0 | od2cap: 0 | fr2kr: 80 | lpr2kr: 570 | cap2udp: 0 | kr2udp: 1 | 
2026-05-04 08:26:19,312 - INFO     - img2od: 0 | od2fr: 0 | od2lpr: 0 | od2cap: 0 | fr2kr: 78 | lpr2kr: 567 | cap2udp: 0 | kr2udp: 1 | 
2026-05-04 08:26:20,314 - INFO     - img2od: 0 | od2fr: 0 | od2lpr: 0 | od2cap: 0 | fr2kr: 75 | lpr2kr: 564 | cap2udp: 0 | kr2udp: 1 | 
2026-05-04 08:26:21,315 - INFO     - img2od: 0 | od2fr: 0 | od2lpr: 0 | od2cap: 0 | fr2kr: 72 | lpr2kr: 562 | cap2udp: 0 | kr2udp: 0 | 
2026-05-04 08:26:22,316 - INFO     - img2od: 0 | od2fr: 0 | od2lpr: 0 | od2cap: 0 | fr2kr: 69 | lpr2kr: 559 | cap2udp: 0 | kr2udp: 1 | 
2026-05-04 08:26:23,317 - INFO     - img2od: 0 | od2fr: 0 | od2lpr: 0 | od2cap: 0 | fr2kr: 67 | lpr2kr: 556 | cap2udp: 0 | kr2udp: 1 | 
2026-05-04 08:26:24,318 - INFO     - img2od: 0 | od2fr: 0 | od2lpr: 0 | od2cap: 0 | fr2kr: 64 | lpr2kr: 553 | cap2udp: 0 | kr2udp: 1 | 
2026-05-04 08:26:25,320 - INFO     - img2od: 0 | od2fr: 0 | od2lpr: 0 | od2cap: 0 | fr2kr: 61 | lpr2kr: 551 | cap2udp: 0 | kr2udp: 0 | 
2026-05-04 08:26:26,321 - INFO     - img2od: 0 | od2fr: 0 | od2lpr: 0 | od2cap: 0 | fr2kr: 58 | lpr2kr: 548 | cap2udp: 0 | kr2udp: 1 | 
2026-05-04 08:26:27,322 - INFO     - img2od: 0 | od2fr: 0 | od2lpr: 0 | od2cap: 0 | fr2kr: 56 | lpr2kr: 545 | cap2udp: 0 | kr2udp: 1 | 
2026-05-04 08:26:28,323 - INFO     - img2od: 0 | od2fr: 0 | od2lpr: 0 | od2cap: 0 | fr2kr: 53 | lpr2kr: 542 | cap2udp: 0 | kr2udp: 0 | 
2026-05-04 08:26:29,325 - INFO     - img2od: 0 | od2fr: 0 | od2lpr: 0 | od2cap: 0 | fr2kr: 50 | lpr2kr: 540 | cap2udp: 0 | kr2udp: 0 | 
2026-05-04 08:26:30,326 - INFO     - img2od: 0 | od2fr: 0 | od2lpr: 0 | od2cap: 0 | fr2kr: 47 | lpr2kr: 537 | cap2udp: 0 | kr2udp: 1 | 
2026-05-04 08:26:31,327 - INFO     - img2od: 0 | od2fr: 0 | od2lpr: 0 | od2cap: 0 | fr2kr: 45 | lpr2kr: 534 | cap2udp: 0 | kr2udp: 1 | 
2026-05-04 08:26:32,328 - INFO     - img2od: 0 | od2fr: 0 | od2lpr: 0 | od2cap: 0 | fr2kr: 42 | lpr2kr: 531 | cap2udp: 0 | kr2udp: 1 | 
2026-05-04 08:26:33,329 - INFO     - img2od: 0 | od2fr: 0 | od2lpr: 0 | od2cap: 0 | fr2kr: 39 | lpr2kr: 529 | cap2udp: 0 | kr2udp: 0 | 
2026-05-04 08:26:34,331 - INFO     - img2od: 0 | od2fr: 0 | od2lpr: 0 | od2cap: 0 | fr2kr: 36 | lpr2kr: 526 | cap2udp: 0 | kr2udp: 1 | 
2026-05-04 08:26:35,332 - INFO     - img2od: 0 | od2fr: 0 | od2lpr: 0 | od2cap: 0 | fr2kr: 34 | lpr2kr: 523 | cap2udp: 0 | kr2udp: 1 | 
2026-05-04 08:26:36,333 - INFO     - img2od: 0 | od2fr: 0 | od2lpr: 0 | od2cap: 0 | fr2kr: 31 | lpr2kr: 520 | cap2udp: 0 | kr2udp: 1 | 
2026-05-04 08:26:37,334 - INFO     - img2od: 0 | od2fr: 0 | od2lpr: 0 | od2cap: 0 | fr2kr: 28 | lpr2kr: 517 | cap2udp: 0 | kr2udp: 1 | 
2026-05-04 08:26:38,335 - INFO     - img2od: 0 | od2fr: 0 | od2lpr: 0 | od2cap: 0 | fr2kr: 25 | lpr2kr: 514 | cap2udp: 0 | kr2udp: 1 | 
2026-05-04 08:26:39,337 - INFO     - img2od: 0 | od2fr: 0 | od2lpr: 0 | od2cap: 0 | fr2kr: 22 | lpr2kr: 512 | cap2udp: 0 | kr2udp: 0 | 
2026-05-04 08:26:40,338 - INFO     - img2od: 0 | od2fr: 0 | od2lpr: 0 | od2cap: 0 | fr2kr: 19 | lpr2kr: 509 | cap2udp: 0 | kr2udp: 1 | 
2026-05-04 08:26:41,339 - INFO     - img2od: 0 | od2fr: 0 | od2lpr: 0 | od2cap: 0 | fr2kr: 17 | lpr2kr: 506 | cap2udp: 0 | kr2udp: 1 | 
2026-05-04 08:26:42,340 - INFO     - img2od: 0 | od2fr: 0 | od2lpr: 0 | od2cap: 0 | fr2kr: 14 | lpr2kr: 503 | cap2udp: 0 | kr2udp: 1 | 
2026-05-04 08:26:43,342 - INFO     - img2od: 0 | od2fr: 0 | od2lpr: 0 | od2cap: 0 | fr2kr: 11 | lpr2kr: 500 | cap2udp: 0 | kr2udp: 0 | 
2026-05-04 08:26:44,343 - INFO     - img2od: 0 | od2fr: 0 | od2lpr: 0 | od2cap: 0 | fr2kr: 8 | lpr2kr: 497 | cap2udp: 0 | kr2udp: 0 | 
2026-05-04 08:26:45,344 - INFO     - img2od: 0 | od2fr: 0 | od2lpr: 0 | od2cap: 0 | fr2kr: 5 | lpr2kr: 494 | cap2udp: 0 | kr2udp: 0 | 
2026-05-04 08:26:46,345 - INFO     - img2od: 0 | od2fr: 0 | od2lpr: 0 | od2cap: 0 | fr2kr: 2 | lpr2kr: 491 | cap2udp: 0 | kr2udp: 0 | 
2026-05-04 08:26:46,897 - INFO     - krStream     : Received end signal from FR
2026-05-04 08:26:47,346 - INFO     - img2od: 0 | od2fr: 0 | od2lpr: 0 | od2cap: 0 | fr2kr: 0 | lpr2kr: 488 | cap2udp: 0 | kr2udp: 1 | 
2026-05-04 08:26:48,348 - INFO     - img2od: 0 | od2fr: 0 | od2lpr: 0 | od2cap: 0 | fr2kr: 0 | lpr2kr: 483 | cap2udp: 0 | kr2udp: 0 | 
2026-05-04 08:26:49,349 - INFO     - img2od: 0 | od2fr: 0 | od2lpr: 0 | od2cap: 0 | fr2kr: 0 | lpr2kr: 479 | cap2udp: 0 | kr2udp: 1 | 
2026-05-04 08:26:50,350 - INFO     - img2od: 0 | od2fr: 0 | od2lpr: 0 | od2cap: 0 | fr2kr: 0 | lpr2kr: 474 | cap2udp: 0 | kr2udp: 1 | 
2026-05-04 08:26:51,351 - INFO     - img2od: 0 | od2fr: 0 | od2lpr: 0 | od2cap: 0 | fr2kr: 0 | lpr2kr: 470 | cap2udp: 0 | kr2udp: 0 | 
2026-05-04 08:26:52,353 - INFO     - img2od: 0 | od2fr: 0 | od2lpr: 0 | od2cap: 0 | fr2kr: 0 | lpr2kr: 466 | cap2udp: 0 | kr2udp: 1 | 
2026-05-04 08:26:53,354 - INFO     - img2od: 0 | od2fr: 0 | od2lpr: 0 | od2cap: 0 | fr2kr: 0 | lpr2kr: 461 | cap2udp: 0 | kr2udp: 0 | 
2026-05-04 08:26:54,355 - INFO     - img2od: 0 | od2fr: 0 | od2lpr: 0 | od2cap: 0 | fr2kr: 0 | lpr2kr: 457 | cap2udp: 0 | kr2udp: 1 | 
2026-05-04 08:26:55,356 - INFO     - img2od: 0 | od2fr: 0 | od2lpr: 0 | od2cap: 0 | fr2kr: 0 | lpr2kr: 453 | cap2udp: 0 | kr2udp: 1 | 
2026-05-04 08:26:56,357 - INFO     - img2od: 0 | od2fr: 0 | od2lpr: 0 | od2cap: 0 | fr2kr: 0 | lpr2kr: 448 | cap2udp: 0 | kr2udp: 0 | 
2026-05-04 08:26:57,359 - INFO     - img2od: 0 | od2fr: 0 | od2lpr: 0 | od2cap: 0 | fr2kr: 0 | lpr2kr: 444 | cap2udp: 0 | kr2udp: 1 | 
2026-05-04 08:26:58,360 - INFO     - img2od: 0 | od2fr: 0 | od2lpr: 0 | od2cap: 0 | fr2kr: 0 | lpr2kr: 439 | cap2udp: 0 | kr2udp: 0 | 
2026-05-04 08:26:59,361 - INFO     - img2od: 0 | od2fr: 0 | od2lpr: 0 | od2cap: 0 | fr2kr: 0 | lpr2kr: 435 | cap2udp: 0 | kr2udp: 1 | 
2026-05-04 08:27:00,362 - INFO     - img2od: 0 | od2fr: 0 | od2lpr: 0 | od2cap: 0 | fr2kr: 0 | lpr2kr: 430 | cap2udp: 0 | kr2udp: 0 | 
2026-05-04 08:27:01,364 - INFO     - img2od: 0 | od2fr: 0 | od2lpr: 0 | od2cap: 0 | fr2kr: 0 | lpr2kr: 426 | cap2udp: 0 | kr2udp: 1 | 
2026-05-04 08:27:02,365 - INFO     - img2od: 0 | od2fr: 0 | od2lpr: 0 | od2cap: 0 | fr2kr: 0 | lpr2kr: 421 | cap2udp: 0 | kr2udp: 1 | 
2026-05-04 08:27:03,366 - INFO     - img2od: 0 | od2fr: 0 | od2lpr: 0 | od2cap: 0 | fr2kr: 0 | lpr2kr: 417 | cap2udp: 0 | kr2udp: 1 | 
2026-05-04 08:27:04,367 - INFO     - img2od: 0 | od2fr: 0 | od2lpr: 0 | od2cap: 0 | fr2kr: 0 | lpr2kr: 413 | cap2udp: 0 | kr2udp: 1 | 
2026-05-04 08:27:05,368 - INFO     - img2od: 0 | od2fr: 0 | od2lpr: 0 | od2cap: 0 | fr2kr: 0 | lpr2kr: 408 | cap2udp: 0 | kr2udp: 0 | 
2026-05-04 08:27:06,370 - INFO     - img2od: 0 | od2fr: 0 | od2lpr: 0 | od2cap: 0 | fr2kr: 0 | lpr2kr: 404 | cap2udp: 0 | kr2udp: 1 | 
2026-05-04 08:27:07,371 - INFO     - img2od: 0 | od2fr: 0 | od2lpr: 0 | od2cap: 0 | fr2kr: 0 | lpr2kr: 399 | cap2udp: 0 | kr2udp: 1 | 
2026-05-04 08:27:08,372 - INFO     - img2od: 0 | od2fr: 0 | od2lpr: 0 | od2cap: 0 | fr2kr: 0 | lpr2kr: 395 | cap2udp: 0 | kr2udp: 1 | 
2026-05-04 08:27:09,372 - INFO     - img2od: 0 | od2fr: 0 | od2lpr: 0 | od2cap: 0 | fr2kr: 0 | lpr2kr: 390 | cap2udp: 0 | kr2udp: 1 | 
2026-05-04 08:27:10,374 - INFO     - img2od: 0 | od2fr: 0 | od2lpr: 0 | od2cap: 0 | fr2kr: 0 | lpr2kr: 386 | cap2udp: 0 | kr2udp: 0 | 
2026-05-04 08:27:11,375 - INFO     - img2od: 0 | od2fr: 0 | od2lpr: 0 | od2cap: 0 | fr2kr: 0 | lpr2kr: 382 | cap2udp: 0 | kr2udp: 1 | 
2026-05-04 08:27:12,376 - INFO     - img2od: 0 | od2fr: 0 | od2lpr: 0 | od2cap: 0 | fr2kr: 0 | lpr2kr: 377 | cap2udp: 0 | kr2udp: 1 | 
2026-05-04 08:27:13,377 - INFO     - img2od: 0 | od2fr: 0 | od2lpr: 0 | od2cap: 0 | fr2kr: 0 | lpr2kr: 373 | cap2udp: 0 | kr2udp: 1 | 
2026-05-04 08:27:14,378 - INFO     - img2od: 0 | od2fr: 0 | od2lpr: 0 | od2cap: 0 | fr2kr: 0 | lpr2kr: 368 | cap2udp: 0 | kr2udp: 1 | 
2026-05-04 08:27:15,380 - INFO     - img2od: 0 | od2fr: 0 | od2lpr: 0 | od2cap: 0 | fr2kr: 0 | lpr2kr: 364 | cap2udp: 0 | kr2udp: 1 | 
2026-05-04 08:27:16,381 - INFO     - img2od: 0 | od2fr: 0 | od2lpr: 0 | od2cap: 0 | fr2kr: 0 | lpr2kr: 359 | cap2udp: 0 | kr2udp: 0 | 
2026-05-04 08:27:17,382 - INFO     - img2od: 0 | od2fr: 0 | od2lpr: 0 | od2cap: 0 | fr2kr: 0 | lpr2kr: 355 | cap2udp: 0 | kr2udp: 0 | 
2026-05-04 08:27:18,383 - INFO     - img2od: 0 | od2fr: 0 | od2lpr: 0 | od2cap: 0 | fr2kr: 0 | lpr2kr: 351 | cap2udp: 0 | kr2udp: 1 | 
2026-05-04 08:27:19,385 - INFO     - img2od: 0 | od2fr: 0 | od2lpr: 0 | od2cap: 0 | fr2kr: 0 | lpr2kr: 346 | cap2udp: 0 | kr2udp: 0 | 
2026-05-04 08:27:20,386 - INFO     - img2od: 0 | od2fr: 0 | od2lpr: 0 | od2cap: 0 | fr2kr: 0 | lpr2kr: 342 | cap2udp: 0 | kr2udp: 1 | 
2026-05-04 08:27:21,387 - INFO     - img2od: 0 | od2fr: 0 | od2lpr: 0 | od2cap: 0 | fr2kr: 0 | lpr2kr: 337 | cap2udp: 0 | kr2udp: 1 | 
2026-05-04 08:27:22,388 - INFO     - img2od: 0 | od2fr: 0 | od2lpr: 0 | od2cap: 0 | fr2kr: 0 | lpr2kr: 333 | cap2udp: 0 | kr2udp: 0 | 
2026-05-04 08:27:23,389 - INFO     - img2od: 0 | od2fr: 0 | od2lpr: 0 | od2cap: 0 | fr2kr: 0 | lpr2kr: 329 | cap2udp: 0 | kr2udp: 1 | 
2026-05-04 08:27:24,391 - INFO     - img2od: 0 | od2fr: 0 | od2lpr: 0 | od2cap: 0 | fr2kr: 0 | lpr2kr: 324 | cap2udp: 0 | kr2udp: 0 | 
2026-05-04 08:27:25,392 - INFO     - img2od: 0 | od2fr: 0 | od2lpr: 0 | od2cap: 0 | fr2kr: 0 | lpr2kr: 320 | cap2udp: 0 | kr2udp: 1 | 
2026-05-04 08:27:26,393 - INFO     - img2od: 0 | od2fr: 0 | od2lpr: 0 | od2cap: 0 | fr2kr: 0 | lpr2kr: 315 | cap2udp: 0 | kr2udp: 0 | 
2026-05-04 08:27:27,394 - INFO     - img2od: 0 | od2fr: 0 | od2lpr: 0 | od2cap: 0 | fr2kr: 0 | lpr2kr: 311 | cap2udp: 0 | kr2udp: 1 | 
2026-05-04 08:27:28,396 - INFO     - img2od: 0 | od2fr: 0 | od2lpr: 0 | od2cap: 0 | fr2kr: 0 | lpr2kr: 307 | cap2udp: 0 | kr2udp: 1 | 
2026-05-04 08:27:29,397 - INFO     - img2od: 0 | od2fr: 0 | od2lpr: 0 | od2cap: 0 | fr2kr: 0 | lpr2kr: 302 | cap2udp: 0 | kr2udp: 0 | 
2026-05-04 08:27:30,398 - INFO     - img2od: 0 | od2fr: 0 | od2lpr: 0 | od2cap: 0 | fr2kr: 0 | lpr2kr: 298 | cap2udp: 0 | kr2udp: 1 | 
2026-05-04 08:27:31,399 - INFO     - img2od: 0 | od2fr: 0 | od2lpr: 0 | od2cap: 0 | fr2kr: 0 | lpr2kr: 293 | cap2udp: 0 | kr2udp: 1 | 
2026-05-04 08:27:32,401 - INFO     - img2od: 0 | od2fr: 0 | od2lpr: 0 | od2cap: 0 | fr2kr: 0 | lpr2kr: 289 | cap2udp: 0 | kr2udp: 0 | 
2026-05-04 08:27:33,402 - INFO     - img2od: 0 | od2fr: 0 | od2lpr: 0 | od2cap: 0 | fr2kr: 0 | lpr2kr: 285 | cap2udp: 0 | kr2udp: 1 | 
2026-05-04 08:27:34,403 - INFO     - img2od: 0 | od2fr: 0 | od2lpr: 0 | od2cap: 0 | fr2kr: 0 | lpr2kr: 280 | cap2udp: 0 | kr2udp: 0 | 
2026-05-04 08:27:35,404 - INFO     - img2od: 0 | od2fr: 0 | od2lpr: 0 | od2cap: 0 | fr2kr: 0 | lpr2kr: 276 | cap2udp: 0 | kr2udp: 1 | 
2026-05-04 08:27:36,406 - INFO     - img2od: 0 | od2fr: 0 | od2lpr: 0 | od2cap: 0 | fr2kr: 0 | lpr2kr: 271 | cap2udp: 0 | kr2udp: 1 | 
2026-05-04 08:27:37,407 - INFO     - img2od: 0 | od2fr: 0 | od2lpr: 0 | od2cap: 0 | fr2kr: 0 | lpr2kr: 267 | cap2udp: 0 | kr2udp: 1 | 
2026-05-04 08:27:38,408 - INFO     - img2od: 0 | od2fr: 0 | od2lpr: 0 | od2cap: 0 | fr2kr: 0 | lpr2kr: 262 | cap2udp: 0 | kr2udp: 0 | 
2026-05-04 08:27:39,409 - INFO     - img2od: 0 | od2fr: 0 | od2lpr: 0 | od2cap: 0 | fr2kr: 0 | lpr2kr: 258 | cap2udp: 0 | kr2udp: 1 | 
2026-05-04 08:27:40,410 - INFO     - img2od: 0 | od2fr: 0 | od2lpr: 0 | od2cap: 0 | fr2kr: 0 | lpr2kr: 254 | cap2udp: 0 | kr2udp: 1 | 
2026-05-04 08:27:41,412 - INFO     - img2od: 0 | od2fr: 0 | od2lpr: 0 | od2cap: 0 | fr2kr: 0 | lpr2kr: 249 | cap2udp: 0 | kr2udp: 0 | 
2026-05-04 08:27:42,413 - INFO     - img2od: 0 | od2fr: 0 | od2lpr: 0 | od2cap: 0 | fr2kr: 0 | lpr2kr: 245 | cap2udp: 0 | kr2udp: 1 | 
2026-05-04 08:27:43,414 - INFO     - img2od: 0 | od2fr: 0 | od2lpr: 0 | od2cap: 0 | fr2kr: 0 | lpr2kr: 240 | cap2udp: 0 | kr2udp: 1 | 
2026-05-04 08:27:44,415 - INFO     - img2od: 0 | od2fr: 0 | od2lpr: 0 | od2cap: 0 | fr2kr: 0 | lpr2kr: 236 | cap2udp: 0 | kr2udp: 0 | 
2026-05-04 08:27:45,417 - INFO     - img2od: 0 | od2fr: 0 | od2lpr: 0 | od2cap: 0 | fr2kr: 0 | lpr2kr: 232 | cap2udp: 0 | kr2udp: 1 | 
2026-05-04 08:27:46,418 - INFO     - img2od: 0 | od2fr: 0 | od2lpr: 0 | od2cap: 0 | fr2kr: 0 | lpr2kr: 227 | cap2udp: 0 | kr2udp: 0 | 
2026-05-04 08:27:47,419 - INFO     - img2od: 0 | od2fr: 0 | od2lpr: 0 | od2cap: 0 | fr2kr: 0 | lpr2kr: 223 | cap2udp: 0 | kr2udp: 1 | 
2026-05-04 08:27:48,420 - INFO     - img2od: 0 | od2fr: 0 | od2lpr: 0 | od2cap: 0 | fr2kr: 0 | lpr2kr: 218 | cap2udp: 0 | kr2udp: 0 | 
2026-05-04 08:27:49,422 - INFO     - img2od: 0 | od2fr: 0 | od2lpr: 0 | od2cap: 0 | fr2kr: 0 | lpr2kr: 214 | cap2udp: 0 | kr2udp: 1 | 
2026-05-04 08:27:50,423 - INFO     - img2od: 0 | od2fr: 0 | od2lpr: 0 | od2cap: 0 | fr2kr: 0 | lpr2kr: 209 | cap2udp: 0 | kr2udp: 1 | 
2026-05-04 08:27:51,424 - INFO     - img2od: 0 | od2fr: 0 | od2lpr: 0 | od2cap: 0 | fr2kr: 0 | lpr2kr: 205 | cap2udp: 0 | kr2udp: 1 | 
2026-05-04 08:27:52,425 - INFO     - img2od: 0 | od2fr: 0 | od2lpr: 0 | od2cap: 0 | fr2kr: 0 | lpr2kr: 201 | cap2udp: 0 | kr2udp: 1 | 
2026-05-04 08:27:53,426 - INFO     - img2od: 0 | od2fr: 0 | od2lpr: 0 | od2cap: 0 | fr2kr: 0 | lpr2kr: 196 | cap2udp: 0 | kr2udp: 0 | 
2026-05-04 08:27:54,428 - INFO     - img2od: 0 | od2fr: 0 | od2lpr: 0 | od2cap: 0 | fr2kr: 0 | lpr2kr: 192 | cap2udp: 0 | kr2udp: 1 | 
2026-05-04 08:27:55,429 - INFO     - img2od: 0 | od2fr: 0 | od2lpr: 0 | od2cap: 0 | fr2kr: 0 | lpr2kr: 188 | cap2udp: 0 | kr2udp: 1 | 
2026-05-04 08:27:56,430 - INFO     - img2od: 0 | od2fr: 0 | od2lpr: 0 | od2cap: 0 | fr2kr: 0 | lpr2kr: 183 | cap2udp: 0 | kr2udp: 0 | 
2026-05-04 08:27:57,431 - INFO     - img2od: 0 | od2fr: 0 | od2lpr: 0 | od2cap: 0 | fr2kr: 0 | lpr2kr: 179 | cap2udp: 0 | kr2udp: 1 | 
2026-05-04 08:27:58,433 - INFO     - img2od: 0 | od2fr: 0 | od2lpr: 0 | od2cap: 0 | fr2kr: 0 | lpr2kr: 174 | cap2udp: 0 | kr2udp: 1 | 
2026-05-04 08:27:59,434 - INFO     - img2od: 0 | od2fr: 0 | od2lpr: 0 | od2cap: 0 | fr2kr: 0 | lpr2kr: 170 | cap2udp: 0 | kr2udp: 0 | 
2026-05-04 08:28:00,435 - INFO     - img2od: 0 | od2fr: 0 | od2lpr: 0 | od2cap: 0 | fr2kr: 0 | lpr2kr: 166 | cap2udp: 0 | kr2udp: 1 | 
2026-05-04 08:28:01,436 - INFO     - img2od: 0 | od2fr: 0 | od2lpr: 0 | od2cap: 0 | fr2kr: 0 | lpr2kr: 161 | cap2udp: 0 | kr2udp: 1 | 
2026-05-04 08:28:02,438 - INFO     - img2od: 0 | od2fr: 0 | od2lpr: 0 | od2cap: 0 | fr2kr: 0 | lpr2kr: 157 | cap2udp: 0 | kr2udp: 1 | 
2026-05-04 08:28:03,439 - INFO     - img2od: 0 | od2fr: 0 | od2lpr: 0 | od2cap: 0 | fr2kr: 0 | lpr2kr: 152 | cap2udp: 0 | kr2udp: 0 | 
2026-05-04 08:28:04,440 - INFO     - img2od: 0 | od2fr: 0 | od2lpr: 0 | od2cap: 0 | fr2kr: 0 | lpr2kr: 148 | cap2udp: 0 | kr2udp: 1 | 
2026-05-04 08:28:05,441 - INFO     - img2od: 0 | od2fr: 0 | od2lpr: 0 | od2cap: 0 | fr2kr: 0 | lpr2kr: 144 | cap2udp: 0 | kr2udp: 1 | 
2026-05-04 08:28:06,442 - INFO     - img2od: 0 | od2fr: 0 | od2lpr: 0 | od2cap: 0 | fr2kr: 0 | lpr2kr: 139 | cap2udp: 0 | kr2udp: 1 | 
2026-05-04 08:28:07,444 - INFO     - img2od: 0 | od2fr: 0 | od2lpr: 0 | od2cap: 0 | fr2kr: 0 | lpr2kr: 135 | cap2udp: 0 | kr2udp: 1 | 
2026-05-04 08:28:08,445 - INFO     - img2od: 0 | od2fr: 0 | od2lpr: 0 | od2cap: 0 | fr2kr: 0 | lpr2kr: 131 | cap2udp: 0 | kr2udp: 1 | 
2026-05-04 08:28:09,446 - INFO     - img2od: 0 | od2fr: 0 | od2lpr: 0 | od2cap: 0 | fr2kr: 0 | lpr2kr: 126 | cap2udp: 0 | kr2udp: 1 | 
2026-05-04 08:28:10,447 - INFO     - img2od: 0 | od2fr: 0 | od2lpr: 0 | od2cap: 0 | fr2kr: 0 | lpr2kr: 122 | cap2udp: 0 | kr2udp: 1 | 
2026-05-04 08:28:11,449 - INFO     - img2od: 0 | od2fr: 0 | od2lpr: 0 | od2cap: 0 | fr2kr: 0 | lpr2kr: 117 | cap2udp: 0 | kr2udp: 0 | 
2026-05-04 08:28:12,450 - INFO     - img2od: 0 | od2fr: 0 | od2lpr: 0 | od2cap: 0 | fr2kr: 0 | lpr2kr: 113 | cap2udp: 0 | kr2udp: 1 | 
2026-05-04 08:28:13,451 - INFO     - img2od: 0 | od2fr: 0 | od2lpr: 0 | od2cap: 0 | fr2kr: 0 | lpr2kr: 108 | cap2udp: 0 | kr2udp: 1 | 
2026-05-04 08:28:14,452 - INFO     - img2od: 0 | od2fr: 0 | od2lpr: 0 | od2cap: 0 | fr2kr: 0 | lpr2kr: 104 | cap2udp: 0 | kr2udp: 1 | 
2026-05-04 08:28:15,454 - INFO     - img2od: 0 | od2fr: 0 | od2lpr: 0 | od2cap: 0 | fr2kr: 0 | lpr2kr: 100 | cap2udp: 0 | kr2udp: 1 | 
2026-05-04 08:28:16,455 - INFO     - img2od: 0 | od2fr: 0 | od2lpr: 0 | od2cap: 0 | fr2kr: 0 | lpr2kr: 96 | cap2udp: 0 | kr2udp: 1 | 
2026-05-04 08:28:17,456 - INFO     - img2od: 0 | od2fr: 0 | od2lpr: 0 | od2cap: 0 | fr2kr: 0 | lpr2kr: 91 | cap2udp: 0 | kr2udp: 1 | 
2026-05-04 08:28:18,457 - INFO     - img2od: 0 | od2fr: 0 | od2lpr: 0 | od2cap: 0 | fr2kr: 0 | lpr2kr: 87 | cap2udp: 0 | kr2udp: 1 | 
2026-05-04 08:28:19,458 - INFO     - img2od: 0 | od2fr: 0 | od2lpr: 0 | od2cap: 0 | fr2kr: 0 | lpr2kr: 82 | cap2udp: 0 | kr2udp: 1 | 
2026-05-04 08:28:20,459 - INFO     - img2od: 0 | od2fr: 0 | od2lpr: 0 | od2cap: 0 | fr2kr: 0 | lpr2kr: 78 | cap2udp: 0 | kr2udp: 0 | 
2026-05-04 08:28:21,460 - INFO     - img2od: 0 | od2fr: 0 | od2lpr: 0 | od2cap: 0 | fr2kr: 0 | lpr2kr: 74 | cap2udp: 0 | kr2udp: 1 | 
2026-05-04 08:28:22,461 - INFO     - img2od: 0 | od2fr: 0 | od2lpr: 0 | od2cap: 0 | fr2kr: 0 | lpr2kr: 69 | cap2udp: 0 | kr2udp: 0 | 
2026-05-04 08:28:23,463 - INFO     - img2od: 0 | od2fr: 0 | od2lpr: 0 | od2cap: 0 | fr2kr: 0 | lpr2kr: 65 | cap2udp: 0 | kr2udp: 1 | 
2026-05-04 08:28:24,464 - INFO     - img2od: 0 | od2fr: 0 | od2lpr: 0 | od2cap: 0 | fr2kr: 0 | lpr2kr: 60 | cap2udp: 0 | kr2udp: 1 | 
2026-05-04 08:28:25,465 - INFO     - img2od: 0 | od2fr: 0 | od2lpr: 0 | od2cap: 0 | fr2kr: 0 | lpr2kr: 56 | cap2udp: 0 | kr2udp: 1 | 
2026-05-04 08:28:26,466 - INFO     - img2od: 0 | od2fr: 0 | od2lpr: 0 | od2cap: 0 | fr2kr: 0 | lpr2kr: 51 | cap2udp: 0 | kr2udp: 1 | 
2026-05-04 08:28:27,468 - INFO     - img2od: 0 | od2fr: 0 | od2lpr: 0 | od2cap: 0 | fr2kr: 0 | lpr2kr: 47 | cap2udp: 0 | kr2udp: 1 | 
2026-05-04 08:28:28,469 - INFO     - img2od: 0 | od2fr: 0 | od2lpr: 0 | od2cap: 0 | fr2kr: 0 | lpr2kr: 43 | cap2udp: 0 | kr2udp: 1 | 
2026-05-04 08:28:29,470 - INFO     - img2od: 0 | od2fr: 0 | od2lpr: 0 | od2cap: 0 | fr2kr: 0 | lpr2kr: 38 | cap2udp: 0 | kr2udp: 0 | 
2026-05-04 08:28:30,471 - INFO     - img2od: 0 | od2fr: 0 | od2lpr: 0 | od2cap: 0 | fr2kr: 0 | lpr2kr: 34 | cap2udp: 0 | kr2udp: 1 | 
2026-05-04 08:28:31,472 - INFO     - img2od: 0 | od2fr: 0 | od2lpr: 0 | od2cap: 0 | fr2kr: 0 | lpr2kr: 29 | cap2udp: 0 | kr2udp: 1 | 
2026-05-04 08:28:32,473 - INFO     - img2od: 0 | od2fr: 0 | od2lpr: 0 | od2cap: 0 | fr2kr: 0 | lpr2kr: 25 | cap2udp: 0 | kr2udp: 1 | 
2026-05-04 08:28:33,474 - INFO     - img2od: 0 | od2fr: 0 | od2lpr: 0 | od2cap: 0 | fr2kr: 0 | lpr2kr: 20 | cap2udp: 0 | kr2udp: 1 | 
2026-05-04 08:28:34,475 - INFO     - img2od: 0 | od2fr: 0 | od2lpr: 0 | od2cap: 0 | fr2kr: 0 | lpr2kr: 16 | cap2udp: 0 | kr2udp: 0 | 
2026-05-04 08:28:35,477 - INFO     - img2od: 0 | od2fr: 0 | od2lpr: 0 | od2cap: 0 | fr2kr: 0 | lpr2kr: 12 | cap2udp: 0 | kr2udp: 1 | 
2026-05-04 08:28:36,478 - INFO     - img2od: 0 | od2fr: 0 | od2lpr: 0 | od2cap: 0 | fr2kr: 0 | lpr2kr: 7 | cap2udp: 0 | kr2udp: 0 | 
2026-05-04 08:28:37,479 - INFO     - img2od: 0 | od2fr: 0 | od2lpr: 0 | od2cap: 0 | fr2kr: 0 | lpr2kr: 3 | cap2udp: 0 | kr2udp: 1 | 
2026-05-04 08:28:38,037 - INFO     - krStream     : Received end signal from LPR
2026-05-04 08:28:38,151 - INFO     - krStream     : Received BOTH END signal, shutting down
2026-05-04 08:28:38,306 - INFO     - udpStream    : Received end signal from KR
2026-05-04 08:28:38,307 - INFO     - krStream     : shutdown successful
2026-05-04 08:28:38,423 - INFO     - udpStream    : Received BOTH END signal, shutting down
2026-05-04 08:28:38,480 - INFO     - img2od: 0 | od2fr: 0 | od2lpr: 0 | od2cap: 0 | fr2kr: 0 | lpr2kr: 0 | cap2udp: 0 | kr2udp: 0 | 
2026-05-04 08:28:38,780 - INFO     - udpStream    : shutdown successful
2026-05-04 08:28:39,482 - INFO     - img2od: 0 | od2fr: 0 | od2lpr: 0 | od2cap: 0 | fr2kr: 0 | lpr2kr: 0 | cap2udp: 0 | kr2udp: 0 | 
2026-05-04 08:28:40,483 - INFO     - img2od: 0 | od2fr: 0 | od2lpr: 0 | od2cap: 0 | fr2kr: 0 | lpr2kr: 0 | cap2udp: 0 | kr2udp: 0 | 
2026-05-04 08:28:41,484 - INFO     - img2od: 0 | od2fr: 0 | od2lpr: 0 | od2cap: 0 | fr2kr: 0 | lpr2kr: 0 | cap2udp: 0 | kr2udp: 0 | 
2026-05-04 08:28:42,485 - INFO     - img2od: 0 | od2fr: 0 | od2lpr: 0 | od2cap: 0 | fr2kr: 0 | lpr2kr: 0 | cap2udp: 0 | kr2udp: 0 | 
2026-05-04 08:28:43,486 - INFO     - img2od: 0 | od2fr: 0 | od2lpr: 0 | od2cap: 0 | fr2kr: 0 | lpr2kr: 0 | cap2udp: 0 | kr2udp: 0 | 
2026-05-04 08:28:44,487 - INFO     - All queues empty, job done
2026-05-04 08:28:44,490 - INFO     - Queue logs written to ./profile_exp/mix/r0.05/def_svm/seed2/QUEUEWATCH.json
2026-05-04 08:28:45,086 - INFO     - Reach FINALLY block in MAIN process
2026-05-04 08:28:45,086 - INFO     - Starting cleanup of 7 processes.
2026-05-04 08:28:45,086 - INFO     - Draining and closing 8 queues.
2026-05-04 08:28:45,086 - INFO     - Starting cleanup for queue 0, queue size: 0.
2026-05-04 08:28:45,086 - INFO     - Starting cleanup for queue 1, queue size: 0.
2026-05-04 08:28:45,086 - INFO     - Starting cleanup for queue 2, queue size: 0.
2026-05-04 08:28:45,086 - INFO     - Starting cleanup for queue 3, queue size: 0.
2026-05-04 08:28:45,086 - INFO     - Starting cleanup for queue 4, queue size: 0.
2026-05-04 08:28:45,086 - INFO     - Starting cleanup for queue 5, queue size: 0.
2026-05-04 08:28:45,086 - INFO     - Starting cleanup for queue 6, queue size: 0.
2026-05-04 08:28:45,086 - INFO     - Starting cleanup for queue 7, queue size: 0.
2026-05-04 08:28:45,086 - INFO     - Cleanup complete.
2026-05-04 08:28:45,086 - INFO     - Cleaned up resources in MAIN process
2026-05-04 08:28:45,088 - INFO     - Summary written to ./profile_exp/mix/r0.05/def_svm/seed2/SUMMARY.json

======================================================================
PROFILING SUMMARY
======================================================================
  Total wall time:    312.02s
  Images processed:   100
  Throughput:         0.3205 img/s
  Avg E2E latency:    70.1138s
  Min E2E latency:    0.0219s
  Max E2E latency:    283.2084s

  Component          Count  Dropped     FLOPs/call    Total FLOPs
  --------------- -------- -------- -------------- --------------
  odStream              96        0   153844849936 14769105593856
  frStream             516        0     2837404864  1464100909824
  lprStream            992        0    60379460608 59896424923136
  capStream             41        0   373311103169 15305755229929
  krStream            1508        0            n/a            n/a
  udpStream           1549        0            n/a            n/a

  Total FLOPs:        91435386656745
======================================================================
