2026-05-04 08:38:25,835 - INFO     - imgStream    : internal profiling set to False
2026-05-04 08:38:25,835 - INFO     - odStream     : internal profiling set to False
2026-05-04 08:38:25,836 - INFO     - frStream     : internal profiling set to False
2026-05-04 08:38:25,836 - INFO     - lprStream    : internal profiling set to False
2026-05-04 08:38:25,836 - INFO     - capStream    : internal profiling set to False
2026-05-04 08:38:25,836 - INFO     - krStream     : internal profiling set to False
2026-05-04 08:38:25,836 - INFO     - udpStream    : internal profiling set to False


================================================================================
|                                                                              |
|                     Running: Traffic Monitoring Pipeline                     |
|                                                                              |
|                         Algorithm: None, Model ID: 0                         |
|                                                                              |
|                             Target Indices: none                             |
|                                                                              |
|                             2026-05-04 08:38:25                              |
|                                                                              |
================================================================================


Number of CUDA devices: 1
2026-05-04 08:38:28,756 - INFO     - img2od: 0 | od2fr: 0 | od2lpr: 0 | od2cap: 0 | fr2kr: 0 | lpr2kr: 0 | cap2udp: 0 | kr2udp: 0 | 
2026-05-04 08:38:28,788 - INFO     - imgStream    : input defense = smoothing
2026-05-04 08:38:28,789 - INFO     - imgStream    : mix mode ratio=0.05 seed=2 -> 95 clean / 5 attack
2026-05-04 08:38:28,789 - INFO     - imgStream    : started
/home/lxt230026/.conda/envs/dyndl/lib/python3.10/site-packages/facenet_pytorch/models/inception_resnet_v1.py:329: FutureWarning: You are using `torch.load` with `weights_only=False` (the current default value), which uses the default pickle module implicitly. It is possible to construct malicious pickle data which will execute arbitrary code during unpickling (See https://github.com/pytorch/pytorch/blob/main/SECURITY.md#untrusted-models for more details). In a future release, the default value for `weights_only` will be flipped to `True`. This limits the functions that could be executed during unpickling. Arbitrary objects will no longer be allowed to be loaded via this mode unless they are explicitly allowlisted by the user via `torch.serialization.add_safe_globals`. We recommend you start setting `weights_only=True` for any use case where you don't have full control of the loaded file. Please open an issue on GitHub for any issues related to this experimental feature.
  state_dict = torch.load(cached_file)
2026-05-04 08:38:29,478 - INFO     - krStream     : face embeddings loaded, found 1000 embeddings
2026-05-04 08:38:29,478 - INFO     - krStream     : started
2026-05-04 08:38:29,631 - INFO     - frStream     : FR model loaded, model_id = vggface2
2026-05-04 08:38:29,631 - INFO     - frStream     : started
2026-05-04 08:38:29,757 - INFO     - img2od: 3 | od2fr: 0 | od2lpr: 0 | od2cap: 0 | fr2kr: 0 | lpr2kr: 0 | cap2udp: 0 | kr2udp: 0 | 
2026-05-04 08:38:29,785 - INFO     - odStream     : OD model loaded, model_id = 0
2026-05-04 08:38:29,785 - INFO     - odStream     : started
/home/lxt230026/EfficiencyAttack/traffic/cmpnt/c4_lpr.py:145: FutureWarning: You are using `torch.load` with `weights_only=False` (the current default value), which uses the default pickle module implicitly. It is possible to construct malicious pickle data which will execute arbitrary code during unpickling (See https://github.com/pytorch/pytorch/blob/main/SECURITY.md#untrusted-models for more details). In a future release, the default value for `weights_only` will be flipped to `True`. This limits the functions that could be executed during unpickling. Arbitrary objects will no longer be allowed to be loaded via this mode unless they are explicitly allowlisted by the user via `torch.serialization.add_safe_globals`. We recommend you start setting `weights_only=True` for any use case where you don't have full control of the loaded file. Please open an issue on GitHub for any issues related to this experimental feature.
  self.checkpoint = torch.load(self.model_id, map_location='cpu')
2026-05-04 08:38:30,277 - INFO     - Using custom providers: ['CPUExecutionProvider']
2026-05-04 08:38:30,278 - INFO     - Skipping download of 'argentinian-plates-cnn-model' model, already exists at /home/lxt230026/.cache/fast-plate-ocr/argentinian-plates-cnn-model
2026-05-04 08:38:30,292 - INFO     - lprStream    : LPR model loaded, model_id = model_v2.pth
2026-05-04 08:38:30,292 - INFO     - lprStream    : started
2026-05-04 08:38:30,309 - INFO     - udpStream    : LM model loaded, model_id = gpt2
2026-05-04 08:38:30,309 - INFO     - udpStream    : started
2026-05-04 08:38:30,583 - INFO     - capStream    : CAP model loaded, model_id = microsoft/git-base
2026-05-04 08:38:30,583 - INFO     - capStream    : started
2026-05-04 08:38:30,758 - INFO     - img2od: 6 | od2fr: 41 | od2lpr: 0 | od2cap: 1 | fr2kr: 0 | lpr2kr: 0 | cap2udp: 0 | kr2udp: 0 | 
2026-05-04 08:38:31,759 - INFO     - img2od: 5 | od2fr: 98 | od2lpr: 0 | od2cap: 1 | fr2kr: 1 | lpr2kr: 0 | cap2udp: 0 | kr2udp: 0 | 
2026-05-04 08:38:32,760 - INFO     - img2od: 3 | od2fr: 114 | od2lpr: 0 | od2cap: 3 | fr2kr: 4 | lpr2kr: 0 | cap2udp: 0 | kr2udp: 0 | 
2026-05-04 08:38:33,761 - INFO     - img2od: 2 | od2fr: 137 | od2lpr: 0 | od2cap: 2 | fr2kr: 7 | lpr2kr: 0 | cap2udp: 0 | kr2udp: 0 | 
2026-05-04 08:38:34,762 - INFO     - img2od: 1 | od2fr: 190 | od2lpr: 6 | od2cap: 2 | fr2kr: 9 | lpr2kr: 2 | cap2udp: 1 | kr2udp: 1 | 
2026-05-04 08:38:35,763 - INFO     - img2od: 1 | od2fr: 187 | od2lpr: 7 | od2cap: 2 | fr2kr: 13 | lpr2kr: 11 | cap2udp: 0 | kr2udp: 0 | 
2026-05-04 08:38:36,764 - INFO     - img2od: 0 | od2fr: 215 | od2lpr: 226 | od2cap: 1 | fr2kr: 17 | lpr2kr: 30 | cap2udp: 0 | kr2udp: 1 | 
2026-05-04 08:38:37,765 - INFO     - img2od: 0 | od2fr: 212 | od2lpr: 199 | od2cap: 0 | fr2kr: 20 | lpr2kr: 57 | cap2udp: 0 | kr2udp: 0 | 
2026-05-04 08:38:38,766 - INFO     - img2od: 0 | od2fr: 210 | od2lpr: 162 | od2cap: 0 | fr2kr: 24 | lpr2kr: 91 | cap2udp: 0 | kr2udp: 0 | 
2026-05-04 08:38:39,767 - INFO     - img2od: 0 | od2fr: 207 | od2lpr: 347 | od2cap: 0 | fr2kr: 27 | lpr2kr: 123 | cap2udp: 1 | kr2udp: 1 | 
2026-05-04 08:38:40,768 - INFO     - img2od: 0 | od2fr: 215 | od2lpr: 306 | od2cap: 1 | fr2kr: 31 | lpr2kr: 161 | cap2udp: 0 | kr2udp: 1 | 
2026-05-04 08:38:41,769 - INFO     - img2od: 0 | od2fr: 211 | od2lpr: 268 | od2cap: 0 | fr2kr: 35 | lpr2kr: 197 | cap2udp: 0 | kr2udp: 1 | 
2026-05-04 08:38:42,770 - INFO     - img2od: 0 | od2fr: 220 | od2lpr: 337 | od2cap: 0 | fr2kr: 38 | lpr2kr: 241 | cap2udp: 0 | kr2udp: 0 | 
2026-05-04 08:38:43,771 - INFO     - img2od: 0 | od2fr: 219 | od2lpr: 662 | od2cap: 0 | fr2kr: 42 | lpr2kr: 272 | cap2udp: 0 | kr2udp: 1 | 
2026-05-04 08:38:44,772 - INFO     - img2od: 0 | od2fr: 224 | od2lpr: 628 | od2cap: 0 | fr2kr: 46 | lpr2kr: 305 | cap2udp: 0 | kr2udp: 1 | 
2026-05-04 08:38:45,773 - INFO     - img2od: 0 | od2fr: 221 | od2lpr: 597 | od2cap: 0 | fr2kr: 49 | lpr2kr: 337 | cap2udp: 0 | kr2udp: 1 | 
2026-05-04 08:38:46,774 - INFO     - img2od: 0 | od2fr: 303 | od2lpr: 556 | od2cap: 0 | fr2kr: 53 | lpr2kr: 377 | cap2udp: 1 | kr2udp: 1 | 
2026-05-04 08:38:47,775 - INFO     - img2od: 0 | od2fr: 302 | od2lpr: 520 | od2cap: 0 | fr2kr: 56 | lpr2kr: 411 | cap2udp: 0 | kr2udp: 0 | 
2026-05-04 08:38:48,776 - INFO     - img2od: 0 | od2fr: 325 | od2lpr: 495 | od2cap: 0 | fr2kr: 60 | lpr2kr: 433 | cap2udp: 0 | kr2udp: 1 | 
2026-05-04 08:38:49,777 - INFO     - img2od: 0 | od2fr: 347 | od2lpr: 474 | od2cap: 0 | fr2kr: 64 | lpr2kr: 453 | cap2udp: 0 | kr2udp: 1 | 
2026-05-04 08:38:50,778 - INFO     - img2od: 0 | od2fr: 355 | od2lpr: 445 | od2cap: 0 | fr2kr: 67 | lpr2kr: 480 | cap2udp: 0 | kr2udp: 0 | 
2026-05-04 08:38:51,779 - INFO     - img2od: 0 | od2fr: 349 | od2lpr: 420 | od2cap: 0 | fr2kr: 71 | lpr2kr: 501 | cap2udp: 0 | kr2udp: 0 | 
2026-05-04 08:38:52,780 - INFO     - img2od: 0 | od2fr: 371 | od2lpr: 389 | od2cap: 0 | fr2kr: 75 | lpr2kr: 535 | cap2udp: 0 | kr2udp: 1 | 
2026-05-04 08:38:53,781 - INFO     - img2od: 0 | od2fr: 367 | od2lpr: 383 | od2cap: 0 | fr2kr: 78 | lpr2kr: 558 | cap2udp: 0 | kr2udp: 1 | 
2026-05-04 08:38:54,782 - INFO     - img2od: 0 | od2fr: 372 | od2lpr: 349 | od2cap: 0 | fr2kr: 82 | lpr2kr: 591 | cap2udp: 0 | kr2udp: 1 | 
2026-05-04 08:38:55,783 - INFO     - img2od: 0 | od2fr: 402 | od2lpr: 316 | od2cap: 0 | fr2kr: 85 | lpr2kr: 622 | cap2udp: 0 | kr2udp: 0 | 
2026-05-04 08:38:56,091 - INFO     - imgStream    : completed, sending END signal
2026-05-04 08:38:56,091 - INFO     - imgStream    : shutdown
2026-05-04 08:38:56,161 - INFO     - odStream     : Received END signal, shutting down
2026-05-04 08:38:56,258 - INFO     - imgStream    : shutdown successful
2026-05-04 08:38:56,277 - INFO     - capStream    : Received END signal, shutting down
2026-05-04 08:38:56,448 - INFO     - udpStream    : Received end signal from CAP
2026-05-04 08:38:56,456 - INFO     - odStream     : shutdown successful
2026-05-04 08:38:56,784 - INFO     - img2od: 0 | od2fr: 405 | od2lpr: 269 | od2cap: 0 | fr2kr: 89 | lpr2kr: 666 | cap2udp: 0 | kr2udp: 1 | 
2026-05-04 08:38:56,805 - INFO     - capStream    : shutdown successful
2026-05-04 08:38:57,785 - INFO     - img2od: 0 | od2fr: 399 | od2lpr: 186 | od2cap: 0 | fr2kr: 93 | lpr2kr: 747 | cap2udp: 0 | kr2udp: 1 | 
2026-05-04 08:38:58,786 - INFO     - img2od: 0 | od2fr: 393 | od2lpr: 99 | od2cap: 0 | fr2kr: 96 | lpr2kr: 832 | cap2udp: 0 | kr2udp: 0 | 
2026-05-04 08:38:59,787 - INFO     - img2od: 0 | od2fr: 387 | od2lpr: 24 | od2cap: 0 | fr2kr: 100 | lpr2kr: 904 | cap2udp: 0 | kr2udp: 1 | 
2026-05-04 08:39:00,182 - INFO     - lprStream    : Received END signal, shutting down
2026-05-04 08:39:00,306 - INFO     - lprStream    : shutdown successful
2026-05-04 08:39:00,789 - INFO     - img2od: 0 | od2fr: 381 | od2lpr: 0 | od2cap: 0 | fr2kr: 103 | lpr2kr: 927 | cap2udp: 0 | kr2udp: 0 | 
2026-05-04 08:39:01,790 - INFO     - img2od: 0 | od2fr: 374 | od2lpr: 0 | od2cap: 0 | fr2kr: 107 | lpr2kr: 924 | cap2udp: 0 | kr2udp: 1 | 
2026-05-04 08:39:02,791 - INFO     - img2od: 0 | od2fr: 367 | od2lpr: 0 | od2cap: 0 | fr2kr: 112 | lpr2kr: 921 | cap2udp: 0 | kr2udp: 1 | 
2026-05-04 08:39:03,792 - INFO     - img2od: 0 | od2fr: 359 | od2lpr: 0 | od2cap: 0 | fr2kr: 116 | lpr2kr: 918 | cap2udp: 0 | kr2udp: 1 | 
2026-05-04 08:39:04,794 - INFO     - img2od: 0 | od2fr: 352 | od2lpr: 0 | od2cap: 0 | fr2kr: 121 | lpr2kr: 915 | cap2udp: 0 | kr2udp: 1 | 
2026-05-04 08:39:05,795 - INFO     - img2od: 0 | od2fr: 345 | od2lpr: 0 | od2cap: 0 | fr2kr: 125 | lpr2kr: 912 | cap2udp: 0 | kr2udp: 1 | 
2026-05-04 08:39:06,796 - INFO     - img2od: 0 | od2fr: 338 | od2lpr: 0 | od2cap: 0 | fr2kr: 129 | lpr2kr: 910 | cap2udp: 0 | kr2udp: 0 | 
2026-05-04 08:39:07,797 - INFO     - img2od: 0 | od2fr: 331 | od2lpr: 0 | od2cap: 0 | fr2kr: 134 | lpr2kr: 907 | cap2udp: 0 | kr2udp: 1 | 
2026-05-04 08:39:08,799 - INFO     - img2od: 0 | od2fr: 324 | od2lpr: 0 | od2cap: 0 | fr2kr: 138 | lpr2kr: 904 | cap2udp: 0 | kr2udp: 1 | 
2026-05-04 08:39:09,800 - INFO     - img2od: 0 | od2fr: 317 | od2lpr: 0 | od2cap: 0 | fr2kr: 142 | lpr2kr: 901 | cap2udp: 0 | kr2udp: 0 | 
2026-05-04 08:39:10,801 - INFO     - img2od: 0 | od2fr: 310 | od2lpr: 0 | od2cap: 0 | fr2kr: 146 | lpr2kr: 898 | cap2udp: 0 | kr2udp: 0 | 
2026-05-04 08:39:11,802 - INFO     - img2od: 0 | od2fr: 303 | od2lpr: 0 | od2cap: 0 | fr2kr: 150 | lpr2kr: 896 | cap2udp: 0 | kr2udp: 0 | 
2026-05-04 08:39:12,803 - INFO     - img2od: 0 | od2fr: 296 | od2lpr: 0 | od2cap: 0 | fr2kr: 154 | lpr2kr: 893 | cap2udp: 0 | kr2udp: 1 | 
2026-05-04 08:39:13,804 - INFO     - img2od: 0 | od2fr: 289 | od2lpr: 0 | od2cap: 0 | fr2kr: 159 | lpr2kr: 890 | cap2udp: 0 | kr2udp: 1 | 
2026-05-04 08:39:14,805 - INFO     - img2od: 0 | od2fr: 282 | od2lpr: 0 | od2cap: 0 | fr2kr: 163 | lpr2kr: 887 | cap2udp: 0 | kr2udp: 0 | 
2026-05-04 08:39:15,806 - INFO     - img2od: 0 | od2fr: 275 | od2lpr: 0 | od2cap: 0 | fr2kr: 167 | lpr2kr: 884 | cap2udp: 0 | kr2udp: 0 | 
2026-05-04 08:39:16,807 - INFO     - img2od: 0 | od2fr: 268 | od2lpr: 0 | od2cap: 0 | fr2kr: 171 | lpr2kr: 882 | cap2udp: 0 | kr2udp: 0 | 
2026-05-04 08:39:17,808 - INFO     - img2od: 0 | od2fr: 262 | od2lpr: 0 | od2cap: 0 | fr2kr: 174 | lpr2kr: 879 | cap2udp: 0 | kr2udp: 1 | 
2026-05-04 08:39:18,809 - INFO     - img2od: 0 | od2fr: 255 | od2lpr: 0 | od2cap: 0 | fr2kr: 179 | lpr2kr: 876 | cap2udp: 0 | kr2udp: 1 | 
2026-05-04 08:39:19,810 - INFO     - img2od: 0 | od2fr: 249 | od2lpr: 0 | od2cap: 0 | fr2kr: 182 | lpr2kr: 873 | cap2udp: 0 | kr2udp: 1 | 
2026-05-04 08:39:20,812 - INFO     - img2od: 0 | od2fr: 243 | od2lpr: 0 | od2cap: 0 | fr2kr: 185 | lpr2kr: 870 | cap2udp: 0 | kr2udp: 1 | 
2026-05-04 08:39:21,813 - INFO     - img2od: 0 | od2fr: 235 | od2lpr: 0 | od2cap: 0 | fr2kr: 189 | lpr2kr: 867 | cap2udp: 0 | kr2udp: 1 | 
2026-05-04 08:39:22,814 - INFO     - img2od: 0 | od2fr: 228 | od2lpr: 0 | od2cap: 0 | fr2kr: 194 | lpr2kr: 865 | cap2udp: 0 | kr2udp: 1 | 
2026-05-04 08:39:23,815 - INFO     - img2od: 0 | od2fr: 221 | od2lpr: 0 | od2cap: 0 | fr2kr: 198 | lpr2kr: 862 | cap2udp: 0 | kr2udp: 1 | 
2026-05-04 08:39:24,816 - INFO     - img2od: 0 | od2fr: 214 | od2lpr: 0 | od2cap: 0 | fr2kr: 203 | lpr2kr: 859 | cap2udp: 0 | kr2udp: 1 | 
2026-05-04 08:39:25,818 - INFO     - img2od: 0 | od2fr: 207 | od2lpr: 0 | od2cap: 0 | fr2kr: 207 | lpr2kr: 856 | cap2udp: 0 | kr2udp: 1 | 
2026-05-04 08:39:26,819 - INFO     - img2od: 0 | od2fr: 200 | od2lpr: 0 | od2cap: 0 | fr2kr: 211 | lpr2kr: 853 | cap2udp: 0 | kr2udp: 1 | 
2026-05-04 08:39:27,820 - INFO     - img2od: 0 | od2fr: 193 | od2lpr: 0 | od2cap: 0 | fr2kr: 215 | lpr2kr: 850 | cap2udp: 0 | kr2udp: 1 | 
2026-05-04 08:39:28,821 - INFO     - img2od: 0 | od2fr: 186 | od2lpr: 0 | od2cap: 0 | fr2kr: 219 | lpr2kr: 848 | cap2udp: 0 | kr2udp: 1 | 
2026-05-04 08:39:29,822 - INFO     - img2od: 0 | od2fr: 179 | od2lpr: 0 | od2cap: 0 | fr2kr: 224 | lpr2kr: 845 | cap2udp: 0 | kr2udp: 1 | 
2026-05-04 08:39:30,823 - INFO     - img2od: 0 | od2fr: 172 | od2lpr: 0 | od2cap: 0 | fr2kr: 228 | lpr2kr: 842 | cap2udp: 0 | kr2udp: 1 | 
2026-05-04 08:39:31,825 - INFO     - img2od: 0 | od2fr: 165 | od2lpr: 0 | od2cap: 0 | fr2kr: 232 | lpr2kr: 839 | cap2udp: 0 | kr2udp: 1 | 
2026-05-04 08:39:32,826 - INFO     - img2od: 0 | od2fr: 158 | od2lpr: 0 | od2cap: 0 | fr2kr: 236 | lpr2kr: 836 | cap2udp: 0 | kr2udp: 1 | 
2026-05-04 08:39:33,827 - INFO     - img2od: 0 | od2fr: 151 | od2lpr: 0 | od2cap: 0 | fr2kr: 240 | lpr2kr: 834 | cap2udp: 0 | kr2udp: 1 | 
2026-05-04 08:39:34,828 - INFO     - img2od: 0 | od2fr: 144 | od2lpr: 0 | od2cap: 0 | fr2kr: 244 | lpr2kr: 831 | cap2udp: 0 | kr2udp: 1 | 
2026-05-04 08:39:35,830 - INFO     - img2od: 0 | od2fr: 136 | od2lpr: 0 | od2cap: 0 | fr2kr: 249 | lpr2kr: 828 | cap2udp: 0 | kr2udp: 1 | 
2026-05-04 08:39:36,831 - INFO     - img2od: 0 | od2fr: 129 | od2lpr: 0 | od2cap: 0 | fr2kr: 254 | lpr2kr: 825 | cap2udp: 0 | kr2udp: 0 | 
2026-05-04 08:39:37,832 - INFO     - img2od: 0 | od2fr: 122 | od2lpr: 0 | od2cap: 0 | fr2kr: 258 | lpr2kr: 822 | cap2udp: 0 | kr2udp: 1 | 
2026-05-04 08:39:38,833 - INFO     - img2od: 0 | od2fr: 115 | od2lpr: 0 | od2cap: 0 | fr2kr: 262 | lpr2kr: 820 | cap2udp: 0 | kr2udp: 0 | 
2026-05-04 08:39:39,835 - INFO     - img2od: 0 | od2fr: 108 | od2lpr: 0 | od2cap: 0 | fr2kr: 266 | lpr2kr: 817 | cap2udp: 0 | kr2udp: 1 | 
2026-05-04 08:39:40,836 - INFO     - img2od: 0 | od2fr: 101 | od2lpr: 0 | od2cap: 0 | fr2kr: 271 | lpr2kr: 814 | cap2udp: 0 | kr2udp: 1 | 
2026-05-04 08:39:41,837 - INFO     - img2od: 0 | od2fr: 94 | od2lpr: 0 | od2cap: 0 | fr2kr: 275 | lpr2kr: 811 | cap2udp: 0 | kr2udp: 1 | 
2026-05-04 08:39:42,838 - INFO     - img2od: 0 | od2fr: 87 | od2lpr: 0 | od2cap: 0 | fr2kr: 279 | lpr2kr: 808 | cap2udp: 0 | kr2udp: 1 | 
2026-05-04 08:39:43,839 - INFO     - img2od: 0 | od2fr: 80 | od2lpr: 0 | od2cap: 0 | fr2kr: 283 | lpr2kr: 806 | cap2udp: 0 | kr2udp: 0 | 
2026-05-04 08:39:44,840 - INFO     - img2od: 0 | od2fr: 73 | od2lpr: 0 | od2cap: 0 | fr2kr: 287 | lpr2kr: 803 | cap2udp: 0 | kr2udp: 1 | 
2026-05-04 08:39:45,841 - INFO     - img2od: 0 | od2fr: 66 | od2lpr: 0 | od2cap: 0 | fr2kr: 292 | lpr2kr: 800 | cap2udp: 0 | kr2udp: 1 | 
2026-05-04 08:39:46,842 - INFO     - img2od: 0 | od2fr: 59 | od2lpr: 0 | od2cap: 0 | fr2kr: 296 | lpr2kr: 797 | cap2udp: 0 | kr2udp: 1 | 
2026-05-04 08:39:47,843 - INFO     - img2od: 0 | od2fr: 52 | od2lpr: 0 | od2cap: 0 | fr2kr: 300 | lpr2kr: 794 | cap2udp: 0 | kr2udp: 1 | 
2026-05-04 08:39:48,844 - INFO     - img2od: 0 | od2fr: 45 | od2lpr: 0 | od2cap: 0 | fr2kr: 304 | lpr2kr: 791 | cap2udp: 0 | kr2udp: 1 | 
2026-05-04 08:39:49,846 - INFO     - img2od: 0 | od2fr: 38 | od2lpr: 0 | od2cap: 0 | fr2kr: 308 | lpr2kr: 789 | cap2udp: 0 | kr2udp: 1 | 
2026-05-04 08:39:50,847 - INFO     - img2od: 0 | od2fr: 31 | od2lpr: 0 | od2cap: 0 | fr2kr: 313 | lpr2kr: 786 | cap2udp: 0 | kr2udp: 1 | 
2026-05-04 08:39:51,848 - INFO     - img2od: 0 | od2fr: 24 | od2lpr: 0 | od2cap: 0 | fr2kr: 317 | lpr2kr: 783 | cap2udp: 0 | kr2udp: 1 | 
2026-05-04 08:39:52,849 - INFO     - img2od: 0 | od2fr: 17 | od2lpr: 0 | od2cap: 0 | fr2kr: 321 | lpr2kr: 780 | cap2udp: 0 | kr2udp: 0 | 
2026-05-04 08:39:53,851 - INFO     - img2od: 0 | od2fr: 10 | od2lpr: 0 | od2cap: 0 | fr2kr: 325 | lpr2kr: 777 | cap2udp: 0 | kr2udp: 1 | 
2026-05-04 08:39:54,852 - INFO     - img2od: 0 | od2fr: 3 | od2lpr: 0 | od2cap: 0 | fr2kr: 329 | lpr2kr: 775 | cap2udp: 0 | kr2udp: 0 | 
loading model on device: cuda
Initializing checkpoint: PekingU/rtdetr_r50vd, ID: 0
2026-05-04 08:39:55,152 - INFO     - frStream     : Received END signal, shutting down
2026-05-04 08:39:55,345 - INFO     - frStream     : shutdown successful
2026-05-04 08:39:55,853 - INFO     - img2od: 0 | od2fr: 0 | od2lpr: 0 | od2cap: 0 | fr2kr: 330 | lpr2kr: 772 | cap2udp: 0 | kr2udp: 1 | 
2026-05-04 08:39:56,853 - INFO     - img2od: 0 | od2fr: 0 | od2lpr: 0 | od2cap: 0 | fr2kr: 327 | lpr2kr: 769 | cap2udp: 0 | kr2udp: 1 | 
2026-05-04 08:39:57,855 - INFO     - img2od: 0 | od2fr: 0 | od2lpr: 0 | od2cap: 0 | fr2kr: 324 | lpr2kr: 766 | cap2udp: 0 | kr2udp: 1 | 
2026-05-04 08:39:58,856 - INFO     - img2od: 0 | od2fr: 0 | od2lpr: 0 | od2cap: 0 | fr2kr: 321 | lpr2kr: 763 | cap2udp: 0 | kr2udp: 1 | 
2026-05-04 08:39:59,857 - INFO     - img2od: 0 | od2fr: 0 | od2lpr: 0 | od2cap: 0 | fr2kr: 317 | lpr2kr: 760 | cap2udp: 0 | kr2udp: 0 | 
2026-05-04 08:40:00,858 - INFO     - img2od: 0 | od2fr: 0 | od2lpr: 0 | od2cap: 0 | fr2kr: 314 | lpr2kr: 756 | cap2udp: 0 | kr2udp: 0 | 
2026-05-04 08:40:01,859 - INFO     - img2od: 0 | od2fr: 0 | od2lpr: 0 | od2cap: 0 | fr2kr: 311 | lpr2kr: 753 | cap2udp: 0 | kr2udp: 1 | 
2026-05-04 08:40:02,860 - INFO     - img2od: 0 | od2fr: 0 | od2lpr: 0 | od2cap: 0 | fr2kr: 307 | lpr2kr: 750 | cap2udp: 0 | kr2udp: 0 | 
2026-05-04 08:40:03,861 - INFO     - img2od: 0 | od2fr: 0 | od2lpr: 0 | od2cap: 0 | fr2kr: 304 | lpr2kr: 747 | cap2udp: 0 | kr2udp: 0 | 
2026-05-04 08:40:04,862 - INFO     - img2od: 0 | od2fr: 0 | od2lpr: 0 | od2cap: 0 | fr2kr: 301 | lpr2kr: 743 | cap2udp: 0 | kr2udp: 0 | 
2026-05-04 08:40:05,863 - INFO     - img2od: 0 | od2fr: 0 | od2lpr: 0 | od2cap: 0 | fr2kr: 298 | lpr2kr: 740 | cap2udp: 0 | kr2udp: 0 | 
2026-05-04 08:40:06,864 - INFO     - img2od: 0 | od2fr: 0 | od2lpr: 0 | od2cap: 0 | fr2kr: 295 | lpr2kr: 737 | cap2udp: 0 | kr2udp: 1 | 
2026-05-04 08:40:07,865 - INFO     - img2od: 0 | od2fr: 0 | od2lpr: 0 | od2cap: 0 | fr2kr: 291 | lpr2kr: 734 | cap2udp: 0 | kr2udp: 0 | 
2026-05-04 08:40:08,867 - INFO     - img2od: 0 | od2fr: 0 | od2lpr: 0 | od2cap: 0 | fr2kr: 288 | lpr2kr: 730 | cap2udp: 0 | kr2udp: 0 | 
2026-05-04 08:40:09,868 - INFO     - img2od: 0 | od2fr: 0 | od2lpr: 0 | od2cap: 0 | fr2kr: 285 | lpr2kr: 727 | cap2udp: 0 | kr2udp: 1 | 
2026-05-04 08:40:10,869 - INFO     - img2od: 0 | od2fr: 0 | od2lpr: 0 | od2cap: 0 | fr2kr: 282 | lpr2kr: 724 | cap2udp: 0 | kr2udp: 1 | 
2026-05-04 08:40:11,870 - INFO     - img2od: 0 | od2fr: 0 | od2lpr: 0 | od2cap: 0 | fr2kr: 278 | lpr2kr: 721 | cap2udp: 0 | kr2udp: 0 | 
2026-05-04 08:40:12,872 - INFO     - img2od: 0 | od2fr: 0 | od2lpr: 0 | od2cap: 0 | fr2kr: 275 | lpr2kr: 717 | cap2udp: 0 | kr2udp: 0 | 
2026-05-04 08:40:13,873 - INFO     - img2od: 0 | od2fr: 0 | od2lpr: 0 | od2cap: 0 | fr2kr: 272 | lpr2kr: 714 | cap2udp: 0 | kr2udp: 0 | 
2026-05-04 08:40:14,874 - INFO     - img2od: 0 | od2fr: 0 | od2lpr: 0 | od2cap: 0 | fr2kr: 269 | lpr2kr: 711 | cap2udp: 0 | kr2udp: 0 | 
2026-05-04 08:40:15,875 - INFO     - img2od: 0 | od2fr: 0 | od2lpr: 0 | od2cap: 0 | fr2kr: 266 | lpr2kr: 708 | cap2udp: 0 | kr2udp: 0 | 
2026-05-04 08:40:16,876 - INFO     - img2od: 0 | od2fr: 0 | od2lpr: 0 | od2cap: 0 | fr2kr: 263 | lpr2kr: 705 | cap2udp: 0 | kr2udp: 0 | 
2026-05-04 08:40:17,877 - INFO     - img2od: 0 | od2fr: 0 | od2lpr: 0 | od2cap: 0 | fr2kr: 260 | lpr2kr: 703 | cap2udp: 0 | kr2udp: 0 | 
2026-05-04 08:40:18,878 - INFO     - img2od: 0 | od2fr: 0 | od2lpr: 0 | od2cap: 0 | fr2kr: 258 | lpr2kr: 700 | cap2udp: 0 | kr2udp: 2 | 
2026-05-04 08:40:19,879 - INFO     - img2od: 0 | od2fr: 0 | od2lpr: 0 | od2cap: 0 | fr2kr: 256 | lpr2kr: 698 | cap2udp: 0 | kr2udp: 1 | 
2026-05-04 08:40:20,880 - INFO     - img2od: 0 | od2fr: 0 | od2lpr: 0 | od2cap: 0 | fr2kr: 253 | lpr2kr: 695 | cap2udp: 0 | kr2udp: 1 | 
2026-05-04 08:40:21,881 - INFO     - img2od: 0 | od2fr: 0 | od2lpr: 0 | od2cap: 0 | fr2kr: 251 | lpr2kr: 693 | cap2udp: 0 | kr2udp: 1 | 
2026-05-04 08:40:22,882 - INFO     - img2od: 0 | od2fr: 0 | od2lpr: 0 | od2cap: 0 | fr2kr: 248 | lpr2kr: 690 | cap2udp: 0 | kr2udp: 1 | 
2026-05-04 08:40:23,883 - INFO     - img2od: 0 | od2fr: 0 | od2lpr: 0 | od2cap: 0 | fr2kr: 245 | lpr2kr: 688 | cap2udp: 0 | kr2udp: 1 | 
2026-05-04 08:40:24,884 - INFO     - img2od: 0 | od2fr: 0 | od2lpr: 0 | od2cap: 0 | fr2kr: 243 | lpr2kr: 685 | cap2udp: 0 | kr2udp: 1 | 
2026-05-04 08:40:25,885 - INFO     - img2od: 0 | od2fr: 0 | od2lpr: 0 | od2cap: 0 | fr2kr: 240 | lpr2kr: 683 | cap2udp: 0 | kr2udp: 1 | 
2026-05-04 08:40:26,887 - INFO     - img2od: 0 | od2fr: 0 | od2lpr: 0 | od2cap: 0 | fr2kr: 238 | lpr2kr: 680 | cap2udp: 0 | kr2udp: 1 | 
2026-05-04 08:40:27,888 - INFO     - img2od: 0 | od2fr: 0 | od2lpr: 0 | od2cap: 0 | fr2kr: 235 | lpr2kr: 677 | cap2udp: 0 | kr2udp: 1 | 
2026-05-04 08:40:28,889 - INFO     - img2od: 0 | od2fr: 0 | od2lpr: 0 | od2cap: 0 | fr2kr: 232 | lpr2kr: 675 | cap2udp: 0 | kr2udp: 1 | 
2026-05-04 08:40:29,890 - INFO     - img2od: 0 | od2fr: 0 | od2lpr: 0 | od2cap: 0 | fr2kr: 230 | lpr2kr: 672 | cap2udp: 0 | kr2udp: 1 | 
2026-05-04 08:40:30,891 - INFO     - img2od: 0 | od2fr: 0 | od2lpr: 0 | od2cap: 0 | fr2kr: 227 | lpr2kr: 670 | cap2udp: 0 | kr2udp: 0 | 
2026-05-04 08:40:31,892 - INFO     - img2od: 0 | od2fr: 0 | od2lpr: 0 | od2cap: 0 | fr2kr: 225 | lpr2kr: 667 | cap2udp: 0 | kr2udp: 1 | 
2026-05-04 08:40:32,893 - INFO     - img2od: 0 | od2fr: 0 | od2lpr: 0 | od2cap: 0 | fr2kr: 222 | lpr2kr: 664 | cap2udp: 0 | kr2udp: 0 | 
2026-05-04 08:40:33,894 - INFO     - img2od: 0 | od2fr: 0 | od2lpr: 0 | od2cap: 0 | fr2kr: 220 | lpr2kr: 662 | cap2udp: 0 | kr2udp: 1 | 
2026-05-04 08:40:34,895 - INFO     - img2od: 0 | od2fr: 0 | od2lpr: 0 | od2cap: 0 | fr2kr: 217 | lpr2kr: 660 | cap2udp: 0 | kr2udp: 0 | 
2026-05-04 08:40:35,896 - INFO     - img2od: 0 | od2fr: 0 | od2lpr: 0 | od2cap: 0 | fr2kr: 215 | lpr2kr: 657 | cap2udp: 0 | kr2udp: 0 | 
2026-05-04 08:40:36,897 - INFO     - img2od: 0 | od2fr: 0 | od2lpr: 0 | od2cap: 0 | fr2kr: 212 | lpr2kr: 655 | cap2udp: 0 | kr2udp: 1 | 
2026-05-04 08:40:37,898 - INFO     - img2od: 0 | od2fr: 0 | od2lpr: 0 | od2cap: 0 | fr2kr: 210 | lpr2kr: 652 | cap2udp: 0 | kr2udp: 0 | 
2026-05-04 08:40:38,899 - INFO     - img2od: 0 | od2fr: 0 | od2lpr: 0 | od2cap: 0 | fr2kr: 207 | lpr2kr: 650 | cap2udp: 0 | kr2udp: 0 | 
2026-05-04 08:40:39,900 - INFO     - img2od: 0 | od2fr: 0 | od2lpr: 0 | od2cap: 0 | fr2kr: 205 | lpr2kr: 647 | cap2udp: 0 | kr2udp: 0 | 
2026-05-04 08:40:40,901 - INFO     - img2od: 0 | od2fr: 0 | od2lpr: 0 | od2cap: 0 | fr2kr: 203 | lpr2kr: 645 | cap2udp: 0 | kr2udp: 1 | 
2026-05-04 08:40:41,902 - INFO     - img2od: 0 | od2fr: 0 | od2lpr: 0 | od2cap: 0 | fr2kr: 200 | lpr2kr: 643 | cap2udp: 0 | kr2udp: 0 | 
2026-05-04 08:40:42,903 - INFO     - img2od: 0 | od2fr: 0 | od2lpr: 0 | od2cap: 0 | fr2kr: 198 | lpr2kr: 640 | cap2udp: 0 | kr2udp: 1 | 
2026-05-04 08:40:43,904 - INFO     - img2od: 0 | od2fr: 0 | od2lpr: 0 | od2cap: 0 | fr2kr: 195 | lpr2kr: 638 | cap2udp: 0 | kr2udp: 0 | 
2026-05-04 08:40:44,905 - INFO     - img2od: 0 | od2fr: 0 | od2lpr: 0 | od2cap: 0 | fr2kr: 193 | lpr2kr: 635 | cap2udp: 0 | kr2udp: 1 | 
2026-05-04 08:40:45,906 - INFO     - img2od: 0 | od2fr: 0 | od2lpr: 0 | od2cap: 0 | fr2kr: 190 | lpr2kr: 633 | cap2udp: 0 | kr2udp: 0 | 
2026-05-04 08:40:46,907 - INFO     - img2od: 0 | od2fr: 0 | od2lpr: 0 | od2cap: 0 | fr2kr: 188 | lpr2kr: 630 | cap2udp: 0 | kr2udp: 1 | 
2026-05-04 08:40:47,908 - INFO     - img2od: 0 | od2fr: 0 | od2lpr: 0 | od2cap: 0 | fr2kr: 185 | lpr2kr: 628 | cap2udp: 0 | kr2udp: 1 | 
2026-05-04 08:40:48,909 - INFO     - img2od: 0 | od2fr: 0 | od2lpr: 0 | od2cap: 0 | fr2kr: 183 | lpr2kr: 625 | cap2udp: 0 | kr2udp: 1 | 
2026-05-04 08:40:49,910 - INFO     - img2od: 0 | od2fr: 0 | od2lpr: 0 | od2cap: 0 | fr2kr: 181 | lpr2kr: 623 | cap2udp: 0 | kr2udp: 1 | 
2026-05-04 08:40:50,911 - INFO     - img2od: 0 | od2fr: 0 | od2lpr: 0 | od2cap: 0 | fr2kr: 178 | lpr2kr: 620 | cap2udp: 0 | kr2udp: 1 | 
2026-05-04 08:40:51,913 - INFO     - img2od: 0 | od2fr: 0 | od2lpr: 0 | od2cap: 0 | fr2kr: 176 | lpr2kr: 618 | cap2udp: 0 | kr2udp: 1 | 
2026-05-04 08:40:52,914 - INFO     - img2od: 0 | od2fr: 0 | od2lpr: 0 | od2cap: 0 | fr2kr: 173 | lpr2kr: 616 | cap2udp: 0 | kr2udp: 1 | 
2026-05-04 08:40:53,915 - INFO     - img2od: 0 | od2fr: 0 | od2lpr: 0 | od2cap: 0 | fr2kr: 170 | lpr2kr: 613 | cap2udp: 0 | kr2udp: 0 | 
2026-05-04 08:40:54,916 - INFO     - img2od: 0 | od2fr: 0 | od2lpr: 0 | od2cap: 0 | fr2kr: 168 | lpr2kr: 610 | cap2udp: 0 | kr2udp: 1 | 
2026-05-04 08:40:55,917 - INFO     - img2od: 0 | od2fr: 0 | od2lpr: 0 | od2cap: 0 | fr2kr: 165 | lpr2kr: 607 | cap2udp: 0 | kr2udp: 1 | 
2026-05-04 08:40:56,918 - INFO     - img2od: 0 | od2fr: 0 | od2lpr: 0 | od2cap: 0 | fr2kr: 162 | lpr2kr: 604 | cap2udp: 0 | kr2udp: 0 | 
2026-05-04 08:40:57,919 - INFO     - img2od: 0 | od2fr: 0 | od2lpr: 0 | od2cap: 0 | fr2kr: 159 | lpr2kr: 602 | cap2udp: 0 | kr2udp: 0 | 
2026-05-04 08:40:58,920 - INFO     - img2od: 0 | od2fr: 0 | od2lpr: 0 | od2cap: 0 | fr2kr: 156 | lpr2kr: 599 | cap2udp: 0 | kr2udp: 0 | 
2026-05-04 08:40:59,922 - INFO     - img2od: 0 | od2fr: 0 | od2lpr: 0 | od2cap: 0 | fr2kr: 154 | lpr2kr: 596 | cap2udp: 0 | kr2udp: 1 | 
2026-05-04 08:41:00,923 - INFO     - img2od: 0 | od2fr: 0 | od2lpr: 0 | od2cap: 0 | fr2kr: 151 | lpr2kr: 593 | cap2udp: 0 | kr2udp: 1 | 
2026-05-04 08:41:01,924 - INFO     - img2od: 0 | od2fr: 0 | od2lpr: 0 | od2cap: 0 | fr2kr: 148 | lpr2kr: 590 | cap2udp: 0 | kr2udp: 1 | 
2026-05-04 08:41:02,925 - INFO     - img2od: 0 | od2fr: 0 | od2lpr: 0 | od2cap: 0 | fr2kr: 145 | lpr2kr: 588 | cap2udp: 0 | kr2udp: 0 | 
2026-05-04 08:41:03,926 - INFO     - img2od: 0 | od2fr: 0 | od2lpr: 0 | od2cap: 0 | fr2kr: 142 | lpr2kr: 585 | cap2udp: 0 | kr2udp: 1 | 
2026-05-04 08:41:04,927 - INFO     - img2od: 0 | od2fr: 0 | od2lpr: 0 | od2cap: 0 | fr2kr: 140 | lpr2kr: 582 | cap2udp: 0 | kr2udp: 1 | 
2026-05-04 08:41:05,928 - INFO     - img2od: 0 | od2fr: 0 | od2lpr: 0 | od2cap: 0 | fr2kr: 137 | lpr2kr: 579 | cap2udp: 0 | kr2udp: 0 | 
2026-05-04 08:41:06,929 - INFO     - img2od: 0 | od2fr: 0 | od2lpr: 0 | od2cap: 0 | fr2kr: 134 | lpr2kr: 576 | cap2udp: 0 | kr2udp: 1 | 
2026-05-04 08:41:07,930 - INFO     - img2od: 0 | od2fr: 0 | od2lpr: 0 | od2cap: 0 | fr2kr: 131 | lpr2kr: 573 | cap2udp: 0 | kr2udp: 1 | 
2026-05-04 08:41:08,931 - INFO     - img2od: 0 | od2fr: 0 | od2lpr: 0 | od2cap: 0 | fr2kr: 128 | lpr2kr: 571 | cap2udp: 0 | kr2udp: 1 | 
2026-05-04 08:41:09,932 - INFO     - img2od: 0 | od2fr: 0 | od2lpr: 0 | od2cap: 0 | fr2kr: 126 | lpr2kr: 568 | cap2udp: 0 | kr2udp: 1 | 
2026-05-04 08:41:10,933 - INFO     - img2od: 0 | od2fr: 0 | od2lpr: 0 | od2cap: 0 | fr2kr: 123 | lpr2kr: 565 | cap2udp: 0 | kr2udp: 1 | 
2026-05-04 08:41:11,935 - INFO     - img2od: 0 | od2fr: 0 | od2lpr: 0 | od2cap: 0 | fr2kr: 120 | lpr2kr: 562 | cap2udp: 0 | kr2udp: 1 | 
2026-05-04 08:41:12,936 - INFO     - img2od: 0 | od2fr: 0 | od2lpr: 0 | od2cap: 0 | fr2kr: 117 | lpr2kr: 560 | cap2udp: 0 | kr2udp: 0 | 
2026-05-04 08:41:13,937 - INFO     - img2od: 0 | od2fr: 0 | od2lpr: 0 | od2cap: 0 | fr2kr: 115 | lpr2kr: 557 | cap2udp: 0 | kr2udp: 1 | 
2026-05-04 08:41:14,938 - INFO     - img2od: 0 | od2fr: 0 | od2lpr: 0 | od2cap: 0 | fr2kr: 112 | lpr2kr: 554 | cap2udp: 0 | kr2udp: 1 | 
2026-05-04 08:41:15,939 - INFO     - img2od: 0 | od2fr: 0 | od2lpr: 0 | od2cap: 0 | fr2kr: 109 | lpr2kr: 551 | cap2udp: 0 | kr2udp: 1 | 
2026-05-04 08:41:16,940 - INFO     - img2od: 0 | od2fr: 0 | od2lpr: 0 | od2cap: 0 | fr2kr: 106 | lpr2kr: 549 | cap2udp: 0 | kr2udp: 0 | 
2026-05-04 08:41:17,941 - INFO     - img2od: 0 | od2fr: 0 | od2lpr: 0 | od2cap: 0 | fr2kr: 103 | lpr2kr: 546 | cap2udp: 0 | kr2udp: 1 | 
2026-05-04 08:41:18,942 - INFO     - img2od: 0 | od2fr: 0 | od2lpr: 0 | od2cap: 0 | fr2kr: 101 | lpr2kr: 543 | cap2udp: 0 | kr2udp: 1 | 
2026-05-04 08:41:19,943 - INFO     - img2od: 0 | od2fr: 0 | od2lpr: 0 | od2cap: 0 | fr2kr: 98 | lpr2kr: 540 | cap2udp: 0 | kr2udp: 0 | 
2026-05-04 08:41:20,945 - INFO     - img2od: 0 | od2fr: 0 | od2lpr: 0 | od2cap: 0 | fr2kr: 95 | lpr2kr: 537 | cap2udp: 0 | kr2udp: 1 | 
2026-05-04 08:41:21,946 - INFO     - img2od: 0 | od2fr: 0 | od2lpr: 0 | od2cap: 0 | fr2kr: 92 | lpr2kr: 535 | cap2udp: 0 | kr2udp: 0 | 
2026-05-04 08:41:22,947 - INFO     - img2od: 0 | od2fr: 0 | od2lpr: 0 | od2cap: 0 | fr2kr: 90 | lpr2kr: 532 | cap2udp: 0 | kr2udp: 1 | 
2026-05-04 08:41:23,948 - INFO     - img2od: 0 | od2fr: 0 | od2lpr: 0 | od2cap: 0 | fr2kr: 87 | lpr2kr: 529 | cap2udp: 0 | kr2udp: 1 | 
2026-05-04 08:41:24,950 - INFO     - img2od: 0 | od2fr: 0 | od2lpr: 0 | od2cap: 0 | fr2kr: 84 | lpr2kr: 526 | cap2udp: 0 | kr2udp: 0 | 
2026-05-04 08:41:25,951 - INFO     - img2od: 0 | od2fr: 0 | od2lpr: 0 | od2cap: 0 | fr2kr: 81 | lpr2kr: 524 | cap2udp: 0 | kr2udp: 0 | 
2026-05-04 08:41:26,952 - INFO     - img2od: 0 | od2fr: 0 | od2lpr: 0 | od2cap: 0 | fr2kr: 78 | lpr2kr: 521 | cap2udp: 0 | kr2udp: 1 | 
2026-05-04 08:41:27,953 - INFO     - img2od: 0 | od2fr: 0 | od2lpr: 0 | od2cap: 0 | fr2kr: 76 | lpr2kr: 518 | cap2udp: 0 | kr2udp: 1 | 
2026-05-04 08:41:28,954 - INFO     - img2od: 0 | od2fr: 0 | od2lpr: 0 | od2cap: 0 | fr2kr: 73 | lpr2kr: 515 | cap2udp: 0 | kr2udp: 1 | 
2026-05-04 08:41:29,955 - INFO     - img2od: 0 | od2fr: 0 | od2lpr: 0 | od2cap: 0 | fr2kr: 70 | lpr2kr: 512 | cap2udp: 0 | kr2udp: 1 | 
2026-05-04 08:41:30,956 - INFO     - img2od: 0 | od2fr: 0 | od2lpr: 0 | od2cap: 0 | fr2kr: 67 | lpr2kr: 510 | cap2udp: 0 | kr2udp: 1 | 
2026-05-04 08:41:31,957 - INFO     - img2od: 0 | od2fr: 0 | od2lpr: 0 | od2cap: 0 | fr2kr: 65 | lpr2kr: 507 | cap2udp: 0 | kr2udp: 1 | 
2026-05-04 08:41:32,958 - INFO     - img2od: 0 | od2fr: 0 | od2lpr: 0 | od2cap: 0 | fr2kr: 62 | lpr2kr: 504 | cap2udp: 0 | kr2udp: 0 | 
2026-05-04 08:41:33,959 - INFO     - img2od: 0 | od2fr: 0 | od2lpr: 0 | od2cap: 0 | fr2kr: 59 | lpr2kr: 501 | cap2udp: 0 | kr2udp: 1 | 
2026-05-04 08:41:34,960 - INFO     - img2od: 0 | od2fr: 0 | od2lpr: 0 | od2cap: 0 | fr2kr: 56 | lpr2kr: 499 | cap2udp: 0 | kr2udp: 0 | 
2026-05-04 08:41:35,961 - INFO     - img2od: 0 | od2fr: 0 | od2lpr: 0 | od2cap: 0 | fr2kr: 54 | lpr2kr: 496 | cap2udp: 0 | kr2udp: 1 | 
2026-05-04 08:41:36,962 - INFO     - img2od: 0 | od2fr: 0 | od2lpr: 0 | od2cap: 0 | fr2kr: 51 | lpr2kr: 493 | cap2udp: 0 | kr2udp: 1 | 
2026-05-04 08:41:37,963 - INFO     - img2od: 0 | od2fr: 0 | od2lpr: 0 | od2cap: 0 | fr2kr: 48 | lpr2kr: 490 | cap2udp: 0 | kr2udp: 1 | 
2026-05-04 08:41:38,964 - INFO     - img2od: 0 | od2fr: 0 | od2lpr: 0 | od2cap: 0 | fr2kr: 45 | lpr2kr: 487 | cap2udp: 0 | kr2udp: 1 | 
2026-05-04 08:41:39,965 - INFO     - img2od: 0 | od2fr: 0 | od2lpr: 0 | od2cap: 0 | fr2kr: 42 | lpr2kr: 485 | cap2udp: 0 | kr2udp: 0 | 
2026-05-04 08:41:40,966 - INFO     - img2od: 0 | od2fr: 0 | od2lpr: 0 | od2cap: 0 | fr2kr: 39 | lpr2kr: 482 | cap2udp: 0 | kr2udp: 1 | 
2026-05-04 08:41:41,968 - INFO     - img2od: 0 | od2fr: 0 | od2lpr: 0 | od2cap: 0 | fr2kr: 36 | lpr2kr: 479 | cap2udp: 0 | kr2udp: 1 | 
2026-05-04 08:41:42,969 - INFO     - img2od: 0 | od2fr: 0 | od2lpr: 0 | od2cap: 0 | fr2kr: 34 | lpr2kr: 476 | cap2udp: 0 | kr2udp: 1 | 
2026-05-04 08:41:43,970 - INFO     - img2od: 0 | od2fr: 0 | od2lpr: 0 | od2cap: 0 | fr2kr: 31 | lpr2kr: 473 | cap2udp: 0 | kr2udp: 1 | 
2026-05-04 08:41:44,971 - INFO     - img2od: 0 | od2fr: 0 | od2lpr: 0 | od2cap: 0 | fr2kr: 28 | lpr2kr: 470 | cap2udp: 0 | kr2udp: 1 | 
2026-05-04 08:41:45,972 - INFO     - img2od: 0 | od2fr: 0 | od2lpr: 0 | od2cap: 0 | fr2kr: 25 | lpr2kr: 467 | cap2udp: 0 | kr2udp: 1 | 
2026-05-04 08:41:46,973 - INFO     - img2od: 0 | od2fr: 0 | od2lpr: 0 | od2cap: 0 | fr2kr: 22 | lpr2kr: 464 | cap2udp: 0 | kr2udp: 1 | 
2026-05-04 08:41:47,974 - INFO     - img2od: 0 | od2fr: 0 | od2lpr: 0 | od2cap: 0 | fr2kr: 19 | lpr2kr: 462 | cap2udp: 0 | kr2udp: 1 | 
2026-05-04 08:41:48,975 - INFO     - img2od: 0 | od2fr: 0 | od2lpr: 0 | od2cap: 0 | fr2kr: 16 | lpr2kr: 459 | cap2udp: 0 | kr2udp: 1 | 
2026-05-04 08:41:49,976 - INFO     - img2od: 0 | od2fr: 0 | od2lpr: 0 | od2cap: 0 | fr2kr: 14 | lpr2kr: 456 | cap2udp: 0 | kr2udp: 1 | 
2026-05-04 08:41:50,977 - INFO     - img2od: 0 | od2fr: 0 | od2lpr: 0 | od2cap: 0 | fr2kr: 11 | lpr2kr: 453 | cap2udp: 0 | kr2udp: 1 | 
2026-05-04 08:41:51,978 - INFO     - img2od: 0 | od2fr: 0 | od2lpr: 0 | od2cap: 0 | fr2kr: 8 | lpr2kr: 450 | cap2udp: 0 | kr2udp: 0 | 
2026-05-04 08:41:52,979 - INFO     - img2od: 0 | od2fr: 0 | od2lpr: 0 | od2cap: 0 | fr2kr: 5 | lpr2kr: 447 | cap2udp: 0 | kr2udp: 1 | 
2026-05-04 08:41:53,980 - INFO     - img2od: 0 | od2fr: 0 | od2lpr: 0 | od2cap: 0 | fr2kr: 2 | lpr2kr: 444 | cap2udp: 0 | kr2udp: 1 | 
2026-05-04 08:41:54,516 - INFO     - krStream     : Received end signal from FR
2026-05-04 08:41:54,981 - INFO     - img2od: 0 | od2fr: 0 | od2lpr: 0 | od2cap: 0 | fr2kr: 0 | lpr2kr: 440 | cap2udp: 0 | kr2udp: 1 | 
2026-05-04 08:41:55,982 - INFO     - img2od: 0 | od2fr: 0 | od2lpr: 0 | od2cap: 0 | fr2kr: 0 | lpr2kr: 436 | cap2udp: 0 | kr2udp: 1 | 
2026-05-04 08:41:56,983 - INFO     - img2od: 0 | od2fr: 0 | od2lpr: 0 | od2cap: 0 | fr2kr: 0 | lpr2kr: 432 | cap2udp: 0 | kr2udp: 1 | 
2026-05-04 08:41:57,984 - INFO     - img2od: 0 | od2fr: 0 | od2lpr: 0 | od2cap: 0 | fr2kr: 0 | lpr2kr: 427 | cap2udp: 0 | kr2udp: 1 | 
2026-05-04 08:41:58,986 - INFO     - img2od: 0 | od2fr: 0 | od2lpr: 0 | od2cap: 0 | fr2kr: 0 | lpr2kr: 423 | cap2udp: 0 | kr2udp: 1 | 
2026-05-04 08:41:59,987 - INFO     - img2od: 0 | od2fr: 0 | od2lpr: 0 | od2cap: 0 | fr2kr: 0 | lpr2kr: 419 | cap2udp: 0 | kr2udp: 1 | 
2026-05-04 08:42:00,988 - INFO     - img2od: 0 | od2fr: 0 | od2lpr: 0 | od2cap: 0 | fr2kr: 0 | lpr2kr: 414 | cap2udp: 0 | kr2udp: 1 | 
2026-05-04 08:42:01,989 - INFO     - img2od: 0 | od2fr: 0 | od2lpr: 0 | od2cap: 0 | fr2kr: 0 | lpr2kr: 410 | cap2udp: 0 | kr2udp: 1 | 
2026-05-04 08:42:02,990 - INFO     - img2od: 0 | od2fr: 0 | od2lpr: 0 | od2cap: 0 | fr2kr: 0 | lpr2kr: 405 | cap2udp: 0 | kr2udp: 1 | 
2026-05-04 08:42:03,990 - INFO     - img2od: 0 | od2fr: 0 | od2lpr: 0 | od2cap: 0 | fr2kr: 0 | lpr2kr: 401 | cap2udp: 0 | kr2udp: 1 | 
2026-05-04 08:42:04,991 - INFO     - img2od: 0 | od2fr: 0 | od2lpr: 0 | od2cap: 0 | fr2kr: 0 | lpr2kr: 397 | cap2udp: 0 | kr2udp: 1 | 
2026-05-04 08:42:05,993 - INFO     - img2od: 0 | od2fr: 0 | od2lpr: 0 | od2cap: 0 | fr2kr: 0 | lpr2kr: 392 | cap2udp: 0 | kr2udp: 1 | 
2026-05-04 08:42:06,994 - INFO     - img2od: 0 | od2fr: 0 | od2lpr: 0 | od2cap: 0 | fr2kr: 0 | lpr2kr: 388 | cap2udp: 0 | kr2udp: 1 | 
2026-05-04 08:42:07,995 - INFO     - img2od: 0 | od2fr: 0 | od2lpr: 0 | od2cap: 0 | fr2kr: 0 | lpr2kr: 383 | cap2udp: 0 | kr2udp: 1 | 
2026-05-04 08:42:08,996 - INFO     - img2od: 0 | od2fr: 0 | od2lpr: 0 | od2cap: 0 | fr2kr: 0 | lpr2kr: 379 | cap2udp: 0 | kr2udp: 1 | 
2026-05-04 08:42:09,997 - INFO     - img2od: 0 | od2fr: 0 | od2lpr: 0 | od2cap: 0 | fr2kr: 0 | lpr2kr: 375 | cap2udp: 0 | kr2udp: 1 | 
2026-05-04 08:42:10,999 - INFO     - img2od: 0 | od2fr: 0 | od2lpr: 0 | od2cap: 0 | fr2kr: 0 | lpr2kr: 370 | cap2udp: 0 | kr2udp: 1 | 
2026-05-04 08:42:12,000 - INFO     - img2od: 0 | od2fr: 0 | od2lpr: 0 | od2cap: 0 | fr2kr: 0 | lpr2kr: 366 | cap2udp: 0 | kr2udp: 1 | 
2026-05-04 08:42:13,001 - INFO     - img2od: 0 | od2fr: 0 | od2lpr: 0 | od2cap: 0 | fr2kr: 0 | lpr2kr: 361 | cap2udp: 0 | kr2udp: 1 | 
2026-05-04 08:42:14,002 - INFO     - img2od: 0 | od2fr: 0 | od2lpr: 0 | od2cap: 0 | fr2kr: 0 | lpr2kr: 357 | cap2udp: 0 | kr2udp: 1 | 
2026-05-04 08:42:15,003 - INFO     - img2od: 0 | od2fr: 0 | od2lpr: 0 | od2cap: 0 | fr2kr: 0 | lpr2kr: 353 | cap2udp: 0 | kr2udp: 1 | 
2026-05-04 08:42:16,004 - INFO     - img2od: 0 | od2fr: 0 | od2lpr: 0 | od2cap: 0 | fr2kr: 0 | lpr2kr: 348 | cap2udp: 0 | kr2udp: 1 | 
2026-05-04 08:42:17,005 - INFO     - img2od: 0 | od2fr: 0 | od2lpr: 0 | od2cap: 0 | fr2kr: 0 | lpr2kr: 344 | cap2udp: 0 | kr2udp: 1 | 
2026-05-04 08:42:18,007 - INFO     - img2od: 0 | od2fr: 0 | od2lpr: 0 | od2cap: 0 | fr2kr: 0 | lpr2kr: 340 | cap2udp: 0 | kr2udp: 1 | 
2026-05-04 08:42:19,008 - INFO     - img2od: 0 | od2fr: 0 | od2lpr: 0 | od2cap: 0 | fr2kr: 0 | lpr2kr: 335 | cap2udp: 0 | kr2udp: 1 | 
2026-05-04 08:42:20,009 - INFO     - img2od: 0 | od2fr: 0 | od2lpr: 0 | od2cap: 0 | fr2kr: 0 | lpr2kr: 331 | cap2udp: 0 | kr2udp: 1 | 
2026-05-04 08:42:21,010 - INFO     - img2od: 0 | od2fr: 0 | od2lpr: 0 | od2cap: 0 | fr2kr: 0 | lpr2kr: 326 | cap2udp: 0 | kr2udp: 1 | 
2026-05-04 08:42:22,012 - INFO     - img2od: 0 | od2fr: 0 | od2lpr: 0 | od2cap: 0 | fr2kr: 0 | lpr2kr: 322 | cap2udp: 0 | kr2udp: 1 | 
2026-05-04 08:42:23,013 - INFO     - img2od: 0 | od2fr: 0 | od2lpr: 0 | od2cap: 0 | fr2kr: 0 | lpr2kr: 318 | cap2udp: 0 | kr2udp: 1 | 
2026-05-04 08:42:24,014 - INFO     - img2od: 0 | od2fr: 0 | od2lpr: 0 | od2cap: 0 | fr2kr: 0 | lpr2kr: 313 | cap2udp: 0 | kr2udp: 1 | 
2026-05-04 08:42:25,015 - INFO     - img2od: 0 | od2fr: 0 | od2lpr: 0 | od2cap: 0 | fr2kr: 0 | lpr2kr: 309 | cap2udp: 0 | kr2udp: 1 | 
2026-05-04 08:42:26,016 - INFO     - img2od: 0 | od2fr: 0 | od2lpr: 0 | od2cap: 0 | fr2kr: 0 | lpr2kr: 304 | cap2udp: 0 | kr2udp: 1 | 
2026-05-04 08:42:27,017 - INFO     - img2od: 0 | od2fr: 0 | od2lpr: 0 | od2cap: 0 | fr2kr: 0 | lpr2kr: 300 | cap2udp: 0 | kr2udp: 1 | 
2026-05-04 08:42:28,018 - INFO     - img2od: 0 | od2fr: 0 | od2lpr: 0 | od2cap: 0 | fr2kr: 0 | lpr2kr: 296 | cap2udp: 0 | kr2udp: 1 | 
2026-05-04 08:42:29,020 - INFO     - img2od: 0 | od2fr: 0 | od2lpr: 0 | od2cap: 0 | fr2kr: 0 | lpr2kr: 291 | cap2udp: 0 | kr2udp: 1 | 
2026-05-04 08:42:30,021 - INFO     - img2od: 0 | od2fr: 0 | od2lpr: 0 | od2cap: 0 | fr2kr: 0 | lpr2kr: 287 | cap2udp: 0 | kr2udp: 1 | 
2026-05-04 08:42:31,022 - INFO     - img2od: 0 | od2fr: 0 | od2lpr: 0 | od2cap: 0 | fr2kr: 0 | lpr2kr: 282 | cap2udp: 0 | kr2udp: 1 | 
2026-05-04 08:42:32,023 - INFO     - img2od: 0 | od2fr: 0 | od2lpr: 0 | od2cap: 0 | fr2kr: 0 | lpr2kr: 278 | cap2udp: 0 | kr2udp: 1 | 
2026-05-04 08:42:33,024 - INFO     - img2od: 0 | od2fr: 0 | od2lpr: 0 | od2cap: 0 | fr2kr: 0 | lpr2kr: 274 | cap2udp: 0 | kr2udp: 1 | 
2026-05-04 08:42:34,026 - INFO     - img2od: 0 | od2fr: 0 | od2lpr: 0 | od2cap: 0 | fr2kr: 0 | lpr2kr: 269 | cap2udp: 0 | kr2udp: 1 | 
2026-05-04 08:42:35,027 - INFO     - img2od: 0 | od2fr: 0 | od2lpr: 0 | od2cap: 0 | fr2kr: 0 | lpr2kr: 265 | cap2udp: 0 | kr2udp: 1 | 
2026-05-04 08:42:36,028 - INFO     - img2od: 0 | od2fr: 0 | od2lpr: 0 | od2cap: 0 | fr2kr: 0 | lpr2kr: 261 | cap2udp: 0 | kr2udp: 1 | 
2026-05-04 08:42:37,029 - INFO     - img2od: 0 | od2fr: 0 | od2lpr: 0 | od2cap: 0 | fr2kr: 0 | lpr2kr: 256 | cap2udp: 0 | kr2udp: 1 | 
2026-05-04 08:42:38,031 - INFO     - img2od: 0 | od2fr: 0 | od2lpr: 0 | od2cap: 0 | fr2kr: 0 | lpr2kr: 252 | cap2udp: 0 | kr2udp: 1 | 
2026-05-04 08:42:39,032 - INFO     - img2od: 0 | od2fr: 0 | od2lpr: 0 | od2cap: 0 | fr2kr: 0 | lpr2kr: 247 | cap2udp: 0 | kr2udp: 1 | 
2026-05-04 08:42:40,033 - INFO     - img2od: 0 | od2fr: 0 | od2lpr: 0 | od2cap: 0 | fr2kr: 0 | lpr2kr: 243 | cap2udp: 0 | kr2udp: 1 | 
2026-05-04 08:42:41,034 - INFO     - img2od: 0 | od2fr: 0 | od2lpr: 0 | od2cap: 0 | fr2kr: 0 | lpr2kr: 239 | cap2udp: 0 | kr2udp: 1 | 
2026-05-04 08:42:42,035 - INFO     - img2od: 0 | od2fr: 0 | od2lpr: 0 | od2cap: 0 | fr2kr: 0 | lpr2kr: 234 | cap2udp: 0 | kr2udp: 1 | 
2026-05-04 08:42:43,037 - INFO     - img2od: 0 | od2fr: 0 | od2lpr: 0 | od2cap: 0 | fr2kr: 0 | lpr2kr: 230 | cap2udp: 0 | kr2udp: 1 | 
2026-05-04 08:42:44,038 - INFO     - img2od: 0 | od2fr: 0 | od2lpr: 0 | od2cap: 0 | fr2kr: 0 | lpr2kr: 225 | cap2udp: 0 | kr2udp: 1 | 
2026-05-04 08:42:45,039 - INFO     - img2od: 0 | od2fr: 0 | od2lpr: 0 | od2cap: 0 | fr2kr: 0 | lpr2kr: 221 | cap2udp: 0 | kr2udp: 1 | 
2026-05-04 08:42:46,040 - INFO     - img2od: 0 | od2fr: 0 | od2lpr: 0 | od2cap: 0 | fr2kr: 0 | lpr2kr: 217 | cap2udp: 0 | kr2udp: 1 | 
2026-05-04 08:42:47,042 - INFO     - img2od: 0 | od2fr: 0 | od2lpr: 0 | od2cap: 0 | fr2kr: 0 | lpr2kr: 212 | cap2udp: 0 | kr2udp: 1 | 
2026-05-04 08:42:48,043 - INFO     - img2od: 0 | od2fr: 0 | od2lpr: 0 | od2cap: 0 | fr2kr: 0 | lpr2kr: 208 | cap2udp: 0 | kr2udp: 1 | 
2026-05-04 08:42:49,044 - INFO     - img2od: 0 | od2fr: 0 | od2lpr: 0 | od2cap: 0 | fr2kr: 0 | lpr2kr: 203 | cap2udp: 0 | kr2udp: 1 | 
2026-05-04 08:42:50,045 - INFO     - img2od: 0 | od2fr: 0 | od2lpr: 0 | od2cap: 0 | fr2kr: 0 | lpr2kr: 199 | cap2udp: 0 | kr2udp: 0 | 
2026-05-04 08:42:51,046 - INFO     - img2od: 0 | od2fr: 0 | od2lpr: 0 | od2cap: 0 | fr2kr: 0 | lpr2kr: 195 | cap2udp: 0 | kr2udp: 1 | 
2026-05-04 08:42:52,047 - INFO     - img2od: 0 | od2fr: 0 | od2lpr: 0 | od2cap: 0 | fr2kr: 0 | lpr2kr: 190 | cap2udp: 0 | kr2udp: 1 | 
2026-05-04 08:42:53,049 - INFO     - img2od: 0 | od2fr: 0 | od2lpr: 0 | od2cap: 0 | fr2kr: 0 | lpr2kr: 186 | cap2udp: 0 | kr2udp: 1 | 
2026-05-04 08:42:54,050 - INFO     - img2od: 0 | od2fr: 0 | od2lpr: 0 | od2cap: 0 | fr2kr: 0 | lpr2kr: 181 | cap2udp: 0 | kr2udp: 1 | 
2026-05-04 08:42:55,051 - INFO     - img2od: 0 | od2fr: 0 | od2lpr: 0 | od2cap: 0 | fr2kr: 0 | lpr2kr: 177 | cap2udp: 0 | kr2udp: 1 | 
2026-05-04 08:42:56,052 - INFO     - img2od: 0 | od2fr: 0 | od2lpr: 0 | od2cap: 0 | fr2kr: 0 | lpr2kr: 173 | cap2udp: 0 | kr2udp: 1 | 
2026-05-04 08:42:57,053 - INFO     - img2od: 0 | od2fr: 0 | od2lpr: 0 | od2cap: 0 | fr2kr: 0 | lpr2kr: 168 | cap2udp: 0 | kr2udp: 1 | 
2026-05-04 08:42:58,054 - INFO     - img2od: 0 | od2fr: 0 | od2lpr: 0 | od2cap: 0 | fr2kr: 0 | lpr2kr: 164 | cap2udp: 0 | kr2udp: 1 | 
2026-05-04 08:42:59,056 - INFO     - img2od: 0 | od2fr: 0 | od2lpr: 0 | od2cap: 0 | fr2kr: 0 | lpr2kr: 160 | cap2udp: 0 | kr2udp: 1 | 
2026-05-04 08:43:00,057 - INFO     - img2od: 0 | od2fr: 0 | od2lpr: 0 | od2cap: 0 | fr2kr: 0 | lpr2kr: 155 | cap2udp: 0 | kr2udp: 1 | 
2026-05-04 08:43:01,058 - INFO     - img2od: 0 | od2fr: 0 | od2lpr: 0 | od2cap: 0 | fr2kr: 0 | lpr2kr: 151 | cap2udp: 0 | kr2udp: 1 | 
2026-05-04 08:43:02,059 - INFO     - img2od: 0 | od2fr: 0 | od2lpr: 0 | od2cap: 0 | fr2kr: 0 | lpr2kr: 146 | cap2udp: 0 | kr2udp: 1 | 
2026-05-04 08:43:03,060 - INFO     - img2od: 0 | od2fr: 0 | od2lpr: 0 | od2cap: 0 | fr2kr: 0 | lpr2kr: 142 | cap2udp: 0 | kr2udp: 1 | 
2026-05-04 08:43:04,062 - INFO     - img2od: 0 | od2fr: 0 | od2lpr: 0 | od2cap: 0 | fr2kr: 0 | lpr2kr: 138 | cap2udp: 0 | kr2udp: 1 | 
2026-05-04 08:43:05,063 - INFO     - img2od: 0 | od2fr: 0 | od2lpr: 0 | od2cap: 0 | fr2kr: 0 | lpr2kr: 133 | cap2udp: 0 | kr2udp: 1 | 
2026-05-04 08:43:06,064 - INFO     - img2od: 0 | od2fr: 0 | od2lpr: 0 | od2cap: 0 | fr2kr: 0 | lpr2kr: 129 | cap2udp: 0 | kr2udp: 1 | 
2026-05-04 08:43:07,065 - INFO     - img2od: 0 | od2fr: 0 | od2lpr: 0 | od2cap: 0 | fr2kr: 0 | lpr2kr: 125 | cap2udp: 0 | kr2udp: 1 | 
2026-05-04 08:43:08,067 - INFO     - img2od: 0 | od2fr: 0 | od2lpr: 0 | od2cap: 0 | fr2kr: 0 | lpr2kr: 120 | cap2udp: 0 | kr2udp: 1 | 
2026-05-04 08:43:09,068 - INFO     - img2od: 0 | od2fr: 0 | od2lpr: 0 | od2cap: 0 | fr2kr: 0 | lpr2kr: 116 | cap2udp: 0 | kr2udp: 1 | 
2026-05-04 08:43:10,069 - INFO     - img2od: 0 | od2fr: 0 | od2lpr: 0 | od2cap: 0 | fr2kr: 0 | lpr2kr: 111 | cap2udp: 0 | kr2udp: 1 | 
2026-05-04 08:43:11,070 - INFO     - img2od: 0 | od2fr: 0 | od2lpr: 0 | od2cap: 0 | fr2kr: 0 | lpr2kr: 107 | cap2udp: 0 | kr2udp: 0 | 
2026-05-04 08:43:12,071 - INFO     - img2od: 0 | od2fr: 0 | od2lpr: 0 | od2cap: 0 | fr2kr: 0 | lpr2kr: 103 | cap2udp: 0 | kr2udp: 1 | 
2026-05-04 08:43:13,073 - INFO     - img2od: 0 | od2fr: 0 | od2lpr: 0 | od2cap: 0 | fr2kr: 0 | lpr2kr: 98 | cap2udp: 0 | kr2udp: 1 | 
2026-05-04 08:43:14,074 - INFO     - img2od: 0 | od2fr: 0 | od2lpr: 0 | od2cap: 0 | fr2kr: 0 | lpr2kr: 94 | cap2udp: 0 | kr2udp: 1 | 
2026-05-04 08:43:15,075 - INFO     - img2od: 0 | od2fr: 0 | od2lpr: 0 | od2cap: 0 | fr2kr: 0 | lpr2kr: 89 | cap2udp: 0 | kr2udp: 1 | 
2026-05-04 08:43:16,076 - INFO     - img2od: 0 | od2fr: 0 | od2lpr: 0 | od2cap: 0 | fr2kr: 0 | lpr2kr: 85 | cap2udp: 0 | kr2udp: 1 | 
2026-05-04 08:43:17,078 - INFO     - img2od: 0 | od2fr: 0 | od2lpr: 0 | od2cap: 0 | fr2kr: 0 | lpr2kr: 81 | cap2udp: 0 | kr2udp: 1 | 
2026-05-04 08:43:18,079 - INFO     - img2od: 0 | od2fr: 0 | od2lpr: 0 | od2cap: 0 | fr2kr: 0 | lpr2kr: 76 | cap2udp: 0 | kr2udp: 1 | 
2026-05-04 08:43:19,080 - INFO     - img2od: 0 | od2fr: 0 | od2lpr: 0 | od2cap: 0 | fr2kr: 0 | lpr2kr: 72 | cap2udp: 0 | kr2udp: 1 | 
2026-05-04 08:43:20,081 - INFO     - img2od: 0 | od2fr: 0 | od2lpr: 0 | od2cap: 0 | fr2kr: 0 | lpr2kr: 67 | cap2udp: 0 | kr2udp: 1 | 
2026-05-04 08:43:21,082 - INFO     - img2od: 0 | od2fr: 0 | od2lpr: 0 | od2cap: 0 | fr2kr: 0 | lpr2kr: 63 | cap2udp: 0 | kr2udp: 1 | 
2026-05-04 08:43:22,084 - INFO     - img2od: 0 | od2fr: 0 | od2lpr: 0 | od2cap: 0 | fr2kr: 0 | lpr2kr: 59 | cap2udp: 0 | kr2udp: 1 | 
2026-05-04 08:43:23,085 - INFO     - img2od: 0 | od2fr: 0 | od2lpr: 0 | od2cap: 0 | fr2kr: 0 | lpr2kr: 54 | cap2udp: 0 | kr2udp: 1 | 
2026-05-04 08:43:24,086 - INFO     - img2od: 0 | od2fr: 0 | od2lpr: 0 | od2cap: 0 | fr2kr: 0 | lpr2kr: 50 | cap2udp: 0 | kr2udp: 1 | 
2026-05-04 08:43:25,087 - INFO     - img2od: 0 | od2fr: 0 | od2lpr: 0 | od2cap: 0 | fr2kr: 0 | lpr2kr: 45 | cap2udp: 0 | kr2udp: 1 | 
2026-05-04 08:43:26,088 - INFO     - img2od: 0 | od2fr: 0 | od2lpr: 0 | od2cap: 0 | fr2kr: 0 | lpr2kr: 41 | cap2udp: 0 | kr2udp: 1 | 
2026-05-04 08:43:27,089 - INFO     - img2od: 0 | od2fr: 0 | od2lpr: 0 | od2cap: 0 | fr2kr: 0 | lpr2kr: 37 | cap2udp: 0 | kr2udp: 1 | 
2026-05-04 08:43:28,090 - INFO     - img2od: 0 | od2fr: 0 | od2lpr: 0 | od2cap: 0 | fr2kr: 0 | lpr2kr: 32 | cap2udp: 0 | kr2udp: 1 | 
2026-05-04 08:43:29,091 - INFO     - img2od: 0 | od2fr: 0 | od2lpr: 0 | od2cap: 0 | fr2kr: 0 | lpr2kr: 28 | cap2udp: 0 | kr2udp: 1 | 
2026-05-04 08:43:30,092 - INFO     - img2od: 0 | od2fr: 0 | od2lpr: 0 | od2cap: 0 | fr2kr: 0 | lpr2kr: 23 | cap2udp: 0 | kr2udp: 1 | 
2026-05-04 08:43:31,093 - INFO     - img2od: 0 | od2fr: 0 | od2lpr: 0 | od2cap: 0 | fr2kr: 0 | lpr2kr: 19 | cap2udp: 0 | kr2udp: 1 | 
2026-05-04 08:43:32,094 - INFO     - img2od: 0 | od2fr: 0 | od2lpr: 0 | od2cap: 0 | fr2kr: 0 | lpr2kr: 15 | cap2udp: 0 | kr2udp: 1 | 
2026-05-04 08:43:33,095 - INFO     - img2od: 0 | od2fr: 0 | od2lpr: 0 | od2cap: 0 | fr2kr: 0 | lpr2kr: 10 | cap2udp: 0 | kr2udp: 1 | 
2026-05-04 08:43:34,096 - INFO     - img2od: 0 | od2fr: 0 | od2lpr: 0 | od2cap: 0 | fr2kr: 0 | lpr2kr: 6 | cap2udp: 0 | kr2udp: 1 | 
2026-05-04 08:43:35,098 - INFO     - img2od: 0 | od2fr: 0 | od2lpr: 0 | od2cap: 0 | fr2kr: 0 | lpr2kr: 1 | cap2udp: 0 | kr2udp: 1 | 
2026-05-04 08:43:35,318 - INFO     - krStream     : Received end signal from LPR
2026-05-04 08:43:35,431 - INFO     - krStream     : Received BOTH END signal, shutting down
2026-05-04 08:43:35,537 - INFO     - udpStream    : Received end signal from KR
2026-05-04 08:43:35,586 - INFO     - krStream     : shutdown successful
2026-05-04 08:43:35,651 - INFO     - udpStream    : Received BOTH END signal, shutting down
2026-05-04 08:43:36,005 - INFO     - udpStream    : shutdown successful
2026-05-04 08:43:36,099 - INFO     - img2od: 0 | od2fr: 0 | od2lpr: 0 | od2cap: 0 | fr2kr: 0 | lpr2kr: 0 | cap2udp: 0 | kr2udp: 0 | 
2026-05-04 08:43:37,100 - INFO     - img2od: 0 | od2fr: 0 | od2lpr: 0 | od2cap: 0 | fr2kr: 0 | lpr2kr: 0 | cap2udp: 0 | kr2udp: 0 | 
2026-05-04 08:43:38,101 - INFO     - img2od: 0 | od2fr: 0 | od2lpr: 0 | od2cap: 0 | fr2kr: 0 | lpr2kr: 0 | cap2udp: 0 | kr2udp: 0 | 
2026-05-04 08:43:39,102 - INFO     - img2od: 0 | od2fr: 0 | od2lpr: 0 | od2cap: 0 | fr2kr: 0 | lpr2kr: 0 | cap2udp: 0 | kr2udp: 0 | 
2026-05-04 08:43:40,104 - INFO     - img2od: 0 | od2fr: 0 | od2lpr: 0 | od2cap: 0 | fr2kr: 0 | lpr2kr: 0 | cap2udp: 0 | kr2udp: 0 | 
2026-05-04 08:43:41,105 - INFO     - img2od: 0 | od2fr: 0 | od2lpr: 0 | od2cap: 0 | fr2kr: 0 | lpr2kr: 0 | cap2udp: 0 | kr2udp: 0 | 
2026-05-04 08:43:42,106 - INFO     - All queues empty, job done
2026-05-04 08:43:42,108 - INFO     - Queue logs written to ./profile_exp/mix/r0.05/def_smoothing/seed2/QUEUEWATCH.json
2026-05-04 08:43:42,713 - INFO     - Reach FINALLY block in MAIN process
2026-05-04 08:43:42,713 - INFO     - Starting cleanup of 7 processes.
2026-05-04 08:43:42,713 - INFO     - Draining and closing 8 queues.
2026-05-04 08:43:42,713 - INFO     - Starting cleanup for queue 0, queue size: 0.
2026-05-04 08:43:42,713 - INFO     - Starting cleanup for queue 1, queue size: 0.
2026-05-04 08:43:42,713 - INFO     - Starting cleanup for queue 2, queue size: 0.
2026-05-04 08:43:42,713 - INFO     - Starting cleanup for queue 3, queue size: 0.
2026-05-04 08:43:42,713 - INFO     - Starting cleanup for queue 4, queue size: 0.
2026-05-04 08:43:42,713 - INFO     - Starting cleanup for queue 5, queue size: 0.
2026-05-04 08:43:42,713 - INFO     - Starting cleanup for queue 6, queue size: 0.
2026-05-04 08:43:42,713 - INFO     - Starting cleanup for queue 7, queue size: 0.
2026-05-04 08:43:42,713 - INFO     - Cleanup complete.
2026-05-04 08:43:42,713 - INFO     - Cleaned up resources in MAIN process
2026-05-04 08:43:42,714 - INFO     - Summary written to ./profile_exp/mix/r0.05/def_smoothing/seed2/SUMMARY.json

======================================================================
PROFILING SUMMARY
======================================================================
  Total wall time:    317.00s
  Images processed:   100
  Throughput:         0.3155 img/s
  Avg E2E latency:    77.7037s
  Min E2E latency:    0.0219s
  Max E2E latency:    284.8413s

  Component          Count  Dropped     FLOPs/call    Total FLOPs
  --------------- -------- -------- -------------- --------------
  odStream             100        0   153844849936 15384484993600
  frStream             559        0     2837404864  1586109318976
  lprStream            988        0    60379460608 59654907080704
  capStream             44        0   435542443635 19163867519940
  krStream            1547        0            n/a            n/a
  udpStream           1591        0            n/a            n/a

  Total FLOPs:        95789368913220
======================================================================
