2026-05-04 08:30:49,983 - INFO     - imgStream    : internal profiling set to False
2026-05-04 08:30:49,983 - INFO     - odStream     : internal profiling set to False
2026-05-04 08:30:49,983 - INFO     - frStream     : internal profiling set to False
2026-05-04 08:30:49,983 - INFO     - lprStream    : internal profiling set to False
2026-05-04 08:30:49,983 - INFO     - capStream    : internal profiling set to False
2026-05-04 08:30:49,983 - INFO     - krStream     : internal profiling set to False
2026-05-04 08:30:49,983 - INFO     - udpStream    : internal profiling set to False


================================================================================
|                                                                              |
|                     Running: Traffic Monitoring Pipeline                     |
|                                                                              |
|                         Algorithm: None, Model ID: 0                         |
|                                                                              |
|                             Target Indices: none                             |
|                                                                              |
|                             2026-05-04 08:30:49                              |
|                                                                              |
================================================================================


Number of CUDA devices: 1
2026-05-04 08:30:53,138 - INFO     - imgStream    : input defense = smoothing
2026-05-04 08:30:53,139 - INFO     - imgStream    : mix mode ratio=0.05 seed=0 -> 95 clean / 5 attack
2026-05-04 08:30:53,139 - INFO     - imgStream    : started
2026-05-04 08:30:53,369 - INFO     - img2od: 1 | od2fr: 0 | od2lpr: 0 | od2cap: 0 | fr2kr: 0 | lpr2kr: 0 | cap2udp: 0 | kr2udp: 0 | 
/home/lxt230026/.conda/envs/dyndl/lib/python3.10/site-packages/facenet_pytorch/models/inception_resnet_v1.py:329: FutureWarning: You are using `torch.load` with `weights_only=False` (the current default value), which uses the default pickle module implicitly. It is possible to construct malicious pickle data which will execute arbitrary code during unpickling (See https://github.com/pytorch/pytorch/blob/main/SECURITY.md#untrusted-models for more details). In a future release, the default value for `weights_only` will be flipped to `True`. This limits the functions that could be executed during unpickling. Arbitrary objects will no longer be allowed to be loaded via this mode unless they are explicitly allowlisted by the user via `torch.serialization.add_safe_globals`. We recommend you start setting `weights_only=True` for any use case where you don't have full control of the loaded file. Please open an issue on GitHub for any issues related to this experimental feature.
  state_dict = torch.load(cached_file)
2026-05-04 08:30:54,046 - INFO     - krStream     : face embeddings loaded, found 1000 embeddings
2026-05-04 08:30:54,046 - INFO     - krStream     : started
2026-05-04 08:30:54,299 - INFO     - frStream     : FR model loaded, model_id = vggface2
2026-05-04 08:30:54,299 - INFO     - frStream     : started
2026-05-04 08:30:54,370 - INFO     - img2od: 4 | od2fr: 0 | od2lpr: 0 | od2cap: 0 | fr2kr: 0 | lpr2kr: 0 | cap2udp: 0 | kr2udp: 0 | 
2026-05-04 08:30:54,466 - INFO     - odStream     : OD model loaded, model_id = 0
2026-05-04 08:30:54,466 - INFO     - odStream     : started
/home/lxt230026/EfficiencyAttack/traffic/cmpnt/c4_lpr.py:145: FutureWarning: You are using `torch.load` with `weights_only=False` (the current default value), which uses the default pickle module implicitly. It is possible to construct malicious pickle data which will execute arbitrary code during unpickling (See https://github.com/pytorch/pytorch/blob/main/SECURITY.md#untrusted-models for more details). In a future release, the default value for `weights_only` will be flipped to `True`. This limits the functions that could be executed during unpickling. Arbitrary objects will no longer be allowed to be loaded via this mode unless they are explicitly allowlisted by the user via `torch.serialization.add_safe_globals`. We recommend you start setting `weights_only=True` for any use case where you don't have full control of the loaded file. Please open an issue on GitHub for any issues related to this experimental feature.
  self.checkpoint = torch.load(self.model_id, map_location='cpu')
2026-05-04 08:30:55,070 - INFO     - udpStream    : LM model loaded, model_id = gpt2
2026-05-04 08:30:55,070 - INFO     - udpStream    : started
2026-05-04 08:30:55,121 - INFO     - Using custom providers: ['CPUExecutionProvider']
2026-05-04 08:30:55,121 - INFO     - Skipping download of 'argentinian-plates-cnn-model' model, already exists at /home/lxt230026/.cache/fast-plate-ocr/argentinian-plates-cnn-model
2026-05-04 08:30:55,137 - INFO     - lprStream    : LPR model loaded, model_id = model_v2.pth
2026-05-04 08:30:55,137 - INFO     - lprStream    : started
2026-05-04 08:30:55,371 - INFO     - img2od: 6 | od2fr: 0 | od2lpr: 0 | od2cap: 0 | fr2kr: 0 | lpr2kr: 0 | cap2udp: 0 | kr2udp: 0 | 
2026-05-04 08:30:55,450 - INFO     - capStream    : CAP model loaded, model_id = microsoft/git-base
2026-05-04 08:30:55,450 - INFO     - capStream    : started
2026-05-04 08:30:56,372 - INFO     - img2od: 7 | od2fr: 42 | od2lpr: 0 | od2cap: 0 | fr2kr: 0 | lpr2kr: 0 | cap2udp: 0 | kr2udp: 0 | 
2026-05-04 08:30:57,373 - INFO     - img2od: 5 | od2fr: 46 | od2lpr: 0 | od2cap: 1 | fr2kr: 4 | lpr2kr: 2 | cap2udp: 0 | kr2udp: 1 | 
2026-05-04 08:30:58,374 - INFO     - img2od: 5 | od2fr: 53 | od2lpr: 164 | od2cap: 4 | fr2kr: 7 | lpr2kr: 6 | cap2udp: 0 | kr2udp: 0 | 
2026-05-04 08:30:59,375 - INFO     - img2od: 4 | od2fr: 50 | od2lpr: 160 | od2cap: 3 | fr2kr: 10 | lpr2kr: 18 | cap2udp: 1 | kr2udp: 1 | 
2026-05-04 08:31:00,376 - INFO     - img2od: 3 | od2fr: 69 | od2lpr: 135 | od2cap: 1 | fr2kr: 13 | lpr2kr: 42 | cap2udp: 0 | kr2udp: 1 | 
2026-05-04 08:31:01,377 - INFO     - img2od: 2 | od2fr: 65 | od2lpr: 200 | od2cap: 0 | fr2kr: 16 | lpr2kr: 65 | cap2udp: 0 | kr2udp: 1 | 
2026-05-04 08:31:02,378 - INFO     - img2od: 2 | od2fr: 116 | od2lpr: 186 | od2cap: 0 | fr2kr: 18 | lpr2kr: 90 | cap2udp: 0 | kr2udp: 0 | 
2026-05-04 08:31:03,379 - INFO     - img2od: 0 | od2fr: 115 | od2lpr: 161 | od2cap: 0 | fr2kr: 20 | lpr2kr: 118 | cap2udp: 0 | kr2udp: 0 | 
2026-05-04 08:31:04,380 - INFO     - img2od: 0 | od2fr: 113 | od2lpr: 134 | od2cap: 0 | fr2kr: 23 | lpr2kr: 143 | cap2udp: 0 | kr2udp: 0 | 
2026-05-04 08:31:05,381 - INFO     - img2od: 0 | od2fr: 111 | od2lpr: 103 | od2cap: 0 | fr2kr: 27 | lpr2kr: 171 | cap2udp: 0 | kr2udp: 1 | 
2026-05-04 08:31:06,382 - INFO     - img2od: 0 | od2fr: 147 | od2lpr: 80 | od2cap: 0 | fr2kr: 29 | lpr2kr: 194 | cap2udp: 0 | kr2udp: 0 | 
2026-05-04 08:31:07,383 - INFO     - img2od: 0 | od2fr: 147 | od2lpr: 54 | od2cap: 0 | fr2kr: 31 | lpr2kr: 218 | cap2udp: 0 | kr2udp: 0 | 
2026-05-04 08:31:08,384 - INFO     - img2od: 0 | od2fr: 145 | od2lpr: 32 | od2cap: 0 | fr2kr: 34 | lpr2kr: 242 | cap2udp: 0 | kr2udp: 1 | 
2026-05-04 08:31:09,385 - INFO     - img2od: 0 | od2fr: 141 | od2lpr: 5 | od2cap: 0 | fr2kr: 38 | lpr2kr: 266 | cap2udp: 0 | kr2udp: 1 | 
2026-05-04 08:31:10,386 - INFO     - img2od: 0 | od2fr: 143 | od2lpr: 9 | od2cap: 0 | fr2kr: 40 | lpr2kr: 285 | cap2udp: 0 | kr2udp: 0 | 
2026-05-04 08:31:11,387 - INFO     - img2od: 0 | od2fr: 237 | od2lpr: 0 | od2cap: 0 | fr2kr: 44 | lpr2kr: 292 | cap2udp: 0 | kr2udp: 1 | 
2026-05-04 08:31:12,387 - INFO     - img2od: 0 | od2fr: 286 | od2lpr: 0 | od2cap: 0 | fr2kr: 48 | lpr2kr: 290 | cap2udp: 0 | kr2udp: 1 | 
2026-05-04 08:31:13,388 - INFO     - img2od: 0 | od2fr: 285 | od2lpr: 0 | od2cap: 0 | fr2kr: 51 | lpr2kr: 287 | cap2udp: 0 | kr2udp: 1 | 
2026-05-04 08:31:14,389 - INFO     - img2od: 0 | od2fr: 284 | od2lpr: 0 | od2cap: 0 | fr2kr: 56 | lpr2kr: 285 | cap2udp: 0 | kr2udp: 1 | 
2026-05-04 08:31:15,390 - INFO     - img2od: 1 | od2fr: 287 | od2lpr: 0 | od2cap: 0 | fr2kr: 59 | lpr2kr: 282 | cap2udp: 0 | kr2udp: 1 | 
2026-05-04 08:31:16,391 - INFO     - img2od: 0 | od2fr: 289 | od2lpr: 0 | od2cap: 0 | fr2kr: 62 | lpr2kr: 280 | cap2udp: 1 | kr2udp: 1 | 
2026-05-04 08:31:17,392 - INFO     - img2od: 0 | od2fr: 282 | od2lpr: 9 | od2cap: 0 | fr2kr: 66 | lpr2kr: 280 | cap2udp: 0 | kr2udp: 0 | 
2026-05-04 08:31:18,393 - INFO     - img2od: 0 | od2fr: 290 | od2lpr: 0 | od2cap: 0 | fr2kr: 70 | lpr2kr: 288 | cap2udp: 0 | kr2udp: 1 | 
2026-05-04 08:31:19,394 - INFO     - img2od: 0 | od2fr: 336 | od2lpr: 0 | od2cap: 0 | fr2kr: 73 | lpr2kr: 295 | cap2udp: 0 | kr2udp: 0 | 
2026-05-04 08:31:20,395 - INFO     - img2od: 0 | od2fr: 334 | od2lpr: 0 | od2cap: 0 | fr2kr: 77 | lpr2kr: 299 | cap2udp: 0 | kr2udp: 1 | 
2026-05-04 08:31:21,396 - INFO     - img2od: 0 | od2fr: 334 | od2lpr: 0 | od2cap: 0 | fr2kr: 81 | lpr2kr: 296 | cap2udp: 0 | kr2udp: 1 | 
2026-05-04 08:31:22,397 - INFO     - img2od: 0 | od2fr: 359 | od2lpr: 0 | od2cap: 0 | fr2kr: 84 | lpr2kr: 294 | cap2udp: 0 | kr2udp: 1 | 
2026-05-04 08:31:23,398 - INFO     - img2od: 0 | od2fr: 374 | od2lpr: 0 | od2cap: 0 | fr2kr: 89 | lpr2kr: 291 | cap2udp: 0 | kr2udp: 1 | 
2026-05-04 08:31:24,399 - INFO     - img2od: 0 | od2fr: 378 | od2lpr: 7 | od2cap: 0 | fr2kr: 92 | lpr2kr: 295 | cap2udp: 0 | kr2udp: 1 | 
2026-05-04 08:31:24,916 - INFO     - imgStream    : completed, sending END signal
2026-05-04 08:31:24,916 - INFO     - imgStream    : shutdown
2026-05-04 08:31:24,969 - INFO     - odStream     : Received END signal, shutting down
2026-05-04 08:31:25,038 - INFO     - capStream    : Received END signal, shutting down
2026-05-04 08:31:25,101 - INFO     - imgStream    : shutdown successful
2026-05-04 08:31:25,155 - INFO     - udpStream    : Received end signal from CAP
2026-05-04 08:31:25,269 - INFO     - odStream     : shutdown successful
2026-05-04 08:31:25,400 - INFO     - img2od: 0 | od2fr: 377 | od2lpr: 93 | od2cap: 0 | fr2kr: 95 | lpr2kr: 316 | cap2udp: 0 | kr2udp: 0 | 
2026-05-04 08:31:25,730 - INFO     - capStream    : shutdown successful
2026-05-04 08:31:26,401 - INFO     - img2od: 0 | od2fr: 372 | od2lpr: 46 | od2cap: 0 | fr2kr: 98 | lpr2kr: 361 | cap2udp: 0 | kr2udp: 0 | 
2026-05-04 08:31:27,402 - INFO     - img2od: 0 | od2fr: 368 | od2lpr: 1 | od2cap: 0 | fr2kr: 100 | lpr2kr: 405 | cap2udp: 0 | kr2udp: 1 | 
2026-05-04 08:31:27,404 - INFO     - lprStream    : Received END signal, shutting down
2026-05-04 08:31:27,579 - INFO     - lprStream    : shutdown successful
2026-05-04 08:31:28,403 - INFO     - img2od: 0 | od2fr: 362 | od2lpr: 0 | od2cap: 0 | fr2kr: 104 | lpr2kr: 403 | cap2udp: 0 | kr2udp: 0 | 
2026-05-04 08:31:29,404 - INFO     - img2od: 0 | od2fr: 355 | od2lpr: 0 | od2cap: 0 | fr2kr: 108 | lpr2kr: 401 | cap2udp: 0 | kr2udp: 0 | 
2026-05-04 08:31:30,405 - INFO     - img2od: 0 | od2fr: 349 | od2lpr: 0 | od2cap: 0 | fr2kr: 112 | lpr2kr: 398 | cap2udp: 0 | kr2udp: 1 | 
2026-05-04 08:31:31,406 - INFO     - img2od: 0 | od2fr: 342 | od2lpr: 0 | od2cap: 0 | fr2kr: 116 | lpr2kr: 395 | cap2udp: 0 | kr2udp: 1 | 
2026-05-04 08:31:32,407 - INFO     - img2od: 0 | od2fr: 335 | od2lpr: 0 | od2cap: 0 | fr2kr: 121 | lpr2kr: 393 | cap2udp: 0 | kr2udp: 1 | 
2026-05-04 08:31:33,408 - INFO     - img2od: 0 | od2fr: 329 | od2lpr: 0 | od2cap: 0 | fr2kr: 124 | lpr2kr: 390 | cap2udp: 0 | kr2udp: 1 | 
2026-05-04 08:31:34,409 - INFO     - img2od: 0 | od2fr: 322 | od2lpr: 0 | od2cap: 0 | fr2kr: 129 | lpr2kr: 388 | cap2udp: 0 | kr2udp: 1 | 
2026-05-04 08:31:35,410 - INFO     - img2od: 0 | od2fr: 315 | od2lpr: 0 | od2cap: 0 | fr2kr: 132 | lpr2kr: 385 | cap2udp: 0 | kr2udp: 0 | 
2026-05-04 08:31:36,411 - INFO     - img2od: 0 | od2fr: 309 | od2lpr: 0 | od2cap: 0 | fr2kr: 137 | lpr2kr: 383 | cap2udp: 0 | kr2udp: 1 | 
2026-05-04 08:31:37,412 - INFO     - img2od: 0 | od2fr: 302 | od2lpr: 0 | od2cap: 0 | fr2kr: 140 | lpr2kr: 380 | cap2udp: 0 | kr2udp: 1 | 
2026-05-04 08:31:38,413 - INFO     - img2od: 0 | od2fr: 296 | od2lpr: 0 | od2cap: 0 | fr2kr: 145 | lpr2kr: 378 | cap2udp: 0 | kr2udp: 1 | 
2026-05-04 08:31:39,414 - INFO     - img2od: 0 | od2fr: 289 | od2lpr: 0 | od2cap: 0 | fr2kr: 149 | lpr2kr: 375 | cap2udp: 0 | kr2udp: 0 | 
2026-05-04 08:31:40,415 - INFO     - img2od: 0 | od2fr: 283 | od2lpr: 0 | od2cap: 0 | fr2kr: 152 | lpr2kr: 373 | cap2udp: 0 | kr2udp: 1 | 
2026-05-04 08:31:41,416 - INFO     - img2od: 0 | od2fr: 276 | od2lpr: 0 | od2cap: 0 | fr2kr: 157 | lpr2kr: 370 | cap2udp: 0 | kr2udp: 0 | 
2026-05-04 08:31:42,417 - INFO     - img2od: 0 | od2fr: 270 | od2lpr: 0 | od2cap: 0 | fr2kr: 160 | lpr2kr: 368 | cap2udp: 0 | kr2udp: 0 | 
2026-05-04 08:31:43,418 - INFO     - img2od: 0 | od2fr: 263 | od2lpr: 0 | od2cap: 0 | fr2kr: 165 | lpr2kr: 365 | cap2udp: 0 | kr2udp: 1 | 
2026-05-04 08:31:44,419 - INFO     - img2od: 0 | od2fr: 257 | od2lpr: 0 | od2cap: 0 | fr2kr: 168 | lpr2kr: 362 | cap2udp: 0 | kr2udp: 1 | 
2026-05-04 08:31:45,420 - INFO     - img2od: 0 | od2fr: 250 | od2lpr: 0 | od2cap: 0 | fr2kr: 173 | lpr2kr: 360 | cap2udp: 0 | kr2udp: 1 | 
2026-05-04 08:31:46,421 - INFO     - img2od: 0 | od2fr: 243 | od2lpr: 0 | od2cap: 0 | fr2kr: 176 | lpr2kr: 357 | cap2udp: 0 | kr2udp: 1 | 
2026-05-04 08:31:47,422 - INFO     - img2od: 0 | od2fr: 237 | od2lpr: 0 | od2cap: 0 | fr2kr: 180 | lpr2kr: 355 | cap2udp: 0 | kr2udp: 1 | 
2026-05-04 08:31:48,423 - INFO     - img2od: 0 | od2fr: 230 | od2lpr: 0 | od2cap: 0 | fr2kr: 185 | lpr2kr: 352 | cap2udp: 0 | kr2udp: 1 | 
2026-05-04 08:31:49,425 - INFO     - img2od: 0 | od2fr: 224 | od2lpr: 0 | od2cap: 0 | fr2kr: 188 | lpr2kr: 350 | cap2udp: 0 | kr2udp: 0 | 
2026-05-04 08:31:50,426 - INFO     - img2od: 0 | od2fr: 217 | od2lpr: 0 | od2cap: 0 | fr2kr: 193 | lpr2kr: 347 | cap2udp: 0 | kr2udp: 1 | 
2026-05-04 08:31:51,427 - INFO     - img2od: 0 | od2fr: 210 | od2lpr: 0 | od2cap: 0 | fr2kr: 197 | lpr2kr: 344 | cap2udp: 0 | kr2udp: 1 | 
2026-05-04 08:31:52,428 - INFO     - img2od: 0 | od2fr: 204 | od2lpr: 0 | od2cap: 0 | fr2kr: 200 | lpr2kr: 342 | cap2udp: 0 | kr2udp: 1 | 
2026-05-04 08:31:53,429 - INFO     - img2od: 0 | od2fr: 197 | od2lpr: 0 | od2cap: 0 | fr2kr: 205 | lpr2kr: 339 | cap2udp: 0 | kr2udp: 1 | 
2026-05-04 08:31:54,430 - INFO     - img2od: 0 | od2fr: 191 | od2lpr: 0 | od2cap: 0 | fr2kr: 208 | lpr2kr: 337 | cap2udp: 0 | kr2udp: 0 | 
2026-05-04 08:31:55,431 - INFO     - img2od: 0 | od2fr: 184 | od2lpr: 0 | od2cap: 0 | fr2kr: 213 | lpr2kr: 334 | cap2udp: 0 | kr2udp: 1 | 
2026-05-04 08:31:56,433 - INFO     - img2od: 0 | od2fr: 177 | od2lpr: 0 | od2cap: 0 | fr2kr: 217 | lpr2kr: 332 | cap2udp: 0 | kr2udp: 0 | 
2026-05-04 08:31:57,434 - INFO     - img2od: 0 | od2fr: 171 | od2lpr: 0 | od2cap: 0 | fr2kr: 221 | lpr2kr: 329 | cap2udp: 0 | kr2udp: 1 | 
2026-05-04 08:31:58,435 - INFO     - img2od: 0 | od2fr: 164 | od2lpr: 0 | od2cap: 0 | fr2kr: 225 | lpr2kr: 326 | cap2udp: 0 | kr2udp: 1 | 
2026-05-04 08:31:59,436 - INFO     - img2od: 0 | od2fr: 158 | od2lpr: 0 | od2cap: 0 | fr2kr: 229 | lpr2kr: 324 | cap2udp: 0 | kr2udp: 1 | 
2026-05-04 08:32:00,437 - INFO     - img2od: 0 | od2fr: 151 | od2lpr: 0 | od2cap: 0 | fr2kr: 233 | lpr2kr: 321 | cap2udp: 0 | kr2udp: 0 | 
2026-05-04 08:32:01,438 - INFO     - img2od: 0 | od2fr: 145 | od2lpr: 0 | od2cap: 0 | fr2kr: 236 | lpr2kr: 319 | cap2udp: 0 | kr2udp: 1 | 
2026-05-04 08:32:02,439 - INFO     - img2od: 0 | od2fr: 138 | od2lpr: 0 | od2cap: 0 | fr2kr: 241 | lpr2kr: 316 | cap2udp: 0 | kr2udp: 0 | 
2026-05-04 08:32:03,440 - INFO     - img2od: 0 | od2fr: 131 | od2lpr: 0 | od2cap: 0 | fr2kr: 245 | lpr2kr: 314 | cap2udp: 0 | kr2udp: 1 | 
2026-05-04 08:32:04,441 - INFO     - img2od: 0 | od2fr: 125 | od2lpr: 0 | od2cap: 0 | fr2kr: 249 | lpr2kr: 311 | cap2udp: 0 | kr2udp: 1 | 
2026-05-04 08:32:05,442 - INFO     - img2od: 0 | od2fr: 118 | od2lpr: 0 | od2cap: 0 | fr2kr: 253 | lpr2kr: 309 | cap2udp: 0 | kr2udp: 0 | 
2026-05-04 08:32:06,443 - INFO     - img2od: 0 | od2fr: 111 | od2lpr: 0 | od2cap: 0 | fr2kr: 258 | lpr2kr: 306 | cap2udp: 0 | kr2udp: 1 | 
2026-05-04 08:32:07,444 - INFO     - img2od: 0 | od2fr: 105 | od2lpr: 0 | od2cap: 0 | fr2kr: 261 | lpr2kr: 303 | cap2udp: 0 | kr2udp: 0 | 
2026-05-04 08:32:08,445 - INFO     - img2od: 0 | od2fr: 98 | od2lpr: 0 | od2cap: 0 | fr2kr: 266 | lpr2kr: 301 | cap2udp: 0 | kr2udp: 1 | 
2026-05-04 08:32:09,446 - INFO     - img2od: 0 | od2fr: 91 | od2lpr: 0 | od2cap: 0 | fr2kr: 269 | lpr2kr: 298 | cap2udp: 0 | kr2udp: 0 | 
2026-05-04 08:32:10,448 - INFO     - img2od: 0 | od2fr: 85 | od2lpr: 0 | od2cap: 0 | fr2kr: 273 | lpr2kr: 296 | cap2udp: 0 | kr2udp: 1 | 
2026-05-04 08:32:11,449 - INFO     - img2od: 0 | od2fr: 79 | od2lpr: 0 | od2cap: 0 | fr2kr: 277 | lpr2kr: 293 | cap2udp: 0 | kr2udp: 0 | 
2026-05-04 08:32:12,450 - INFO     - img2od: 0 | od2fr: 72 | od2lpr: 0 | od2cap: 0 | fr2kr: 281 | lpr2kr: 291 | cap2udp: 0 | kr2udp: 0 | 
2026-05-04 08:32:13,451 - INFO     - img2od: 0 | od2fr: 66 | od2lpr: 0 | od2cap: 0 | fr2kr: 285 | lpr2kr: 288 | cap2udp: 0 | kr2udp: 0 | 
2026-05-04 08:32:14,452 - INFO     - img2od: 0 | od2fr: 59 | od2lpr: 0 | od2cap: 0 | fr2kr: 288 | lpr2kr: 286 | cap2udp: 0 | kr2udp: 1 | 
2026-05-04 08:32:15,453 - INFO     - img2od: 0 | od2fr: 53 | od2lpr: 0 | od2cap: 0 | fr2kr: 293 | lpr2kr: 283 | cap2udp: 0 | kr2udp: 1 | 
2026-05-04 08:32:16,454 - INFO     - img2od: 0 | od2fr: 47 | od2lpr: 0 | od2cap: 0 | fr2kr: 296 | lpr2kr: 280 | cap2udp: 0 | kr2udp: 1 | 
2026-05-04 08:32:17,455 - INFO     - img2od: 0 | od2fr: 40 | od2lpr: 0 | od2cap: 0 | fr2kr: 301 | lpr2kr: 278 | cap2udp: 0 | kr2udp: 1 | 
2026-05-04 08:32:18,456 - INFO     - img2od: 0 | od2fr: 34 | od2lpr: 0 | od2cap: 0 | fr2kr: 304 | lpr2kr: 275 | cap2udp: 0 | kr2udp: 1 | 
2026-05-04 08:32:19,457 - INFO     - img2od: 0 | od2fr: 27 | od2lpr: 0 | od2cap: 0 | fr2kr: 308 | lpr2kr: 273 | cap2udp: 0 | kr2udp: 1 | 
2026-05-04 08:32:20,459 - INFO     - img2od: 0 | od2fr: 21 | od2lpr: 0 | od2cap: 0 | fr2kr: 312 | lpr2kr: 270 | cap2udp: 0 | kr2udp: 1 | 
2026-05-04 08:32:21,460 - INFO     - img2od: 0 | od2fr: 15 | od2lpr: 0 | od2cap: 0 | fr2kr: 315 | lpr2kr: 268 | cap2udp: 0 | kr2udp: 1 | 
2026-05-04 08:32:22,461 - INFO     - img2od: 0 | od2fr: 9 | od2lpr: 0 | od2cap: 0 | fr2kr: 319 | lpr2kr: 265 | cap2udp: 0 | kr2udp: 1 | 
2026-05-04 08:32:23,462 - INFO     - img2od: 0 | od2fr: 2 | od2lpr: 0 | od2cap: 0 | fr2kr: 323 | lpr2kr: 263 | cap2udp: 0 | kr2udp: 1 | 
loading model on device: cuda
Initializing checkpoint: PekingU/rtdetr_r50vd, ID: 0
2026-05-04 08:32:23,731 - INFO     - frStream     : Received END signal, shutting down
2026-05-04 08:32:23,943 - INFO     - frStream     : shutdown successful
2026-05-04 08:32:24,463 - INFO     - img2od: 0 | od2fr: 0 | od2lpr: 0 | od2cap: 0 | fr2kr: 323 | lpr2kr: 260 | cap2udp: 0 | kr2udp: 1 | 
2026-05-04 08:32:25,464 - INFO     - img2od: 0 | od2fr: 0 | od2lpr: 0 | od2cap: 0 | fr2kr: 320 | lpr2kr: 258 | cap2udp: 0 | kr2udp: 1 | 
2026-05-04 08:32:26,465 - INFO     - img2od: 0 | od2fr: 0 | od2lpr: 0 | od2cap: 0 | fr2kr: 318 | lpr2kr: 255 | cap2udp: 0 | kr2udp: 1 | 
2026-05-04 08:32:27,466 - INFO     - img2od: 0 | od2fr: 0 | od2lpr: 0 | od2cap: 0 | fr2kr: 315 | lpr2kr: 252 | cap2udp: 0 | kr2udp: 1 | 
2026-05-04 08:32:28,467 - INFO     - img2od: 0 | od2fr: 0 | od2lpr: 0 | od2cap: 0 | fr2kr: 312 | lpr2kr: 250 | cap2udp: 0 | kr2udp: 1 | 
2026-05-04 08:32:29,468 - INFO     - img2od: 0 | od2fr: 0 | od2lpr: 0 | od2cap: 0 | fr2kr: 310 | lpr2kr: 247 | cap2udp: 0 | kr2udp: 1 | 
2026-05-04 08:32:30,469 - INFO     - img2od: 0 | od2fr: 0 | od2lpr: 0 | od2cap: 0 | fr2kr: 307 | lpr2kr: 244 | cap2udp: 0 | kr2udp: 1 | 
2026-05-04 08:32:31,470 - INFO     - img2od: 0 | od2fr: 0 | od2lpr: 0 | od2cap: 0 | fr2kr: 305 | lpr2kr: 242 | cap2udp: 0 | kr2udp: 1 | 
2026-05-04 08:32:32,471 - INFO     - img2od: 0 | od2fr: 0 | od2lpr: 0 | od2cap: 0 | fr2kr: 302 | lpr2kr: 239 | cap2udp: 0 | kr2udp: 1 | 
2026-05-04 08:32:33,472 - INFO     - img2od: 0 | od2fr: 0 | od2lpr: 0 | od2cap: 0 | fr2kr: 299 | lpr2kr: 237 | cap2udp: 0 | kr2udp: 1 | 
2026-05-04 08:32:34,473 - INFO     - img2od: 0 | od2fr: 0 | od2lpr: 0 | od2cap: 0 | fr2kr: 297 | lpr2kr: 234 | cap2udp: 0 | kr2udp: 1 | 
2026-05-04 08:32:35,474 - INFO     - img2od: 0 | od2fr: 0 | od2lpr: 0 | od2cap: 0 | fr2kr: 294 | lpr2kr: 231 | cap2udp: 0 | kr2udp: 1 | 
2026-05-04 08:32:36,475 - INFO     - img2od: 0 | od2fr: 0 | od2lpr: 0 | od2cap: 0 | fr2kr: 291 | lpr2kr: 229 | cap2udp: 0 | kr2udp: 1 | 
2026-05-04 08:32:37,476 - INFO     - img2od: 0 | od2fr: 0 | od2lpr: 0 | od2cap: 0 | fr2kr: 289 | lpr2kr: 226 | cap2udp: 0 | kr2udp: 1 | 
2026-05-04 08:32:38,477 - INFO     - img2od: 0 | od2fr: 0 | od2lpr: 0 | od2cap: 0 | fr2kr: 286 | lpr2kr: 223 | cap2udp: 0 | kr2udp: 1 | 
2026-05-04 08:32:39,478 - INFO     - img2od: 0 | od2fr: 0 | od2lpr: 0 | od2cap: 0 | fr2kr: 283 | lpr2kr: 221 | cap2udp: 0 | kr2udp: 1 | 
2026-05-04 08:32:40,479 - INFO     - img2od: 0 | od2fr: 0 | od2lpr: 0 | od2cap: 0 | fr2kr: 281 | lpr2kr: 218 | cap2udp: 0 | kr2udp: 0 | 
2026-05-04 08:32:41,480 - INFO     - img2od: 0 | od2fr: 0 | od2lpr: 0 | od2cap: 0 | fr2kr: 278 | lpr2kr: 216 | cap2udp: 0 | kr2udp: 1 | 
2026-05-04 08:32:42,481 - INFO     - img2od: 0 | od2fr: 0 | od2lpr: 0 | od2cap: 0 | fr2kr: 276 | lpr2kr: 213 | cap2udp: 0 | kr2udp: 1 | 
2026-05-04 08:32:43,482 - INFO     - img2od: 0 | od2fr: 0 | od2lpr: 0 | od2cap: 0 | fr2kr: 273 | lpr2kr: 210 | cap2udp: 0 | kr2udp: 1 | 
2026-05-04 08:32:44,484 - INFO     - img2od: 0 | od2fr: 0 | od2lpr: 0 | od2cap: 0 | fr2kr: 270 | lpr2kr: 208 | cap2udp: 0 | kr2udp: 1 | 
2026-05-04 08:32:45,485 - INFO     - img2od: 0 | od2fr: 0 | od2lpr: 0 | od2cap: 0 | fr2kr: 268 | lpr2kr: 205 | cap2udp: 0 | kr2udp: 1 | 
2026-05-04 08:32:46,486 - INFO     - img2od: 0 | od2fr: 0 | od2lpr: 0 | od2cap: 0 | fr2kr: 265 | lpr2kr: 203 | cap2udp: 0 | kr2udp: 0 | 
2026-05-04 08:32:47,487 - INFO     - img2od: 0 | od2fr: 0 | od2lpr: 0 | od2cap: 0 | fr2kr: 263 | lpr2kr: 200 | cap2udp: 0 | kr2udp: 1 | 
2026-05-04 08:32:48,489 - INFO     - img2od: 0 | od2fr: 0 | od2lpr: 0 | od2cap: 0 | fr2kr: 260 | lpr2kr: 197 | cap2udp: 0 | kr2udp: 1 | 
2026-05-04 08:32:49,490 - INFO     - img2od: 0 | od2fr: 0 | od2lpr: 0 | od2cap: 0 | fr2kr: 257 | lpr2kr: 195 | cap2udp: 0 | kr2udp: 1 | 
2026-05-04 08:32:50,491 - INFO     - img2od: 0 | od2fr: 0 | od2lpr: 0 | od2cap: 0 | fr2kr: 255 | lpr2kr: 192 | cap2udp: 0 | kr2udp: 1 | 
2026-05-04 08:32:51,492 - INFO     - img2od: 0 | od2fr: 0 | od2lpr: 0 | od2cap: 0 | fr2kr: 252 | lpr2kr: 189 | cap2udp: 0 | kr2udp: 1 | 
2026-05-04 08:32:52,494 - INFO     - img2od: 0 | od2fr: 0 | od2lpr: 0 | od2cap: 0 | fr2kr: 250 | lpr2kr: 187 | cap2udp: 0 | kr2udp: 1 | 
2026-05-04 08:32:53,495 - INFO     - img2od: 0 | od2fr: 0 | od2lpr: 0 | od2cap: 0 | fr2kr: 247 | lpr2kr: 184 | cap2udp: 0 | kr2udp: 1 | 
2026-05-04 08:32:54,496 - INFO     - img2od: 0 | od2fr: 0 | od2lpr: 0 | od2cap: 0 | fr2kr: 244 | lpr2kr: 182 | cap2udp: 0 | kr2udp: 1 | 
2026-05-04 08:32:55,497 - INFO     - img2od: 0 | od2fr: 0 | od2lpr: 0 | od2cap: 0 | fr2kr: 242 | lpr2kr: 179 | cap2udp: 0 | kr2udp: 1 | 
2026-05-04 08:32:56,499 - INFO     - img2od: 0 | od2fr: 0 | od2lpr: 0 | od2cap: 0 | fr2kr: 239 | lpr2kr: 176 | cap2udp: 0 | kr2udp: 1 | 
2026-05-04 08:32:57,500 - INFO     - img2od: 0 | od2fr: 0 | od2lpr: 0 | od2cap: 0 | fr2kr: 236 | lpr2kr: 174 | cap2udp: 0 | kr2udp: 1 | 
2026-05-04 08:32:58,501 - INFO     - img2od: 0 | od2fr: 0 | od2lpr: 0 | od2cap: 0 | fr2kr: 234 | lpr2kr: 171 | cap2udp: 0 | kr2udp: 1 | 
2026-05-04 08:32:59,502 - INFO     - img2od: 0 | od2fr: 0 | od2lpr: 0 | od2cap: 0 | fr2kr: 231 | lpr2kr: 169 | cap2udp: 0 | kr2udp: 0 | 
2026-05-04 08:33:00,503 - INFO     - img2od: 0 | od2fr: 0 | od2lpr: 0 | od2cap: 0 | fr2kr: 228 | lpr2kr: 166 | cap2udp: 0 | kr2udp: 1 | 
2026-05-04 08:33:01,505 - INFO     - img2od: 0 | od2fr: 0 | od2lpr: 0 | od2cap: 0 | fr2kr: 226 | lpr2kr: 163 | cap2udp: 0 | kr2udp: 1 | 
2026-05-04 08:33:02,506 - INFO     - img2od: 0 | od2fr: 0 | od2lpr: 0 | od2cap: 0 | fr2kr: 223 | lpr2kr: 160 | cap2udp: 0 | kr2udp: 1 | 
2026-05-04 08:33:03,507 - INFO     - img2od: 0 | od2fr: 0 | od2lpr: 0 | od2cap: 0 | fr2kr: 220 | lpr2kr: 158 | cap2udp: 0 | kr2udp: 1 | 
2026-05-04 08:33:04,508 - INFO     - img2od: 0 | od2fr: 0 | od2lpr: 0 | od2cap: 0 | fr2kr: 218 | lpr2kr: 155 | cap2udp: 0 | kr2udp: 2 | 
2026-05-04 08:33:05,509 - INFO     - img2od: 0 | od2fr: 0 | od2lpr: 0 | od2cap: 0 | fr2kr: 215 | lpr2kr: 152 | cap2udp: 0 | kr2udp: 1 | 
2026-05-04 08:33:06,510 - INFO     - img2od: 0 | od2fr: 0 | od2lpr: 0 | od2cap: 0 | fr2kr: 212 | lpr2kr: 150 | cap2udp: 0 | kr2udp: 1 | 
2026-05-04 08:33:07,511 - INFO     - img2od: 0 | od2fr: 0 | od2lpr: 0 | od2cap: 0 | fr2kr: 210 | lpr2kr: 147 | cap2udp: 0 | kr2udp: 1 | 
2026-05-04 08:33:08,512 - INFO     - img2od: 0 | od2fr: 0 | od2lpr: 0 | od2cap: 0 | fr2kr: 207 | lpr2kr: 144 | cap2udp: 0 | kr2udp: 1 | 
2026-05-04 08:33:09,513 - INFO     - img2od: 0 | od2fr: 0 | od2lpr: 0 | od2cap: 0 | fr2kr: 204 | lpr2kr: 142 | cap2udp: 0 | kr2udp: 1 | 
2026-05-04 08:33:10,514 - INFO     - img2od: 0 | od2fr: 0 | od2lpr: 0 | od2cap: 0 | fr2kr: 202 | lpr2kr: 139 | cap2udp: 0 | kr2udp: 0 | 
2026-05-04 08:33:11,516 - INFO     - img2od: 0 | od2fr: 0 | od2lpr: 0 | od2cap: 0 | fr2kr: 199 | lpr2kr: 137 | cap2udp: 0 | kr2udp: 0 | 
2026-05-04 08:33:12,517 - INFO     - img2od: 0 | od2fr: 0 | od2lpr: 0 | od2cap: 0 | fr2kr: 197 | lpr2kr: 134 | cap2udp: 0 | kr2udp: 1 | 
2026-05-04 08:33:13,518 - INFO     - img2od: 0 | od2fr: 0 | od2lpr: 0 | od2cap: 0 | fr2kr: 194 | lpr2kr: 131 | cap2udp: 0 | kr2udp: 0 | 
2026-05-04 08:33:14,518 - INFO     - img2od: 0 | od2fr: 0 | od2lpr: 0 | od2cap: 0 | fr2kr: 191 | lpr2kr: 129 | cap2udp: 0 | kr2udp: 0 | 
2026-05-04 08:33:15,519 - INFO     - img2od: 0 | od2fr: 0 | od2lpr: 0 | od2cap: 0 | fr2kr: 189 | lpr2kr: 126 | cap2udp: 0 | kr2udp: 1 | 
2026-05-04 08:33:16,520 - INFO     - img2od: 0 | od2fr: 0 | od2lpr: 0 | od2cap: 0 | fr2kr: 186 | lpr2kr: 123 | cap2udp: 0 | kr2udp: 1 | 
2026-05-04 08:33:17,522 - INFO     - img2od: 0 | od2fr: 0 | od2lpr: 0 | od2cap: 0 | fr2kr: 183 | lpr2kr: 121 | cap2udp: 0 | kr2udp: 0 | 
2026-05-04 08:33:18,523 - INFO     - img2od: 0 | od2fr: 0 | od2lpr: 0 | od2cap: 0 | fr2kr: 181 | lpr2kr: 118 | cap2udp: 0 | kr2udp: 1 | 
2026-05-04 08:33:19,524 - INFO     - img2od: 0 | od2fr: 0 | od2lpr: 0 | od2cap: 0 | fr2kr: 178 | lpr2kr: 115 | cap2udp: 0 | kr2udp: 1 | 
2026-05-04 08:33:20,525 - INFO     - img2od: 0 | od2fr: 0 | od2lpr: 0 | od2cap: 0 | fr2kr: 175 | lpr2kr: 113 | cap2udp: 0 | kr2udp: 0 | 
2026-05-04 08:33:21,527 - INFO     - img2od: 0 | od2fr: 0 | od2lpr: 0 | od2cap: 0 | fr2kr: 173 | lpr2kr: 110 | cap2udp: 0 | kr2udp: 1 | 
2026-05-04 08:33:22,528 - INFO     - img2od: 0 | od2fr: 0 | od2lpr: 0 | od2cap: 0 | fr2kr: 170 | lpr2kr: 107 | cap2udp: 0 | kr2udp: 1 | 
2026-05-04 08:33:23,529 - INFO     - img2od: 0 | od2fr: 0 | od2lpr: 0 | od2cap: 0 | fr2kr: 167 | lpr2kr: 105 | cap2udp: 0 | kr2udp: 0 | 
2026-05-04 08:33:24,530 - INFO     - img2od: 0 | od2fr: 0 | od2lpr: 0 | od2cap: 0 | fr2kr: 165 | lpr2kr: 102 | cap2udp: 0 | kr2udp: 1 | 
2026-05-04 08:33:25,532 - INFO     - img2od: 0 | od2fr: 0 | od2lpr: 0 | od2cap: 0 | fr2kr: 162 | lpr2kr: 99 | cap2udp: 0 | kr2udp: 1 | 
2026-05-04 08:33:26,533 - INFO     - img2od: 0 | od2fr: 0 | od2lpr: 0 | od2cap: 0 | fr2kr: 159 | lpr2kr: 97 | cap2udp: 0 | kr2udp: 0 | 
2026-05-04 08:33:27,534 - INFO     - img2od: 0 | od2fr: 0 | od2lpr: 0 | od2cap: 0 | fr2kr: 157 | lpr2kr: 94 | cap2udp: 0 | kr2udp: 1 | 
2026-05-04 08:33:28,535 - INFO     - img2od: 0 | od2fr: 0 | od2lpr: 0 | od2cap: 0 | fr2kr: 154 | lpr2kr: 91 | cap2udp: 0 | kr2udp: 1 | 
2026-05-04 08:33:29,536 - INFO     - img2od: 0 | od2fr: 0 | od2lpr: 0 | od2cap: 0 | fr2kr: 151 | lpr2kr: 89 | cap2udp: 0 | kr2udp: 1 | 
2026-05-04 08:33:30,538 - INFO     - img2od: 0 | od2fr: 0 | od2lpr: 0 | od2cap: 0 | fr2kr: 149 | lpr2kr: 86 | cap2udp: 0 | kr2udp: 1 | 
2026-05-04 08:33:31,539 - INFO     - img2od: 0 | od2fr: 0 | od2lpr: 0 | od2cap: 0 | fr2kr: 146 | lpr2kr: 84 | cap2udp: 0 | kr2udp: 0 | 
2026-05-04 08:33:32,540 - INFO     - img2od: 0 | od2fr: 0 | od2lpr: 0 | od2cap: 0 | fr2kr: 144 | lpr2kr: 81 | cap2udp: 0 | kr2udp: 1 | 
2026-05-04 08:33:33,541 - INFO     - img2od: 0 | od2fr: 0 | od2lpr: 0 | od2cap: 0 | fr2kr: 141 | lpr2kr: 78 | cap2udp: 0 | kr2udp: 0 | 
2026-05-04 08:33:34,543 - INFO     - img2od: 0 | od2fr: 0 | od2lpr: 0 | od2cap: 0 | fr2kr: 138 | lpr2kr: 76 | cap2udp: 0 | kr2udp: 1 | 
2026-05-04 08:33:35,543 - INFO     - img2od: 0 | od2fr: 0 | od2lpr: 0 | od2cap: 0 | fr2kr: 136 | lpr2kr: 73 | cap2udp: 0 | kr2udp: 1 | 
2026-05-04 08:33:36,544 - INFO     - img2od: 0 | od2fr: 0 | od2lpr: 0 | od2cap: 0 | fr2kr: 133 | lpr2kr: 70 | cap2udp: 0 | kr2udp: 0 | 
2026-05-04 08:33:37,545 - INFO     - img2od: 0 | od2fr: 0 | od2lpr: 0 | od2cap: 0 | fr2kr: 130 | lpr2kr: 68 | cap2udp: 0 | kr2udp: 1 | 
2026-05-04 08:33:38,546 - INFO     - img2od: 0 | od2fr: 0 | od2lpr: 0 | od2cap: 0 | fr2kr: 128 | lpr2kr: 65 | cap2udp: 0 | kr2udp: 1 | 
2026-05-04 08:33:39,547 - INFO     - img2od: 0 | od2fr: 0 | od2lpr: 0 | od2cap: 0 | fr2kr: 125 | lpr2kr: 62 | cap2udp: 0 | kr2udp: 1 | 
2026-05-04 08:33:40,548 - INFO     - img2od: 0 | od2fr: 0 | od2lpr: 0 | od2cap: 0 | fr2kr: 123 | lpr2kr: 60 | cap2udp: 0 | kr2udp: 1 | 
2026-05-04 08:33:41,549 - INFO     - img2od: 0 | od2fr: 0 | od2lpr: 0 | od2cap: 0 | fr2kr: 120 | lpr2kr: 57 | cap2udp: 0 | kr2udp: 1 | 
2026-05-04 08:33:42,550 - INFO     - img2od: 0 | od2fr: 0 | od2lpr: 0 | od2cap: 0 | fr2kr: 117 | lpr2kr: 55 | cap2udp: 0 | kr2udp: 0 | 
2026-05-04 08:33:43,551 - INFO     - img2od: 0 | od2fr: 0 | od2lpr: 0 | od2cap: 0 | fr2kr: 115 | lpr2kr: 52 | cap2udp: 0 | kr2udp: 1 | 
2026-05-04 08:33:44,552 - INFO     - img2od: 0 | od2fr: 0 | od2lpr: 0 | od2cap: 0 | fr2kr: 112 | lpr2kr: 49 | cap2udp: 0 | kr2udp: 1 | 
2026-05-04 08:33:45,553 - INFO     - img2od: 0 | od2fr: 0 | od2lpr: 0 | od2cap: 0 | fr2kr: 109 | lpr2kr: 47 | cap2udp: 0 | kr2udp: 1 | 
2026-05-04 08:33:46,554 - INFO     - img2od: 0 | od2fr: 0 | od2lpr: 0 | od2cap: 0 | fr2kr: 107 | lpr2kr: 44 | cap2udp: 0 | kr2udp: 2 | 
2026-05-04 08:33:47,555 - INFO     - img2od: 0 | od2fr: 0 | od2lpr: 0 | od2cap: 0 | fr2kr: 104 | lpr2kr: 42 | cap2udp: 0 | kr2udp: 0 | 
2026-05-04 08:33:48,556 - INFO     - img2od: 0 | od2fr: 0 | od2lpr: 0 | od2cap: 0 | fr2kr: 102 | lpr2kr: 39 | cap2udp: 0 | kr2udp: 1 | 
2026-05-04 08:33:49,557 - INFO     - img2od: 0 | od2fr: 0 | od2lpr: 0 | od2cap: 0 | fr2kr: 99 | lpr2kr: 36 | cap2udp: 0 | kr2udp: 0 | 
2026-05-04 08:33:50,558 - INFO     - img2od: 0 | od2fr: 0 | od2lpr: 0 | od2cap: 0 | fr2kr: 96 | lpr2kr: 34 | cap2udp: 0 | kr2udp: 1 | 
2026-05-04 08:33:51,559 - INFO     - img2od: 0 | od2fr: 0 | od2lpr: 0 | od2cap: 0 | fr2kr: 94 | lpr2kr: 31 | cap2udp: 0 | kr2udp: 1 | 
2026-05-04 08:33:52,560 - INFO     - img2od: 0 | od2fr: 0 | od2lpr: 0 | od2cap: 0 | fr2kr: 91 | lpr2kr: 28 | cap2udp: 0 | kr2udp: 0 | 
2026-05-04 08:33:53,561 - INFO     - img2od: 0 | od2fr: 0 | od2lpr: 0 | od2cap: 0 | fr2kr: 88 | lpr2kr: 26 | cap2udp: 0 | kr2udp: 1 | 
2026-05-04 08:33:54,562 - INFO     - img2od: 0 | od2fr: 0 | od2lpr: 0 | od2cap: 0 | fr2kr: 86 | lpr2kr: 23 | cap2udp: 0 | kr2udp: 1 | 
2026-05-04 08:33:55,563 - INFO     - img2od: 0 | od2fr: 0 | od2lpr: 0 | od2cap: 0 | fr2kr: 83 | lpr2kr: 20 | cap2udp: 0 | kr2udp: 1 | 
2026-05-04 08:33:56,564 - INFO     - img2od: 0 | od2fr: 0 | od2lpr: 0 | od2cap: 0 | fr2kr: 81 | lpr2kr: 18 | cap2udp: 0 | kr2udp: 1 | 
2026-05-04 08:33:57,565 - INFO     - img2od: 0 | od2fr: 0 | od2lpr: 0 | od2cap: 0 | fr2kr: 78 | lpr2kr: 15 | cap2udp: 0 | kr2udp: 0 | 
2026-05-04 08:33:58,566 - INFO     - img2od: 0 | od2fr: 0 | od2lpr: 0 | od2cap: 0 | fr2kr: 75 | lpr2kr: 13 | cap2udp: 0 | kr2udp: 0 | 
2026-05-04 08:33:59,567 - INFO     - img2od: 0 | od2fr: 0 | od2lpr: 0 | od2cap: 0 | fr2kr: 73 | lpr2kr: 10 | cap2udp: 0 | kr2udp: 1 | 
2026-05-04 08:34:00,568 - INFO     - img2od: 0 | od2fr: 0 | od2lpr: 0 | od2cap: 0 | fr2kr: 70 | lpr2kr: 7 | cap2udp: 0 | kr2udp: 1 | 
2026-05-04 08:34:01,570 - INFO     - img2od: 0 | od2fr: 0 | od2lpr: 0 | od2cap: 0 | fr2kr: 67 | lpr2kr: 5 | cap2udp: 0 | kr2udp: 0 | 
2026-05-04 08:34:02,571 - INFO     - img2od: 0 | od2fr: 0 | od2lpr: 0 | od2cap: 0 | fr2kr: 65 | lpr2kr: 2 | cap2udp: 0 | kr2udp: 2 | 
2026-05-04 08:34:03,203 - INFO     - krStream     : Received end signal from LPR
2026-05-04 08:34:03,572 - INFO     - img2od: 0 | od2fr: 0 | od2lpr: 0 | od2cap: 0 | fr2kr: 62 | lpr2kr: 0 | cap2udp: 0 | kr2udp: 1 | 
2026-05-04 08:34:04,573 - INFO     - img2od: 0 | od2fr: 0 | od2lpr: 0 | od2cap: 0 | fr2kr: 58 | lpr2kr: 0 | cap2udp: 0 | kr2udp: 1 | 
2026-05-04 08:34:05,574 - INFO     - img2od: 0 | od2fr: 0 | od2lpr: 0 | od2cap: 0 | fr2kr: 54 | lpr2kr: 0 | cap2udp: 0 | kr2udp: 1 | 
2026-05-04 08:34:06,576 - INFO     - img2od: 0 | od2fr: 0 | od2lpr: 0 | od2cap: 0 | fr2kr: 50 | lpr2kr: 0 | cap2udp: 0 | kr2udp: 1 | 
2026-05-04 08:34:07,577 - INFO     - img2od: 0 | od2fr: 0 | od2lpr: 0 | od2cap: 0 | fr2kr: 46 | lpr2kr: 0 | cap2udp: 0 | kr2udp: 1 | 
2026-05-04 08:34:08,578 - INFO     - img2od: 0 | od2fr: 0 | od2lpr: 0 | od2cap: 0 | fr2kr: 42 | lpr2kr: 0 | cap2udp: 0 | kr2udp: 1 | 
2026-05-04 08:34:09,579 - INFO     - img2od: 0 | od2fr: 0 | od2lpr: 0 | od2cap: 0 | fr2kr: 38 | lpr2kr: 0 | cap2udp: 0 | kr2udp: 0 | 
2026-05-04 08:34:10,581 - INFO     - img2od: 0 | od2fr: 0 | od2lpr: 0 | od2cap: 0 | fr2kr: 34 | lpr2kr: 0 | cap2udp: 0 | kr2udp: 0 | 
2026-05-04 08:34:11,582 - INFO     - img2od: 0 | od2fr: 0 | od2lpr: 0 | od2cap: 0 | fr2kr: 30 | lpr2kr: 0 | cap2udp: 0 | kr2udp: 0 | 
2026-05-04 08:34:12,583 - INFO     - img2od: 0 | od2fr: 0 | od2lpr: 0 | od2cap: 0 | fr2kr: 26 | lpr2kr: 0 | cap2udp: 0 | kr2udp: 0 | 
2026-05-04 08:34:13,584 - INFO     - img2od: 0 | od2fr: 0 | od2lpr: 0 | od2cap: 0 | fr2kr: 22 | lpr2kr: 0 | cap2udp: 0 | kr2udp: 1 | 
2026-05-04 08:34:14,586 - INFO     - img2od: 0 | od2fr: 0 | od2lpr: 0 | od2cap: 0 | fr2kr: 17 | lpr2kr: 0 | cap2udp: 0 | kr2udp: 1 | 
2026-05-04 08:34:15,587 - INFO     - img2od: 0 | od2fr: 0 | od2lpr: 0 | od2cap: 0 | fr2kr: 13 | lpr2kr: 0 | cap2udp: 0 | kr2udp: 1 | 
2026-05-04 08:34:16,588 - INFO     - img2od: 0 | od2fr: 0 | od2lpr: 0 | od2cap: 0 | fr2kr: 9 | lpr2kr: 0 | cap2udp: 0 | kr2udp: 1 | 
2026-05-04 08:34:17,589 - INFO     - img2od: 0 | od2fr: 0 | od2lpr: 0 | od2cap: 0 | fr2kr: 4 | lpr2kr: 0 | cap2udp: 0 | kr2udp: 0 | 
2026-05-04 08:34:18,489 - INFO     - krStream     : Received end signal from FR
2026-05-04 08:34:18,591 - INFO     - img2od: 0 | od2fr: 0 | od2lpr: 0 | od2cap: 0 | fr2kr: 0 | lpr2kr: 0 | cap2udp: 0 | kr2udp: 0 | 
2026-05-04 08:34:18,602 - INFO     - krStream     : Received BOTH END signal, shutting down
2026-05-04 08:34:18,728 - INFO     - udpStream    : Received end signal from KR
2026-05-04 08:34:18,753 - INFO     - krStream     : shutdown successful
2026-05-04 08:34:18,844 - INFO     - udpStream    : Received BOTH END signal, shutting down
2026-05-04 08:34:19,199 - INFO     - udpStream    : shutdown successful
2026-05-04 08:34:19,592 - INFO     - img2od: 0 | od2fr: 0 | od2lpr: 0 | od2cap: 0 | fr2kr: 0 | lpr2kr: 0 | cap2udp: 0 | kr2udp: 0 | 
2026-05-04 08:34:20,593 - INFO     - img2od: 0 | od2fr: 0 | od2lpr: 0 | od2cap: 0 | fr2kr: 0 | lpr2kr: 0 | cap2udp: 0 | kr2udp: 0 | 
2026-05-04 08:34:21,594 - INFO     - img2od: 0 | od2fr: 0 | od2lpr: 0 | od2cap: 0 | fr2kr: 0 | lpr2kr: 0 | cap2udp: 0 | kr2udp: 0 | 
2026-05-04 08:34:22,595 - INFO     - img2od: 0 | od2fr: 0 | od2lpr: 0 | od2cap: 0 | fr2kr: 0 | lpr2kr: 0 | cap2udp: 0 | kr2udp: 0 | 
2026-05-04 08:34:23,597 - INFO     - img2od: 0 | od2fr: 0 | od2lpr: 0 | od2cap: 0 | fr2kr: 0 | lpr2kr: 0 | cap2udp: 0 | kr2udp: 0 | 
2026-05-04 08:34:24,598 - INFO     - All queues empty, job done
2026-05-04 08:34:24,600 - INFO     - Queue logs written to ./profile_exp/mix/r0.05/def_smoothing/seed0/QUEUEWATCH.json
2026-05-04 08:34:25,204 - INFO     - Reach FINALLY block in MAIN process
2026-05-04 08:34:25,204 - INFO     - Starting cleanup of 7 processes.
2026-05-04 08:34:25,204 - INFO     - Draining and closing 8 queues.
2026-05-04 08:34:25,204 - INFO     - Starting cleanup for queue 0, queue size: 0.
2026-05-04 08:34:25,204 - INFO     - Starting cleanup for queue 1, queue size: 0.
2026-05-04 08:34:25,204 - INFO     - Starting cleanup for queue 2, queue size: 0.
2026-05-04 08:34:25,204 - INFO     - Starting cleanup for queue 3, queue size: 0.
2026-05-04 08:34:25,204 - INFO     - Starting cleanup for queue 4, queue size: 0.
2026-05-04 08:34:25,204 - INFO     - Starting cleanup for queue 5, queue size: 0.
2026-05-04 08:34:25,204 - INFO     - Starting cleanup for queue 6, queue size: 0.
2026-05-04 08:34:25,204 - INFO     - Starting cleanup for queue 7, queue size: 0.
2026-05-04 08:34:25,204 - INFO     - Cleanup complete.
2026-05-04 08:34:25,204 - INFO     - Cleaned up resources in MAIN process
2026-05-04 08:34:25,205 - INFO     - Summary written to ./profile_exp/mix/r0.05/def_smoothing/seed0/SUMMARY.json

======================================================================
PROFILING SUMMARY
======================================================================
  Total wall time:    215.35s
  Images processed:   100
  Throughput:         0.4644 img/s
  Avg E2E latency:    62.0511s
  Min E2E latency:    0.0217s
  Max E2E latency:    173.8103s

  Component          Count  Dropped     FLOPs/call    Total FLOPs
  --------------- -------- -------- -------------- --------------
  odStream             100        0   153844849936 15384484993600
  frStream             533        0     2837404864  1512336792512
  lprStream            468        0     1466834560   686478574080
  capStream             42        0   435542443635 18292782632670
  krStream            1001        0            n/a            n/a
  udpStream           1043        0            n/a            n/a

  Total FLOPs:        35876082992862
======================================================================
