2026-05-03 15:05:05,315 - INFO     - imgStream    : internal profiling set to False
2026-05-03 15:05:05,315 - INFO     - odStream     : internal profiling set to False
2026-05-03 15:05:05,315 - INFO     - frStream     : internal profiling set to False
2026-05-03 15:05:05,316 - INFO     - lprStream    : internal profiling set to False
2026-05-03 15:05:05,316 - INFO     - capStream    : internal profiling set to False
2026-05-03 15:05:05,316 - INFO     - krStream     : internal profiling set to False
2026-05-03 15:05:05,316 - INFO     - udpStream    : internal profiling set to False


================================================================================
|                                                                              |
|                     Running: Traffic Monitoring Pipeline                     |
|                                                                              |
|                         Algorithm: None, Model ID: 0                         |
|                                                                              |
|                             Target Indices: none                             |
|                                                                              |
|                             2026-05-03 15:05:05                              |
|                                                                              |
================================================================================


Number of CUDA devices: 1
2026-05-03 15:05:08,714 - INFO     - img2od: 0 | od2fr: 0 | od2lpr: 0 | od2cap: 0 | fr2kr: 0 | lpr2kr: 0 | cap2udp: 0 | kr2udp: 0 | 
2026-05-03 15:05:08,719 - INFO     - imgStream    : input defense = gaussian
2026-05-03 15:05:08,720 - INFO     - imgStream    : mix mode ratio=0.0 seed=0 -> 100 clean / 0 attack
2026-05-03 15:05:08,720 - INFO     - imgStream    : started
/home/lxt230026/.conda/envs/dyndl/lib/python3.10/site-packages/facenet_pytorch/models/inception_resnet_v1.py:329: FutureWarning: You are using `torch.load` with `weights_only=False` (the current default value), which uses the default pickle module implicitly. It is possible to construct malicious pickle data which will execute arbitrary code during unpickling (See https://github.com/pytorch/pytorch/blob/main/SECURITY.md#untrusted-models for more details). In a future release, the default value for `weights_only` will be flipped to `True`. This limits the functions that could be executed during unpickling. Arbitrary objects will no longer be allowed to be loaded via this mode unless they are explicitly allowlisted by the user via `torch.serialization.add_safe_globals`. We recommend you start setting `weights_only=True` for any use case where you don't have full control of the loaded file. Please open an issue on GitHub for any issues related to this experimental feature.
  state_dict = torch.load(cached_file)
2026-05-03 15:05:09,715 - INFO     - img2od: 4 | od2fr: 0 | od2lpr: 0 | od2cap: 0 | fr2kr: 0 | lpr2kr: 0 | cap2udp: 0 | kr2udp: 0 | 
2026-05-03 15:05:09,840 - INFO     - frStream     : FR model loaded, model_id = vggface2
2026-05-03 15:05:09,840 - INFO     - frStream     : started
/home/lxt230026/EfficiencyAttack/traffic/cmpnt/c4_lpr.py:145: FutureWarning: You are using `torch.load` with `weights_only=False` (the current default value), which uses the default pickle module implicitly. It is possible to construct malicious pickle data which will execute arbitrary code during unpickling (See https://github.com/pytorch/pytorch/blob/main/SECURITY.md#untrusted-models for more details). In a future release, the default value for `weights_only` will be flipped to `True`. This limits the functions that could be executed during unpickling. Arbitrary objects will no longer be allowed to be loaded via this mode unless they are explicitly allowlisted by the user via `torch.serialization.add_safe_globals`. We recommend you start setting `weights_only=True` for any use case where you don't have full control of the loaded file. Please open an issue on GitHub for any issues related to this experimental feature.
  self.checkpoint = torch.load(self.model_id, map_location='cpu')
2026-05-03 15:05:10,392 - INFO     - krStream     : face embeddings loaded, found 1000 embeddings
2026-05-03 15:05:10,392 - INFO     - krStream     : started
2026-05-03 15:05:10,716 - INFO     - img2od: 9 | od2fr: 0 | od2lpr: 0 | od2cap: 0 | fr2kr: 0 | lpr2kr: 0 | cap2udp: 0 | kr2udp: 0 | 
2026-05-03 15:05:10,748 - INFO     - Using custom providers: ['CPUExecutionProvider']
2026-05-03 15:05:10,748 - INFO     - Skipping download of 'argentinian-plates-cnn-model' model, already exists at /home/lxt230026/.cache/fast-plate-ocr/argentinian-plates-cnn-model
2026-05-03 15:05:10,762 - INFO     - lprStream    : LPR model loaded, model_id = model_v2.pth
2026-05-03 15:05:10,762 - INFO     - lprStream    : started
2026-05-03 15:05:10,792 - INFO     - odStream     : OD model loaded, model_id = 0
2026-05-03 15:05:10,793 - INFO     - odStream     : started
2026-05-03 15:05:11,141 - INFO     - udpStream    : LM model loaded, model_id = gpt2
2026-05-03 15:05:11,141 - INFO     - udpStream    : started
2026-05-03 15:05:11,436 - INFO     - capStream    : CAP model loaded, model_id = microsoft/git-base
2026-05-03 15:05:11,436 - INFO     - capStream    : started
2026-05-03 15:05:11,717 - INFO     - img2od: 12 | od2fr: 0 | od2lpr: 0 | od2cap: 0 | fr2kr: 0 | lpr2kr: 0 | cap2udp: 0 | kr2udp: 0 | 
2026-05-03 15:05:12,718 - INFO     - img2od: 14 | od2fr: 41 | od2lpr: 0 | od2cap: 0 | fr2kr: 1 | lpr2kr: 0 | cap2udp: 0 | kr2udp: 0 | 
2026-05-03 15:05:13,719 - INFO     - img2od: 15 | od2fr: 49 | od2lpr: 0 | od2cap: 0 | fr2kr: 3 | lpr2kr: 0 | cap2udp: 0 | kr2udp: 1 | 
2026-05-03 15:05:14,720 - INFO     - img2od: 15 | od2fr: 50 | od2lpr: 0 | od2cap: 1 | fr2kr: 5 | lpr2kr: 0 | cap2udp: 0 | kr2udp: 1 | 
2026-05-03 15:05:15,721 - INFO     - img2od: 15 | od2fr: 49 | od2lpr: 0 | od2cap: 0 | fr2kr: 7 | lpr2kr: 0 | cap2udp: 0 | kr2udp: 0 | 
2026-05-03 15:05:16,722 - INFO     - img2od: 15 | od2fr: 70 | od2lpr: 1 | od2cap: 0 | fr2kr: 9 | lpr2kr: 6 | cap2udp: 1 | kr2udp: 1 | 
2026-05-03 15:05:17,723 - INFO     - img2od: 14 | od2fr: 65 | od2lpr: 0 | od2cap: 0 | fr2kr: 12 | lpr2kr: 6 | cap2udp: 0 | kr2udp: 1 | 
2026-05-03 15:05:18,724 - INFO     - img2od: 14 | od2fr: 113 | od2lpr: 3 | od2cap: 1 | fr2kr: 15 | lpr2kr: 12 | cap2udp: 0 | kr2udp: 0 | 
2026-05-03 15:05:19,725 - INFO     - img2od: 15 | od2fr: 109 | od2lpr: 0 | od2cap: 0 | fr2kr: 18 | lpr2kr: 17 | cap2udp: 0 | kr2udp: 1 | 
2026-05-03 15:05:20,726 - INFO     - img2od: 14 | od2fr: 110 | od2lpr: 0 | od2cap: 0 | fr2kr: 22 | lpr2kr: 15 | cap2udp: 1 | kr2udp: 1 | 
2026-05-03 15:05:21,727 - INFO     - img2od: 13 | od2fr: 139 | od2lpr: 0 | od2cap: 0 | fr2kr: 26 | lpr2kr: 14 | cap2udp: 1 | kr2udp: 1 | 
2026-05-03 15:05:22,728 - INFO     - img2od: 13 | od2fr: 137 | od2lpr: 0 | od2cap: 0 | fr2kr: 28 | lpr2kr: 16 | cap2udp: 0 | kr2udp: 1 | 
2026-05-03 15:05:23,729 - INFO     - img2od: 13 | od2fr: 158 | od2lpr: 0 | od2cap: 0 | fr2kr: 32 | lpr2kr: 15 | cap2udp: 0 | kr2udp: 0 | 
2026-05-03 15:05:24,730 - INFO     - img2od: 12 | od2fr: 282 | od2lpr: 0 | od2cap: 1 | fr2kr: 35 | lpr2kr: 13 | cap2udp: 0 | kr2udp: 1 | 
2026-05-03 15:05:25,731 - INFO     - img2od: 12 | od2fr: 291 | od2lpr: 0 | od2cap: 0 | fr2kr: 38 | lpr2kr: 10 | cap2udp: 0 | kr2udp: 0 | 
2026-05-03 15:05:26,732 - INFO     - img2od: 11 | od2fr: 297 | od2lpr: 0 | od2cap: 0 | fr2kr: 42 | lpr2kr: 8 | cap2udp: 1 | kr2udp: 1 | 
2026-05-03 15:05:27,733 - INFO     - img2od: 9 | od2fr: 301 | od2lpr: 0 | od2cap: 0 | fr2kr: 46 | lpr2kr: 5 | cap2udp: 1 | kr2udp: 1 | 
2026-05-03 15:05:28,734 - INFO     - img2od: 10 | od2fr: 298 | od2lpr: 1 | od2cap: 0 | fr2kr: 50 | lpr2kr: 6 | cap2udp: 0 | kr2udp: 1 | 
2026-05-03 15:05:29,735 - INFO     - img2od: 9 | od2fr: 306 | od2lpr: 0 | od2cap: 0 | fr2kr: 53 | lpr2kr: 6 | cap2udp: 0 | kr2udp: 1 | 
2026-05-03 15:05:30,736 - INFO     - img2od: 9 | od2fr: 357 | od2lpr: 5 | od2cap: 0 | fr2kr: 56 | lpr2kr: 17 | cap2udp: 0 | kr2udp: 0 | 
2026-05-03 15:05:31,737 - INFO     - img2od: 9 | od2fr: 356 | od2lpr: 0 | od2cap: 0 | fr2kr: 60 | lpr2kr: 20 | cap2udp: 0 | kr2udp: 0 | 
2026-05-03 15:05:32,643 - INFO     - imgStream    : completed, sending END signal
2026-05-03 15:05:32,643 - INFO     - imgStream    : shutdown
2026-05-03 15:05:32,738 - INFO     - img2od: 9 | od2fr: 403 | od2lpr: 0 | od2cap: 0 | fr2kr: 64 | lpr2kr: 18 | cap2udp: 0 | kr2udp: 1 | 
2026-05-03 15:05:32,836 - INFO     - imgStream    : shutdown successful
2026-05-03 15:05:33,739 - INFO     - img2od: 4 | od2fr: 414 | od2lpr: 0 | od2cap: 1 | fr2kr: 67 | lpr2kr: 18 | cap2udp: 1 | kr2udp: 0 | 
2026-05-03 15:05:34,431 - INFO     - odStream     : Received END signal, shutting down
2026-05-03 15:05:34,435 - INFO     - lprStream    : Received END signal, shutting down
2026-05-03 15:05:34,552 - INFO     - lprStream    : shutdown successful
2026-05-03 15:05:34,651 - INFO     - capStream    : Received END signal, shutting down
2026-05-03 15:05:34,666 - INFO     - udpStream    : Received end signal from CAP
2026-05-03 15:05:34,677 - INFO     - odStream     : shutdown successful
2026-05-03 15:05:34,740 - INFO     - img2od: 0 | od2fr: 414 | od2lpr: 0 | od2cap: 0 | fr2kr: 71 | lpr2kr: 22 | cap2udp: 0 | kr2udp: 1 | 
2026-05-03 15:05:35,144 - INFO     - capStream    : shutdown successful
2026-05-03 15:05:35,741 - INFO     - img2od: 0 | od2fr: 407 | od2lpr: 0 | od2cap: 0 | fr2kr: 75 | lpr2kr: 20 | cap2udp: 0 | kr2udp: 0 | 
2026-05-03 15:05:36,742 - INFO     - img2od: 0 | od2fr: 400 | od2lpr: 0 | od2cap: 0 | fr2kr: 80 | lpr2kr: 17 | cap2udp: 0 | kr2udp: 1 | 
2026-05-03 15:05:37,743 - INFO     - img2od: 0 | od2fr: 393 | od2lpr: 0 | od2cap: 0 | fr2kr: 84 | lpr2kr: 14 | cap2udp: 0 | kr2udp: 1 | 
2026-05-03 15:05:38,744 - INFO     - img2od: 0 | od2fr: 386 | od2lpr: 0 | od2cap: 0 | fr2kr: 88 | lpr2kr: 11 | cap2udp: 0 | kr2udp: 1 | 
2026-05-03 15:05:39,745 - INFO     - img2od: 0 | od2fr: 379 | od2lpr: 0 | od2cap: 0 | fr2kr: 92 | lpr2kr: 9 | cap2udp: 0 | kr2udp: 0 | 
2026-05-03 15:05:40,746 - INFO     - img2od: 0 | od2fr: 372 | od2lpr: 0 | od2cap: 0 | fr2kr: 97 | lpr2kr: 6 | cap2udp: 0 | kr2udp: 1 | 
2026-05-03 15:05:41,747 - INFO     - img2od: 0 | od2fr: 365 | od2lpr: 0 | od2cap: 0 | fr2kr: 100 | lpr2kr: 3 | cap2udp: 0 | kr2udp: 1 | 
2026-05-03 15:05:42,725 - INFO     - krStream     : Received end signal from LPR
2026-05-03 15:05:42,748 - INFO     - img2od: 0 | od2fr: 359 | od2lpr: 0 | od2cap: 0 | fr2kr: 104 | lpr2kr: 0 | cap2udp: 0 | kr2udp: 0 | 
2026-05-03 15:05:43,750 - INFO     - img2od: 0 | od2fr: 352 | od2lpr: 0 | od2cap: 0 | fr2kr: 107 | lpr2kr: 0 | cap2udp: 0 | kr2udp: 1 | 
2026-05-03 15:05:44,751 - INFO     - img2od: 0 | od2fr: 345 | od2lpr: 0 | od2cap: 0 | fr2kr: 110 | lpr2kr: 0 | cap2udp: 0 | kr2udp: 1 | 
2026-05-03 15:05:45,752 - INFO     - img2od: 0 | od2fr: 338 | od2lpr: 0 | od2cap: 0 | fr2kr: 113 | lpr2kr: 0 | cap2udp: 0 | kr2udp: 1 | 
2026-05-03 15:05:46,753 - INFO     - img2od: 0 | od2fr: 331 | od2lpr: 0 | od2cap: 0 | fr2kr: 115 | lpr2kr: 0 | cap2udp: 0 | kr2udp: 1 | 
2026-05-03 15:05:47,755 - INFO     - img2od: 0 | od2fr: 324 | od2lpr: 0 | od2cap: 0 | fr2kr: 118 | lpr2kr: 0 | cap2udp: 0 | kr2udp: 1 | 
2026-05-03 15:05:48,756 - INFO     - img2od: 0 | od2fr: 317 | od2lpr: 0 | od2cap: 0 | fr2kr: 121 | lpr2kr: 0 | cap2udp: 0 | kr2udp: 1 | 
2026-05-03 15:05:49,757 - INFO     - img2od: 0 | od2fr: 310 | od2lpr: 0 | od2cap: 0 | fr2kr: 124 | lpr2kr: 0 | cap2udp: 0 | kr2udp: 1 | 
2026-05-03 15:05:50,758 - INFO     - img2od: 0 | od2fr: 303 | od2lpr: 0 | od2cap: 0 | fr2kr: 127 | lpr2kr: 0 | cap2udp: 0 | kr2udp: 1 | 
2026-05-03 15:05:51,759 - INFO     - img2od: 0 | od2fr: 296 | od2lpr: 0 | od2cap: 0 | fr2kr: 130 | lpr2kr: 0 | cap2udp: 0 | kr2udp: 0 | 
2026-05-03 15:05:52,761 - INFO     - img2od: 0 | od2fr: 289 | od2lpr: 0 | od2cap: 0 | fr2kr: 133 | lpr2kr: 0 | cap2udp: 0 | kr2udp: 1 | 
2026-05-03 15:05:53,762 - INFO     - img2od: 0 | od2fr: 282 | od2lpr: 0 | od2cap: 0 | fr2kr: 136 | lpr2kr: 0 | cap2udp: 0 | kr2udp: 1 | 
2026-05-03 15:05:54,763 - INFO     - img2od: 0 | od2fr: 275 | od2lpr: 0 | od2cap: 0 | fr2kr: 139 | lpr2kr: 0 | cap2udp: 0 | kr2udp: 1 | 
2026-05-03 15:05:55,764 - INFO     - img2od: 0 | od2fr: 268 | od2lpr: 0 | od2cap: 0 | fr2kr: 142 | lpr2kr: 0 | cap2udp: 0 | kr2udp: 1 | 
2026-05-03 15:05:56,766 - INFO     - img2od: 0 | od2fr: 261 | od2lpr: 0 | od2cap: 0 | fr2kr: 145 | lpr2kr: 0 | cap2udp: 0 | kr2udp: 1 | 
2026-05-03 15:05:57,766 - INFO     - img2od: 0 | od2fr: 254 | od2lpr: 0 | od2cap: 0 | fr2kr: 147 | lpr2kr: 0 | cap2udp: 0 | kr2udp: 1 | 
2026-05-03 15:05:58,767 - INFO     - img2od: 0 | od2fr: 247 | od2lpr: 0 | od2cap: 0 | fr2kr: 150 | lpr2kr: 0 | cap2udp: 0 | kr2udp: 0 | 
2026-05-03 15:05:59,768 - INFO     - img2od: 0 | od2fr: 240 | od2lpr: 0 | od2cap: 0 | fr2kr: 153 | lpr2kr: 0 | cap2udp: 0 | kr2udp: 0 | 
2026-05-03 15:06:00,769 - INFO     - img2od: 0 | od2fr: 233 | od2lpr: 0 | od2cap: 0 | fr2kr: 156 | lpr2kr: 0 | cap2udp: 0 | kr2udp: 0 | 
2026-05-03 15:06:01,770 - INFO     - img2od: 0 | od2fr: 226 | od2lpr: 0 | od2cap: 0 | fr2kr: 158 | lpr2kr: 0 | cap2udp: 0 | kr2udp: 0 | 
2026-05-03 15:06:02,772 - INFO     - img2od: 0 | od2fr: 219 | od2lpr: 0 | od2cap: 0 | fr2kr: 161 | lpr2kr: 0 | cap2udp: 0 | kr2udp: 1 | 
2026-05-03 15:06:03,773 - INFO     - img2od: 0 | od2fr: 212 | od2lpr: 0 | od2cap: 0 | fr2kr: 164 | lpr2kr: 0 | cap2udp: 0 | kr2udp: 1 | 
2026-05-03 15:06:04,774 - INFO     - img2od: 0 | od2fr: 205 | od2lpr: 0 | od2cap: 0 | fr2kr: 167 | lpr2kr: 0 | cap2udp: 0 | kr2udp: 1 | 
2026-05-03 15:06:05,775 - INFO     - img2od: 0 | od2fr: 199 | od2lpr: 0 | od2cap: 0 | fr2kr: 170 | lpr2kr: 0 | cap2udp: 0 | kr2udp: 1 | 
2026-05-03 15:06:06,777 - INFO     - img2od: 0 | od2fr: 192 | od2lpr: 0 | od2cap: 0 | fr2kr: 173 | lpr2kr: 0 | cap2udp: 0 | kr2udp: 1 | 
2026-05-03 15:06:07,778 - INFO     - img2od: 0 | od2fr: 185 | od2lpr: 0 | od2cap: 0 | fr2kr: 176 | lpr2kr: 0 | cap2udp: 0 | kr2udp: 1 | 
2026-05-03 15:06:08,779 - INFO     - img2od: 0 | od2fr: 178 | od2lpr: 0 | od2cap: 0 | fr2kr: 179 | lpr2kr: 0 | cap2udp: 0 | kr2udp: 1 | 
2026-05-03 15:06:09,780 - INFO     - img2od: 0 | od2fr: 171 | od2lpr: 0 | od2cap: 0 | fr2kr: 182 | lpr2kr: 0 | cap2udp: 0 | kr2udp: 1 | 
2026-05-03 15:06:10,782 - INFO     - img2od: 0 | od2fr: 164 | od2lpr: 0 | od2cap: 0 | fr2kr: 185 | lpr2kr: 0 | cap2udp: 0 | kr2udp: 1 | 
2026-05-03 15:06:11,783 - INFO     - img2od: 0 | od2fr: 157 | od2lpr: 0 | od2cap: 0 | fr2kr: 188 | lpr2kr: 0 | cap2udp: 0 | kr2udp: 1 | 
2026-05-03 15:06:12,784 - INFO     - img2od: 0 | od2fr: 150 | od2lpr: 0 | od2cap: 0 | fr2kr: 190 | lpr2kr: 0 | cap2udp: 0 | kr2udp: 1 | 
2026-05-03 15:06:13,785 - INFO     - img2od: 0 | od2fr: 144 | od2lpr: 0 | od2cap: 0 | fr2kr: 193 | lpr2kr: 0 | cap2udp: 0 | kr2udp: 1 | 
2026-05-03 15:06:14,786 - INFO     - img2od: 0 | od2fr: 137 | od2lpr: 0 | od2cap: 0 | fr2kr: 196 | lpr2kr: 0 | cap2udp: 0 | kr2udp: 1 | 
2026-05-03 15:06:15,787 - INFO     - img2od: 0 | od2fr: 130 | od2lpr: 0 | od2cap: 0 | fr2kr: 199 | lpr2kr: 0 | cap2udp: 0 | kr2udp: 1 | 
2026-05-03 15:06:16,789 - INFO     - img2od: 0 | od2fr: 123 | od2lpr: 0 | od2cap: 0 | fr2kr: 201 | lpr2kr: 0 | cap2udp: 0 | kr2udp: 1 | 
2026-05-03 15:06:17,790 - INFO     - img2od: 0 | od2fr: 116 | od2lpr: 0 | od2cap: 0 | fr2kr: 204 | lpr2kr: 0 | cap2udp: 0 | kr2udp: 0 | 
2026-05-03 15:06:18,791 - INFO     - img2od: 0 | od2fr: 109 | od2lpr: 0 | od2cap: 0 | fr2kr: 207 | lpr2kr: 0 | cap2udp: 0 | kr2udp: 0 | 
2026-05-03 15:06:19,792 - INFO     - img2od: 0 | od2fr: 102 | od2lpr: 0 | od2cap: 0 | fr2kr: 210 | lpr2kr: 0 | cap2udp: 0 | kr2udp: 0 | 
2026-05-03 15:06:20,794 - INFO     - img2od: 0 | od2fr: 95 | od2lpr: 0 | od2cap: 0 | fr2kr: 213 | lpr2kr: 0 | cap2udp: 0 | kr2udp: 0 | 
2026-05-03 15:06:21,795 - INFO     - img2od: 0 | od2fr: 88 | od2lpr: 0 | od2cap: 0 | fr2kr: 216 | lpr2kr: 0 | cap2udp: 0 | kr2udp: 0 | 
2026-05-03 15:06:22,796 - INFO     - img2od: 0 | od2fr: 81 | od2lpr: 0 | od2cap: 0 | fr2kr: 219 | lpr2kr: 0 | cap2udp: 0 | kr2udp: 1 | 
2026-05-03 15:06:23,797 - INFO     - img2od: 0 | od2fr: 74 | od2lpr: 0 | od2cap: 0 | fr2kr: 222 | lpr2kr: 0 | cap2udp: 0 | kr2udp: 1 | 
2026-05-03 15:06:24,798 - INFO     - img2od: 0 | od2fr: 67 | od2lpr: 0 | od2cap: 0 | fr2kr: 225 | lpr2kr: 0 | cap2udp: 0 | kr2udp: 1 | 
2026-05-03 15:06:25,799 - INFO     - img2od: 0 | od2fr: 60 | od2lpr: 0 | od2cap: 0 | fr2kr: 228 | lpr2kr: 0 | cap2udp: 0 | kr2udp: 1 | 
2026-05-03 15:06:26,801 - INFO     - img2od: 0 | od2fr: 53 | od2lpr: 0 | od2cap: 0 | fr2kr: 231 | lpr2kr: 0 | cap2udp: 0 | kr2udp: 1 | 
2026-05-03 15:06:27,802 - INFO     - img2od: 0 | od2fr: 46 | od2lpr: 0 | od2cap: 0 | fr2kr: 234 | lpr2kr: 0 | cap2udp: 0 | kr2udp: 1 | 
2026-05-03 15:06:28,803 - INFO     - img2od: 0 | od2fr: 39 | od2lpr: 0 | od2cap: 0 | fr2kr: 236 | lpr2kr: 0 | cap2udp: 0 | kr2udp: 1 | 
2026-05-03 15:06:29,804 - INFO     - img2od: 0 | od2fr: 33 | od2lpr: 0 | od2cap: 0 | fr2kr: 239 | lpr2kr: 0 | cap2udp: 0 | kr2udp: 1 | 
2026-05-03 15:06:30,806 - INFO     - img2od: 0 | od2fr: 26 | od2lpr: 0 | od2cap: 0 | fr2kr: 241 | lpr2kr: 0 | cap2udp: 0 | kr2udp: 1 | 
2026-05-03 15:06:31,807 - INFO     - img2od: 0 | od2fr: 19 | od2lpr: 0 | od2cap: 0 | fr2kr: 244 | lpr2kr: 0 | cap2udp: 0 | kr2udp: 0 | 
2026-05-03 15:06:32,808 - INFO     - img2od: 0 | od2fr: 12 | od2lpr: 0 | od2cap: 0 | fr2kr: 247 | lpr2kr: 0 | cap2udp: 0 | kr2udp: 0 | 
2026-05-03 15:06:33,809 - INFO     - img2od: 0 | od2fr: 4 | od2lpr: 0 | od2cap: 0 | fr2kr: 251 | lpr2kr: 0 | cap2udp: 0 | kr2udp: 1 | 
loading model on device: cuda
Initializing checkpoint: PekingU/rtdetr_r50vd, ID: 0
2026-05-03 15:06:34,364 - INFO     - frStream     : Received END signal, shutting down
2026-05-03 15:06:34,552 - INFO     - frStream     : shutdown successful
2026-05-03 15:06:34,811 - INFO     - img2od: 0 | od2fr: 0 | od2lpr: 0 | od2cap: 0 | fr2kr: 251 | lpr2kr: 0 | cap2udp: 0 | kr2udp: 1 | 
2026-05-03 15:06:35,812 - INFO     - img2od: 0 | od2fr: 0 | od2lpr: 0 | od2cap: 0 | fr2kr: 247 | lpr2kr: 0 | cap2udp: 0 | kr2udp: 1 | 
2026-05-03 15:06:36,813 - INFO     - img2od: 0 | od2fr: 0 | od2lpr: 0 | od2cap: 0 | fr2kr: 242 | lpr2kr: 0 | cap2udp: 0 | kr2udp: 1 | 
2026-05-03 15:06:37,814 - INFO     - img2od: 0 | od2fr: 0 | od2lpr: 0 | od2cap: 0 | fr2kr: 238 | lpr2kr: 0 | cap2udp: 0 | kr2udp: 0 | 
2026-05-03 15:06:38,816 - INFO     - img2od: 0 | od2fr: 0 | od2lpr: 0 | od2cap: 0 | fr2kr: 234 | lpr2kr: 0 | cap2udp: 0 | kr2udp: 1 | 
2026-05-03 15:06:39,817 - INFO     - img2od: 0 | od2fr: 0 | od2lpr: 0 | od2cap: 0 | fr2kr: 229 | lpr2kr: 0 | cap2udp: 0 | kr2udp: 1 | 
2026-05-03 15:06:40,818 - INFO     - img2od: 0 | od2fr: 0 | od2lpr: 0 | od2cap: 0 | fr2kr: 225 | lpr2kr: 0 | cap2udp: 0 | kr2udp: 0 | 
2026-05-03 15:06:41,819 - INFO     - img2od: 0 | od2fr: 0 | od2lpr: 0 | od2cap: 0 | fr2kr: 221 | lpr2kr: 0 | cap2udp: 0 | kr2udp: 1 | 
2026-05-03 15:06:42,820 - INFO     - img2od: 0 | od2fr: 0 | od2lpr: 0 | od2cap: 0 | fr2kr: 217 | lpr2kr: 0 | cap2udp: 0 | kr2udp: 1 | 
2026-05-03 15:06:43,822 - INFO     - img2od: 0 | od2fr: 0 | od2lpr: 0 | od2cap: 0 | fr2kr: 212 | lpr2kr: 0 | cap2udp: 0 | kr2udp: 1 | 
2026-05-03 15:06:44,823 - INFO     - img2od: 0 | od2fr: 0 | od2lpr: 0 | od2cap: 0 | fr2kr: 208 | lpr2kr: 0 | cap2udp: 0 | kr2udp: 1 | 
2026-05-03 15:06:45,824 - INFO     - img2od: 0 | od2fr: 0 | od2lpr: 0 | od2cap: 0 | fr2kr: 203 | lpr2kr: 0 | cap2udp: 0 | kr2udp: 1 | 
2026-05-03 15:06:46,825 - INFO     - img2od: 0 | od2fr: 0 | od2lpr: 0 | od2cap: 0 | fr2kr: 199 | lpr2kr: 0 | cap2udp: 0 | kr2udp: 1 | 
2026-05-03 15:06:47,827 - INFO     - img2od: 0 | od2fr: 0 | od2lpr: 0 | od2cap: 0 | fr2kr: 195 | lpr2kr: 0 | cap2udp: 0 | kr2udp: 1 | 
2026-05-03 15:06:48,828 - INFO     - img2od: 0 | od2fr: 0 | od2lpr: 0 | od2cap: 0 | fr2kr: 190 | lpr2kr: 0 | cap2udp: 0 | kr2udp: 1 | 
2026-05-03 15:06:49,829 - INFO     - img2od: 0 | od2fr: 0 | od2lpr: 0 | od2cap: 0 | fr2kr: 186 | lpr2kr: 0 | cap2udp: 0 | kr2udp: 0 | 
2026-05-03 15:06:50,830 - INFO     - img2od: 0 | od2fr: 0 | od2lpr: 0 | od2cap: 0 | fr2kr: 182 | lpr2kr: 0 | cap2udp: 0 | kr2udp: 1 | 
2026-05-03 15:06:51,832 - INFO     - img2od: 0 | od2fr: 0 | od2lpr: 0 | od2cap: 0 | fr2kr: 178 | lpr2kr: 0 | cap2udp: 0 | kr2udp: 1 | 
2026-05-03 15:06:52,833 - INFO     - img2od: 0 | od2fr: 0 | od2lpr: 0 | od2cap: 0 | fr2kr: 173 | lpr2kr: 0 | cap2udp: 0 | kr2udp: 1 | 
2026-05-03 15:06:53,834 - INFO     - img2od: 0 | od2fr: 0 | od2lpr: 0 | od2cap: 0 | fr2kr: 169 | lpr2kr: 0 | cap2udp: 0 | kr2udp: 0 | 
2026-05-03 15:06:54,835 - INFO     - img2od: 0 | od2fr: 0 | od2lpr: 0 | od2cap: 0 | fr2kr: 165 | lpr2kr: 0 | cap2udp: 0 | kr2udp: 1 | 
2026-05-03 15:06:55,837 - INFO     - img2od: 0 | od2fr: 0 | od2lpr: 0 | od2cap: 0 | fr2kr: 161 | lpr2kr: 0 | cap2udp: 0 | kr2udp: 1 | 
2026-05-03 15:06:56,838 - INFO     - img2od: 0 | od2fr: 0 | od2lpr: 0 | od2cap: 0 | fr2kr: 156 | lpr2kr: 0 | cap2udp: 0 | kr2udp: 1 | 
2026-05-03 15:06:57,839 - INFO     - img2od: 0 | od2fr: 0 | od2lpr: 0 | od2cap: 0 | fr2kr: 152 | lpr2kr: 0 | cap2udp: 0 | kr2udp: 1 | 
2026-05-03 15:06:58,840 - INFO     - img2od: 0 | od2fr: 0 | od2lpr: 0 | od2cap: 0 | fr2kr: 147 | lpr2kr: 0 | cap2udp: 0 | kr2udp: 1 | 
2026-05-03 15:06:59,842 - INFO     - img2od: 0 | od2fr: 0 | od2lpr: 0 | od2cap: 0 | fr2kr: 143 | lpr2kr: 0 | cap2udp: 0 | kr2udp: 0 | 
2026-05-03 15:07:00,843 - INFO     - img2od: 0 | od2fr: 0 | od2lpr: 0 | od2cap: 0 | fr2kr: 139 | lpr2kr: 0 | cap2udp: 0 | kr2udp: 1 | 
2026-05-03 15:07:01,844 - INFO     - img2od: 0 | od2fr: 0 | od2lpr: 0 | od2cap: 0 | fr2kr: 134 | lpr2kr: 0 | cap2udp: 0 | kr2udp: 1 | 
2026-05-03 15:07:02,845 - INFO     - img2od: 0 | od2fr: 0 | od2lpr: 0 | od2cap: 0 | fr2kr: 130 | lpr2kr: 0 | cap2udp: 0 | kr2udp: 0 | 
2026-05-03 15:07:03,846 - INFO     - img2od: 0 | od2fr: 0 | od2lpr: 0 | od2cap: 0 | fr2kr: 126 | lpr2kr: 0 | cap2udp: 0 | kr2udp: 1 | 
2026-05-03 15:07:04,848 - INFO     - img2od: 0 | od2fr: 0 | od2lpr: 0 | od2cap: 0 | fr2kr: 122 | lpr2kr: 0 | cap2udp: 0 | kr2udp: 1 | 
2026-05-03 15:07:05,849 - INFO     - img2od: 0 | od2fr: 0 | od2lpr: 0 | od2cap: 0 | fr2kr: 117 | lpr2kr: 0 | cap2udp: 0 | kr2udp: 1 | 
2026-05-03 15:07:06,850 - INFO     - img2od: 0 | od2fr: 0 | od2lpr: 0 | od2cap: 0 | fr2kr: 113 | lpr2kr: 0 | cap2udp: 0 | kr2udp: 1 | 
2026-05-03 15:07:07,851 - INFO     - img2od: 0 | od2fr: 0 | od2lpr: 0 | od2cap: 0 | fr2kr: 109 | lpr2kr: 0 | cap2udp: 0 | kr2udp: 1 | 
2026-05-03 15:07:08,853 - INFO     - img2od: 0 | od2fr: 0 | od2lpr: 0 | od2cap: 0 | fr2kr: 104 | lpr2kr: 0 | cap2udp: 0 | kr2udp: 1 | 
2026-05-03 15:07:09,854 - INFO     - img2od: 0 | od2fr: 0 | od2lpr: 0 | od2cap: 0 | fr2kr: 100 | lpr2kr: 0 | cap2udp: 0 | kr2udp: 1 | 
2026-05-03 15:07:10,855 - INFO     - img2od: 0 | od2fr: 0 | od2lpr: 0 | od2cap: 0 | fr2kr: 96 | lpr2kr: 0 | cap2udp: 0 | kr2udp: 1 | 
2026-05-03 15:07:11,856 - INFO     - img2od: 0 | od2fr: 0 | od2lpr: 0 | od2cap: 0 | fr2kr: 91 | lpr2kr: 0 | cap2udp: 0 | kr2udp: 1 | 
2026-05-03 15:07:12,858 - INFO     - img2od: 0 | od2fr: 0 | od2lpr: 0 | od2cap: 0 | fr2kr: 87 | lpr2kr: 0 | cap2udp: 0 | kr2udp: 0 | 
2026-05-03 15:07:13,859 - INFO     - img2od: 0 | od2fr: 0 | od2lpr: 0 | od2cap: 0 | fr2kr: 83 | lpr2kr: 0 | cap2udp: 0 | kr2udp: 1 | 
2026-05-03 15:07:14,860 - INFO     - img2od: 0 | od2fr: 0 | od2lpr: 0 | od2cap: 0 | fr2kr: 78 | lpr2kr: 0 | cap2udp: 0 | kr2udp: 1 | 
2026-05-03 15:07:15,861 - INFO     - img2od: 0 | od2fr: 0 | od2lpr: 0 | od2cap: 0 | fr2kr: 74 | lpr2kr: 0 | cap2udp: 0 | kr2udp: 0 | 
2026-05-03 15:07:16,863 - INFO     - img2od: 0 | od2fr: 0 | od2lpr: 0 | od2cap: 0 | fr2kr: 70 | lpr2kr: 0 | cap2udp: 0 | kr2udp: 1 | 
2026-05-03 15:07:17,864 - INFO     - img2od: 0 | od2fr: 0 | od2lpr: 0 | od2cap: 0 | fr2kr: 65 | lpr2kr: 0 | cap2udp: 0 | kr2udp: 1 | 
2026-05-03 15:07:18,865 - INFO     - img2od: 0 | od2fr: 0 | od2lpr: 0 | od2cap: 0 | fr2kr: 61 | lpr2kr: 0 | cap2udp: 0 | kr2udp: 1 | 
2026-05-03 15:07:19,866 - INFO     - img2od: 0 | od2fr: 0 | od2lpr: 0 | od2cap: 0 | fr2kr: 57 | lpr2kr: 0 | cap2udp: 0 | kr2udp: 1 | 
2026-05-03 15:07:20,867 - INFO     - img2od: 0 | od2fr: 0 | od2lpr: 0 | od2cap: 0 | fr2kr: 52 | lpr2kr: 0 | cap2udp: 0 | kr2udp: 1 | 
2026-05-03 15:07:21,869 - INFO     - img2od: 0 | od2fr: 0 | od2lpr: 0 | od2cap: 0 | fr2kr: 48 | lpr2kr: 0 | cap2udp: 0 | kr2udp: 0 | 
2026-05-03 15:07:22,870 - INFO     - img2od: 0 | od2fr: 0 | od2lpr: 0 | od2cap: 0 | fr2kr: 44 | lpr2kr: 0 | cap2udp: 0 | kr2udp: 1 | 
2026-05-03 15:07:23,871 - INFO     - img2od: 0 | od2fr: 0 | od2lpr: 0 | od2cap: 0 | fr2kr: 40 | lpr2kr: 0 | cap2udp: 0 | kr2udp: 1 | 
2026-05-03 15:07:24,872 - INFO     - img2od: 0 | od2fr: 0 | od2lpr: 0 | od2cap: 0 | fr2kr: 35 | lpr2kr: 0 | cap2udp: 0 | kr2udp: 1 | 
2026-05-03 15:07:25,873 - INFO     - img2od: 0 | od2fr: 0 | od2lpr: 0 | od2cap: 0 | fr2kr: 31 | lpr2kr: 0 | cap2udp: 0 | kr2udp: 1 | 
2026-05-03 15:07:26,874 - INFO     - img2od: 0 | od2fr: 0 | od2lpr: 0 | od2cap: 0 | fr2kr: 27 | lpr2kr: 0 | cap2udp: 0 | kr2udp: 1 | 
2026-05-03 15:07:27,875 - INFO     - img2od: 0 | od2fr: 0 | od2lpr: 0 | od2cap: 0 | fr2kr: 23 | lpr2kr: 0 | cap2udp: 0 | kr2udp: 1 | 
2026-05-03 15:07:28,876 - INFO     - img2od: 0 | od2fr: 0 | od2lpr: 0 | od2cap: 0 | fr2kr: 18 | lpr2kr: 0 | cap2udp: 0 | kr2udp: 0 | 
2026-05-03 15:07:29,878 - INFO     - img2od: 0 | od2fr: 0 | od2lpr: 0 | od2cap: 0 | fr2kr: 14 | lpr2kr: 0 | cap2udp: 0 | kr2udp: 1 | 
2026-05-03 15:07:30,879 - INFO     - img2od: 0 | od2fr: 0 | od2lpr: 0 | od2cap: 0 | fr2kr: 10 | lpr2kr: 0 | cap2udp: 0 | kr2udp: 1 | 
2026-05-03 15:07:31,880 - INFO     - img2od: 0 | od2fr: 0 | od2lpr: 0 | od2cap: 0 | fr2kr: 5 | lpr2kr: 0 | cap2udp: 0 | kr2udp: 1 | 
2026-05-03 15:07:32,775 - INFO     - krStream     : Received end signal from FR
2026-05-03 15:07:32,876 - INFO     - krStream     : Received BOTH END signal, shutting down
2026-05-03 15:07:32,881 - INFO     - img2od: 0 | od2fr: 0 | od2lpr: 0 | od2cap: 0 | fr2kr: 0 | lpr2kr: 0 | cap2udp: 0 | kr2udp: 0 | 
2026-05-03 15:07:32,966 - INFO     - udpStream    : Received end signal from KR
2026-05-03 15:07:33,034 - INFO     - krStream     : shutdown successful
2026-05-03 15:07:33,061 - INFO     - udpStream    : Received BOTH END signal, shutting down
2026-05-03 15:07:33,400 - INFO     - udpStream    : shutdown successful
2026-05-03 15:07:33,883 - INFO     - img2od: 0 | od2fr: 0 | od2lpr: 0 | od2cap: 0 | fr2kr: 0 | lpr2kr: 0 | cap2udp: 0 | kr2udp: 0 | 
2026-05-03 15:07:34,884 - INFO     - img2od: 0 | od2fr: 0 | od2lpr: 0 | od2cap: 0 | fr2kr: 0 | lpr2kr: 0 | cap2udp: 0 | kr2udp: 0 | 
2026-05-03 15:07:35,885 - INFO     - img2od: 0 | od2fr: 0 | od2lpr: 0 | od2cap: 0 | fr2kr: 0 | lpr2kr: 0 | cap2udp: 0 | kr2udp: 0 | 
2026-05-03 15:07:36,886 - INFO     - img2od: 0 | od2fr: 0 | od2lpr: 0 | od2cap: 0 | fr2kr: 0 | lpr2kr: 0 | cap2udp: 0 | kr2udp: 0 | 
2026-05-03 15:07:37,888 - INFO     - img2od: 0 | od2fr: 0 | od2lpr: 0 | od2cap: 0 | fr2kr: 0 | lpr2kr: 0 | cap2udp: 0 | kr2udp: 0 | 
2026-05-03 15:07:38,889 - INFO     - All queues empty, job done
2026-05-03 15:07:38,890 - INFO     - Queue logs written to ./profile_exp/clean100/gauss/QUEUEWATCH.json
2026-05-03 15:07:39,386 - INFO     - Reach FINALLY block in MAIN process
2026-05-03 15:07:39,386 - INFO     - Starting cleanup of 7 processes.
2026-05-03 15:07:39,386 - INFO     - Draining and closing 8 queues.
2026-05-03 15:07:39,386 - INFO     - Starting cleanup for queue 0, queue size: 0.
2026-05-03 15:07:39,386 - INFO     - Starting cleanup for queue 1, queue size: 0.
2026-05-03 15:07:39,386 - INFO     - Starting cleanup for queue 2, queue size: 0.
2026-05-03 15:07:39,386 - INFO     - Starting cleanup for queue 3, queue size: 0.
2026-05-03 15:07:39,386 - INFO     - Starting cleanup for queue 4, queue size: 0.
2026-05-03 15:07:39,386 - INFO     - Starting cleanup for queue 5, queue size: 0.
2026-05-03 15:07:39,386 - INFO     - Starting cleanup for queue 6, queue size: 0.
2026-05-03 15:07:39,386 - INFO     - Starting cleanup for queue 7, queue size: 0.
2026-05-03 15:07:39,386 - INFO     - Cleanup complete.
2026-05-03 15:07:39,386 - INFO     - Cleaned up resources in MAIN process
2026-05-03 15:07:39,387 - INFO     - Summary written to ./profile_exp/clean100/gauss/SUMMARY.json

======================================================================
PROFILING SUMMARY
======================================================================
  Total wall time:    154.33s
  Images processed:   100
  Throughput:         0.6480 img/s
  Avg E2E latency:    38.7204s
  Min E2E latency:    0.0218s
  Max E2E latency:    118.6440s

  Component          Count  Dropped     FLOPs/call    Total FLOPs
  --------------- -------- -------- -------------- --------------
  odStream             100        0   153844849936 15384484993600
  frStream             540        0     2837404864  1532198626560
  lprStream             63        0      733421824    46205574912
  capStream             42        0   373311103169 15679066333098
  krStream             603        0            n/a            n/a
  udpStream            645        0            n/a            n/a

  Total FLOPs:        32641955528170
======================================================================
