2026-05-04 08:40:16,646 - INFO     - imgStream    : internal profiling set to False
2026-05-04 08:40:16,646 - INFO     - odStream     : internal profiling set to False
2026-05-04 08:40:16,646 - INFO     - frStream     : internal profiling set to False
2026-05-04 08:40:16,646 - INFO     - lprStream    : internal profiling set to False
2026-05-04 08:40:16,646 - INFO     - capStream    : internal profiling set to False
2026-05-04 08:40:16,646 - INFO     - krStream     : internal profiling set to False
2026-05-04 08:40:16,646 - INFO     - udpStream    : internal profiling set to False


================================================================================
|                                                                              |
|                     Running: Traffic Monitoring Pipeline                     |
|                                                                              |
|                         Algorithm: None, Model ID: 0                         |
|                                                                              |
|                             Target Indices: none                             |
|                                                                              |
|                             2026-05-04 08:40:16                              |
|                                                                              |
================================================================================


Number of CUDA devices: 1
2026-05-04 08:40:19,550 - INFO     - img2od: 0 | od2fr: 0 | od2lpr: 0 | od2cap: 0 | fr2kr: 0 | lpr2kr: 0 | cap2udp: 0 | kr2udp: 0 | 
2026-05-04 08:40:19,552 - INFO     - imgStream    : input defense = smoothing
2026-05-04 08:40:19,553 - INFO     - imgStream    : mix mode ratio=0.05 seed=3 -> 95 clean / 5 attack
2026-05-04 08:40:19,553 - INFO     - imgStream    : started
/home/lxt230026/.conda/envs/dyndl/lib/python3.10/site-packages/facenet_pytorch/models/inception_resnet_v1.py:329: FutureWarning: You are using `torch.load` with `weights_only=False` (the current default value), which uses the default pickle module implicitly. It is possible to construct malicious pickle data which will execute arbitrary code during unpickling (See https://github.com/pytorch/pytorch/blob/main/SECURITY.md#untrusted-models for more details). In a future release, the default value for `weights_only` will be flipped to `True`. This limits the functions that could be executed during unpickling. Arbitrary objects will no longer be allowed to be loaded via this mode unless they are explicitly allowlisted by the user via `torch.serialization.add_safe_globals`. We recommend you start setting `weights_only=True` for any use case where you don't have full control of the loaded file. Please open an issue on GitHub for any issues related to this experimental feature.
  state_dict = torch.load(cached_file)
2026-05-04 08:40:20,315 - INFO     - krStream     : face embeddings loaded, found 1000 embeddings
2026-05-04 08:40:20,315 - INFO     - krStream     : started
2026-05-04 08:40:20,376 - INFO     - frStream     : FR model loaded, model_id = vggface2
2026-05-04 08:40:20,376 - INFO     - frStream     : started
2026-05-04 08:40:20,530 - INFO     - odStream     : OD model loaded, model_id = 0
2026-05-04 08:40:20,530 - INFO     - odStream     : started
2026-05-04 08:40:20,551 - INFO     - img2od: 2 | od2fr: 0 | od2lpr: 0 | od2cap: 0 | fr2kr: 0 | lpr2kr: 0 | cap2udp: 0 | kr2udp: 0 | 
/home/lxt230026/EfficiencyAttack/traffic/cmpnt/c4_lpr.py:145: FutureWarning: You are using `torch.load` with `weights_only=False` (the current default value), which uses the default pickle module implicitly. It is possible to construct malicious pickle data which will execute arbitrary code during unpickling (See https://github.com/pytorch/pytorch/blob/main/SECURITY.md#untrusted-models for more details). In a future release, the default value for `weights_only` will be flipped to `True`. This limits the functions that could be executed during unpickling. Arbitrary objects will no longer be allowed to be loaded via this mode unless they are explicitly allowlisted by the user via `torch.serialization.add_safe_globals`. We recommend you start setting `weights_only=True` for any use case where you don't have full control of the loaded file. Please open an issue on GitHub for any issues related to this experimental feature.
  self.checkpoint = torch.load(self.model_id, map_location='cpu')
2026-05-04 08:40:21,093 - INFO     - Using custom providers: ['CPUExecutionProvider']
2026-05-04 08:40:21,093 - INFO     - Skipping download of 'argentinian-plates-cnn-model' model, already exists at /home/lxt230026/.cache/fast-plate-ocr/argentinian-plates-cnn-model
2026-05-04 08:40:21,107 - INFO     - lprStream    : LPR model loaded, model_id = model_v2.pth
2026-05-04 08:40:21,107 - INFO     - lprStream    : started
2026-05-04 08:40:21,117 - INFO     - udpStream    : LM model loaded, model_id = gpt2
2026-05-04 08:40:21,117 - INFO     - udpStream    : started
2026-05-04 08:40:21,401 - INFO     - capStream    : CAP model loaded, model_id = microsoft/git-base
2026-05-04 08:40:21,401 - INFO     - capStream    : started
2026-05-04 08:40:21,552 - INFO     - img2od: 6 | od2fr: 3 | od2lpr: 0 | od2cap: 0 | fr2kr: 0 | lpr2kr: 0 | cap2udp: 0 | kr2udp: 0 | 
2026-05-04 08:40:22,552 - INFO     - img2od: 5 | od2fr: 4 | od2lpr: 0 | od2cap: 2 | fr2kr: 2 | lpr2kr: 0 | cap2udp: 0 | kr2udp: 1 | 
2026-05-04 08:40:23,553 - INFO     - img2od: 3 | od2fr: 0 | od2lpr: 0 | od2cap: 1 | fr2kr: 5 | lpr2kr: 0 | cap2udp: 1 | kr2udp: 1 | 
2026-05-04 08:40:24,554 - INFO     - img2od: 2 | od2fr: 15 | od2lpr: 0 | od2cap: 0 | fr2kr: 7 | lpr2kr: 3 | cap2udp: 0 | kr2udp: 1 | 
2026-05-04 08:40:25,555 - INFO     - img2od: 1 | od2fr: 12 | od2lpr: 0 | od2cap: 0 | fr2kr: 10 | lpr2kr: 0 | cap2udp: 0 | kr2udp: 0 | 
2026-05-04 08:40:26,556 - INFO     - img2od: 0 | od2fr: 29 | od2lpr: 0 | od2cap: 0 | fr2kr: 13 | lpr2kr: 0 | cap2udp: 1 | kr2udp: 0 | 
2026-05-04 08:40:27,557 - INFO     - img2od: 0 | od2fr: 35 | od2lpr: 0 | od2cap: 0 | fr2kr: 16 | lpr2kr: 0 | cap2udp: 0 | kr2udp: 0 | 
2026-05-04 08:40:28,558 - INFO     - img2od: 0 | od2fr: 34 | od2lpr: 0 | od2cap: 0 | fr2kr: 18 | lpr2kr: 0 | cap2udp: 0 | kr2udp: 0 | 
2026-05-04 08:40:29,559 - INFO     - img2od: 0 | od2fr: 60 | od2lpr: 0 | od2cap: 0 | fr2kr: 21 | lpr2kr: 0 | cap2udp: 0 | kr2udp: 0 | 
2026-05-04 08:40:30,561 - INFO     - img2od: 0 | od2fr: 86 | od2lpr: 0 | od2cap: 0 | fr2kr: 25 | lpr2kr: 0 | cap2udp: 0 | kr2udp: 1 | 
2026-05-04 08:40:31,562 - INFO     - img2od: 0 | od2fr: 98 | od2lpr: 0 | od2cap: 0 | fr2kr: 27 | lpr2kr: 0 | cap2udp: 0 | kr2udp: 1 | 
2026-05-04 08:40:32,563 - INFO     - img2od: 0 | od2fr: 122 | od2lpr: 107 | od2cap: 0 | fr2kr: 30 | lpr2kr: 6 | cap2udp: 0 | kr2udp: 1 | 
2026-05-04 08:40:33,564 - INFO     - img2od: 0 | od2fr: 143 | od2lpr: 81 | od2cap: 0 | fr2kr: 34 | lpr2kr: 36 | cap2udp: 0 | kr2udp: 0 | 
2026-05-04 08:40:34,565 - INFO     - img2od: 0 | od2fr: 183 | od2lpr: 53 | od2cap: 0 | fr2kr: 38 | lpr2kr: 62 | cap2udp: 0 | kr2udp: 1 | 
2026-05-04 08:40:35,566 - INFO     - img2od: 0 | od2fr: 183 | od2lpr: 19 | od2cap: 0 | fr2kr: 41 | lpr2kr: 95 | cap2udp: 0 | kr2udp: 1 | 
2026-05-04 08:40:36,567 - INFO     - img2od: 0 | od2fr: 249 | od2lpr: 13 | od2cap: 0 | fr2kr: 45 | lpr2kr: 121 | cap2udp: 0 | kr2udp: 1 | 
2026-05-04 08:40:37,568 - INFO     - img2od: 0 | od2fr: 268 | od2lpr: 0 | od2cap: 0 | fr2kr: 48 | lpr2kr: 132 | cap2udp: 0 | kr2udp: 1 | 
2026-05-04 08:40:38,569 - INFO     - img2od: 0 | od2fr: 294 | od2lpr: 76 | od2cap: 0 | fr2kr: 53 | lpr2kr: 142 | cap2udp: 0 | kr2udp: 0 | 
2026-05-04 08:40:39,570 - INFO     - img2od: 0 | od2fr: 294 | od2lpr: 69 | od2cap: 0 | fr2kr: 56 | lpr2kr: 172 | cap2udp: 0 | kr2udp: 0 | 
2026-05-04 08:40:40,571 - INFO     - img2od: 0 | od2fr: 295 | od2lpr: 27 | od2cap: 0 | fr2kr: 60 | lpr2kr: 215 | cap2udp: 0 | kr2udp: 1 | 
2026-05-04 08:40:41,572 - INFO     - img2od: 0 | od2fr: 292 | od2lpr: 0 | od2cap: 0 | fr2kr: 63 | lpr2kr: 240 | cap2udp: 0 | kr2udp: 1 | 
2026-05-04 08:40:42,573 - INFO     - img2od: 0 | od2fr: 304 | od2lpr: 2 | od2cap: 0 | fr2kr: 66 | lpr2kr: 244 | cap2udp: 1 | kr2udp: 1 | 
2026-05-04 08:40:43,574 - INFO     - img2od: 0 | od2fr: 305 | od2lpr: 0 | od2cap: 0 | fr2kr: 70 | lpr2kr: 243 | cap2udp: 0 | kr2udp: 1 | 
2026-05-04 08:40:44,576 - INFO     - img2od: 0 | od2fr: 330 | od2lpr: 0 | od2cap: 0 | fr2kr: 74 | lpr2kr: 257 | cap2udp: 0 | kr2udp: 1 | 
2026-05-04 08:40:45,577 - INFO     - img2od: 0 | od2fr: 333 | od2lpr: 0 | od2cap: 0 | fr2kr: 78 | lpr2kr: 254 | cap2udp: 0 | kr2udp: 0 | 
2026-05-04 08:40:46,027 - INFO     - imgStream    : completed, sending END signal
2026-05-04 08:40:46,027 - INFO     - imgStream    : shutdown
2026-05-04 08:40:46,183 - INFO     - odStream     : Received END signal, shutting down
2026-05-04 08:40:46,189 - INFO     - capStream    : Received END signal, shutting down
2026-05-04 08:40:46,193 - INFO     - imgStream    : shutdown successful
2026-05-04 08:40:46,311 - INFO     - udpStream    : Received end signal from CAP
2026-05-04 08:40:46,447 - INFO     - odStream     : shutdown successful
2026-05-04 08:40:46,578 - INFO     - img2od: 0 | od2fr: 332 | od2lpr: 477 | od2cap: 0 | fr2kr: 81 | lpr2kr: 289 | cap2udp: 0 | kr2udp: 1 | 
2026-05-04 08:40:46,701 - INFO     - capStream    : shutdown successful
2026-05-04 08:40:47,579 - INFO     - img2od: 0 | od2fr: 326 | od2lpr: 402 | od2cap: 0 | fr2kr: 85 | lpr2kr: 361 | cap2udp: 0 | kr2udp: 1 | 
2026-05-04 08:40:48,580 - INFO     - img2od: 0 | od2fr: 320 | od2lpr: 325 | od2cap: 0 | fr2kr: 88 | lpr2kr: 435 | cap2udp: 0 | kr2udp: 1 | 
2026-05-04 08:40:49,581 - INFO     - img2od: 0 | od2fr: 314 | od2lpr: 245 | od2cap: 0 | fr2kr: 91 | lpr2kr: 513 | cap2udp: 0 | kr2udp: 1 | 
2026-05-04 08:40:50,582 - INFO     - img2od: 0 | od2fr: 308 | od2lpr: 159 | od2cap: 0 | fr2kr: 95 | lpr2kr: 597 | cap2udp: 0 | kr2udp: 1 | 
2026-05-04 08:40:51,583 - INFO     - img2od: 0 | od2fr: 301 | od2lpr: 73 | od2cap: 0 | fr2kr: 98 | lpr2kr: 679 | cap2udp: 0 | kr2udp: 0 | 
2026-05-04 08:40:52,461 - INFO     - lprStream    : Received END signal, shutting down
2026-05-04 08:40:52,584 - INFO     - img2od: 0 | od2fr: 295 | od2lpr: 0 | od2cap: 0 | fr2kr: 102 | lpr2kr: 750 | cap2udp: 0 | kr2udp: 1 | 
2026-05-04 08:40:52,593 - INFO     - lprStream    : shutdown successful
2026-05-04 08:40:53,585 - INFO     - img2od: 0 | od2fr: 288 | od2lpr: 0 | od2cap: 0 | fr2kr: 105 | lpr2kr: 748 | cap2udp: 0 | kr2udp: 1 | 
2026-05-04 08:40:54,586 - INFO     - img2od: 0 | od2fr: 281 | od2lpr: 0 | od2cap: 0 | fr2kr: 111 | lpr2kr: 745 | cap2udp: 0 | kr2udp: 1 | 
2026-05-04 08:40:55,587 - INFO     - img2od: 0 | od2fr: 274 | od2lpr: 0 | od2cap: 0 | fr2kr: 115 | lpr2kr: 742 | cap2udp: 0 | kr2udp: 0 | 
2026-05-04 08:40:56,587 - INFO     - img2od: 0 | od2fr: 267 | od2lpr: 0 | od2cap: 0 | fr2kr: 119 | lpr2kr: 740 | cap2udp: 0 | kr2udp: 1 | 
2026-05-04 08:40:57,588 - INFO     - img2od: 0 | od2fr: 260 | od2lpr: 0 | od2cap: 0 | fr2kr: 123 | lpr2kr: 737 | cap2udp: 0 | kr2udp: 1 | 
2026-05-04 08:40:58,590 - INFO     - img2od: 0 | od2fr: 253 | od2lpr: 0 | od2cap: 0 | fr2kr: 128 | lpr2kr: 734 | cap2udp: 0 | kr2udp: 1 | 
2026-05-04 08:40:59,591 - INFO     - img2od: 0 | od2fr: 246 | od2lpr: 0 | od2cap: 0 | fr2kr: 132 | lpr2kr: 731 | cap2udp: 0 | kr2udp: 0 | 
2026-05-04 08:41:00,592 - INFO     - img2od: 0 | od2fr: 239 | od2lpr: 0 | od2cap: 0 | fr2kr: 136 | lpr2kr: 729 | cap2udp: 0 | kr2udp: 0 | 
2026-05-04 08:41:01,593 - INFO     - img2od: 0 | od2fr: 232 | od2lpr: 0 | od2cap: 0 | fr2kr: 140 | lpr2kr: 726 | cap2udp: 0 | kr2udp: 1 | 
2026-05-04 08:41:02,595 - INFO     - img2od: 0 | od2fr: 224 | od2lpr: 0 | od2cap: 0 | fr2kr: 146 | lpr2kr: 723 | cap2udp: 0 | kr2udp: 1 | 
2026-05-04 08:41:03,596 - INFO     - img2od: 0 | od2fr: 217 | od2lpr: 0 | od2cap: 0 | fr2kr: 150 | lpr2kr: 720 | cap2udp: 0 | kr2udp: 1 | 
2026-05-04 08:41:04,597 - INFO     - img2od: 0 | od2fr: 210 | od2lpr: 0 | od2cap: 0 | fr2kr: 154 | lpr2kr: 718 | cap2udp: 0 | kr2udp: 0 | 
2026-05-04 08:41:05,598 - INFO     - img2od: 0 | od2fr: 203 | od2lpr: 0 | od2cap: 0 | fr2kr: 158 | lpr2kr: 715 | cap2udp: 0 | kr2udp: 1 | 
2026-05-04 08:41:06,599 - INFO     - img2od: 0 | od2fr: 196 | od2lpr: 0 | od2cap: 0 | fr2kr: 163 | lpr2kr: 712 | cap2udp: 0 | kr2udp: 1 | 
2026-05-04 08:41:07,601 - INFO     - img2od: 0 | od2fr: 189 | od2lpr: 0 | od2cap: 0 | fr2kr: 167 | lpr2kr: 709 | cap2udp: 0 | kr2udp: 1 | 
2026-05-04 08:41:08,602 - INFO     - img2od: 0 | od2fr: 182 | od2lpr: 0 | od2cap: 0 | fr2kr: 171 | lpr2kr: 707 | cap2udp: 0 | kr2udp: 0 | 
2026-05-04 08:41:09,603 - INFO     - img2od: 0 | od2fr: 175 | od2lpr: 0 | od2cap: 0 | fr2kr: 175 | lpr2kr: 704 | cap2udp: 0 | kr2udp: 1 | 
2026-05-04 08:41:10,604 - INFO     - img2od: 0 | od2fr: 168 | od2lpr: 0 | od2cap: 0 | fr2kr: 180 | lpr2kr: 701 | cap2udp: 0 | kr2udp: 1 | 
2026-05-04 08:41:11,605 - INFO     - img2od: 0 | od2fr: 161 | od2lpr: 0 | od2cap: 0 | fr2kr: 184 | lpr2kr: 698 | cap2udp: 0 | kr2udp: 1 | 
2026-05-04 08:41:12,607 - INFO     - img2od: 0 | od2fr: 154 | od2lpr: 0 | od2cap: 0 | fr2kr: 188 | lpr2kr: 695 | cap2udp: 0 | kr2udp: 1 | 
2026-05-04 08:41:13,608 - INFO     - img2od: 0 | od2fr: 147 | od2lpr: 0 | od2cap: 0 | fr2kr: 192 | lpr2kr: 692 | cap2udp: 0 | kr2udp: 1 | 
2026-05-04 08:41:14,609 - INFO     - img2od: 0 | od2fr: 140 | od2lpr: 0 | od2cap: 0 | fr2kr: 196 | lpr2kr: 690 | cap2udp: 0 | kr2udp: 1 | 
2026-05-04 08:41:15,610 - INFO     - img2od: 0 | od2fr: 133 | od2lpr: 0 | od2cap: 0 | fr2kr: 200 | lpr2kr: 687 | cap2udp: 0 | kr2udp: 1 | 
2026-05-04 08:41:16,612 - INFO     - img2od: 0 | od2fr: 126 | od2lpr: 0 | od2cap: 0 | fr2kr: 205 | lpr2kr: 684 | cap2udp: 0 | kr2udp: 1 | 
2026-05-04 08:41:17,613 - INFO     - img2od: 0 | od2fr: 119 | od2lpr: 0 | od2cap: 0 | fr2kr: 209 | lpr2kr: 681 | cap2udp: 0 | kr2udp: 1 | 
2026-05-04 08:41:18,614 - INFO     - img2od: 0 | od2fr: 112 | od2lpr: 0 | od2cap: 0 | fr2kr: 213 | lpr2kr: 679 | cap2udp: 0 | kr2udp: 0 | 
2026-05-04 08:41:19,615 - INFO     - img2od: 0 | od2fr: 104 | od2lpr: 0 | od2cap: 0 | fr2kr: 217 | lpr2kr: 676 | cap2udp: 0 | kr2udp: 1 | 
2026-05-04 08:41:20,616 - INFO     - img2od: 0 | od2fr: 97 | od2lpr: 0 | od2cap: 0 | fr2kr: 223 | lpr2kr: 673 | cap2udp: 0 | kr2udp: 1 | 
2026-05-04 08:41:21,618 - INFO     - img2od: 0 | od2fr: 90 | od2lpr: 0 | od2cap: 0 | fr2kr: 227 | lpr2kr: 670 | cap2udp: 0 | kr2udp: 1 | 
2026-05-04 08:41:22,619 - INFO     - img2od: 0 | od2fr: 83 | od2lpr: 0 | od2cap: 0 | fr2kr: 231 | lpr2kr: 668 | cap2udp: 0 | kr2udp: 0 | 
2026-05-04 08:41:23,620 - INFO     - img2od: 0 | od2fr: 76 | od2lpr: 0 | od2cap: 0 | fr2kr: 236 | lpr2kr: 665 | cap2udp: 0 | kr2udp: 1 | 
2026-05-04 08:41:24,621 - INFO     - img2od: 0 | od2fr: 69 | od2lpr: 0 | od2cap: 0 | fr2kr: 240 | lpr2kr: 662 | cap2udp: 0 | kr2udp: 1 | 
2026-05-04 08:41:25,623 - INFO     - img2od: 0 | od2fr: 62 | od2lpr: 0 | od2cap: 0 | fr2kr: 244 | lpr2kr: 659 | cap2udp: 0 | kr2udp: 1 | 
2026-05-04 08:41:26,624 - INFO     - img2od: 0 | od2fr: 55 | od2lpr: 0 | od2cap: 0 | fr2kr: 248 | lpr2kr: 657 | cap2udp: 0 | kr2udp: 0 | 
2026-05-04 08:41:27,625 - INFO     - img2od: 0 | od2fr: 47 | od2lpr: 0 | od2cap: 0 | fr2kr: 253 | lpr2kr: 654 | cap2udp: 0 | kr2udp: 1 | 
2026-05-04 08:41:28,626 - INFO     - img2od: 0 | od2fr: 40 | od2lpr: 0 | od2cap: 0 | fr2kr: 258 | lpr2kr: 651 | cap2udp: 0 | kr2udp: 0 | 
2026-05-04 08:41:29,627 - INFO     - img2od: 0 | od2fr: 33 | od2lpr: 0 | od2cap: 0 | fr2kr: 262 | lpr2kr: 648 | cap2udp: 0 | kr2udp: 1 | 
2026-05-04 08:41:30,629 - INFO     - img2od: 0 | od2fr: 26 | od2lpr: 0 | od2cap: 0 | fr2kr: 266 | lpr2kr: 646 | cap2udp: 0 | kr2udp: 1 | 
2026-05-04 08:41:31,630 - INFO     - img2od: 0 | od2fr: 19 | od2lpr: 0 | od2cap: 0 | fr2kr: 271 | lpr2kr: 643 | cap2udp: 0 | kr2udp: 1 | 
2026-05-04 08:41:32,631 - INFO     - img2od: 0 | od2fr: 12 | od2lpr: 0 | od2cap: 0 | fr2kr: 275 | lpr2kr: 640 | cap2udp: 0 | kr2udp: 0 | 
2026-05-04 08:41:33,632 - INFO     - img2od: 0 | od2fr: 4 | od2lpr: 0 | od2cap: 0 | fr2kr: 280 | lpr2kr: 637 | cap2udp: 0 | kr2udp: 1 | 
loading model on device: cuda
Initializing checkpoint: PekingU/rtdetr_r50vd, ID: 0
2026-05-04 08:41:34,178 - INFO     - frStream     : Received END signal, shutting down
2026-05-04 08:41:34,372 - INFO     - frStream     : shutdown successful
2026-05-04 08:41:34,633 - INFO     - img2od: 0 | od2fr: 0 | od2lpr: 0 | od2cap: 0 | fr2kr: 281 | lpr2kr: 635 | cap2udp: 0 | kr2udp: 1 | 
2026-05-04 08:41:35,634 - INFO     - img2od: 0 | od2fr: 0 | od2lpr: 0 | od2cap: 0 | fr2kr: 279 | lpr2kr: 632 | cap2udp: 0 | kr2udp: 1 | 
2026-05-04 08:41:36,636 - INFO     - img2od: 0 | od2fr: 0 | od2lpr: 0 | od2cap: 0 | fr2kr: 276 | lpr2kr: 629 | cap2udp: 0 | kr2udp: 1 | 
2026-05-04 08:41:37,637 - INFO     - img2od: 0 | od2fr: 0 | od2lpr: 0 | od2cap: 0 | fr2kr: 273 | lpr2kr: 626 | cap2udp: 0 | kr2udp: 0 | 
2026-05-04 08:41:38,638 - INFO     - img2od: 0 | od2fr: 0 | od2lpr: 0 | od2cap: 0 | fr2kr: 270 | lpr2kr: 624 | cap2udp: 0 | kr2udp: 0 | 
2026-05-04 08:41:39,639 - INFO     - img2od: 0 | od2fr: 0 | od2lpr: 0 | od2cap: 0 | fr2kr: 267 | lpr2kr: 621 | cap2udp: 0 | kr2udp: 1 | 
2026-05-04 08:41:40,640 - INFO     - img2od: 0 | od2fr: 0 | od2lpr: 0 | od2cap: 0 | fr2kr: 264 | lpr2kr: 618 | cap2udp: 0 | kr2udp: 1 | 
2026-05-04 08:41:41,642 - INFO     - img2od: 0 | od2fr: 0 | od2lpr: 0 | od2cap: 0 | fr2kr: 262 | lpr2kr: 615 | cap2udp: 0 | kr2udp: 1 | 
2026-05-04 08:41:42,643 - INFO     - img2od: 0 | od2fr: 0 | od2lpr: 0 | od2cap: 0 | fr2kr: 259 | lpr2kr: 612 | cap2udp: 0 | kr2udp: 1 | 
2026-05-04 08:41:43,644 - INFO     - img2od: 0 | od2fr: 0 | od2lpr: 0 | od2cap: 0 | fr2kr: 256 | lpr2kr: 609 | cap2udp: 0 | kr2udp: 1 | 
2026-05-04 08:41:44,645 - INFO     - img2od: 0 | od2fr: 0 | od2lpr: 0 | od2cap: 0 | fr2kr: 253 | lpr2kr: 606 | cap2udp: 0 | kr2udp: 1 | 
2026-05-04 08:41:45,646 - INFO     - img2od: 0 | od2fr: 0 | od2lpr: 0 | od2cap: 0 | fr2kr: 250 | lpr2kr: 603 | cap2udp: 0 | kr2udp: 1 | 
2026-05-04 08:41:46,648 - INFO     - img2od: 0 | od2fr: 0 | od2lpr: 0 | od2cap: 0 | fr2kr: 247 | lpr2kr: 600 | cap2udp: 0 | kr2udp: 1 | 
2026-05-04 08:41:47,649 - INFO     - img2od: 0 | od2fr: 0 | od2lpr: 0 | od2cap: 0 | fr2kr: 244 | lpr2kr: 598 | cap2udp: 0 | kr2udp: 0 | 
2026-05-04 08:41:48,650 - INFO     - img2od: 0 | od2fr: 0 | od2lpr: 0 | od2cap: 0 | fr2kr: 241 | lpr2kr: 595 | cap2udp: 0 | kr2udp: 1 | 
2026-05-04 08:41:49,651 - INFO     - img2od: 0 | od2fr: 0 | od2lpr: 0 | od2cap: 0 | fr2kr: 239 | lpr2kr: 592 | cap2udp: 0 | kr2udp: 1 | 
2026-05-04 08:41:50,652 - INFO     - img2od: 0 | od2fr: 0 | od2lpr: 0 | od2cap: 0 | fr2kr: 236 | lpr2kr: 589 | cap2udp: 0 | kr2udp: 1 | 
2026-05-04 08:41:51,653 - INFO     - img2od: 0 | od2fr: 0 | od2lpr: 0 | od2cap: 0 | fr2kr: 233 | lpr2kr: 586 | cap2udp: 0 | kr2udp: 0 | 
2026-05-04 08:41:52,655 - INFO     - img2od: 0 | od2fr: 0 | od2lpr: 0 | od2cap: 0 | fr2kr: 230 | lpr2kr: 583 | cap2udp: 0 | kr2udp: 1 | 
2026-05-04 08:41:53,656 - INFO     - img2od: 0 | od2fr: 0 | od2lpr: 0 | od2cap: 0 | fr2kr: 227 | lpr2kr: 580 | cap2udp: 0 | kr2udp: 0 | 
2026-05-04 08:41:54,657 - INFO     - img2od: 0 | od2fr: 0 | od2lpr: 0 | od2cap: 0 | fr2kr: 224 | lpr2kr: 577 | cap2udp: 0 | kr2udp: 0 | 
2026-05-04 08:41:55,658 - INFO     - img2od: 0 | od2fr: 0 | od2lpr: 0 | od2cap: 0 | fr2kr: 221 | lpr2kr: 574 | cap2udp: 0 | kr2udp: 1 | 
2026-05-04 08:41:56,660 - INFO     - img2od: 0 | od2fr: 0 | od2lpr: 0 | od2cap: 0 | fr2kr: 218 | lpr2kr: 572 | cap2udp: 0 | kr2udp: 0 | 
2026-05-04 08:41:57,661 - INFO     - img2od: 0 | od2fr: 0 | od2lpr: 0 | od2cap: 0 | fr2kr: 215 | lpr2kr: 569 | cap2udp: 0 | kr2udp: 0 | 
2026-05-04 08:41:58,662 - INFO     - img2od: 0 | od2fr: 0 | od2lpr: 0 | od2cap: 0 | fr2kr: 212 | lpr2kr: 566 | cap2udp: 0 | kr2udp: 1 | 
2026-05-04 08:41:59,663 - INFO     - img2od: 0 | od2fr: 0 | od2lpr: 0 | od2cap: 0 | fr2kr: 209 | lpr2kr: 563 | cap2udp: 0 | kr2udp: 0 | 
2026-05-04 08:42:00,664 - INFO     - img2od: 0 | od2fr: 0 | od2lpr: 0 | od2cap: 0 | fr2kr: 207 | lpr2kr: 560 | cap2udp: 0 | kr2udp: 1 | 
2026-05-04 08:42:01,665 - INFO     - img2od: 0 | od2fr: 0 | od2lpr: 0 | od2cap: 0 | fr2kr: 204 | lpr2kr: 557 | cap2udp: 0 | kr2udp: 1 | 
2026-05-04 08:42:02,666 - INFO     - img2od: 0 | od2fr: 0 | od2lpr: 0 | od2cap: 0 | fr2kr: 201 | lpr2kr: 554 | cap2udp: 0 | kr2udp: 1 | 
2026-05-04 08:42:03,667 - INFO     - img2od: 0 | od2fr: 0 | od2lpr: 0 | od2cap: 0 | fr2kr: 198 | lpr2kr: 551 | cap2udp: 0 | kr2udp: 1 | 
2026-05-04 08:42:04,669 - INFO     - img2od: 0 | od2fr: 0 | od2lpr: 0 | od2cap: 0 | fr2kr: 195 | lpr2kr: 548 | cap2udp: 0 | kr2udp: 1 | 
2026-05-04 08:42:05,670 - INFO     - img2od: 0 | od2fr: 0 | od2lpr: 0 | od2cap: 0 | fr2kr: 192 | lpr2kr: 545 | cap2udp: 0 | kr2udp: 0 | 
2026-05-04 08:42:06,671 - INFO     - img2od: 0 | od2fr: 0 | od2lpr: 0 | od2cap: 0 | fr2kr: 189 | lpr2kr: 542 | cap2udp: 0 | kr2udp: 0 | 
2026-05-04 08:42:07,672 - INFO     - img2od: 0 | od2fr: 0 | od2lpr: 0 | od2cap: 0 | fr2kr: 186 | lpr2kr: 539 | cap2udp: 0 | kr2udp: 0 | 
2026-05-04 08:42:08,674 - INFO     - img2od: 0 | od2fr: 0 | od2lpr: 0 | od2cap: 0 | fr2kr: 183 | lpr2kr: 536 | cap2udp: 0 | kr2udp: 1 | 
2026-05-04 08:42:09,675 - INFO     - img2od: 0 | od2fr: 0 | od2lpr: 0 | od2cap: 0 | fr2kr: 180 | lpr2kr: 534 | cap2udp: 0 | kr2udp: 0 | 
2026-05-04 08:42:10,676 - INFO     - img2od: 0 | od2fr: 0 | od2lpr: 0 | od2cap: 0 | fr2kr: 177 | lpr2kr: 531 | cap2udp: 0 | kr2udp: 0 | 
2026-05-04 08:42:11,677 - INFO     - img2od: 0 | od2fr: 0 | od2lpr: 0 | od2cap: 0 | fr2kr: 174 | lpr2kr: 528 | cap2udp: 0 | kr2udp: 0 | 
2026-05-04 08:42:12,678 - INFO     - img2od: 0 | od2fr: 0 | od2lpr: 0 | od2cap: 0 | fr2kr: 171 | lpr2kr: 525 | cap2udp: 0 | kr2udp: 0 | 
2026-05-04 08:42:13,680 - INFO     - img2od: 0 | od2fr: 0 | od2lpr: 0 | od2cap: 0 | fr2kr: 168 | lpr2kr: 522 | cap2udp: 0 | kr2udp: 1 | 
2026-05-04 08:42:14,681 - INFO     - img2od: 0 | od2fr: 0 | od2lpr: 0 | od2cap: 0 | fr2kr: 166 | lpr2kr: 519 | cap2udp: 0 | kr2udp: 1 | 
2026-05-04 08:42:15,682 - INFO     - img2od: 0 | od2fr: 0 | od2lpr: 0 | od2cap: 0 | fr2kr: 163 | lpr2kr: 516 | cap2udp: 0 | kr2udp: 1 | 
2026-05-04 08:42:16,683 - INFO     - img2od: 0 | od2fr: 0 | od2lpr: 0 | od2cap: 0 | fr2kr: 160 | lpr2kr: 513 | cap2udp: 0 | kr2udp: 1 | 
2026-05-04 08:42:17,685 - INFO     - img2od: 0 | od2fr: 0 | od2lpr: 0 | od2cap: 0 | fr2kr: 157 | lpr2kr: 510 | cap2udp: 0 | kr2udp: 1 | 
2026-05-04 08:42:18,686 - INFO     - img2od: 0 | od2fr: 0 | od2lpr: 0 | od2cap: 0 | fr2kr: 154 | lpr2kr: 507 | cap2udp: 0 | kr2udp: 0 | 
2026-05-04 08:42:19,687 - INFO     - img2od: 0 | od2fr: 0 | od2lpr: 0 | od2cap: 0 | fr2kr: 151 | lpr2kr: 504 | cap2udp: 0 | kr2udp: 0 | 
2026-05-04 08:42:20,688 - INFO     - img2od: 0 | od2fr: 0 | od2lpr: 0 | od2cap: 0 | fr2kr: 148 | lpr2kr: 501 | cap2udp: 0 | kr2udp: 1 | 
2026-05-04 08:42:21,690 - INFO     - img2od: 0 | od2fr: 0 | od2lpr: 0 | od2cap: 0 | fr2kr: 145 | lpr2kr: 498 | cap2udp: 0 | kr2udp: 0 | 
2026-05-04 08:42:22,691 - INFO     - img2od: 0 | od2fr: 0 | od2lpr: 0 | od2cap: 0 | fr2kr: 142 | lpr2kr: 495 | cap2udp: 0 | kr2udp: 1 | 
2026-05-04 08:42:23,692 - INFO     - img2od: 0 | od2fr: 0 | od2lpr: 0 | od2cap: 0 | fr2kr: 139 | lpr2kr: 493 | cap2udp: 0 | kr2udp: 0 | 
2026-05-04 08:42:24,693 - INFO     - img2od: 0 | od2fr: 0 | od2lpr: 0 | od2cap: 0 | fr2kr: 136 | lpr2kr: 490 | cap2udp: 0 | kr2udp: 0 | 
2026-05-04 08:42:25,695 - INFO     - img2od: 0 | od2fr: 0 | od2lpr: 0 | od2cap: 0 | fr2kr: 133 | lpr2kr: 487 | cap2udp: 0 | kr2udp: 1 | 
2026-05-04 08:42:26,696 - INFO     - img2od: 0 | od2fr: 0 | od2lpr: 0 | od2cap: 0 | fr2kr: 130 | lpr2kr: 484 | cap2udp: 0 | kr2udp: 1 | 
2026-05-04 08:42:27,697 - INFO     - img2od: 0 | od2fr: 0 | od2lpr: 0 | od2cap: 0 | fr2kr: 127 | lpr2kr: 481 | cap2udp: 0 | kr2udp: 1 | 
2026-05-04 08:42:28,698 - INFO     - img2od: 0 | od2fr: 0 | od2lpr: 0 | od2cap: 0 | fr2kr: 125 | lpr2kr: 478 | cap2udp: 0 | kr2udp: 1 | 
2026-05-04 08:42:29,699 - INFO     - img2od: 0 | od2fr: 0 | od2lpr: 0 | od2cap: 0 | fr2kr: 122 | lpr2kr: 475 | cap2udp: 0 | kr2udp: 1 | 
2026-05-04 08:42:30,701 - INFO     - img2od: 0 | od2fr: 0 | od2lpr: 0 | od2cap: 0 | fr2kr: 119 | lpr2kr: 472 | cap2udp: 0 | kr2udp: 1 | 
2026-05-04 08:42:31,702 - INFO     - img2od: 0 | od2fr: 0 | od2lpr: 0 | od2cap: 0 | fr2kr: 116 | lpr2kr: 469 | cap2udp: 0 | kr2udp: 1 | 
2026-05-04 08:42:32,703 - INFO     - img2od: 0 | od2fr: 0 | od2lpr: 0 | od2cap: 0 | fr2kr: 113 | lpr2kr: 466 | cap2udp: 0 | kr2udp: 1 | 
2026-05-04 08:42:33,704 - INFO     - img2od: 0 | od2fr: 0 | od2lpr: 0 | od2cap: 0 | fr2kr: 110 | lpr2kr: 463 | cap2udp: 0 | kr2udp: 0 | 
2026-05-04 08:42:34,706 - INFO     - img2od: 0 | od2fr: 0 | od2lpr: 0 | od2cap: 0 | fr2kr: 107 | lpr2kr: 460 | cap2udp: 0 | kr2udp: 0 | 
2026-05-04 08:42:35,707 - INFO     - img2od: 0 | od2fr: 0 | od2lpr: 0 | od2cap: 0 | fr2kr: 104 | lpr2kr: 457 | cap2udp: 0 | kr2udp: 1 | 
2026-05-04 08:42:36,708 - INFO     - img2od: 0 | od2fr: 0 | od2lpr: 0 | od2cap: 0 | fr2kr: 101 | lpr2kr: 455 | cap2udp: 0 | kr2udp: 0 | 
2026-05-04 08:42:37,709 - INFO     - img2od: 0 | od2fr: 0 | od2lpr: 0 | od2cap: 0 | fr2kr: 98 | lpr2kr: 452 | cap2udp: 0 | kr2udp: 0 | 
2026-05-04 08:42:38,711 - INFO     - img2od: 0 | od2fr: 0 | od2lpr: 0 | od2cap: 0 | fr2kr: 95 | lpr2kr: 449 | cap2udp: 0 | kr2udp: 1 | 
2026-05-04 08:42:39,712 - INFO     - img2od: 0 | od2fr: 0 | od2lpr: 0 | od2cap: 0 | fr2kr: 92 | lpr2kr: 446 | cap2udp: 0 | kr2udp: 0 | 
2026-05-04 08:42:40,713 - INFO     - img2od: 0 | od2fr: 0 | od2lpr: 0 | od2cap: 0 | fr2kr: 89 | lpr2kr: 443 | cap2udp: 0 | kr2udp: 1 | 
2026-05-04 08:42:41,714 - INFO     - img2od: 0 | od2fr: 0 | od2lpr: 0 | od2cap: 0 | fr2kr: 87 | lpr2kr: 440 | cap2udp: 0 | kr2udp: 1 | 
2026-05-04 08:42:42,715 - INFO     - img2od: 0 | od2fr: 0 | od2lpr: 0 | od2cap: 0 | fr2kr: 84 | lpr2kr: 437 | cap2udp: 0 | kr2udp: 1 | 
2026-05-04 08:42:43,717 - INFO     - img2od: 0 | od2fr: 0 | od2lpr: 0 | od2cap: 0 | fr2kr: 81 | lpr2kr: 434 | cap2udp: 0 | kr2udp: 1 | 
2026-05-04 08:42:44,718 - INFO     - img2od: 0 | od2fr: 0 | od2lpr: 0 | od2cap: 0 | fr2kr: 78 | lpr2kr: 431 | cap2udp: 0 | kr2udp: 1 | 
2026-05-04 08:42:45,719 - INFO     - img2od: 0 | od2fr: 0 | od2lpr: 0 | od2cap: 0 | fr2kr: 75 | lpr2kr: 428 | cap2udp: 0 | kr2udp: 1 | 
2026-05-04 08:42:46,720 - INFO     - img2od: 0 | od2fr: 0 | od2lpr: 0 | od2cap: 0 | fr2kr: 72 | lpr2kr: 425 | cap2udp: 0 | kr2udp: 0 | 
2026-05-04 08:42:47,722 - INFO     - img2od: 0 | od2fr: 0 | od2lpr: 0 | od2cap: 0 | fr2kr: 69 | lpr2kr: 422 | cap2udp: 0 | kr2udp: 0 | 
2026-05-04 08:42:48,723 - INFO     - img2od: 0 | od2fr: 0 | od2lpr: 0 | od2cap: 0 | fr2kr: 66 | lpr2kr: 419 | cap2udp: 0 | kr2udp: 1 | 
2026-05-04 08:42:49,724 - INFO     - img2od: 0 | od2fr: 0 | od2lpr: 0 | od2cap: 0 | fr2kr: 63 | lpr2kr: 416 | cap2udp: 0 | kr2udp: 0 | 
2026-05-04 08:42:50,725 - INFO     - img2od: 0 | od2fr: 0 | od2lpr: 0 | od2cap: 0 | fr2kr: 60 | lpr2kr: 413 | cap2udp: 0 | kr2udp: 1 | 
2026-05-04 08:42:51,727 - INFO     - img2od: 0 | od2fr: 0 | od2lpr: 0 | od2cap: 0 | fr2kr: 57 | lpr2kr: 411 | cap2udp: 0 | kr2udp: 0 | 
2026-05-04 08:42:52,728 - INFO     - img2od: 0 | od2fr: 0 | od2lpr: 0 | od2cap: 0 | fr2kr: 54 | lpr2kr: 408 | cap2udp: 0 | kr2udp: 0 | 
2026-05-04 08:42:53,729 - INFO     - img2od: 0 | od2fr: 0 | od2lpr: 0 | od2cap: 0 | fr2kr: 51 | lpr2kr: 405 | cap2udp: 0 | kr2udp: 1 | 
2026-05-04 08:42:54,730 - INFO     - img2od: 0 | od2fr: 0 | od2lpr: 0 | od2cap: 0 | fr2kr: 48 | lpr2kr: 402 | cap2udp: 0 | kr2udp: 1 | 
2026-05-04 08:42:55,731 - INFO     - img2od: 0 | od2fr: 0 | od2lpr: 0 | od2cap: 0 | fr2kr: 46 | lpr2kr: 399 | cap2udp: 0 | kr2udp: 1 | 
2026-05-04 08:42:56,733 - INFO     - img2od: 0 | od2fr: 0 | od2lpr: 0 | od2cap: 0 | fr2kr: 43 | lpr2kr: 396 | cap2udp: 0 | kr2udp: 1 | 
2026-05-04 08:42:57,734 - INFO     - img2od: 0 | od2fr: 0 | od2lpr: 0 | od2cap: 0 | fr2kr: 40 | lpr2kr: 393 | cap2udp: 0 | kr2udp: 1 | 
2026-05-04 08:42:58,735 - INFO     - img2od: 0 | od2fr: 0 | od2lpr: 0 | od2cap: 0 | fr2kr: 37 | lpr2kr: 390 | cap2udp: 0 | kr2udp: 1 | 
2026-05-04 08:42:59,736 - INFO     - img2od: 0 | od2fr: 0 | od2lpr: 0 | od2cap: 0 | fr2kr: 34 | lpr2kr: 387 | cap2udp: 0 | kr2udp: 1 | 
2026-05-04 08:43:00,738 - INFO     - img2od: 0 | od2fr: 0 | od2lpr: 0 | od2cap: 0 | fr2kr: 31 | lpr2kr: 384 | cap2udp: 0 | kr2udp: 0 | 
2026-05-04 08:43:01,739 - INFO     - img2od: 0 | od2fr: 0 | od2lpr: 0 | od2cap: 0 | fr2kr: 28 | lpr2kr: 381 | cap2udp: 0 | kr2udp: 0 | 
2026-05-04 08:43:02,740 - INFO     - img2od: 0 | od2fr: 0 | od2lpr: 0 | od2cap: 0 | fr2kr: 25 | lpr2kr: 378 | cap2udp: 0 | kr2udp: 1 | 
2026-05-04 08:43:03,741 - INFO     - img2od: 0 | od2fr: 0 | od2lpr: 0 | od2cap: 0 | fr2kr: 22 | lpr2kr: 375 | cap2udp: 0 | kr2udp: 0 | 
2026-05-04 08:43:04,742 - INFO     - img2od: 0 | od2fr: 0 | od2lpr: 0 | od2cap: 0 | fr2kr: 19 | lpr2kr: 373 | cap2udp: 0 | kr2udp: 0 | 
2026-05-04 08:43:05,744 - INFO     - img2od: 0 | od2fr: 0 | od2lpr: 0 | od2cap: 0 | fr2kr: 16 | lpr2kr: 370 | cap2udp: 0 | kr2udp: 0 | 
2026-05-04 08:43:06,745 - INFO     - img2od: 0 | od2fr: 0 | od2lpr: 0 | od2cap: 0 | fr2kr: 13 | lpr2kr: 367 | cap2udp: 0 | kr2udp: 1 | 
2026-05-04 08:43:07,746 - INFO     - img2od: 0 | od2fr: 0 | od2lpr: 0 | od2cap: 0 | fr2kr: 11 | lpr2kr: 364 | cap2udp: 0 | kr2udp: 1 | 
2026-05-04 08:43:08,747 - INFO     - img2od: 0 | od2fr: 0 | od2lpr: 0 | od2cap: 0 | fr2kr: 8 | lpr2kr: 361 | cap2udp: 0 | kr2udp: 1 | 
2026-05-04 08:43:09,749 - INFO     - img2od: 0 | od2fr: 0 | od2lpr: 0 | od2cap: 0 | fr2kr: 5 | lpr2kr: 358 | cap2udp: 0 | kr2udp: 1 | 
2026-05-04 08:43:10,750 - INFO     - img2od: 0 | od2fr: 0 | od2lpr: 0 | od2cap: 0 | fr2kr: 2 | lpr2kr: 355 | cap2udp: 0 | kr2udp: 1 | 
2026-05-04 08:43:11,178 - INFO     - krStream     : Received end signal from FR
2026-05-04 08:43:11,751 - INFO     - img2od: 0 | od2fr: 0 | od2lpr: 0 | od2cap: 0 | fr2kr: 0 | lpr2kr: 351 | cap2udp: 0 | kr2udp: 1 | 
2026-05-04 08:43:12,752 - INFO     - img2od: 0 | od2fr: 0 | od2lpr: 0 | od2cap: 0 | fr2kr: 0 | lpr2kr: 347 | cap2udp: 0 | kr2udp: 1 | 
2026-05-04 08:43:13,754 - INFO     - img2od: 0 | od2fr: 0 | od2lpr: 0 | od2cap: 0 | fr2kr: 0 | lpr2kr: 342 | cap2udp: 0 | kr2udp: 0 | 
2026-05-04 08:43:14,755 - INFO     - img2od: 0 | od2fr: 0 | od2lpr: 0 | od2cap: 0 | fr2kr: 0 | lpr2kr: 338 | cap2udp: 0 | kr2udp: 1 | 
2026-05-04 08:43:15,756 - INFO     - img2od: 0 | od2fr: 0 | od2lpr: 0 | od2cap: 0 | fr2kr: 0 | lpr2kr: 333 | cap2udp: 0 | kr2udp: 1 | 
2026-05-04 08:43:16,757 - INFO     - img2od: 0 | od2fr: 0 | od2lpr: 0 | od2cap: 0 | fr2kr: 0 | lpr2kr: 329 | cap2udp: 0 | kr2udp: 1 | 
2026-05-04 08:43:17,758 - INFO     - img2od: 0 | od2fr: 0 | od2lpr: 0 | od2cap: 0 | fr2kr: 0 | lpr2kr: 325 | cap2udp: 0 | kr2udp: 1 | 
2026-05-04 08:43:18,760 - INFO     - img2od: 0 | od2fr: 0 | od2lpr: 0 | od2cap: 0 | fr2kr: 0 | lpr2kr: 320 | cap2udp: 0 | kr2udp: 0 | 
2026-05-04 08:43:19,761 - INFO     - img2od: 0 | od2fr: 0 | od2lpr: 0 | od2cap: 0 | fr2kr: 0 | lpr2kr: 316 | cap2udp: 0 | kr2udp: 1 | 
2026-05-04 08:43:20,762 - INFO     - img2od: 0 | od2fr: 0 | od2lpr: 0 | od2cap: 0 | fr2kr: 0 | lpr2kr: 311 | cap2udp: 0 | kr2udp: 1 | 
2026-05-04 08:43:21,763 - INFO     - img2od: 0 | od2fr: 0 | od2lpr: 0 | od2cap: 0 | fr2kr: 0 | lpr2kr: 307 | cap2udp: 0 | kr2udp: 1 | 
2026-05-04 08:43:22,765 - INFO     - img2od: 0 | od2fr: 0 | od2lpr: 0 | od2cap: 0 | fr2kr: 0 | lpr2kr: 303 | cap2udp: 0 | kr2udp: 1 | 
2026-05-04 08:43:23,766 - INFO     - img2od: 0 | od2fr: 0 | od2lpr: 0 | od2cap: 0 | fr2kr: 0 | lpr2kr: 298 | cap2udp: 0 | kr2udp: 1 | 
2026-05-04 08:43:24,767 - INFO     - img2od: 0 | od2fr: 0 | od2lpr: 0 | od2cap: 0 | fr2kr: 0 | lpr2kr: 294 | cap2udp: 0 | kr2udp: 1 | 
2026-05-04 08:43:25,768 - INFO     - img2od: 0 | od2fr: 0 | od2lpr: 0 | od2cap: 0 | fr2kr: 0 | lpr2kr: 289 | cap2udp: 0 | kr2udp: 0 | 
2026-05-04 08:43:26,770 - INFO     - img2od: 0 | od2fr: 0 | od2lpr: 0 | od2cap: 0 | fr2kr: 0 | lpr2kr: 285 | cap2udp: 0 | kr2udp: 1 | 
2026-05-04 08:43:27,771 - INFO     - img2od: 0 | od2fr: 0 | od2lpr: 0 | od2cap: 0 | fr2kr: 0 | lpr2kr: 281 | cap2udp: 0 | kr2udp: 1 | 
2026-05-04 08:43:28,772 - INFO     - img2od: 0 | od2fr: 0 | od2lpr: 0 | od2cap: 0 | fr2kr: 0 | lpr2kr: 276 | cap2udp: 0 | kr2udp: 0 | 
2026-05-04 08:43:29,773 - INFO     - img2od: 0 | od2fr: 0 | od2lpr: 0 | od2cap: 0 | fr2kr: 0 | lpr2kr: 272 | cap2udp: 0 | kr2udp: 1 | 
2026-05-04 08:43:30,774 - INFO     - img2od: 0 | od2fr: 0 | od2lpr: 0 | od2cap: 0 | fr2kr: 0 | lpr2kr: 267 | cap2udp: 0 | kr2udp: 0 | 
2026-05-04 08:43:31,776 - INFO     - img2od: 0 | od2fr: 0 | od2lpr: 0 | od2cap: 0 | fr2kr: 0 | lpr2kr: 263 | cap2udp: 0 | kr2udp: 1 | 
2026-05-04 08:43:32,777 - INFO     - img2od: 0 | od2fr: 0 | od2lpr: 0 | od2cap: 0 | fr2kr: 0 | lpr2kr: 259 | cap2udp: 0 | kr2udp: 1 | 
2026-05-04 08:43:33,777 - INFO     - img2od: 0 | od2fr: 0 | od2lpr: 0 | od2cap: 0 | fr2kr: 0 | lpr2kr: 254 | cap2udp: 0 | kr2udp: 0 | 
2026-05-04 08:43:34,779 - INFO     - img2od: 0 | od2fr: 0 | od2lpr: 0 | od2cap: 0 | fr2kr: 0 | lpr2kr: 250 | cap2udp: 0 | kr2udp: 1 | 
2026-05-04 08:43:35,780 - INFO     - img2od: 0 | od2fr: 0 | od2lpr: 0 | od2cap: 0 | fr2kr: 0 | lpr2kr: 245 | cap2udp: 0 | kr2udp: 1 | 
2026-05-04 08:43:36,781 - INFO     - img2od: 0 | od2fr: 0 | od2lpr: 0 | od2cap: 0 | fr2kr: 0 | lpr2kr: 241 | cap2udp: 0 | kr2udp: 0 | 
2026-05-04 08:43:37,782 - INFO     - img2od: 0 | od2fr: 0 | od2lpr: 0 | od2cap: 0 | fr2kr: 0 | lpr2kr: 236 | cap2udp: 0 | kr2udp: 1 | 
2026-05-04 08:43:38,783 - INFO     - img2od: 0 | od2fr: 0 | od2lpr: 0 | od2cap: 0 | fr2kr: 0 | lpr2kr: 231 | cap2udp: 0 | kr2udp: 0 | 
2026-05-04 08:43:39,784 - INFO     - img2od: 0 | od2fr: 0 | od2lpr: 0 | od2cap: 0 | fr2kr: 0 | lpr2kr: 226 | cap2udp: 0 | kr2udp: 0 | 
2026-05-04 08:43:40,785 - INFO     - img2od: 0 | od2fr: 0 | od2lpr: 0 | od2cap: 0 | fr2kr: 0 | lpr2kr: 221 | cap2udp: 0 | kr2udp: 0 | 
2026-05-04 08:43:41,787 - INFO     - img2od: 0 | od2fr: 0 | od2lpr: 0 | od2cap: 0 | fr2kr: 0 | lpr2kr: 217 | cap2udp: 0 | kr2udp: 1 | 
2026-05-04 08:43:42,788 - INFO     - img2od: 0 | od2fr: 0 | od2lpr: 0 | od2cap: 0 | fr2kr: 0 | lpr2kr: 212 | cap2udp: 0 | kr2udp: 1 | 
2026-05-04 08:43:43,789 - INFO     - img2od: 0 | od2fr: 0 | od2lpr: 0 | od2cap: 0 | fr2kr: 0 | lpr2kr: 207 | cap2udp: 0 | kr2udp: 0 | 
2026-05-04 08:43:44,790 - INFO     - img2od: 0 | od2fr: 0 | od2lpr: 0 | od2cap: 0 | fr2kr: 0 | lpr2kr: 202 | cap2udp: 0 | kr2udp: 1 | 
2026-05-04 08:43:45,792 - INFO     - img2od: 0 | od2fr: 0 | od2lpr: 0 | od2cap: 0 | fr2kr: 0 | lpr2kr: 197 | cap2udp: 0 | kr2udp: 0 | 
2026-05-04 08:43:46,793 - INFO     - img2od: 0 | od2fr: 0 | od2lpr: 0 | od2cap: 0 | fr2kr: 0 | lpr2kr: 193 | cap2udp: 0 | kr2udp: 1 | 
2026-05-04 08:43:47,794 - INFO     - img2od: 0 | od2fr: 0 | od2lpr: 0 | od2cap: 0 | fr2kr: 0 | lpr2kr: 188 | cap2udp: 0 | kr2udp: 1 | 
2026-05-04 08:43:48,795 - INFO     - img2od: 0 | od2fr: 0 | od2lpr: 0 | od2cap: 0 | fr2kr: 0 | lpr2kr: 183 | cap2udp: 0 | kr2udp: 1 | 
2026-05-04 08:43:49,796 - INFO     - img2od: 0 | od2fr: 0 | od2lpr: 0 | od2cap: 0 | fr2kr: 0 | lpr2kr: 178 | cap2udp: 0 | kr2udp: 1 | 
2026-05-04 08:43:50,798 - INFO     - img2od: 0 | od2fr: 0 | od2lpr: 0 | od2cap: 0 | fr2kr: 0 | lpr2kr: 173 | cap2udp: 0 | kr2udp: 1 | 
2026-05-04 08:43:51,799 - INFO     - img2od: 0 | od2fr: 0 | od2lpr: 0 | od2cap: 0 | fr2kr: 0 | lpr2kr: 168 | cap2udp: 0 | kr2udp: 1 | 
2026-05-04 08:43:52,800 - INFO     - img2od: 0 | od2fr: 0 | od2lpr: 0 | od2cap: 0 | fr2kr: 0 | lpr2kr: 163 | cap2udp: 0 | kr2udp: 0 | 
2026-05-04 08:43:53,801 - INFO     - img2od: 0 | od2fr: 0 | od2lpr: 0 | od2cap: 0 | fr2kr: 0 | lpr2kr: 159 | cap2udp: 0 | kr2udp: 1 | 
2026-05-04 08:43:54,803 - INFO     - img2od: 0 | od2fr: 0 | od2lpr: 0 | od2cap: 0 | fr2kr: 0 | lpr2kr: 154 | cap2udp: 0 | kr2udp: 0 | 
2026-05-04 08:43:55,804 - INFO     - img2od: 0 | od2fr: 0 | od2lpr: 0 | od2cap: 0 | fr2kr: 0 | lpr2kr: 150 | cap2udp: 0 | kr2udp: 1 | 
2026-05-04 08:43:56,805 - INFO     - img2od: 0 | od2fr: 0 | od2lpr: 0 | od2cap: 0 | fr2kr: 0 | lpr2kr: 146 | cap2udp: 0 | kr2udp: 1 | 
2026-05-04 08:43:57,806 - INFO     - img2od: 0 | od2fr: 0 | od2lpr: 0 | od2cap: 0 | fr2kr: 0 | lpr2kr: 142 | cap2udp: 0 | kr2udp: 1 | 
2026-05-04 08:43:58,807 - INFO     - img2od: 0 | od2fr: 0 | od2lpr: 0 | od2cap: 0 | fr2kr: 0 | lpr2kr: 138 | cap2udp: 0 | kr2udp: 0 | 
2026-05-04 08:43:59,808 - INFO     - img2od: 0 | od2fr: 0 | od2lpr: 0 | od2cap: 0 | fr2kr: 0 | lpr2kr: 135 | cap2udp: 0 | kr2udp: 1 | 
2026-05-04 08:44:00,809 - INFO     - img2od: 0 | od2fr: 0 | od2lpr: 0 | od2cap: 0 | fr2kr: 0 | lpr2kr: 131 | cap2udp: 0 | kr2udp: 1 | 
2026-05-04 08:44:01,810 - INFO     - img2od: 0 | od2fr: 0 | od2lpr: 0 | od2cap: 0 | fr2kr: 0 | lpr2kr: 127 | cap2udp: 0 | kr2udp: 1 | 
2026-05-04 08:44:02,811 - INFO     - img2od: 0 | od2fr: 0 | od2lpr: 0 | od2cap: 0 | fr2kr: 0 | lpr2kr: 123 | cap2udp: 0 | kr2udp: 0 | 
2026-05-04 08:44:03,812 - INFO     - img2od: 0 | od2fr: 0 | od2lpr: 0 | od2cap: 0 | fr2kr: 0 | lpr2kr: 120 | cap2udp: 0 | kr2udp: 1 | 
2026-05-04 08:44:04,813 - INFO     - img2od: 0 | od2fr: 0 | od2lpr: 0 | od2cap: 0 | fr2kr: 0 | lpr2kr: 116 | cap2udp: 0 | kr2udp: 0 | 
2026-05-04 08:44:05,814 - INFO     - img2od: 0 | od2fr: 0 | od2lpr: 0 | od2cap: 0 | fr2kr: 0 | lpr2kr: 113 | cap2udp: 0 | kr2udp: 1 | 
2026-05-04 08:44:06,815 - INFO     - img2od: 0 | od2fr: 0 | od2lpr: 0 | od2cap: 0 | fr2kr: 0 | lpr2kr: 109 | cap2udp: 0 | kr2udp: 1 | 
2026-05-04 08:44:07,816 - INFO     - img2od: 0 | od2fr: 0 | od2lpr: 0 | od2cap: 0 | fr2kr: 0 | lpr2kr: 105 | cap2udp: 0 | kr2udp: 1 | 
2026-05-04 08:44:08,817 - INFO     - img2od: 0 | od2fr: 0 | od2lpr: 0 | od2cap: 0 | fr2kr: 0 | lpr2kr: 102 | cap2udp: 0 | kr2udp: 1 | 
2026-05-04 08:44:09,818 - INFO     - img2od: 0 | od2fr: 0 | od2lpr: 0 | od2cap: 0 | fr2kr: 0 | lpr2kr: 98 | cap2udp: 0 | kr2udp: 1 | 
2026-05-04 08:44:10,819 - INFO     - img2od: 0 | od2fr: 0 | od2lpr: 0 | od2cap: 0 | fr2kr: 0 | lpr2kr: 94 | cap2udp: 0 | kr2udp: 1 | 
2026-05-04 08:44:11,820 - INFO     - img2od: 0 | od2fr: 0 | od2lpr: 0 | od2cap: 0 | fr2kr: 0 | lpr2kr: 90 | cap2udp: 0 | kr2udp: 1 | 
2026-05-04 08:44:12,821 - INFO     - img2od: 0 | od2fr: 0 | od2lpr: 0 | od2cap: 0 | fr2kr: 0 | lpr2kr: 86 | cap2udp: 0 | kr2udp: 0 | 
2026-05-04 08:44:13,823 - INFO     - img2od: 0 | od2fr: 0 | od2lpr: 0 | od2cap: 0 | fr2kr: 0 | lpr2kr: 82 | cap2udp: 0 | kr2udp: 0 | 
2026-05-04 08:44:14,824 - INFO     - img2od: 0 | od2fr: 0 | od2lpr: 0 | od2cap: 0 | fr2kr: 0 | lpr2kr: 78 | cap2udp: 0 | kr2udp: 1 | 
2026-05-04 08:44:15,825 - INFO     - img2od: 0 | od2fr: 0 | od2lpr: 0 | od2cap: 0 | fr2kr: 0 | lpr2kr: 75 | cap2udp: 0 | kr2udp: 1 | 
2026-05-04 08:44:16,826 - INFO     - img2od: 0 | od2fr: 0 | od2lpr: 0 | od2cap: 0 | fr2kr: 0 | lpr2kr: 71 | cap2udp: 0 | kr2udp: 0 | 
2026-05-04 08:44:17,827 - INFO     - img2od: 0 | od2fr: 0 | od2lpr: 0 | od2cap: 0 | fr2kr: 0 | lpr2kr: 68 | cap2udp: 0 | kr2udp: 1 | 
2026-05-04 08:44:18,828 - INFO     - img2od: 0 | od2fr: 0 | od2lpr: 0 | od2cap: 0 | fr2kr: 0 | lpr2kr: 64 | cap2udp: 0 | kr2udp: 1 | 
2026-05-04 08:44:19,829 - INFO     - img2od: 0 | od2fr: 0 | od2lpr: 0 | od2cap: 0 | fr2kr: 0 | lpr2kr: 60 | cap2udp: 0 | kr2udp: 0 | 
2026-05-04 08:44:20,830 - INFO     - img2od: 0 | od2fr: 0 | od2lpr: 0 | od2cap: 0 | fr2kr: 0 | lpr2kr: 57 | cap2udp: 0 | kr2udp: 1 | 
2026-05-04 08:44:21,831 - INFO     - img2od: 0 | od2fr: 0 | od2lpr: 0 | od2cap: 0 | fr2kr: 0 | lpr2kr: 53 | cap2udp: 0 | kr2udp: 1 | 
2026-05-04 08:44:22,832 - INFO     - img2od: 0 | od2fr: 0 | od2lpr: 0 | od2cap: 0 | fr2kr: 0 | lpr2kr: 50 | cap2udp: 0 | kr2udp: 1 | 
2026-05-04 08:44:23,833 - INFO     - img2od: 0 | od2fr: 0 | od2lpr: 0 | od2cap: 0 | fr2kr: 0 | lpr2kr: 46 | cap2udp: 0 | kr2udp: 1 | 
2026-05-04 08:44:24,833 - INFO     - img2od: 0 | od2fr: 0 | od2lpr: 0 | od2cap: 0 | fr2kr: 0 | lpr2kr: 42 | cap2udp: 0 | kr2udp: 1 | 
2026-05-04 08:44:25,835 - INFO     - img2od: 0 | od2fr: 0 | od2lpr: 0 | od2cap: 0 | fr2kr: 0 | lpr2kr: 39 | cap2udp: 0 | kr2udp: 1 | 
2026-05-04 08:44:26,836 - INFO     - img2od: 0 | od2fr: 0 | od2lpr: 0 | od2cap: 0 | fr2kr: 0 | lpr2kr: 35 | cap2udp: 0 | kr2udp: 1 | 
2026-05-04 08:44:27,837 - INFO     - img2od: 0 | od2fr: 0 | od2lpr: 0 | od2cap: 0 | fr2kr: 0 | lpr2kr: 32 | cap2udp: 0 | kr2udp: 1 | 
2026-05-04 08:44:28,838 - INFO     - img2od: 0 | od2fr: 0 | od2lpr: 0 | od2cap: 0 | fr2kr: 0 | lpr2kr: 27 | cap2udp: 0 | kr2udp: 1 | 
2026-05-04 08:44:29,839 - INFO     - img2od: 0 | od2fr: 0 | od2lpr: 0 | od2cap: 0 | fr2kr: 0 | lpr2kr: 23 | cap2udp: 0 | kr2udp: 1 | 
2026-05-04 08:44:30,840 - INFO     - img2od: 0 | od2fr: 0 | od2lpr: 0 | od2cap: 0 | fr2kr: 0 | lpr2kr: 19 | cap2udp: 0 | kr2udp: 0 | 
2026-05-04 08:44:31,841 - INFO     - img2od: 0 | od2fr: 0 | od2lpr: 0 | od2cap: 0 | fr2kr: 0 | lpr2kr: 15 | cap2udp: 0 | kr2udp: 1 | 
2026-05-04 08:44:32,842 - INFO     - img2od: 0 | od2fr: 0 | od2lpr: 0 | od2cap: 0 | fr2kr: 0 | lpr2kr: 11 | cap2udp: 0 | kr2udp: 1 | 
2026-05-04 08:44:33,843 - INFO     - img2od: 0 | od2fr: 0 | od2lpr: 0 | od2cap: 0 | fr2kr: 0 | lpr2kr: 6 | cap2udp: 0 | kr2udp: 1 | 
2026-05-04 08:44:34,844 - INFO     - img2od: 0 | od2fr: 0 | od2lpr: 0 | od2cap: 0 | fr2kr: 0 | lpr2kr: 2 | cap2udp: 0 | kr2udp: 0 | 
2026-05-04 08:44:35,230 - INFO     - krStream     : Received end signal from LPR
2026-05-04 08:44:35,348 - INFO     - krStream     : Received BOTH END signal, shutting down
2026-05-04 08:44:35,425 - INFO     - udpStream    : Received end signal from KR
2026-05-04 08:44:35,492 - INFO     - krStream     : shutdown successful
2026-05-04 08:44:35,546 - INFO     - udpStream    : Received BOTH END signal, shutting down
2026-05-04 08:44:35,845 - INFO     - img2od: 0 | od2fr: 0 | od2lpr: 0 | od2cap: 0 | fr2kr: 0 | lpr2kr: 0 | cap2udp: 0 | kr2udp: 0 | 
2026-05-04 08:44:35,899 - INFO     - udpStream    : shutdown successful
2026-05-04 08:44:36,846 - INFO     - img2od: 0 | od2fr: 0 | od2lpr: 0 | od2cap: 0 | fr2kr: 0 | lpr2kr: 0 | cap2udp: 0 | kr2udp: 0 | 
2026-05-04 08:44:37,847 - INFO     - img2od: 0 | od2fr: 0 | od2lpr: 0 | od2cap: 0 | fr2kr: 0 | lpr2kr: 0 | cap2udp: 0 | kr2udp: 0 | 
2026-05-04 08:44:38,848 - INFO     - img2od: 0 | od2fr: 0 | od2lpr: 0 | od2cap: 0 | fr2kr: 0 | lpr2kr: 0 | cap2udp: 0 | kr2udp: 0 | 
2026-05-04 08:44:39,849 - INFO     - img2od: 0 | od2fr: 0 | od2lpr: 0 | od2cap: 0 | fr2kr: 0 | lpr2kr: 0 | cap2udp: 0 | kr2udp: 0 | 
2026-05-04 08:44:40,850 - INFO     - img2od: 0 | od2fr: 0 | od2lpr: 0 | od2cap: 0 | fr2kr: 0 | lpr2kr: 0 | cap2udp: 0 | kr2udp: 0 | 
2026-05-04 08:44:41,851 - INFO     - All queues empty, job done
2026-05-04 08:44:41,853 - INFO     - Queue logs written to ./profile_exp/mix/r0.05/def_smoothing/seed3/QUEUEWATCH.json
2026-05-04 08:44:42,488 - INFO     - Reach FINALLY block in MAIN process
2026-05-04 08:44:42,488 - INFO     - Starting cleanup of 7 processes.
2026-05-04 08:44:42,488 - INFO     - Draining and closing 8 queues.
2026-05-04 08:44:42,488 - INFO     - Starting cleanup for queue 0, queue size: 0.
2026-05-04 08:44:42,488 - INFO     - Starting cleanup for queue 1, queue size: 0.
2026-05-04 08:44:42,488 - INFO     - Starting cleanup for queue 2, queue size: 0.
2026-05-04 08:44:42,488 - INFO     - Starting cleanup for queue 3, queue size: 0.
2026-05-04 08:44:42,488 - INFO     - Starting cleanup for queue 4, queue size: 0.
2026-05-04 08:44:42,488 - INFO     - Starting cleanup for queue 5, queue size: 0.
2026-05-04 08:44:42,488 - INFO     - Starting cleanup for queue 6, queue size: 0.
2026-05-04 08:44:42,488 - INFO     - Starting cleanup for queue 7, queue size: 0.
2026-05-04 08:44:42,488 - INFO     - Cleanup complete.
2026-05-04 08:44:42,488 - INFO     - Cleaned up resources in MAIN process
2026-05-04 08:44:42,489 - INFO     - Summary written to ./profile_exp/mix/r0.05/def_smoothing/seed3/SUMMARY.json

======================================================================
PROFILING SUMMARY
======================================================================
  Total wall time:    265.97s
  Images processed:   100
  Throughput:         0.3760 img/s
  Avg E2E latency:    40.7595s
  Min E2E latency:    0.0216s
  Max E2E latency:    229.7106s

  Component          Count  Dropped     FLOPs/call    Total FLOPs
  --------------- -------- -------- -------------- --------------
  odStream             100        0   153844849936 15384484993600
  frStream             486        0     2837404864  1378978763904
  lprStream            807        0    55081670272 44450907909504
  capStream             41        0   311083426495 12754420486295
  krStream            1293        0            n/a            n/a
  udpStream           1334        0            n/a            n/a

  Total FLOPs:        73968792153303
======================================================================
