2026-05-04 09:28:17,504 - INFO     - imgStream    : internal profiling set to False
2026-05-04 09:28:17,504 - INFO     - odStream     : internal profiling set to False
2026-05-04 09:28:17,504 - INFO     - frStream     : internal profiling set to False
2026-05-04 09:28:17,504 - INFO     - lprStream    : internal profiling set to False
2026-05-04 09:28:17,504 - INFO     - capStream    : internal profiling set to False
2026-05-04 09:28:17,504 - INFO     - krStream     : internal profiling set to False
2026-05-04 09:28:17,504 - INFO     - udpStream    : internal profiling set to False


================================================================================
|                                                                              |
|                     Running: Traffic Monitoring Pipeline                     |
|                                                                              |
|                         Algorithm: None, Model ID: 0                         |
|                                                                              |
|                             Target Indices: none                             |
|                                                                              |
|                             2026-05-04 09:28:17                              |
|                                                                              |
================================================================================


Number of CUDA devices: 1
2026-05-04 09:28:21,015 - INFO     - img2od: 0 | od2fr: 0 | od2lpr: 0 | od2cap: 0 | fr2kr: 0 | lpr2kr: 0 | cap2udp: 0 | kr2udp: 0 | 
2026-05-04 09:28:21,098 - INFO     - imgStream    : input defense = smoothing
2026-05-04 09:28:21,099 - INFO     - imgStream    : mix mode ratio=0.1 seed=4 -> 90 clean / 10 attack
2026-05-04 09:28:21,099 - INFO     - imgStream    : started
2026-05-04 09:28:21,598 - INFO     - krStream     : face embeddings loaded, found 1000 embeddings
2026-05-04 09:28:21,598 - INFO     - krStream     : started
/home/lxt230026/.conda/envs/dyndl/lib/python3.10/site-packages/facenet_pytorch/models/inception_resnet_v1.py:329: FutureWarning: You are using `torch.load` with `weights_only=False` (the current default value), which uses the default pickle module implicitly. It is possible to construct malicious pickle data which will execute arbitrary code during unpickling (See https://github.com/pytorch/pytorch/blob/main/SECURITY.md#untrusted-models for more details). In a future release, the default value for `weights_only` will be flipped to `True`. This limits the functions that could be executed during unpickling. Arbitrary objects will no longer be allowed to be loaded via this mode unless they are explicitly allowlisted by the user via `torch.serialization.add_safe_globals`. We recommend you start setting `weights_only=True` for any use case where you don't have full control of the loaded file. Please open an issue on GitHub for any issues related to this experimental feature.
  state_dict = torch.load(cached_file)
2026-05-04 09:28:22,017 - INFO     - img2od: 3 | od2fr: 0 | od2lpr: 0 | od2cap: 0 | fr2kr: 0 | lpr2kr: 0 | cap2udp: 0 | kr2udp: 0 | 
2026-05-04 09:28:22,108 - INFO     - odStream     : OD model loaded, model_id = 0
2026-05-04 09:28:22,108 - INFO     - odStream     : started
/home/lxt230026/EfficiencyAttack/traffic/cmpnt/c4_lpr.py:145: FutureWarning: You are using `torch.load` with `weights_only=False` (the current default value), which uses the default pickle module implicitly. It is possible to construct malicious pickle data which will execute arbitrary code during unpickling (See https://github.com/pytorch/pytorch/blob/main/SECURITY.md#untrusted-models for more details). In a future release, the default value for `weights_only` will be flipped to `True`. This limits the functions that could be executed during unpickling. Arbitrary objects will no longer be allowed to be loaded via this mode unless they are explicitly allowlisted by the user via `torch.serialization.add_safe_globals`. We recommend you start setting `weights_only=True` for any use case where you don't have full control of the loaded file. Please open an issue on GitHub for any issues related to this experimental feature.
  self.checkpoint = torch.load(self.model_id, map_location='cpu')
2026-05-04 09:28:22,690 - INFO     - frStream     : FR model loaded, model_id = vggface2
2026-05-04 09:28:22,690 - INFO     - frStream     : started
2026-05-04 09:28:22,934 - INFO     - udpStream    : LM model loaded, model_id = gpt2
2026-05-04 09:28:22,934 - INFO     - udpStream    : started
2026-05-04 09:28:22,975 - INFO     - capStream    : CAP model loaded, model_id = microsoft/git-base
2026-05-04 09:28:22,975 - INFO     - capStream    : started
2026-05-04 09:28:23,018 - INFO     - img2od: 5 | od2fr: 0 | od2lpr: 0 | od2cap: 0 | fr2kr: 0 | lpr2kr: 0 | cap2udp: 0 | kr2udp: 0 | 
2026-05-04 09:28:24,019 - INFO     - img2od: 7 | od2fr: 45 | od2lpr: 9 | od2cap: 0 | fr2kr: 0 | lpr2kr: 0 | cap2udp: 0 | kr2udp: 0 | 
2026-05-04 09:28:24,115 - INFO     - Using custom providers: ['CPUExecutionProvider']
2026-05-04 09:28:24,115 - INFO     - Skipping download of 'argentinian-plates-cnn-model' model, already exists at /home/lxt230026/.cache/fast-plate-ocr/argentinian-plates-cnn-model
2026-05-04 09:28:24,141 - INFO     - lprStream    : LPR model loaded, model_id = model_v2.pth
2026-05-04 09:28:24,141 - INFO     - lprStream    : started
2026-05-04 09:28:25,020 - INFO     - img2od: 6 | od2fr: 76 | od2lpr: 185 | od2cap: 3 | fr2kr: 2 | lpr2kr: 4 | cap2udp: 0 | kr2udp: 0 | 
2026-05-04 09:28:26,021 - INFO     - img2od: 6 | od2fr: 78 | od2lpr: 168 | od2cap: 3 | fr2kr: 6 | lpr2kr: 20 | cap2udp: 0 | kr2udp: 1 | 
2026-05-04 09:28:27,022 - INFO     - img2od: 5 | od2fr: 81 | od2lpr: 151 | od2cap: 2 | fr2kr: 8 | lpr2kr: 35 | cap2udp: 0 | kr2udp: 0 | 
2026-05-04 09:28:28,023 - INFO     - img2od: 5 | od2fr: 76 | od2lpr: 127 | od2cap: 0 | fr2kr: 11 | lpr2kr: 58 | cap2udp: 0 | kr2udp: 1 | 
2026-05-04 09:28:29,024 - INFO     - img2od: 3 | od2fr: 83 | od2lpr: 107 | od2cap: 0 | fr2kr: 14 | lpr2kr: 77 | cap2udp: 0 | kr2udp: 1 | 
2026-05-04 09:28:30,025 - INFO     - img2od: 2 | od2fr: 114 | od2lpr: 87 | od2cap: 0 | fr2kr: 16 | lpr2kr: 99 | cap2udp: 0 | kr2udp: 1 | 
2026-05-04 09:28:31,026 - INFO     - img2od: 0 | od2fr: 133 | od2lpr: 83 | od2cap: 0 | fr2kr: 19 | lpr2kr: 126 | cap2udp: 0 | kr2udp: 1 | 
2026-05-04 09:28:32,027 - INFO     - img2od: 0 | od2fr: 141 | od2lpr: 44 | od2cap: 0 | fr2kr: 22 | lpr2kr: 162 | cap2udp: 0 | kr2udp: 2 | 
2026-05-04 09:28:33,028 - INFO     - img2od: 0 | od2fr: 168 | od2lpr: 21 | od2cap: 0 | fr2kr: 24 | lpr2kr: 185 | cap2udp: 0 | kr2udp: 0 | 
2026-05-04 09:28:34,029 - INFO     - img2od: 0 | od2fr: 177 | od2lpr: 0 | od2cap: 0 | fr2kr: 25 | lpr2kr: 204 | cap2udp: 0 | kr2udp: 0 | 
2026-05-04 09:28:35,030 - INFO     - img2od: 0 | od2fr: 265 | od2lpr: 0 | od2cap: 0 | fr2kr: 27 | lpr2kr: 202 | cap2udp: 0 | kr2udp: 1 | 
2026-05-04 09:28:36,031 - INFO     - img2od: 0 | od2fr: 268 | od2lpr: 0 | od2cap: 0 | fr2kr: 31 | lpr2kr: 199 | cap2udp: 0 | kr2udp: 1 | 
2026-05-04 09:28:37,032 - INFO     - img2od: 0 | od2fr: 263 | od2lpr: 0 | od2cap: 0 | fr2kr: 35 | lpr2kr: 197 | cap2udp: 0 | kr2udp: 0 | 
2026-05-04 09:28:38,033 - INFO     - img2od: 0 | od2fr: 342 | od2lpr: 0 | od2cap: 0 | fr2kr: 39 | lpr2kr: 194 | cap2udp: 1 | kr2udp: 1 | 
2026-05-04 09:28:39,034 - INFO     - img2od: 0 | od2fr: 339 | od2lpr: 336 | od2cap: 0 | fr2kr: 42 | lpr2kr: 214 | cap2udp: 0 | kr2udp: 1 | 
2026-05-04 09:28:40,035 - INFO     - img2od: 0 | od2fr: 345 | od2lpr: 801 | od2cap: 0 | fr2kr: 46 | lpr2kr: 260 | cap2udp: 0 | kr2udp: 0 | 
2026-05-04 09:28:41,036 - INFO     - img2od: 0 | od2fr: 343 | od2lpr: 762 | od2cap: 0 | fr2kr: 50 | lpr2kr: 302 | cap2udp: 0 | kr2udp: 1 | 
2026-05-04 09:28:42,037 - INFO     - img2od: 0 | od2fr: 341 | od2lpr: 732 | od2cap: 0 | fr2kr: 53 | lpr2kr: 342 | cap2udp: 0 | kr2udp: 1 | 
2026-05-04 09:28:43,038 - INFO     - img2od: 0 | od2fr: 345 | od2lpr: 774 | od2cap: 0 | fr2kr: 57 | lpr2kr: 394 | cap2udp: 0 | kr2udp: 1 | 
2026-05-04 09:28:44,039 - INFO     - img2od: 0 | od2fr: 341 | od2lpr: 897 | od2cap: 0 | fr2kr: 60 | lpr2kr: 440 | cap2udp: 0 | kr2udp: 1 | 
2026-05-04 09:28:45,040 - INFO     - img2od: 0 | od2fr: 373 | od2lpr: 957 | od2cap: 0 | fr2kr: 64 | lpr2kr: 492 | cap2udp: 0 | kr2udp: 1 | 
2026-05-04 09:28:46,041 - INFO     - img2od: 0 | od2fr: 370 | od2lpr: 907 | od2cap: 0 | fr2kr: 68 | lpr2kr: 541 | cap2udp: 0 | kr2udp: 1 | 
2026-05-04 09:28:47,042 - INFO     - img2od: 0 | od2fr: 386 | od2lpr: 969 | od2cap: 0 | fr2kr: 71 | lpr2kr: 577 | cap2udp: 1 | kr2udp: 0 | 
2026-05-04 09:28:48,043 - INFO     - img2od: 1 | od2fr: 381 | od2lpr: 979 | od2cap: 0 | fr2kr: 75 | lpr2kr: 610 | cap2udp: 0 | kr2udp: 0 | 
2026-05-04 09:28:49,044 - INFO     - img2od: 3 | od2fr: 376 | od2lpr: 999 | od2cap: 0 | fr2kr: 78 | lpr2kr: 689 | cap2udp: 0 | kr2udp: 1 | 
2026-05-04 09:28:50,045 - INFO     - img2od: 7 | od2fr: 370 | od2lpr: 999 | od2cap: 0 | fr2kr: 82 | lpr2kr: 767 | cap2udp: 0 | kr2udp: 0 | 
2026-05-04 09:28:51,046 - INFO     - img2od: 9 | od2fr: 365 | od2lpr: 981 | od2cap: 0 | fr2kr: 86 | lpr2kr: 828 | cap2udp: 0 | kr2udp: 1 | 
2026-05-04 09:28:52,034 - INFO     - imgStream    : completed, sending END signal
2026-05-04 09:28:52,034 - INFO     - imgStream    : shutdown
2026-05-04 09:28:52,047 - INFO     - img2od: 8 | od2fr: 378 | od2lpr: 940 | od2cap: 1 | fr2kr: 89 | lpr2kr: 866 | cap2udp: 0 | kr2udp: 0 | 
2026-05-04 09:28:52,206 - INFO     - imgStream    : shutdown successful
2026-05-04 09:28:53,048 - INFO     - img2od: 3 | od2fr: 373 | od2lpr: 910 | od2cap: 0 | fr2kr: 93 | lpr2kr: 893 | cap2udp: 0 | kr2udp: 0 | 
2026-05-04 09:28:53,629 - INFO     - odStream     : Received END signal, shutting down
2026-05-04 09:28:53,633 - INFO     - capStream    : Received END signal, shutting down
2026-05-04 09:28:53,652 - INFO     - udpStream    : Received end signal from CAP
2026-05-04 09:28:53,895 - INFO     - odStream     : shutdown successful
2026-05-04 09:28:54,049 - INFO     - img2od: 0 | od2fr: 377 | od2lpr: 868 | od2cap: 0 | fr2kr: 97 | lpr2kr: 934 | cap2udp: 0 | kr2udp: 1 | 
2026-05-04 09:28:54,150 - INFO     - capStream    : shutdown successful
2026-05-04 09:28:55,050 - INFO     - img2od: 0 | od2fr: 371 | od2lpr: 800 | od2cap: 0 | fr2kr: 100 | lpr2kr: 1000 | cap2udp: 0 | kr2udp: 0 | 
2026-05-04 09:28:56,051 - INFO     - img2od: 0 | od2fr: 365 | od2lpr: 797 | od2cap: 0 | fr2kr: 104 | lpr2kr: 1000 | cap2udp: 0 | kr2udp: 1 | 
2026-05-04 09:28:57,052 - INFO     - img2od: 0 | od2fr: 358 | od2lpr: 794 | od2cap: 0 | fr2kr: 108 | lpr2kr: 1000 | cap2udp: 0 | kr2udp: 1 | 
2026-05-04 09:28:58,053 - INFO     - img2od: 0 | od2fr: 352 | od2lpr: 792 | od2cap: 0 | fr2kr: 112 | lpr2kr: 1000 | cap2udp: 0 | kr2udp: 1 | 
2026-05-04 09:28:59,054 - INFO     - img2od: 0 | od2fr: 345 | od2lpr: 789 | od2cap: 0 | fr2kr: 116 | lpr2kr: 1000 | cap2udp: 0 | kr2udp: 1 | 
2026-05-04 09:29:00,055 - INFO     - img2od: 0 | od2fr: 339 | od2lpr: 787 | od2cap: 0 | fr2kr: 119 | lpr2kr: 1000 | cap2udp: 0 | kr2udp: 1 | 
2026-05-04 09:29:01,056 - INFO     - img2od: 0 | od2fr: 332 | od2lpr: 784 | od2cap: 0 | fr2kr: 124 | lpr2kr: 1000 | cap2udp: 0 | kr2udp: 0 | 
2026-05-04 09:29:02,057 - INFO     - img2od: 0 | od2fr: 326 | od2lpr: 782 | od2cap: 0 | fr2kr: 127 | lpr2kr: 1000 | cap2udp: 0 | kr2udp: 0 | 
2026-05-04 09:29:03,058 - INFO     - img2od: 0 | od2fr: 319 | od2lpr: 779 | od2cap: 0 | fr2kr: 131 | lpr2kr: 1000 | cap2udp: 0 | kr2udp: 1 | 
2026-05-04 09:29:04,059 - INFO     - img2od: 0 | od2fr: 313 | od2lpr: 777 | od2cap: 0 | fr2kr: 135 | lpr2kr: 1000 | cap2udp: 0 | kr2udp: 0 | 
2026-05-04 09:29:05,060 - INFO     - img2od: 0 | od2fr: 307 | od2lpr: 774 | od2cap: 0 | fr2kr: 139 | lpr2kr: 1000 | cap2udp: 0 | kr2udp: 1 | 
2026-05-04 09:29:06,061 - INFO     - img2od: 0 | od2fr: 300 | od2lpr: 771 | od2cap: 0 | fr2kr: 143 | lpr2kr: 1000 | cap2udp: 0 | kr2udp: 0 | 
2026-05-04 09:29:07,062 - INFO     - img2od: 0 | od2fr: 294 | od2lpr: 769 | od2cap: 0 | fr2kr: 147 | lpr2kr: 1000 | cap2udp: 0 | kr2udp: 1 | 
2026-05-04 09:29:08,063 - INFO     - img2od: 0 | od2fr: 287 | od2lpr: 766 | od2cap: 0 | fr2kr: 151 | lpr2kr: 1000 | cap2udp: 0 | kr2udp: 0 | 
2026-05-04 09:29:09,064 - INFO     - img2od: 0 | od2fr: 281 | od2lpr: 764 | od2cap: 0 | fr2kr: 154 | lpr2kr: 1000 | cap2udp: 0 | kr2udp: 0 | 
2026-05-04 09:29:10,065 - INFO     - img2od: 0 | od2fr: 274 | od2lpr: 761 | od2cap: 0 | fr2kr: 159 | lpr2kr: 1000 | cap2udp: 0 | kr2udp: 0 | 
2026-05-04 09:29:11,066 - INFO     - img2od: 0 | od2fr: 268 | od2lpr: 759 | od2cap: 0 | fr2kr: 162 | lpr2kr: 1000 | cap2udp: 0 | kr2udp: 1 | 
2026-05-04 09:29:12,067 - INFO     - img2od: 0 | od2fr: 261 | od2lpr: 756 | od2cap: 0 | fr2kr: 167 | lpr2kr: 1000 | cap2udp: 0 | kr2udp: 1 | 
2026-05-04 09:29:13,068 - INFO     - img2od: 0 | od2fr: 255 | od2lpr: 754 | od2cap: 0 | fr2kr: 170 | lpr2kr: 1000 | cap2udp: 0 | kr2udp: 1 | 
2026-05-04 09:29:14,069 - INFO     - img2od: 0 | od2fr: 248 | od2lpr: 751 | od2cap: 0 | fr2kr: 175 | lpr2kr: 1000 | cap2udp: 0 | kr2udp: 1 | 
2026-05-04 09:29:15,070 - INFO     - img2od: 0 | od2fr: 242 | od2lpr: 749 | od2cap: 0 | fr2kr: 178 | lpr2kr: 1000 | cap2udp: 0 | kr2udp: 0 | 
2026-05-04 09:29:16,071 - INFO     - img2od: 0 | od2fr: 235 | od2lpr: 746 | od2cap: 0 | fr2kr: 183 | lpr2kr: 1000 | cap2udp: 0 | kr2udp: 1 | 
2026-05-04 09:29:17,072 - INFO     - img2od: 0 | od2fr: 229 | od2lpr: 743 | od2cap: 0 | fr2kr: 186 | lpr2kr: 1000 | cap2udp: 0 | kr2udp: 0 | 
2026-05-04 09:29:18,073 - INFO     - img2od: 0 | od2fr: 222 | od2lpr: 741 | od2cap: 0 | fr2kr: 191 | lpr2kr: 1000 | cap2udp: 0 | kr2udp: 1 | 
2026-05-04 09:29:19,074 - INFO     - img2od: 0 | od2fr: 216 | od2lpr: 738 | od2cap: 0 | fr2kr: 194 | lpr2kr: 1000 | cap2udp: 0 | kr2udp: 1 | 
2026-05-04 09:29:20,075 - INFO     - img2od: 0 | od2fr: 209 | od2lpr: 736 | od2cap: 0 | fr2kr: 199 | lpr2kr: 1000 | cap2udp: 0 | kr2udp: 1 | 
2026-05-04 09:29:21,076 - INFO     - img2od: 0 | od2fr: 203 | od2lpr: 733 | od2cap: 0 | fr2kr: 202 | lpr2kr: 1000 | cap2udp: 0 | kr2udp: 1 | 
2026-05-04 09:29:22,077 - INFO     - img2od: 0 | od2fr: 196 | od2lpr: 731 | od2cap: 0 | fr2kr: 205 | lpr2kr: 1000 | cap2udp: 0 | kr2udp: 1 | 
2026-05-04 09:29:23,078 - INFO     - img2od: 0 | od2fr: 190 | od2lpr: 728 | od2cap: 0 | fr2kr: 210 | lpr2kr: 1000 | cap2udp: 0 | kr2udp: 1 | 
2026-05-04 09:29:24,079 - INFO     - img2od: 0 | od2fr: 183 | od2lpr: 726 | od2cap: 0 | fr2kr: 213 | lpr2kr: 1000 | cap2udp: 0 | kr2udp: 1 | 
2026-05-04 09:29:25,080 - INFO     - img2od: 0 | od2fr: 177 | od2lpr: 723 | od2cap: 0 | fr2kr: 218 | lpr2kr: 1000 | cap2udp: 0 | kr2udp: 1 | 
2026-05-04 09:29:26,081 - INFO     - img2od: 0 | od2fr: 171 | od2lpr: 721 | od2cap: 0 | fr2kr: 221 | lpr2kr: 1000 | cap2udp: 0 | kr2udp: 1 | 
2026-05-04 09:29:27,082 - INFO     - img2od: 0 | od2fr: 164 | od2lpr: 718 | od2cap: 0 | fr2kr: 226 | lpr2kr: 1000 | cap2udp: 0 | kr2udp: 1 | 
2026-05-04 09:29:28,084 - INFO     - img2od: 0 | od2fr: 158 | od2lpr: 716 | od2cap: 0 | fr2kr: 229 | lpr2kr: 999 | cap2udp: 0 | kr2udp: 1 | 
2026-05-04 09:29:29,085 - INFO     - img2od: 0 | od2fr: 151 | od2lpr: 713 | od2cap: 0 | fr2kr: 234 | lpr2kr: 1000 | cap2udp: 0 | kr2udp: 1 | 
2026-05-04 09:29:30,086 - INFO     - img2od: 0 | od2fr: 145 | od2lpr: 710 | od2cap: 0 | fr2kr: 237 | lpr2kr: 1000 | cap2udp: 0 | kr2udp: 1 | 
2026-05-04 09:29:31,087 - INFO     - img2od: 0 | od2fr: 138 | od2lpr: 708 | od2cap: 0 | fr2kr: 242 | lpr2kr: 1000 | cap2udp: 0 | kr2udp: 1 | 
2026-05-04 09:29:32,089 - INFO     - img2od: 0 | od2fr: 132 | od2lpr: 705 | od2cap: 0 | fr2kr: 245 | lpr2kr: 1000 | cap2udp: 0 | kr2udp: 1 | 
2026-05-04 09:29:33,090 - INFO     - img2od: 0 | od2fr: 125 | od2lpr: 703 | od2cap: 0 | fr2kr: 249 | lpr2kr: 1000 | cap2udp: 0 | kr2udp: 1 | 
2026-05-04 09:29:34,091 - INFO     - img2od: 0 | od2fr: 119 | od2lpr: 700 | od2cap: 0 | fr2kr: 253 | lpr2kr: 1000 | cap2udp: 0 | kr2udp: 0 | 
2026-05-04 09:29:35,092 - INFO     - img2od: 0 | od2fr: 112 | od2lpr: 698 | od2cap: 0 | fr2kr: 257 | lpr2kr: 1000 | cap2udp: 0 | kr2udp: 0 | 
2026-05-04 09:29:36,093 - INFO     - img2od: 0 | od2fr: 106 | od2lpr: 695 | od2cap: 0 | fr2kr: 261 | lpr2kr: 1000 | cap2udp: 0 | kr2udp: 1 | 
2026-05-04 09:29:37,094 - INFO     - img2od: 0 | od2fr: 99 | od2lpr: 693 | od2cap: 0 | fr2kr: 265 | lpr2kr: 999 | cap2udp: 0 | kr2udp: 1 | 
2026-05-04 09:29:38,095 - INFO     - img2od: 0 | od2fr: 93 | od2lpr: 690 | od2cap: 0 | fr2kr: 268 | lpr2kr: 1000 | cap2udp: 0 | kr2udp: 1 | 
2026-05-04 09:29:39,096 - INFO     - img2od: 0 | od2fr: 86 | od2lpr: 687 | od2cap: 0 | fr2kr: 273 | lpr2kr: 1000 | cap2udp: 0 | kr2udp: 1 | 
2026-05-04 09:29:40,097 - INFO     - img2od: 0 | od2fr: 79 | od2lpr: 684 | od2cap: 0 | fr2kr: 277 | lpr2kr: 1000 | cap2udp: 0 | kr2udp: 0 | 
2026-05-04 09:29:41,098 - INFO     - img2od: 0 | od2fr: 72 | od2lpr: 682 | od2cap: 0 | fr2kr: 282 | lpr2kr: 1000 | cap2udp: 0 | kr2udp: 1 | 
2026-05-04 09:29:42,099 - INFO     - img2od: 0 | od2fr: 65 | od2lpr: 679 | od2cap: 0 | fr2kr: 286 | lpr2kr: 1000 | cap2udp: 0 | kr2udp: 1 | 
2026-05-04 09:29:43,100 - INFO     - img2od: 0 | od2fr: 58 | od2lpr: 677 | od2cap: 0 | fr2kr: 290 | lpr2kr: 1000 | cap2udp: 0 | kr2udp: 1 | 
2026-05-04 09:29:44,101 - INFO     - img2od: 0 | od2fr: 50 | od2lpr: 674 | od2cap: 0 | fr2kr: 295 | lpr2kr: 1000 | cap2udp: 0 | kr2udp: 1 | 
2026-05-04 09:29:45,103 - INFO     - img2od: 0 | od2fr: 43 | od2lpr: 672 | od2cap: 0 | fr2kr: 300 | lpr2kr: 1000 | cap2udp: 0 | kr2udp: 1 | 
2026-05-04 09:29:46,104 - INFO     - img2od: 0 | od2fr: 36 | od2lpr: 669 | od2cap: 0 | fr2kr: 305 | lpr2kr: 1000 | cap2udp: 0 | kr2udp: 1 | 
2026-05-04 09:29:47,105 - INFO     - img2od: 0 | od2fr: 29 | od2lpr: 667 | od2cap: 0 | fr2kr: 309 | lpr2kr: 1000 | cap2udp: 0 | kr2udp: 1 | 
2026-05-04 09:29:48,106 - INFO     - img2od: 0 | od2fr: 22 | od2lpr: 664 | od2cap: 0 | fr2kr: 314 | lpr2kr: 1000 | cap2udp: 0 | kr2udp: 1 | 
2026-05-04 09:29:49,107 - INFO     - img2od: 0 | od2fr: 15 | od2lpr: 662 | od2cap: 0 | fr2kr: 318 | lpr2kr: 1000 | cap2udp: 0 | kr2udp: 1 | 
2026-05-04 09:29:50,108 - INFO     - img2od: 0 | od2fr: 8 | od2lpr: 659 | od2cap: 0 | fr2kr: 323 | lpr2kr: 1000 | cap2udp: 0 | kr2udp: 1 | 
2026-05-04 09:29:51,109 - INFO     - img2od: 0 | od2fr: 2 | od2lpr: 656 | od2cap: 0 | fr2kr: 326 | lpr2kr: 1000 | cap2udp: 0 | kr2udp: 1 | 
2026-05-04 09:29:51,267 - INFO     - frStream     : Received END signal, shutting down
2026-05-04 09:29:51,475 - INFO     - frStream     : shutdown successful
2026-05-04 09:29:52,110 - INFO     - img2od: 0 | od2fr: 0 | od2lpr: 654 | od2cap: 0 | fr2kr: 326 | lpr2kr: 1000 | cap2udp: 0 | kr2udp: 1 | 
2026-05-04 09:29:53,111 - INFO     - img2od: 0 | od2fr: 0 | od2lpr: 651 | od2cap: 0 | fr2kr: 323 | lpr2kr: 1000 | cap2udp: 0 | kr2udp: 1 | 
2026-05-04 09:29:54,112 - INFO     - img2od: 0 | od2fr: 0 | od2lpr: 649 | od2cap: 0 | fr2kr: 320 | lpr2kr: 1000 | cap2udp: 0 | kr2udp: 1 | 
2026-05-04 09:29:55,113 - INFO     - img2od: 0 | od2fr: 0 | od2lpr: 646 | od2cap: 0 | fr2kr: 318 | lpr2kr: 1000 | cap2udp: 0 | kr2udp: 1 | 
2026-05-04 09:29:56,114 - INFO     - img2od: 0 | od2fr: 0 | od2lpr: 643 | od2cap: 0 | fr2kr: 315 | lpr2kr: 1000 | cap2udp: 0 | kr2udp: 1 | 
2026-05-04 09:29:57,115 - INFO     - img2od: 0 | od2fr: 0 | od2lpr: 641 | od2cap: 0 | fr2kr: 312 | lpr2kr: 1000 | cap2udp: 0 | kr2udp: 1 | 
2026-05-04 09:29:58,116 - INFO     - img2od: 0 | od2fr: 0 | od2lpr: 638 | od2cap: 0 | fr2kr: 310 | lpr2kr: 1000 | cap2udp: 0 | kr2udp: 0 | 
2026-05-04 09:29:59,117 - INFO     - img2od: 0 | od2fr: 0 | od2lpr: 636 | od2cap: 0 | fr2kr: 307 | lpr2kr: 1000 | cap2udp: 0 | kr2udp: 1 | 
2026-05-04 09:30:00,119 - INFO     - img2od: 0 | od2fr: 0 | od2lpr: 633 | od2cap: 0 | fr2kr: 305 | lpr2kr: 1000 | cap2udp: 0 | kr2udp: 1 | 
2026-05-04 09:30:01,120 - INFO     - img2od: 0 | od2fr: 0 | od2lpr: 630 | od2cap: 0 | fr2kr: 302 | lpr2kr: 1000 | cap2udp: 0 | kr2udp: 1 | 
2026-05-04 09:30:02,121 - INFO     - img2od: 0 | od2fr: 0 | od2lpr: 628 | od2cap: 0 | fr2kr: 299 | lpr2kr: 1000 | cap2udp: 0 | kr2udp: 0 | 
2026-05-04 09:30:03,122 - INFO     - img2od: 0 | od2fr: 0 | od2lpr: 625 | od2cap: 0 | fr2kr: 297 | lpr2kr: 1000 | cap2udp: 0 | kr2udp: 1 | 
2026-05-04 09:30:04,124 - INFO     - img2od: 0 | od2fr: 0 | od2lpr: 623 | od2cap: 0 | fr2kr: 294 | lpr2kr: 1000 | cap2udp: 0 | kr2udp: 1 | 
2026-05-04 09:30:05,124 - INFO     - img2od: 0 | od2fr: 0 | od2lpr: 620 | od2cap: 0 | fr2kr: 292 | lpr2kr: 1000 | cap2udp: 0 | kr2udp: 1 | 
2026-05-04 09:30:06,125 - INFO     - img2od: 0 | od2fr: 0 | od2lpr: 617 | od2cap: 0 | fr2kr: 289 | lpr2kr: 1000 | cap2udp: 0 | kr2udp: 1 | 
2026-05-04 09:30:07,126 - INFO     - img2od: 0 | od2fr: 0 | od2lpr: 615 | od2cap: 0 | fr2kr: 286 | lpr2kr: 1000 | cap2udp: 0 | kr2udp: 1 | 
2026-05-04 09:30:08,127 - INFO     - img2od: 0 | od2fr: 0 | od2lpr: 612 | od2cap: 0 | fr2kr: 284 | lpr2kr: 1000 | cap2udp: 0 | kr2udp: 1 | 
2026-05-04 09:30:09,128 - INFO     - img2od: 0 | od2fr: 0 | od2lpr: 610 | od2cap: 0 | fr2kr: 281 | lpr2kr: 999 | cap2udp: 0 | kr2udp: 1 | 
2026-05-04 09:30:10,129 - INFO     - img2od: 0 | od2fr: 0 | od2lpr: 607 | od2cap: 0 | fr2kr: 279 | lpr2kr: 1000 | cap2udp: 0 | kr2udp: 1 | 
2026-05-04 09:30:11,131 - INFO     - img2od: 0 | od2fr: 0 | od2lpr: 604 | od2cap: 0 | fr2kr: 276 | lpr2kr: 1000 | cap2udp: 0 | kr2udp: 1 | 
2026-05-04 09:30:12,132 - INFO     - img2od: 0 | od2fr: 0 | od2lpr: 602 | od2cap: 0 | fr2kr: 273 | lpr2kr: 1000 | cap2udp: 0 | kr2udp: 1 | 
2026-05-04 09:30:13,133 - INFO     - img2od: 0 | od2fr: 0 | od2lpr: 599 | od2cap: 0 | fr2kr: 271 | lpr2kr: 1000 | cap2udp: 0 | kr2udp: 1 | 
2026-05-04 09:30:14,134 - INFO     - img2od: 0 | od2fr: 0 | od2lpr: 596 | od2cap: 0 | fr2kr: 268 | lpr2kr: 1000 | cap2udp: 0 | kr2udp: 1 | 
2026-05-04 09:30:15,136 - INFO     - img2od: 0 | od2fr: 0 | od2lpr: 594 | od2cap: 0 | fr2kr: 265 | lpr2kr: 1000 | cap2udp: 0 | kr2udp: 1 | 
2026-05-04 09:30:16,137 - INFO     - img2od: 0 | od2fr: 0 | od2lpr: 591 | od2cap: 0 | fr2kr: 263 | lpr2kr: 1000 | cap2udp: 0 | kr2udp: 0 | 
2026-05-04 09:30:17,138 - INFO     - img2od: 0 | od2fr: 0 | od2lpr: 589 | od2cap: 0 | fr2kr: 260 | lpr2kr: 1000 | cap2udp: 0 | kr2udp: 0 | 
2026-05-04 09:30:18,139 - INFO     - img2od: 0 | od2fr: 0 | od2lpr: 586 | od2cap: 0 | fr2kr: 258 | lpr2kr: 1000 | cap2udp: 0 | kr2udp: 1 | 
2026-05-04 09:30:19,141 - INFO     - img2od: 0 | od2fr: 0 | od2lpr: 583 | od2cap: 0 | fr2kr: 255 | lpr2kr: 1000 | cap2udp: 0 | kr2udp: 1 | 
2026-05-04 09:30:20,142 - INFO     - img2od: 0 | od2fr: 0 | od2lpr: 581 | od2cap: 0 | fr2kr: 252 | lpr2kr: 1000 | cap2udp: 0 | kr2udp: 1 | 
2026-05-04 09:30:21,143 - INFO     - img2od: 0 | od2fr: 0 | od2lpr: 578 | od2cap: 0 | fr2kr: 250 | lpr2kr: 1000 | cap2udp: 0 | kr2udp: 0 | 
2026-05-04 09:30:22,144 - INFO     - img2od: 0 | od2fr: 0 | od2lpr: 576 | od2cap: 0 | fr2kr: 247 | lpr2kr: 1000 | cap2udp: 0 | kr2udp: 1 | 
2026-05-04 09:30:23,146 - INFO     - img2od: 0 | od2fr: 0 | od2lpr: 573 | od2cap: 0 | fr2kr: 245 | lpr2kr: 1000 | cap2udp: 0 | kr2udp: 1 | 
2026-05-04 09:30:24,147 - INFO     - img2od: 0 | od2fr: 0 | od2lpr: 570 | od2cap: 0 | fr2kr: 242 | lpr2kr: 1000 | cap2udp: 0 | kr2udp: 1 | 
2026-05-04 09:30:25,148 - INFO     - img2od: 0 | od2fr: 0 | od2lpr: 568 | od2cap: 0 | fr2kr: 239 | lpr2kr: 1000 | cap2udp: 0 | kr2udp: 1 | 
2026-05-04 09:30:26,149 - INFO     - img2od: 0 | od2fr: 0 | od2lpr: 565 | od2cap: 0 | fr2kr: 237 | lpr2kr: 1000 | cap2udp: 0 | kr2udp: 1 | 
2026-05-04 09:30:27,151 - INFO     - img2od: 0 | od2fr: 0 | od2lpr: 563 | od2cap: 0 | fr2kr: 234 | lpr2kr: 1000 | cap2udp: 0 | kr2udp: 1 | 
2026-05-04 09:30:28,152 - INFO     - img2od: 0 | od2fr: 0 | od2lpr: 560 | od2cap: 0 | fr2kr: 232 | lpr2kr: 1000 | cap2udp: 0 | kr2udp: 1 | 
2026-05-04 09:30:29,153 - INFO     - img2od: 0 | od2fr: 0 | od2lpr: 557 | od2cap: 0 | fr2kr: 229 | lpr2kr: 1000 | cap2udp: 0 | kr2udp: 1 | 
2026-05-04 09:30:30,154 - INFO     - img2od: 0 | od2fr: 0 | od2lpr: 555 | od2cap: 0 | fr2kr: 226 | lpr2kr: 1000 | cap2udp: 0 | kr2udp: 1 | 
2026-05-04 09:30:31,156 - INFO     - img2od: 0 | od2fr: 0 | od2lpr: 552 | od2cap: 0 | fr2kr: 224 | lpr2kr: 1000 | cap2udp: 0 | kr2udp: 1 | 
2026-05-04 09:30:32,157 - INFO     - img2od: 0 | od2fr: 0 | od2lpr: 549 | od2cap: 0 | fr2kr: 221 | lpr2kr: 1000 | cap2udp: 0 | kr2udp: 1 | 
2026-05-04 09:30:33,158 - INFO     - img2od: 0 | od2fr: 0 | od2lpr: 547 | od2cap: 0 | fr2kr: 219 | lpr2kr: 1000 | cap2udp: 0 | kr2udp: 1 | 
2026-05-04 09:30:34,159 - INFO     - img2od: 0 | od2fr: 0 | od2lpr: 544 | od2cap: 0 | fr2kr: 216 | lpr2kr: 1000 | cap2udp: 0 | kr2udp: 1 | 
2026-05-04 09:30:35,160 - INFO     - img2od: 0 | od2fr: 0 | od2lpr: 542 | od2cap: 0 | fr2kr: 213 | lpr2kr: 1000 | cap2udp: 0 | kr2udp: 1 | 
2026-05-04 09:30:36,161 - INFO     - img2od: 0 | od2fr: 0 | od2lpr: 539 | od2cap: 0 | fr2kr: 211 | lpr2kr: 1000 | cap2udp: 0 | kr2udp: 1 | 
2026-05-04 09:30:37,162 - INFO     - img2od: 0 | od2fr: 0 | od2lpr: 536 | od2cap: 0 | fr2kr: 208 | lpr2kr: 1000 | cap2udp: 0 | kr2udp: 1 | 
2026-05-04 09:30:38,163 - INFO     - img2od: 0 | od2fr: 0 | od2lpr: 534 | od2cap: 0 | fr2kr: 206 | lpr2kr: 1000 | cap2udp: 0 | kr2udp: 1 | 
2026-05-04 09:30:39,164 - INFO     - img2od: 0 | od2fr: 0 | od2lpr: 531 | od2cap: 0 | fr2kr: 203 | lpr2kr: 1000 | cap2udp: 0 | kr2udp: 1 | 
2026-05-04 09:30:40,165 - INFO     - img2od: 0 | od2fr: 0 | od2lpr: 529 | od2cap: 0 | fr2kr: 200 | lpr2kr: 1000 | cap2udp: 0 | kr2udp: 1 | 
2026-05-04 09:30:41,166 - INFO     - img2od: 0 | od2fr: 0 | od2lpr: 526 | od2cap: 0 | fr2kr: 198 | lpr2kr: 1000 | cap2udp: 0 | kr2udp: 1 | 
2026-05-04 09:30:42,168 - INFO     - img2od: 0 | od2fr: 0 | od2lpr: 523 | od2cap: 0 | fr2kr: 195 | lpr2kr: 1000 | cap2udp: 0 | kr2udp: 1 | 
2026-05-04 09:30:43,169 - INFO     - img2od: 0 | od2fr: 0 | od2lpr: 521 | od2cap: 0 | fr2kr: 192 | lpr2kr: 1000 | cap2udp: 0 | kr2udp: 1 | 
2026-05-04 09:30:44,170 - INFO     - img2od: 0 | od2fr: 0 | od2lpr: 518 | od2cap: 0 | fr2kr: 190 | lpr2kr: 1000 | cap2udp: 0 | kr2udp: 0 | 
2026-05-04 09:30:45,171 - INFO     - img2od: 0 | od2fr: 0 | od2lpr: 516 | od2cap: 0 | fr2kr: 187 | lpr2kr: 1000 | cap2udp: 0 | kr2udp: 0 | 
2026-05-04 09:30:46,173 - INFO     - img2od: 0 | od2fr: 0 | od2lpr: 513 | od2cap: 0 | fr2kr: 185 | lpr2kr: 1000 | cap2udp: 0 | kr2udp: 1 | 
2026-05-04 09:30:47,174 - INFO     - img2od: 0 | od2fr: 0 | od2lpr: 510 | od2cap: 0 | fr2kr: 182 | lpr2kr: 1000 | cap2udp: 0 | kr2udp: 1 | 
2026-05-04 09:30:48,175 - INFO     - img2od: 0 | od2fr: 0 | od2lpr: 508 | od2cap: 0 | fr2kr: 179 | lpr2kr: 1000 | cap2udp: 0 | kr2udp: 1 | 
2026-05-04 09:30:49,176 - INFO     - img2od: 0 | od2fr: 0 | od2lpr: 505 | od2cap: 0 | fr2kr: 177 | lpr2kr: 1000 | cap2udp: 0 | kr2udp: 1 | 
2026-05-04 09:30:50,177 - INFO     - img2od: 0 | od2fr: 0 | od2lpr: 503 | od2cap: 0 | fr2kr: 174 | lpr2kr: 1000 | cap2udp: 0 | kr2udp: 0 | 
2026-05-04 09:30:51,179 - INFO     - img2od: 0 | od2fr: 0 | od2lpr: 500 | od2cap: 0 | fr2kr: 172 | lpr2kr: 1000 | cap2udp: 0 | kr2udp: 1 | 
2026-05-04 09:30:52,180 - INFO     - img2od: 0 | od2fr: 0 | od2lpr: 497 | od2cap: 0 | fr2kr: 169 | lpr2kr: 1000 | cap2udp: 0 | kr2udp: 0 | 
2026-05-04 09:30:53,181 - INFO     - img2od: 0 | od2fr: 0 | od2lpr: 495 | od2cap: 0 | fr2kr: 166 | lpr2kr: 1000 | cap2udp: 0 | kr2udp: 0 | 
2026-05-04 09:30:54,182 - INFO     - img2od: 0 | od2fr: 0 | od2lpr: 492 | od2cap: 0 | fr2kr: 164 | lpr2kr: 1000 | cap2udp: 0 | kr2udp: 1 | 
2026-05-04 09:30:55,183 - INFO     - img2od: 0 | od2fr: 0 | od2lpr: 490 | od2cap: 0 | fr2kr: 161 | lpr2kr: 1000 | cap2udp: 0 | kr2udp: 0 | 
2026-05-04 09:30:56,184 - INFO     - img2od: 0 | od2fr: 0 | od2lpr: 487 | od2cap: 0 | fr2kr: 159 | lpr2kr: 1000 | cap2udp: 0 | kr2udp: 1 | 
2026-05-04 09:30:57,185 - INFO     - img2od: 0 | od2fr: 0 | od2lpr: 484 | od2cap: 0 | fr2kr: 156 | lpr2kr: 1000 | cap2udp: 0 | kr2udp: 1 | 
2026-05-04 09:30:58,186 - INFO     - img2od: 0 | od2fr: 0 | od2lpr: 482 | od2cap: 0 | fr2kr: 153 | lpr2kr: 1000 | cap2udp: 0 | kr2udp: 1 | 
2026-05-04 09:30:59,188 - INFO     - img2od: 0 | od2fr: 0 | od2lpr: 479 | od2cap: 0 | fr2kr: 151 | lpr2kr: 1000 | cap2udp: 0 | kr2udp: 1 | 
2026-05-04 09:31:00,189 - INFO     - img2od: 0 | od2fr: 0 | od2lpr: 477 | od2cap: 0 | fr2kr: 148 | lpr2kr: 999 | cap2udp: 0 | kr2udp: 1 | 
2026-05-04 09:31:01,190 - INFO     - img2od: 0 | od2fr: 0 | od2lpr: 474 | od2cap: 0 | fr2kr: 146 | lpr2kr: 1000 | cap2udp: 0 | kr2udp: 1 | 
2026-05-04 09:31:02,191 - INFO     - img2od: 0 | od2fr: 0 | od2lpr: 471 | od2cap: 0 | fr2kr: 143 | lpr2kr: 1000 | cap2udp: 0 | kr2udp: 1 | 
2026-05-04 09:31:03,193 - INFO     - img2od: 0 | od2fr: 0 | od2lpr: 469 | od2cap: 0 | fr2kr: 140 | lpr2kr: 1000 | cap2udp: 0 | kr2udp: 1 | 
2026-05-04 09:31:04,194 - INFO     - img2od: 0 | od2fr: 0 | od2lpr: 466 | od2cap: 0 | fr2kr: 138 | lpr2kr: 1000 | cap2udp: 0 | kr2udp: 1 | 
2026-05-04 09:31:05,195 - INFO     - img2od: 0 | od2fr: 0 | od2lpr: 464 | od2cap: 0 | fr2kr: 135 | lpr2kr: 1000 | cap2udp: 0 | kr2udp: 1 | 
2026-05-04 09:31:06,196 - INFO     - img2od: 0 | od2fr: 0 | od2lpr: 461 | od2cap: 0 | fr2kr: 133 | lpr2kr: 1000 | cap2udp: 0 | kr2udp: 1 | 
2026-05-04 09:31:07,197 - INFO     - img2od: 0 | od2fr: 0 | od2lpr: 458 | od2cap: 0 | fr2kr: 130 | lpr2kr: 1000 | cap2udp: 0 | kr2udp: 1 | 
2026-05-04 09:31:08,198 - INFO     - img2od: 0 | od2fr: 0 | od2lpr: 456 | od2cap: 0 | fr2kr: 127 | lpr2kr: 1000 | cap2udp: 0 | kr2udp: 1 | 
2026-05-04 09:31:09,199 - INFO     - img2od: 0 | od2fr: 0 | od2lpr: 453 | od2cap: 0 | fr2kr: 125 | lpr2kr: 1000 | cap2udp: 0 | kr2udp: 1 | 
2026-05-04 09:31:10,200 - INFO     - img2od: 0 | od2fr: 0 | od2lpr: 450 | od2cap: 0 | fr2kr: 122 | lpr2kr: 1000 | cap2udp: 0 | kr2udp: 1 | 
2026-05-04 09:31:11,202 - INFO     - img2od: 0 | od2fr: 0 | od2lpr: 448 | od2cap: 0 | fr2kr: 119 | lpr2kr: 1000 | cap2udp: 0 | kr2udp: 1 | 
2026-05-04 09:31:12,203 - INFO     - img2od: 0 | od2fr: 0 | od2lpr: 445 | od2cap: 0 | fr2kr: 117 | lpr2kr: 1000 | cap2udp: 0 | kr2udp: 0 | 
2026-05-04 09:31:13,204 - INFO     - img2od: 0 | od2fr: 0 | od2lpr: 443 | od2cap: 0 | fr2kr: 114 | lpr2kr: 1000 | cap2udp: 0 | kr2udp: 0 | 
2026-05-04 09:31:14,205 - INFO     - img2od: 0 | od2fr: 0 | od2lpr: 440 | od2cap: 0 | fr2kr: 112 | lpr2kr: 1000 | cap2udp: 0 | kr2udp: 1 | 
2026-05-04 09:31:15,206 - INFO     - img2od: 0 | od2fr: 0 | od2lpr: 437 | od2cap: 0 | fr2kr: 109 | lpr2kr: 1000 | cap2udp: 0 | kr2udp: 1 | 
2026-05-04 09:31:16,207 - INFO     - img2od: 0 | od2fr: 0 | od2lpr: 435 | od2cap: 0 | fr2kr: 106 | lpr2kr: 1000 | cap2udp: 0 | kr2udp: 1 | 
2026-05-04 09:31:17,208 - INFO     - img2od: 0 | od2fr: 0 | od2lpr: 432 | od2cap: 0 | fr2kr: 104 | lpr2kr: 1000 | cap2udp: 0 | kr2udp: 0 | 
2026-05-04 09:31:18,208 - INFO     - img2od: 0 | od2fr: 0 | od2lpr: 430 | od2cap: 0 | fr2kr: 101 | lpr2kr: 1000 | cap2udp: 0 | kr2udp: 0 | 
2026-05-04 09:31:19,209 - INFO     - img2od: 0 | od2fr: 0 | od2lpr: 427 | od2cap: 0 | fr2kr: 99 | lpr2kr: 1000 | cap2udp: 0 | kr2udp: 1 | 
2026-05-04 09:31:20,210 - INFO     - img2od: 0 | od2fr: 0 | od2lpr: 424 | od2cap: 0 | fr2kr: 96 | lpr2kr: 1000 | cap2udp: 0 | kr2udp: 1 | 
2026-05-04 09:31:21,211 - INFO     - img2od: 0 | od2fr: 0 | od2lpr: 422 | od2cap: 0 | fr2kr: 93 | lpr2kr: 1000 | cap2udp: 0 | kr2udp: 1 | 
2026-05-04 09:31:22,212 - INFO     - img2od: 0 | od2fr: 0 | od2lpr: 419 | od2cap: 0 | fr2kr: 91 | lpr2kr: 1000 | cap2udp: 0 | kr2udp: 1 | 
2026-05-04 09:31:23,214 - INFO     - img2od: 0 | od2fr: 0 | od2lpr: 417 | od2cap: 0 | fr2kr: 88 | lpr2kr: 1000 | cap2udp: 0 | kr2udp: 1 | 
2026-05-04 09:31:24,215 - INFO     - img2od: 0 | od2fr: 0 | od2lpr: 414 | od2cap: 0 | fr2kr: 86 | lpr2kr: 1000 | cap2udp: 0 | kr2udp: 1 | 
2026-05-04 09:31:25,216 - INFO     - img2od: 0 | od2fr: 0 | od2lpr: 411 | od2cap: 0 | fr2kr: 83 | lpr2kr: 1000 | cap2udp: 0 | kr2udp: 1 | 
2026-05-04 09:31:26,217 - INFO     - img2od: 0 | od2fr: 0 | od2lpr: 409 | od2cap: 0 | fr2kr: 80 | lpr2kr: 1000 | cap2udp: 0 | kr2udp: 0 | 
2026-05-04 09:31:27,218 - INFO     - img2od: 0 | od2fr: 0 | od2lpr: 406 | od2cap: 0 | fr2kr: 78 | lpr2kr: 1000 | cap2udp: 0 | kr2udp: 1 | 
2026-05-04 09:31:28,219 - INFO     - img2od: 0 | od2fr: 0 | od2lpr: 404 | od2cap: 0 | fr2kr: 75 | lpr2kr: 1000 | cap2udp: 0 | kr2udp: 1 | 
2026-05-04 09:31:29,220 - INFO     - img2od: 0 | od2fr: 0 | od2lpr: 401 | od2cap: 0 | fr2kr: 73 | lpr2kr: 1000 | cap2udp: 0 | kr2udp: 1 | 
2026-05-04 09:31:30,221 - INFO     - img2od: 0 | od2fr: 0 | od2lpr: 398 | od2cap: 0 | fr2kr: 70 | lpr2kr: 1000 | cap2udp: 0 | kr2udp: 1 | 
2026-05-04 09:31:31,222 - INFO     - img2od: 0 | od2fr: 0 | od2lpr: 396 | od2cap: 0 | fr2kr: 67 | lpr2kr: 1000 | cap2udp: 0 | kr2udp: 1 | 
2026-05-04 09:31:32,223 - INFO     - img2od: 0 | od2fr: 0 | od2lpr: 393 | od2cap: 0 | fr2kr: 65 | lpr2kr: 1000 | cap2udp: 0 | kr2udp: 1 | 
2026-05-04 09:31:33,224 - INFO     - img2od: 0 | od2fr: 0 | od2lpr: 391 | od2cap: 0 | fr2kr: 62 | lpr2kr: 1000 | cap2udp: 0 | kr2udp: 0 | 
2026-05-04 09:31:34,225 - INFO     - img2od: 0 | od2fr: 0 | od2lpr: 388 | od2cap: 0 | fr2kr: 60 | lpr2kr: 1000 | cap2udp: 0 | kr2udp: 1 | 
2026-05-04 09:31:35,226 - INFO     - img2od: 0 | od2fr: 0 | od2lpr: 385 | od2cap: 0 | fr2kr: 57 | lpr2kr: 1000 | cap2udp: 0 | kr2udp: 0 | 
2026-05-04 09:31:36,227 - INFO     - img2od: 0 | od2fr: 0 | od2lpr: 383 | od2cap: 0 | fr2kr: 54 | lpr2kr: 1000 | cap2udp: 0 | kr2udp: 1 | 
2026-05-04 09:31:37,228 - INFO     - img2od: 0 | od2fr: 0 | od2lpr: 380 | od2cap: 0 | fr2kr: 52 | lpr2kr: 1000 | cap2udp: 0 | kr2udp: 0 | 
2026-05-04 09:31:38,229 - INFO     - img2od: 0 | od2fr: 0 | od2lpr: 377 | od2cap: 0 | fr2kr: 49 | lpr2kr: 1000 | cap2udp: 0 | kr2udp: 1 | 
2026-05-04 09:31:39,230 - INFO     - img2od: 0 | od2fr: 0 | od2lpr: 375 | od2cap: 0 | fr2kr: 46 | lpr2kr: 1000 | cap2udp: 0 | kr2udp: 0 | 
2026-05-04 09:31:40,231 - INFO     - img2od: 0 | od2fr: 0 | od2lpr: 372 | od2cap: 0 | fr2kr: 43 | lpr2kr: 1000 | cap2udp: 0 | kr2udp: 0 | 
2026-05-04 09:31:41,232 - INFO     - img2od: 0 | od2fr: 0 | od2lpr: 369 | od2cap: 0 | fr2kr: 40 | lpr2kr: 1000 | cap2udp: 0 | kr2udp: 0 | 
2026-05-04 09:31:42,233 - INFO     - img2od: 0 | od2fr: 0 | od2lpr: 366 | od2cap: 0 | fr2kr: 37 | lpr2kr: 1000 | cap2udp: 0 | kr2udp: 1 | 
2026-05-04 09:31:43,234 - INFO     - img2od: 0 | od2fr: 0 | od2lpr: 363 | od2cap: 0 | fr2kr: 35 | lpr2kr: 1000 | cap2udp: 0 | kr2udp: 1 | 
2026-05-04 09:31:44,235 - INFO     - img2od: 0 | od2fr: 0 | od2lpr: 360 | od2cap: 0 | fr2kr: 32 | lpr2kr: 1000 | cap2udp: 0 | kr2udp: 0 | 
2026-05-04 09:31:45,236 - INFO     - img2od: 0 | od2fr: 0 | od2lpr: 358 | od2cap: 0 | fr2kr: 29 | lpr2kr: 1000 | cap2udp: 0 | kr2udp: 0 | 
2026-05-04 09:31:46,237 - INFO     - img2od: 0 | od2fr: 0 | od2lpr: 355 | od2cap: 0 | fr2kr: 27 | lpr2kr: 1000 | cap2udp: 0 | kr2udp: 1 | 
2026-05-04 09:31:47,238 - INFO     - img2od: 0 | od2fr: 0 | od2lpr: 352 | od2cap: 0 | fr2kr: 24 | lpr2kr: 1000 | cap2udp: 0 | kr2udp: 0 | 
2026-05-04 09:31:48,239 - INFO     - img2od: 0 | od2fr: 0 | od2lpr: 350 | od2cap: 0 | fr2kr: 21 | lpr2kr: 1000 | cap2udp: 0 | kr2udp: 1 | 
2026-05-04 09:31:49,240 - INFO     - img2od: 0 | od2fr: 0 | od2lpr: 347 | od2cap: 0 | fr2kr: 19 | lpr2kr: 1000 | cap2udp: 0 | kr2udp: 1 | 
2026-05-04 09:31:50,241 - INFO     - img2od: 0 | od2fr: 0 | od2lpr: 344 | od2cap: 0 | fr2kr: 16 | lpr2kr: 1000 | cap2udp: 0 | kr2udp: 0 | 
2026-05-04 09:31:51,242 - INFO     - img2od: 0 | od2fr: 0 | od2lpr: 342 | od2cap: 0 | fr2kr: 13 | lpr2kr: 1000 | cap2udp: 0 | kr2udp: 0 | 
2026-05-04 09:31:52,243 - INFO     - img2od: 0 | od2fr: 0 | od2lpr: 339 | od2cap: 0 | fr2kr: 10 | lpr2kr: 1000 | cap2udp: 0 | kr2udp: 0 | 
2026-05-04 09:31:53,244 - INFO     - img2od: 0 | od2fr: 0 | od2lpr: 336 | od2cap: 0 | fr2kr: 7 | lpr2kr: 1000 | cap2udp: 0 | kr2udp: 1 | 
2026-05-04 09:31:54,245 - INFO     - img2od: 0 | od2fr: 0 | od2lpr: 333 | od2cap: 0 | fr2kr: 4 | lpr2kr: 1000 | cap2udp: 0 | kr2udp: 1 | 
2026-05-04 09:31:55,247 - INFO     - img2od: 0 | od2fr: 0 | od2lpr: 330 | od2cap: 0 | fr2kr: 2 | lpr2kr: 1000 | cap2udp: 0 | kr2udp: 1 | 
2026-05-04 09:31:55,699 - INFO     - krStream     : Received end signal from FR
2026-05-04 09:31:56,248 - INFO     - img2od: 0 | od2fr: 0 | od2lpr: 326 | od2cap: 0 | fr2kr: 0 | lpr2kr: 1000 | cap2udp: 0 | kr2udp: 1 | 
2026-05-04 09:31:57,249 - INFO     - img2od: 0 | od2fr: 0 | od2lpr: 322 | od2cap: 0 | fr2kr: 0 | lpr2kr: 1000 | cap2udp: 0 | kr2udp: 1 | 
2026-05-04 09:31:58,250 - INFO     - img2od: 0 | od2fr: 0 | od2lpr: 317 | od2cap: 0 | fr2kr: 0 | lpr2kr: 1000 | cap2udp: 0 | kr2udp: 0 | 
2026-05-04 09:31:59,252 - INFO     - img2od: 0 | od2fr: 0 | od2lpr: 313 | od2cap: 0 | fr2kr: 0 | lpr2kr: 1000 | cap2udp: 0 | kr2udp: 1 | 
2026-05-04 09:32:00,253 - INFO     - img2od: 0 | od2fr: 0 | od2lpr: 308 | od2cap: 0 | fr2kr: 0 | lpr2kr: 1000 | cap2udp: 0 | kr2udp: 0 | 
2026-05-04 09:32:01,254 - INFO     - img2od: 0 | od2fr: 0 | od2lpr: 304 | od2cap: 0 | fr2kr: 0 | lpr2kr: 1000 | cap2udp: 0 | kr2udp: 1 | 
2026-05-04 09:32:02,255 - INFO     - img2od: 0 | od2fr: 0 | od2lpr: 299 | od2cap: 0 | fr2kr: 0 | lpr2kr: 1000 | cap2udp: 0 | kr2udp: 1 | 
2026-05-04 09:32:03,257 - INFO     - img2od: 0 | od2fr: 0 | od2lpr: 295 | od2cap: 0 | fr2kr: 0 | lpr2kr: 1000 | cap2udp: 0 | kr2udp: 0 | 
2026-05-04 09:32:04,258 - INFO     - img2od: 0 | od2fr: 0 | od2lpr: 291 | od2cap: 0 | fr2kr: 0 | lpr2kr: 1000 | cap2udp: 0 | kr2udp: 1 | 
2026-05-04 09:32:05,259 - INFO     - img2od: 0 | od2fr: 0 | od2lpr: 286 | od2cap: 0 | fr2kr: 0 | lpr2kr: 1000 | cap2udp: 0 | kr2udp: 0 | 
2026-05-04 09:32:06,260 - INFO     - img2od: 0 | od2fr: 0 | od2lpr: 282 | od2cap: 0 | fr2kr: 0 | lpr2kr: 1000 | cap2udp: 0 | kr2udp: 1 | 
2026-05-04 09:32:07,261 - INFO     - img2od: 0 | od2fr: 0 | od2lpr: 277 | od2cap: 0 | fr2kr: 0 | lpr2kr: 1000 | cap2udp: 0 | kr2udp: 1 | 
2026-05-04 09:32:08,262 - INFO     - img2od: 0 | od2fr: 0 | od2lpr: 273 | od2cap: 0 | fr2kr: 0 | lpr2kr: 1000 | cap2udp: 0 | kr2udp: 1 | 
2026-05-04 09:32:09,263 - INFO     - img2od: 0 | od2fr: 0 | od2lpr: 268 | od2cap: 0 | fr2kr: 0 | lpr2kr: 1000 | cap2udp: 0 | kr2udp: 1 | 
2026-05-04 09:32:10,264 - INFO     - img2od: 0 | od2fr: 0 | od2lpr: 264 | od2cap: 0 | fr2kr: 0 | lpr2kr: 1000 | cap2udp: 0 | kr2udp: 1 | 
2026-05-04 09:32:11,265 - INFO     - img2od: 0 | od2fr: 0 | od2lpr: 260 | od2cap: 0 | fr2kr: 0 | lpr2kr: 1000 | cap2udp: 0 | kr2udp: 1 | 
2026-05-04 09:32:12,267 - INFO     - img2od: 0 | od2fr: 0 | od2lpr: 255 | od2cap: 0 | fr2kr: 0 | lpr2kr: 1000 | cap2udp: 0 | kr2udp: 0 | 
2026-05-04 09:32:13,268 - INFO     - img2od: 0 | od2fr: 0 | od2lpr: 251 | od2cap: 0 | fr2kr: 0 | lpr2kr: 1000 | cap2udp: 0 | kr2udp: 1 | 
2026-05-04 09:32:14,269 - INFO     - img2od: 0 | od2fr: 0 | od2lpr: 246 | od2cap: 0 | fr2kr: 0 | lpr2kr: 1000 | cap2udp: 0 | kr2udp: 0 | 
2026-05-04 09:32:15,270 - INFO     - img2od: 0 | od2fr: 0 | od2lpr: 242 | od2cap: 0 | fr2kr: 0 | lpr2kr: 1000 | cap2udp: 0 | kr2udp: 1 | 
2026-05-04 09:32:16,272 - INFO     - img2od: 0 | od2fr: 0 | od2lpr: 237 | od2cap: 0 | fr2kr: 0 | lpr2kr: 1000 | cap2udp: 0 | kr2udp: 1 | 
2026-05-04 09:32:17,273 - INFO     - img2od: 0 | od2fr: 0 | od2lpr: 233 | od2cap: 0 | fr2kr: 0 | lpr2kr: 1000 | cap2udp: 0 | kr2udp: 1 | 
2026-05-04 09:32:18,274 - INFO     - img2od: 0 | od2fr: 0 | od2lpr: 229 | od2cap: 0 | fr2kr: 0 | lpr2kr: 1000 | cap2udp: 0 | kr2udp: 1 | 
2026-05-04 09:32:19,275 - INFO     - img2od: 0 | od2fr: 0 | od2lpr: 225 | od2cap: 0 | fr2kr: 0 | lpr2kr: 1000 | cap2udp: 0 | kr2udp: 1 | 
2026-05-04 09:32:20,276 - INFO     - img2od: 0 | od2fr: 0 | od2lpr: 221 | od2cap: 0 | fr2kr: 0 | lpr2kr: 1000 | cap2udp: 0 | kr2udp: 1 | 
2026-05-04 09:32:21,277 - INFO     - img2od: 0 | od2fr: 0 | od2lpr: 217 | od2cap: 0 | fr2kr: 0 | lpr2kr: 1000 | cap2udp: 0 | kr2udp: 1 | 
2026-05-04 09:32:22,278 - INFO     - img2od: 0 | od2fr: 0 | od2lpr: 213 | od2cap: 0 | fr2kr: 0 | lpr2kr: 1000 | cap2udp: 0 | kr2udp: 1 | 
2026-05-04 09:32:23,280 - INFO     - img2od: 0 | od2fr: 0 | od2lpr: 209 | od2cap: 0 | fr2kr: 0 | lpr2kr: 1000 | cap2udp: 0 | kr2udp: 1 | 
2026-05-04 09:32:24,281 - INFO     - img2od: 0 | od2fr: 0 | od2lpr: 205 | od2cap: 0 | fr2kr: 0 | lpr2kr: 1000 | cap2udp: 0 | kr2udp: 1 | 
2026-05-04 09:32:25,282 - INFO     - img2od: 0 | od2fr: 0 | od2lpr: 201 | od2cap: 0 | fr2kr: 0 | lpr2kr: 1000 | cap2udp: 0 | kr2udp: 1 | 
2026-05-04 09:32:26,283 - INFO     - img2od: 0 | od2fr: 0 | od2lpr: 196 | od2cap: 0 | fr2kr: 0 | lpr2kr: 1000 | cap2udp: 0 | kr2udp: 0 | 
2026-05-04 09:32:27,285 - INFO     - img2od: 0 | od2fr: 0 | od2lpr: 192 | od2cap: 0 | fr2kr: 0 | lpr2kr: 1000 | cap2udp: 0 | kr2udp: 1 | 
2026-05-04 09:32:28,286 - INFO     - img2od: 0 | od2fr: 0 | od2lpr: 187 | od2cap: 0 | fr2kr: 0 | lpr2kr: 1000 | cap2udp: 0 | kr2udp: 1 | 
2026-05-04 09:32:29,287 - INFO     - img2od: 0 | od2fr: 0 | od2lpr: 183 | od2cap: 0 | fr2kr: 0 | lpr2kr: 1000 | cap2udp: 0 | kr2udp: 1 | 
2026-05-04 09:32:30,288 - INFO     - img2od: 0 | od2fr: 0 | od2lpr: 179 | od2cap: 0 | fr2kr: 0 | lpr2kr: 1000 | cap2udp: 0 | kr2udp: 1 | 
2026-05-04 09:32:31,289 - INFO     - img2od: 0 | od2fr: 0 | od2lpr: 174 | od2cap: 0 | fr2kr: 0 | lpr2kr: 1000 | cap2udp: 0 | kr2udp: 0 | 
2026-05-04 09:32:32,291 - INFO     - img2od: 0 | od2fr: 0 | od2lpr: 170 | od2cap: 0 | fr2kr: 0 | lpr2kr: 1000 | cap2udp: 0 | kr2udp: 1 | 
2026-05-04 09:32:33,292 - INFO     - img2od: 0 | od2fr: 0 | od2lpr: 165 | od2cap: 0 | fr2kr: 0 | lpr2kr: 1000 | cap2udp: 0 | kr2udp: 0 | 
2026-05-04 09:32:34,293 - INFO     - img2od: 0 | od2fr: 0 | od2lpr: 161 | od2cap: 0 | fr2kr: 0 | lpr2kr: 1000 | cap2udp: 0 | kr2udp: 1 | 
2026-05-04 09:32:35,294 - INFO     - img2od: 0 | od2fr: 0 | od2lpr: 157 | od2cap: 0 | fr2kr: 0 | lpr2kr: 1000 | cap2udp: 0 | kr2udp: 1 | 
2026-05-04 09:32:36,296 - INFO     - img2od: 0 | od2fr: 0 | od2lpr: 152 | od2cap: 0 | fr2kr: 0 | lpr2kr: 1000 | cap2udp: 0 | kr2udp: 0 | 
2026-05-04 09:32:37,297 - INFO     - img2od: 0 | od2fr: 0 | od2lpr: 148 | od2cap: 0 | fr2kr: 0 | lpr2kr: 1000 | cap2udp: 0 | kr2udp: 1 | 
2026-05-04 09:32:38,298 - INFO     - img2od: 0 | od2fr: 0 | od2lpr: 143 | od2cap: 0 | fr2kr: 0 | lpr2kr: 1000 | cap2udp: 0 | kr2udp: 0 | 
2026-05-04 09:32:39,299 - INFO     - img2od: 0 | od2fr: 0 | od2lpr: 139 | od2cap: 0 | fr2kr: 0 | lpr2kr: 1000 | cap2udp: 0 | kr2udp: 1 | 
2026-05-04 09:32:40,301 - INFO     - img2od: 0 | od2fr: 0 | od2lpr: 134 | od2cap: 0 | fr2kr: 0 | lpr2kr: 1000 | cap2udp: 0 | kr2udp: 1 | 
2026-05-04 09:32:41,302 - INFO     - img2od: 0 | od2fr: 0 | od2lpr: 130 | od2cap: 0 | fr2kr: 0 | lpr2kr: 1000 | cap2udp: 0 | kr2udp: 0 | 
2026-05-04 09:32:42,303 - INFO     - img2od: 0 | od2fr: 0 | od2lpr: 126 | od2cap: 0 | fr2kr: 0 | lpr2kr: 1000 | cap2udp: 0 | kr2udp: 1 | 
2026-05-04 09:32:43,304 - INFO     - img2od: 0 | od2fr: 0 | od2lpr: 121 | od2cap: 0 | fr2kr: 0 | lpr2kr: 1000 | cap2udp: 0 | kr2udp: 0 | 
2026-05-04 09:32:44,305 - INFO     - img2od: 0 | od2fr: 0 | od2lpr: 117 | od2cap: 0 | fr2kr: 0 | lpr2kr: 1000 | cap2udp: 0 | kr2udp: 1 | 
2026-05-04 09:32:45,306 - INFO     - img2od: 0 | od2fr: 0 | od2lpr: 112 | od2cap: 0 | fr2kr: 0 | lpr2kr: 1000 | cap2udp: 0 | kr2udp: 0 | 
2026-05-04 09:32:46,307 - INFO     - img2od: 0 | od2fr: 0 | od2lpr: 107 | od2cap: 0 | fr2kr: 0 | lpr2kr: 1000 | cap2udp: 0 | kr2udp: 0 | 
2026-05-04 09:32:47,308 - INFO     - img2od: 0 | od2fr: 0 | od2lpr: 102 | od2cap: 0 | fr2kr: 0 | lpr2kr: 1000 | cap2udp: 0 | kr2udp: 0 | 
2026-05-04 09:32:48,309 - INFO     - img2od: 0 | od2fr: 0 | od2lpr: 97 | od2cap: 0 | fr2kr: 0 | lpr2kr: 1000 | cap2udp: 0 | kr2udp: 0 | 
2026-05-04 09:32:49,310 - INFO     - img2od: 0 | od2fr: 0 | od2lpr: 92 | od2cap: 0 | fr2kr: 0 | lpr2kr: 1000 | cap2udp: 0 | kr2udp: 1 | 
2026-05-04 09:32:50,312 - INFO     - img2od: 0 | od2fr: 0 | od2lpr: 87 | od2cap: 0 | fr2kr: 0 | lpr2kr: 1000 | cap2udp: 0 | kr2udp: 1 | 
2026-05-04 09:32:51,313 - INFO     - img2od: 0 | od2fr: 0 | od2lpr: 82 | od2cap: 0 | fr2kr: 0 | lpr2kr: 1000 | cap2udp: 0 | kr2udp: 0 | 
2026-05-04 09:32:52,314 - INFO     - img2od: 0 | od2fr: 0 | od2lpr: 77 | od2cap: 0 | fr2kr: 0 | lpr2kr: 1000 | cap2udp: 0 | kr2udp: 1 | 
2026-05-04 09:32:53,315 - INFO     - img2od: 0 | od2fr: 0 | od2lpr: 72 | od2cap: 0 | fr2kr: 0 | lpr2kr: 1000 | cap2udp: 0 | kr2udp: 0 | 
2026-05-04 09:32:54,317 - INFO     - img2od: 0 | od2fr: 0 | od2lpr: 67 | od2cap: 0 | fr2kr: 0 | lpr2kr: 1000 | cap2udp: 0 | kr2udp: 1 | 
2026-05-04 09:32:55,318 - INFO     - img2od: 0 | od2fr: 0 | od2lpr: 62 | od2cap: 0 | fr2kr: 0 | lpr2kr: 1000 | cap2udp: 0 | kr2udp: 1 | 
2026-05-04 09:32:56,319 - INFO     - img2od: 0 | od2fr: 0 | od2lpr: 57 | od2cap: 0 | fr2kr: 0 | lpr2kr: 1000 | cap2udp: 0 | kr2udp: 0 | 
2026-05-04 09:32:57,320 - INFO     - img2od: 0 | od2fr: 0 | od2lpr: 52 | od2cap: 0 | fr2kr: 0 | lpr2kr: 1000 | cap2udp: 0 | kr2udp: 1 | 
2026-05-04 09:32:58,322 - INFO     - img2od: 0 | od2fr: 0 | od2lpr: 47 | od2cap: 0 | fr2kr: 0 | lpr2kr: 1000 | cap2udp: 0 | kr2udp: 0 | 
2026-05-04 09:32:59,323 - INFO     - img2od: 0 | od2fr: 0 | od2lpr: 42 | od2cap: 0 | fr2kr: 0 | lpr2kr: 1000 | cap2udp: 0 | kr2udp: 1 | 
2026-05-04 09:33:00,324 - INFO     - img2od: 0 | od2fr: 0 | od2lpr: 37 | od2cap: 0 | fr2kr: 0 | lpr2kr: 1000 | cap2udp: 0 | kr2udp: 2 | 
2026-05-04 09:33:01,325 - INFO     - img2od: 0 | od2fr: 0 | od2lpr: 32 | od2cap: 0 | fr2kr: 0 | lpr2kr: 1000 | cap2udp: 0 | kr2udp: 0 | 
2026-05-04 09:33:02,327 - INFO     - img2od: 0 | od2fr: 0 | od2lpr: 27 | od2cap: 0 | fr2kr: 0 | lpr2kr: 1000 | cap2udp: 0 | kr2udp: 1 | 
2026-05-04 09:33:03,328 - INFO     - img2od: 0 | od2fr: 0 | od2lpr: 22 | od2cap: 0 | fr2kr: 0 | lpr2kr: 1000 | cap2udp: 0 | kr2udp: 1 | 
2026-05-04 09:33:04,329 - INFO     - img2od: 0 | od2fr: 0 | od2lpr: 18 | od2cap: 0 | fr2kr: 0 | lpr2kr: 999 | cap2udp: 0 | kr2udp: 1 | 
2026-05-04 09:33:05,330 - INFO     - img2od: 0 | od2fr: 0 | od2lpr: 13 | od2cap: 0 | fr2kr: 0 | lpr2kr: 1000 | cap2udp: 0 | kr2udp: 1 | 
2026-05-04 09:33:06,331 - INFO     - img2od: 0 | od2fr: 0 | od2lpr: 8 | od2cap: 0 | fr2kr: 0 | lpr2kr: 1000 | cap2udp: 0 | kr2udp: 1 | 
2026-05-04 09:33:07,332 - INFO     - img2od: 0 | od2fr: 0 | od2lpr: 3 | od2cap: 0 | fr2kr: 0 | lpr2kr: 1000 | cap2udp: 0 | kr2udp: 1 | 
loading model on device: cuda
Initializing checkpoint: PekingU/rtdetr_r50vd, ID: 0
2026-05-04 09:33:07,821 - INFO     - lprStream    : Received END signal, shutting down
2026-05-04 09:33:08,167 - INFO     - lprStream    : shutdown successful
2026-05-04 09:33:08,334 - INFO     - img2od: 0 | od2fr: 0 | od2lpr: 0 | od2cap: 0 | fr2kr: 0 | lpr2kr: 999 | cap2udp: 0 | kr2udp: 1 | 
2026-05-04 09:33:09,335 - INFO     - img2od: 0 | od2fr: 0 | od2lpr: 0 | od2cap: 0 | fr2kr: 0 | lpr2kr: 995 | cap2udp: 0 | kr2udp: 1 | 
2026-05-04 09:33:10,336 - INFO     - img2od: 0 | od2fr: 0 | od2lpr: 0 | od2cap: 0 | fr2kr: 0 | lpr2kr: 990 | cap2udp: 0 | kr2udp: 1 | 
2026-05-04 09:33:11,337 - INFO     - img2od: 0 | od2fr: 0 | od2lpr: 0 | od2cap: 0 | fr2kr: 0 | lpr2kr: 985 | cap2udp: 0 | kr2udp: 1 | 
2026-05-04 09:33:12,338 - INFO     - img2od: 0 | od2fr: 0 | od2lpr: 0 | od2cap: 0 | fr2kr: 0 | lpr2kr: 980 | cap2udp: 0 | kr2udp: 0 | 
2026-05-04 09:33:13,339 - INFO     - img2od: 0 | od2fr: 0 | od2lpr: 0 | od2cap: 0 | fr2kr: 0 | lpr2kr: 975 | cap2udp: 0 | kr2udp: 1 | 
2026-05-04 09:33:14,341 - INFO     - img2od: 0 | od2fr: 0 | od2lpr: 0 | od2cap: 0 | fr2kr: 0 | lpr2kr: 970 | cap2udp: 0 | kr2udp: 1 | 
2026-05-04 09:33:15,342 - INFO     - img2od: 0 | od2fr: 0 | od2lpr: 0 | od2cap: 0 | fr2kr: 0 | lpr2kr: 965 | cap2udp: 0 | kr2udp: 1 | 
2026-05-04 09:33:16,343 - INFO     - img2od: 0 | od2fr: 0 | od2lpr: 0 | od2cap: 0 | fr2kr: 0 | lpr2kr: 960 | cap2udp: 0 | kr2udp: 1 | 
2026-05-04 09:33:17,344 - INFO     - img2od: 0 | od2fr: 0 | od2lpr: 0 | od2cap: 0 | fr2kr: 0 | lpr2kr: 955 | cap2udp: 0 | kr2udp: 1 | 
2026-05-04 09:33:18,345 - INFO     - img2od: 0 | od2fr: 0 | od2lpr: 0 | od2cap: 0 | fr2kr: 0 | lpr2kr: 951 | cap2udp: 0 | kr2udp: 1 | 
2026-05-04 09:33:19,346 - INFO     - img2od: 0 | od2fr: 0 | od2lpr: 0 | od2cap: 0 | fr2kr: 0 | lpr2kr: 946 | cap2udp: 0 | kr2udp: 1 | 
2026-05-04 09:33:20,347 - INFO     - img2od: 0 | od2fr: 0 | od2lpr: 0 | od2cap: 0 | fr2kr: 0 | lpr2kr: 941 | cap2udp: 0 | kr2udp: 1 | 
2026-05-04 09:33:21,348 - INFO     - img2od: 0 | od2fr: 0 | od2lpr: 0 | od2cap: 0 | fr2kr: 0 | lpr2kr: 936 | cap2udp: 0 | kr2udp: 1 | 
2026-05-04 09:33:22,349 - INFO     - img2od: 0 | od2fr: 0 | od2lpr: 0 | od2cap: 0 | fr2kr: 0 | lpr2kr: 931 | cap2udp: 0 | kr2udp: 1 | 
2026-05-04 09:33:23,351 - INFO     - img2od: 0 | od2fr: 0 | od2lpr: 0 | od2cap: 0 | fr2kr: 0 | lpr2kr: 926 | cap2udp: 0 | kr2udp: 1 | 
2026-05-04 09:33:24,352 - INFO     - img2od: 0 | od2fr: 0 | od2lpr: 0 | od2cap: 0 | fr2kr: 0 | lpr2kr: 921 | cap2udp: 0 | kr2udp: 1 | 
2026-05-04 09:33:25,353 - INFO     - img2od: 0 | od2fr: 0 | od2lpr: 0 | od2cap: 0 | fr2kr: 0 | lpr2kr: 916 | cap2udp: 0 | kr2udp: 1 | 
2026-05-04 09:33:26,354 - INFO     - img2od: 0 | od2fr: 0 | od2lpr: 0 | od2cap: 0 | fr2kr: 0 | lpr2kr: 911 | cap2udp: 0 | kr2udp: 1 | 
2026-05-04 09:33:27,356 - INFO     - img2od: 0 | od2fr: 0 | od2lpr: 0 | od2cap: 0 | fr2kr: 0 | lpr2kr: 906 | cap2udp: 0 | kr2udp: 1 | 
2026-05-04 09:33:28,357 - INFO     - img2od: 0 | od2fr: 0 | od2lpr: 0 | od2cap: 0 | fr2kr: 0 | lpr2kr: 901 | cap2udp: 0 | kr2udp: 1 | 
2026-05-04 09:33:29,358 - INFO     - img2od: 0 | od2fr: 0 | od2lpr: 0 | od2cap: 0 | fr2kr: 0 | lpr2kr: 896 | cap2udp: 0 | kr2udp: 1 | 
2026-05-04 09:33:30,359 - INFO     - img2od: 0 | od2fr: 0 | od2lpr: 0 | od2cap: 0 | fr2kr: 0 | lpr2kr: 892 | cap2udp: 0 | kr2udp: 1 | 
2026-05-04 09:33:31,361 - INFO     - img2od: 0 | od2fr: 0 | od2lpr: 0 | od2cap: 0 | fr2kr: 0 | lpr2kr: 887 | cap2udp: 0 | kr2udp: 1 | 
2026-05-04 09:33:32,362 - INFO     - img2od: 0 | od2fr: 0 | od2lpr: 0 | od2cap: 0 | fr2kr: 0 | lpr2kr: 882 | cap2udp: 0 | kr2udp: 1 | 
2026-05-04 09:33:33,363 - INFO     - img2od: 0 | od2fr: 0 | od2lpr: 0 | od2cap: 0 | fr2kr: 0 | lpr2kr: 877 | cap2udp: 0 | kr2udp: 1 | 
2026-05-04 09:33:34,364 - INFO     - img2od: 0 | od2fr: 0 | od2lpr: 0 | od2cap: 0 | fr2kr: 0 | lpr2kr: 872 | cap2udp: 0 | kr2udp: 1 | 
2026-05-04 09:33:35,366 - INFO     - img2od: 0 | od2fr: 0 | od2lpr: 0 | od2cap: 0 | fr2kr: 0 | lpr2kr: 867 | cap2udp: 0 | kr2udp: 1 | 
2026-05-04 09:33:36,367 - INFO     - img2od: 0 | od2fr: 0 | od2lpr: 0 | od2cap: 0 | fr2kr: 0 | lpr2kr: 862 | cap2udp: 0 | kr2udp: 1 | 
2026-05-04 09:33:37,368 - INFO     - img2od: 0 | od2fr: 0 | od2lpr: 0 | od2cap: 0 | fr2kr: 0 | lpr2kr: 857 | cap2udp: 0 | kr2udp: 1 | 
2026-05-04 09:33:38,369 - INFO     - img2od: 0 | od2fr: 0 | od2lpr: 0 | od2cap: 0 | fr2kr: 0 | lpr2kr: 852 | cap2udp: 0 | kr2udp: 1 | 
2026-05-04 09:33:39,371 - INFO     - img2od: 0 | od2fr: 0 | od2lpr: 0 | od2cap: 0 | fr2kr: 0 | lpr2kr: 847 | cap2udp: 0 | kr2udp: 1 | 
2026-05-04 09:33:40,372 - INFO     - img2od: 0 | od2fr: 0 | od2lpr: 0 | od2cap: 0 | fr2kr: 0 | lpr2kr: 842 | cap2udp: 0 | kr2udp: 1 | 
2026-05-04 09:33:41,373 - INFO     - img2od: 0 | od2fr: 0 | od2lpr: 0 | od2cap: 0 | fr2kr: 0 | lpr2kr: 837 | cap2udp: 0 | kr2udp: 1 | 
2026-05-04 09:33:42,374 - INFO     - img2od: 0 | od2fr: 0 | od2lpr: 0 | od2cap: 0 | fr2kr: 0 | lpr2kr: 833 | cap2udp: 0 | kr2udp: 1 | 
2026-05-04 09:33:43,375 - INFO     - img2od: 0 | od2fr: 0 | od2lpr: 0 | od2cap: 0 | fr2kr: 0 | lpr2kr: 828 | cap2udp: 0 | kr2udp: 1 | 
2026-05-04 09:33:44,377 - INFO     - img2od: 0 | od2fr: 0 | od2lpr: 0 | od2cap: 0 | fr2kr: 0 | lpr2kr: 823 | cap2udp: 0 | kr2udp: 1 | 
2026-05-04 09:33:45,378 - INFO     - img2od: 0 | od2fr: 0 | od2lpr: 0 | od2cap: 0 | fr2kr: 0 | lpr2kr: 818 | cap2udp: 0 | kr2udp: 1 | 
2026-05-04 09:33:46,379 - INFO     - img2od: 0 | od2fr: 0 | od2lpr: 0 | od2cap: 0 | fr2kr: 0 | lpr2kr: 813 | cap2udp: 0 | kr2udp: 1 | 
2026-05-04 09:33:47,380 - INFO     - img2od: 0 | od2fr: 0 | od2lpr: 0 | od2cap: 0 | fr2kr: 0 | lpr2kr: 808 | cap2udp: 0 | kr2udp: 1 | 
2026-05-04 09:33:48,382 - INFO     - img2od: 0 | od2fr: 0 | od2lpr: 0 | od2cap: 0 | fr2kr: 0 | lpr2kr: 803 | cap2udp: 0 | kr2udp: 1 | 
2026-05-04 09:33:49,383 - INFO     - img2od: 0 | od2fr: 0 | od2lpr: 0 | od2cap: 0 | fr2kr: 0 | lpr2kr: 798 | cap2udp: 0 | kr2udp: 1 | 
2026-05-04 09:33:50,384 - INFO     - img2od: 0 | od2fr: 0 | od2lpr: 0 | od2cap: 0 | fr2kr: 0 | lpr2kr: 793 | cap2udp: 0 | kr2udp: 1 | 
2026-05-04 09:33:51,385 - INFO     - img2od: 0 | od2fr: 0 | od2lpr: 0 | od2cap: 0 | fr2kr: 0 | lpr2kr: 788 | cap2udp: 0 | kr2udp: 1 | 
2026-05-04 09:33:52,387 - INFO     - img2od: 0 | od2fr: 0 | od2lpr: 0 | od2cap: 0 | fr2kr: 0 | lpr2kr: 783 | cap2udp: 0 | kr2udp: 1 | 
2026-05-04 09:33:53,388 - INFO     - img2od: 0 | od2fr: 0 | od2lpr: 0 | od2cap: 0 | fr2kr: 0 | lpr2kr: 778 | cap2udp: 0 | kr2udp: 1 | 
2026-05-04 09:33:54,389 - INFO     - img2od: 0 | od2fr: 0 | od2lpr: 0 | od2cap: 0 | fr2kr: 0 | lpr2kr: 773 | cap2udp: 0 | kr2udp: 1 | 
2026-05-04 09:33:55,390 - INFO     - img2od: 0 | od2fr: 0 | od2lpr: 0 | od2cap: 0 | fr2kr: 0 | lpr2kr: 769 | cap2udp: 0 | kr2udp: 1 | 
2026-05-04 09:33:56,391 - INFO     - img2od: 0 | od2fr: 0 | od2lpr: 0 | od2cap: 0 | fr2kr: 0 | lpr2kr: 764 | cap2udp: 0 | kr2udp: 1 | 
2026-05-04 09:33:57,393 - INFO     - img2od: 0 | od2fr: 0 | od2lpr: 0 | od2cap: 0 | fr2kr: 0 | lpr2kr: 759 | cap2udp: 0 | kr2udp: 1 | 
2026-05-04 09:33:58,394 - INFO     - img2od: 0 | od2fr: 0 | od2lpr: 0 | od2cap: 0 | fr2kr: 0 | lpr2kr: 754 | cap2udp: 0 | kr2udp: 1 | 
2026-05-04 09:33:59,395 - INFO     - img2od: 0 | od2fr: 0 | od2lpr: 0 | od2cap: 0 | fr2kr: 0 | lpr2kr: 749 | cap2udp: 0 | kr2udp: 1 | 
2026-05-04 09:34:00,396 - INFO     - img2od: 0 | od2fr: 0 | od2lpr: 0 | od2cap: 0 | fr2kr: 0 | lpr2kr: 744 | cap2udp: 0 | kr2udp: 1 | 
2026-05-04 09:34:01,398 - INFO     - img2od: 0 | od2fr: 0 | od2lpr: 0 | od2cap: 0 | fr2kr: 0 | lpr2kr: 739 | cap2udp: 0 | kr2udp: 0 | 
2026-05-04 09:34:02,399 - INFO     - img2od: 0 | od2fr: 0 | od2lpr: 0 | od2cap: 0 | fr2kr: 0 | lpr2kr: 734 | cap2udp: 0 | kr2udp: 1 | 
2026-05-04 09:34:03,400 - INFO     - img2od: 0 | od2fr: 0 | od2lpr: 0 | od2cap: 0 | fr2kr: 0 | lpr2kr: 729 | cap2udp: 0 | kr2udp: 1 | 
2026-05-04 09:34:04,401 - INFO     - img2od: 0 | od2fr: 0 | od2lpr: 0 | od2cap: 0 | fr2kr: 0 | lpr2kr: 724 | cap2udp: 0 | kr2udp: 1 | 
2026-05-04 09:34:05,402 - INFO     - img2od: 0 | od2fr: 0 | od2lpr: 0 | od2cap: 0 | fr2kr: 0 | lpr2kr: 719 | cap2udp: 0 | kr2udp: 1 | 
2026-05-04 09:34:06,403 - INFO     - img2od: 0 | od2fr: 0 | od2lpr: 0 | od2cap: 0 | fr2kr: 0 | lpr2kr: 714 | cap2udp: 0 | kr2udp: 1 | 
2026-05-04 09:34:07,405 - INFO     - img2od: 0 | od2fr: 0 | od2lpr: 0 | od2cap: 0 | fr2kr: 0 | lpr2kr: 709 | cap2udp: 0 | kr2udp: 1 | 
2026-05-04 09:34:08,406 - INFO     - img2od: 0 | od2fr: 0 | od2lpr: 0 | od2cap: 0 | fr2kr: 0 | lpr2kr: 705 | cap2udp: 0 | kr2udp: 1 | 
2026-05-04 09:34:09,407 - INFO     - img2od: 0 | od2fr: 0 | od2lpr: 0 | od2cap: 0 | fr2kr: 0 | lpr2kr: 700 | cap2udp: 0 | kr2udp: 1 | 
2026-05-04 09:34:10,408 - INFO     - img2od: 0 | od2fr: 0 | od2lpr: 0 | od2cap: 0 | fr2kr: 0 | lpr2kr: 695 | cap2udp: 0 | kr2udp: 1 | 
2026-05-04 09:34:11,410 - INFO     - img2od: 0 | od2fr: 0 | od2lpr: 0 | od2cap: 0 | fr2kr: 0 | lpr2kr: 690 | cap2udp: 0 | kr2udp: 1 | 
2026-05-04 09:34:12,411 - INFO     - img2od: 0 | od2fr: 0 | od2lpr: 0 | od2cap: 0 | fr2kr: 0 | lpr2kr: 685 | cap2udp: 0 | kr2udp: 1 | 
2026-05-04 09:34:13,412 - INFO     - img2od: 0 | od2fr: 0 | od2lpr: 0 | od2cap: 0 | fr2kr: 0 | lpr2kr: 680 | cap2udp: 0 | kr2udp: 1 | 
2026-05-04 09:34:14,413 - INFO     - img2od: 0 | od2fr: 0 | od2lpr: 0 | od2cap: 0 | fr2kr: 0 | lpr2kr: 675 | cap2udp: 0 | kr2udp: 0 | 
2026-05-04 09:34:15,415 - INFO     - img2od: 0 | od2fr: 0 | od2lpr: 0 | od2cap: 0 | fr2kr: 0 | lpr2kr: 670 | cap2udp: 0 | kr2udp: 1 | 
2026-05-04 09:34:16,416 - INFO     - img2od: 0 | od2fr: 0 | od2lpr: 0 | od2cap: 0 | fr2kr: 0 | lpr2kr: 665 | cap2udp: 0 | kr2udp: 1 | 
2026-05-04 09:34:17,417 - INFO     - img2od: 0 | od2fr: 0 | od2lpr: 0 | od2cap: 0 | fr2kr: 0 | lpr2kr: 660 | cap2udp: 0 | kr2udp: 1 | 
2026-05-04 09:34:18,418 - INFO     - img2od: 0 | od2fr: 0 | od2lpr: 0 | od2cap: 0 | fr2kr: 0 | lpr2kr: 655 | cap2udp: 0 | kr2udp: 1 | 
2026-05-04 09:34:19,420 - INFO     - img2od: 0 | od2fr: 0 | od2lpr: 0 | od2cap: 0 | fr2kr: 0 | lpr2kr: 650 | cap2udp: 0 | kr2udp: 1 | 
2026-05-04 09:34:20,421 - INFO     - img2od: 0 | od2fr: 0 | od2lpr: 0 | od2cap: 0 | fr2kr: 0 | lpr2kr: 646 | cap2udp: 0 | kr2udp: 1 | 
2026-05-04 09:34:21,422 - INFO     - img2od: 0 | od2fr: 0 | od2lpr: 0 | od2cap: 0 | fr2kr: 0 | lpr2kr: 641 | cap2udp: 0 | kr2udp: 1 | 
2026-05-04 09:34:22,423 - INFO     - img2od: 0 | od2fr: 0 | od2lpr: 0 | od2cap: 0 | fr2kr: 0 | lpr2kr: 636 | cap2udp: 0 | kr2udp: 1 | 
2026-05-04 09:34:23,424 - INFO     - img2od: 0 | od2fr: 0 | od2lpr: 0 | od2cap: 0 | fr2kr: 0 | lpr2kr: 631 | cap2udp: 0 | kr2udp: 1 | 
2026-05-04 09:34:24,426 - INFO     - img2od: 0 | od2fr: 0 | od2lpr: 0 | od2cap: 0 | fr2kr: 0 | lpr2kr: 626 | cap2udp: 0 | kr2udp: 1 | 
2026-05-04 09:34:25,427 - INFO     - img2od: 0 | od2fr: 0 | od2lpr: 0 | od2cap: 0 | fr2kr: 0 | lpr2kr: 621 | cap2udp: 0 | kr2udp: 1 | 
2026-05-04 09:34:26,428 - INFO     - img2od: 0 | od2fr: 0 | od2lpr: 0 | od2cap: 0 | fr2kr: 0 | lpr2kr: 616 | cap2udp: 0 | kr2udp: 1 | 
2026-05-04 09:34:27,429 - INFO     - img2od: 0 | od2fr: 0 | od2lpr: 0 | od2cap: 0 | fr2kr: 0 | lpr2kr: 611 | cap2udp: 0 | kr2udp: 0 | 
2026-05-04 09:34:28,431 - INFO     - img2od: 0 | od2fr: 0 | od2lpr: 0 | od2cap: 0 | fr2kr: 0 | lpr2kr: 606 | cap2udp: 0 | kr2udp: 1 | 
2026-05-04 09:34:29,432 - INFO     - img2od: 0 | od2fr: 0 | od2lpr: 0 | od2cap: 0 | fr2kr: 0 | lpr2kr: 601 | cap2udp: 0 | kr2udp: 1 | 
2026-05-04 09:34:30,433 - INFO     - img2od: 0 | od2fr: 0 | od2lpr: 0 | od2cap: 0 | fr2kr: 0 | lpr2kr: 596 | cap2udp: 0 | kr2udp: 1 | 
2026-05-04 09:34:31,434 - INFO     - img2od: 0 | od2fr: 0 | od2lpr: 0 | od2cap: 0 | fr2kr: 0 | lpr2kr: 591 | cap2udp: 0 | kr2udp: 1 | 
2026-05-04 09:34:32,436 - INFO     - img2od: 0 | od2fr: 0 | od2lpr: 0 | od2cap: 0 | fr2kr: 0 | lpr2kr: 586 | cap2udp: 0 | kr2udp: 1 | 
2026-05-04 09:34:33,437 - INFO     - img2od: 0 | od2fr: 0 | od2lpr: 0 | od2cap: 0 | fr2kr: 0 | lpr2kr: 581 | cap2udp: 0 | kr2udp: 1 | 
2026-05-04 09:34:34,438 - INFO     - img2od: 0 | od2fr: 0 | od2lpr: 0 | od2cap: 0 | fr2kr: 0 | lpr2kr: 576 | cap2udp: 0 | kr2udp: 1 | 
2026-05-04 09:34:35,439 - INFO     - img2od: 0 | od2fr: 0 | od2lpr: 0 | od2cap: 0 | fr2kr: 0 | lpr2kr: 572 | cap2udp: 0 | kr2udp: 1 | 
2026-05-04 09:34:36,441 - INFO     - img2od: 0 | od2fr: 0 | od2lpr: 0 | od2cap: 0 | fr2kr: 0 | lpr2kr: 567 | cap2udp: 0 | kr2udp: 1 | 
2026-05-04 09:34:37,442 - INFO     - img2od: 0 | od2fr: 0 | od2lpr: 0 | od2cap: 0 | fr2kr: 0 | lpr2kr: 562 | cap2udp: 0 | kr2udp: 1 | 
2026-05-04 09:34:38,443 - INFO     - img2od: 0 | od2fr: 0 | od2lpr: 0 | od2cap: 0 | fr2kr: 0 | lpr2kr: 557 | cap2udp: 0 | kr2udp: 1 | 
2026-05-04 09:34:39,444 - INFO     - img2od: 0 | od2fr: 0 | od2lpr: 0 | od2cap: 0 | fr2kr: 0 | lpr2kr: 552 | cap2udp: 0 | kr2udp: 1 | 
2026-05-04 09:34:40,446 - INFO     - img2od: 0 | od2fr: 0 | od2lpr: 0 | od2cap: 0 | fr2kr: 0 | lpr2kr: 547 | cap2udp: 0 | kr2udp: 1 | 
2026-05-04 09:34:41,447 - INFO     - img2od: 0 | od2fr: 0 | od2lpr: 0 | od2cap: 0 | fr2kr: 0 | lpr2kr: 542 | cap2udp: 0 | kr2udp: 1 | 
2026-05-04 09:34:42,448 - INFO     - img2od: 0 | od2fr: 0 | od2lpr: 0 | od2cap: 0 | fr2kr: 0 | lpr2kr: 537 | cap2udp: 0 | kr2udp: 1 | 
2026-05-04 09:34:43,449 - INFO     - img2od: 0 | od2fr: 0 | od2lpr: 0 | od2cap: 0 | fr2kr: 0 | lpr2kr: 532 | cap2udp: 0 | kr2udp: 1 | 
2026-05-04 09:34:44,451 - INFO     - img2od: 0 | od2fr: 0 | od2lpr: 0 | od2cap: 0 | fr2kr: 0 | lpr2kr: 527 | cap2udp: 0 | kr2udp: 1 | 
2026-05-04 09:34:45,452 - INFO     - img2od: 0 | od2fr: 0 | od2lpr: 0 | od2cap: 0 | fr2kr: 0 | lpr2kr: 522 | cap2udp: 0 | kr2udp: 1 | 
2026-05-04 09:34:46,453 - INFO     - img2od: 0 | od2fr: 0 | od2lpr: 0 | od2cap: 0 | fr2kr: 0 | lpr2kr: 517 | cap2udp: 0 | kr2udp: 1 | 
2026-05-04 09:34:47,454 - INFO     - img2od: 0 | od2fr: 0 | od2lpr: 0 | od2cap: 0 | fr2kr: 0 | lpr2kr: 512 | cap2udp: 0 | kr2udp: 1 | 
2026-05-04 09:34:48,455 - INFO     - img2od: 0 | od2fr: 0 | od2lpr: 0 | od2cap: 0 | fr2kr: 0 | lpr2kr: 507 | cap2udp: 0 | kr2udp: 1 | 
2026-05-04 09:34:49,457 - INFO     - img2od: 0 | od2fr: 0 | od2lpr: 0 | od2cap: 0 | fr2kr: 0 | lpr2kr: 503 | cap2udp: 0 | kr2udp: 1 | 
2026-05-04 09:34:50,458 - INFO     - img2od: 0 | od2fr: 0 | od2lpr: 0 | od2cap: 0 | fr2kr: 0 | lpr2kr: 498 | cap2udp: 0 | kr2udp: 1 | 
2026-05-04 09:34:51,459 - INFO     - img2od: 0 | od2fr: 0 | od2lpr: 0 | od2cap: 0 | fr2kr: 0 | lpr2kr: 493 | cap2udp: 0 | kr2udp: 1 | 
2026-05-04 09:34:52,460 - INFO     - img2od: 0 | od2fr: 0 | od2lpr: 0 | od2cap: 0 | fr2kr: 0 | lpr2kr: 488 | cap2udp: 0 | kr2udp: 1 | 
2026-05-04 09:34:53,462 - INFO     - img2od: 0 | od2fr: 0 | od2lpr: 0 | od2cap: 0 | fr2kr: 0 | lpr2kr: 483 | cap2udp: 0 | kr2udp: 1 | 
2026-05-04 09:34:54,463 - INFO     - img2od: 0 | od2fr: 0 | od2lpr: 0 | od2cap: 0 | fr2kr: 0 | lpr2kr: 478 | cap2udp: 0 | kr2udp: 1 | 
2026-05-04 09:34:55,464 - INFO     - img2od: 0 | od2fr: 0 | od2lpr: 0 | od2cap: 0 | fr2kr: 0 | lpr2kr: 473 | cap2udp: 0 | kr2udp: 1 | 
2026-05-04 09:34:56,465 - INFO     - img2od: 0 | od2fr: 0 | od2lpr: 0 | od2cap: 0 | fr2kr: 0 | lpr2kr: 468 | cap2udp: 0 | kr2udp: 1 | 
2026-05-04 09:34:57,467 - INFO     - img2od: 0 | od2fr: 0 | od2lpr: 0 | od2cap: 0 | fr2kr: 0 | lpr2kr: 463 | cap2udp: 0 | kr2udp: 1 | 
2026-05-04 09:34:58,468 - INFO     - img2od: 0 | od2fr: 0 | od2lpr: 0 | od2cap: 0 | fr2kr: 0 | lpr2kr: 458 | cap2udp: 0 | kr2udp: 1 | 
2026-05-04 09:34:59,469 - INFO     - img2od: 0 | od2fr: 0 | od2lpr: 0 | od2cap: 0 | fr2kr: 0 | lpr2kr: 453 | cap2udp: 0 | kr2udp: 1 | 
2026-05-04 09:35:00,470 - INFO     - img2od: 0 | od2fr: 0 | od2lpr: 0 | od2cap: 0 | fr2kr: 0 | lpr2kr: 448 | cap2udp: 0 | kr2udp: 1 | 
2026-05-04 09:35:01,471 - INFO     - img2od: 0 | od2fr: 0 | od2lpr: 0 | od2cap: 0 | fr2kr: 0 | lpr2kr: 443 | cap2udp: 0 | kr2udp: 1 | 
2026-05-04 09:35:02,473 - INFO     - img2od: 0 | od2fr: 0 | od2lpr: 0 | od2cap: 0 | fr2kr: 0 | lpr2kr: 439 | cap2udp: 0 | kr2udp: 1 | 
2026-05-04 09:35:03,474 - INFO     - img2od: 0 | od2fr: 0 | od2lpr: 0 | od2cap: 0 | fr2kr: 0 | lpr2kr: 434 | cap2udp: 0 | kr2udp: 1 | 
2026-05-04 09:35:04,475 - INFO     - img2od: 0 | od2fr: 0 | od2lpr: 0 | od2cap: 0 | fr2kr: 0 | lpr2kr: 429 | cap2udp: 0 | kr2udp: 1 | 
2026-05-04 09:35:05,476 - INFO     - img2od: 0 | od2fr: 0 | od2lpr: 0 | od2cap: 0 | fr2kr: 0 | lpr2kr: 424 | cap2udp: 0 | kr2udp: 1 | 
2026-05-04 09:35:06,478 - INFO     - img2od: 0 | od2fr: 0 | od2lpr: 0 | od2cap: 0 | fr2kr: 0 | lpr2kr: 419 | cap2udp: 0 | kr2udp: 1 | 
2026-05-04 09:35:07,479 - INFO     - img2od: 0 | od2fr: 0 | od2lpr: 0 | od2cap: 0 | fr2kr: 0 | lpr2kr: 414 | cap2udp: 0 | kr2udp: 1 | 
2026-05-04 09:35:08,480 - INFO     - img2od: 0 | od2fr: 0 | od2lpr: 0 | od2cap: 0 | fr2kr: 0 | lpr2kr: 409 | cap2udp: 0 | kr2udp: 1 | 
2026-05-04 09:35:09,481 - INFO     - img2od: 0 | od2fr: 0 | od2lpr: 0 | od2cap: 0 | fr2kr: 0 | lpr2kr: 404 | cap2udp: 0 | kr2udp: 0 | 
2026-05-04 09:35:10,482 - INFO     - img2od: 0 | od2fr: 0 | od2lpr: 0 | od2cap: 0 | fr2kr: 0 | lpr2kr: 399 | cap2udp: 0 | kr2udp: 1 | 
2026-05-04 09:35:11,484 - INFO     - img2od: 0 | od2fr: 0 | od2lpr: 0 | od2cap: 0 | fr2kr: 0 | lpr2kr: 394 | cap2udp: 0 | kr2udp: 1 | 
2026-05-04 09:35:12,485 - INFO     - img2od: 0 | od2fr: 0 | od2lpr: 0 | od2cap: 0 | fr2kr: 0 | lpr2kr: 389 | cap2udp: 0 | kr2udp: 1 | 
2026-05-04 09:35:13,486 - INFO     - img2od: 0 | od2fr: 0 | od2lpr: 0 | od2cap: 0 | fr2kr: 0 | lpr2kr: 384 | cap2udp: 0 | kr2udp: 1 | 
2026-05-04 09:35:14,487 - INFO     - img2od: 0 | od2fr: 0 | od2lpr: 0 | od2cap: 0 | fr2kr: 0 | lpr2kr: 379 | cap2udp: 0 | kr2udp: 1 | 
2026-05-04 09:35:15,489 - INFO     - img2od: 0 | od2fr: 0 | od2lpr: 0 | od2cap: 0 | fr2kr: 0 | lpr2kr: 374 | cap2udp: 0 | kr2udp: 1 | 
2026-05-04 09:35:16,490 - INFO     - img2od: 0 | od2fr: 0 | od2lpr: 0 | od2cap: 0 | fr2kr: 0 | lpr2kr: 369 | cap2udp: 0 | kr2udp: 1 | 
2026-05-04 09:35:17,491 - INFO     - img2od: 0 | od2fr: 0 | od2lpr: 0 | od2cap: 0 | fr2kr: 0 | lpr2kr: 365 | cap2udp: 0 | kr2udp: 1 | 
2026-05-04 09:35:18,492 - INFO     - img2od: 0 | od2fr: 0 | od2lpr: 0 | od2cap: 0 | fr2kr: 0 | lpr2kr: 360 | cap2udp: 0 | kr2udp: 1 | 
2026-05-04 09:35:19,494 - INFO     - img2od: 0 | od2fr: 0 | od2lpr: 0 | od2cap: 0 | fr2kr: 0 | lpr2kr: 355 | cap2udp: 0 | kr2udp: 1 | 
2026-05-04 09:35:20,495 - INFO     - img2od: 0 | od2fr: 0 | od2lpr: 0 | od2cap: 0 | fr2kr: 0 | lpr2kr: 350 | cap2udp: 0 | kr2udp: 1 | 
2026-05-04 09:35:21,496 - INFO     - img2od: 0 | od2fr: 0 | od2lpr: 0 | od2cap: 0 | fr2kr: 0 | lpr2kr: 345 | cap2udp: 0 | kr2udp: 1 | 
2026-05-04 09:35:22,497 - INFO     - img2od: 0 | od2fr: 0 | od2lpr: 0 | od2cap: 0 | fr2kr: 0 | lpr2kr: 340 | cap2udp: 0 | kr2udp: 1 | 
2026-05-04 09:35:23,499 - INFO     - img2od: 0 | od2fr: 0 | od2lpr: 0 | od2cap: 0 | fr2kr: 0 | lpr2kr: 335 | cap2udp: 0 | kr2udp: 1 | 
2026-05-04 09:35:24,500 - INFO     - img2od: 0 | od2fr: 0 | od2lpr: 0 | od2cap: 0 | fr2kr: 0 | lpr2kr: 330 | cap2udp: 0 | kr2udp: 1 | 
2026-05-04 09:35:25,501 - INFO     - img2od: 0 | od2fr: 0 | od2lpr: 0 | od2cap: 0 | fr2kr: 0 | lpr2kr: 325 | cap2udp: 0 | kr2udp: 1 | 
2026-05-04 09:35:26,502 - INFO     - img2od: 0 | od2fr: 0 | od2lpr: 0 | od2cap: 0 | fr2kr: 0 | lpr2kr: 320 | cap2udp: 0 | kr2udp: 1 | 
2026-05-04 09:35:27,504 - INFO     - img2od: 0 | od2fr: 0 | od2lpr: 0 | od2cap: 0 | fr2kr: 0 | lpr2kr: 315 | cap2udp: 0 | kr2udp: 1 | 
2026-05-04 09:35:28,505 - INFO     - img2od: 0 | od2fr: 0 | od2lpr: 0 | od2cap: 0 | fr2kr: 0 | lpr2kr: 311 | cap2udp: 0 | kr2udp: 1 | 
2026-05-04 09:35:29,506 - INFO     - img2od: 0 | od2fr: 0 | od2lpr: 0 | od2cap: 0 | fr2kr: 0 | lpr2kr: 306 | cap2udp: 0 | kr2udp: 1 | 
2026-05-04 09:35:30,507 - INFO     - img2od: 0 | od2fr: 0 | od2lpr: 0 | od2cap: 0 | fr2kr: 0 | lpr2kr: 301 | cap2udp: 0 | kr2udp: 1 | 
2026-05-04 09:35:31,508 - INFO     - img2od: 0 | od2fr: 0 | od2lpr: 0 | od2cap: 0 | fr2kr: 0 | lpr2kr: 296 | cap2udp: 0 | kr2udp: 1 | 
2026-05-04 09:35:32,510 - INFO     - img2od: 0 | od2fr: 0 | od2lpr: 0 | od2cap: 0 | fr2kr: 0 | lpr2kr: 291 | cap2udp: 0 | kr2udp: 1 | 
2026-05-04 09:35:33,511 - INFO     - img2od: 0 | od2fr: 0 | od2lpr: 0 | od2cap: 0 | fr2kr: 0 | lpr2kr: 286 | cap2udp: 0 | kr2udp: 1 | 
2026-05-04 09:35:34,512 - INFO     - img2od: 0 | od2fr: 0 | od2lpr: 0 | od2cap: 0 | fr2kr: 0 | lpr2kr: 281 | cap2udp: 0 | kr2udp: 1 | 
2026-05-04 09:35:35,513 - INFO     - img2od: 0 | od2fr: 0 | od2lpr: 0 | od2cap: 0 | fr2kr: 0 | lpr2kr: 276 | cap2udp: 0 | kr2udp: 1 | 
2026-05-04 09:35:36,515 - INFO     - img2od: 0 | od2fr: 0 | od2lpr: 0 | od2cap: 0 | fr2kr: 0 | lpr2kr: 271 | cap2udp: 0 | kr2udp: 1 | 
2026-05-04 09:35:37,516 - INFO     - img2od: 0 | od2fr: 0 | od2lpr: 0 | od2cap: 0 | fr2kr: 0 | lpr2kr: 266 | cap2udp: 0 | kr2udp: 1 | 
2026-05-04 09:35:38,517 - INFO     - img2od: 0 | od2fr: 0 | od2lpr: 0 | od2cap: 0 | fr2kr: 0 | lpr2kr: 261 | cap2udp: 0 | kr2udp: 1 | 
2026-05-04 09:35:39,518 - INFO     - img2od: 0 | od2fr: 0 | od2lpr: 0 | od2cap: 0 | fr2kr: 0 | lpr2kr: 256 | cap2udp: 0 | kr2udp: 1 | 
2026-05-04 09:35:40,520 - INFO     - img2od: 0 | od2fr: 0 | od2lpr: 0 | od2cap: 0 | fr2kr: 0 | lpr2kr: 251 | cap2udp: 0 | kr2udp: 1 | 
2026-05-04 09:35:41,521 - INFO     - img2od: 0 | od2fr: 0 | od2lpr: 0 | od2cap: 0 | fr2kr: 0 | lpr2kr: 246 | cap2udp: 0 | kr2udp: 1 | 
2026-05-04 09:35:42,522 - INFO     - img2od: 0 | od2fr: 0 | od2lpr: 0 | od2cap: 0 | fr2kr: 0 | lpr2kr: 242 | cap2udp: 0 | kr2udp: 1 | 
2026-05-04 09:35:43,523 - INFO     - img2od: 0 | od2fr: 0 | od2lpr: 0 | od2cap: 0 | fr2kr: 0 | lpr2kr: 237 | cap2udp: 0 | kr2udp: 1 | 
2026-05-04 09:35:44,524 - INFO     - img2od: 0 | od2fr: 0 | od2lpr: 0 | od2cap: 0 | fr2kr: 0 | lpr2kr: 232 | cap2udp: 0 | kr2udp: 1 | 
2026-05-04 09:35:45,526 - INFO     - img2od: 0 | od2fr: 0 | od2lpr: 0 | od2cap: 0 | fr2kr: 0 | lpr2kr: 227 | cap2udp: 0 | kr2udp: 1 | 
2026-05-04 09:35:46,527 - INFO     - img2od: 0 | od2fr: 0 | od2lpr: 0 | od2cap: 0 | fr2kr: 0 | lpr2kr: 222 | cap2udp: 0 | kr2udp: 1 | 
2026-05-04 09:35:47,528 - INFO     - img2od: 0 | od2fr: 0 | od2lpr: 0 | od2cap: 0 | fr2kr: 0 | lpr2kr: 217 | cap2udp: 0 | kr2udp: 1 | 
2026-05-04 09:35:48,529 - INFO     - img2od: 0 | od2fr: 0 | od2lpr: 0 | od2cap: 0 | fr2kr: 0 | lpr2kr: 212 | cap2udp: 0 | kr2udp: 1 | 
2026-05-04 09:35:49,530 - INFO     - img2od: 0 | od2fr: 0 | od2lpr: 0 | od2cap: 0 | fr2kr: 0 | lpr2kr: 207 | cap2udp: 0 | kr2udp: 1 | 
2026-05-04 09:35:50,531 - INFO     - img2od: 0 | od2fr: 0 | od2lpr: 0 | od2cap: 0 | fr2kr: 0 | lpr2kr: 202 | cap2udp: 0 | kr2udp: 1 | 
2026-05-04 09:35:51,532 - INFO     - img2od: 0 | od2fr: 0 | od2lpr: 0 | od2cap: 0 | fr2kr: 0 | lpr2kr: 197 | cap2udp: 0 | kr2udp: 1 | 
2026-05-04 09:35:52,534 - INFO     - img2od: 0 | od2fr: 0 | od2lpr: 0 | od2cap: 0 | fr2kr: 0 | lpr2kr: 192 | cap2udp: 0 | kr2udp: 1 | 
2026-05-04 09:35:53,535 - INFO     - img2od: 0 | od2fr: 0 | od2lpr: 0 | od2cap: 0 | fr2kr: 0 | lpr2kr: 187 | cap2udp: 0 | kr2udp: 1 | 
2026-05-04 09:35:54,536 - INFO     - img2od: 0 | od2fr: 0 | od2lpr: 0 | od2cap: 0 | fr2kr: 0 | lpr2kr: 182 | cap2udp: 0 | kr2udp: 1 | 
2026-05-04 09:35:55,537 - INFO     - img2od: 0 | od2fr: 0 | od2lpr: 0 | od2cap: 0 | fr2kr: 0 | lpr2kr: 178 | cap2udp: 0 | kr2udp: 1 | 
2026-05-04 09:35:56,538 - INFO     - img2od: 0 | od2fr: 0 | od2lpr: 0 | od2cap: 0 | fr2kr: 0 | lpr2kr: 173 | cap2udp: 0 | kr2udp: 1 | 
2026-05-04 09:35:57,540 - INFO     - img2od: 0 | od2fr: 0 | od2lpr: 0 | od2cap: 0 | fr2kr: 0 | lpr2kr: 168 | cap2udp: 0 | kr2udp: 1 | 
2026-05-04 09:35:58,541 - INFO     - img2od: 0 | od2fr: 0 | od2lpr: 0 | od2cap: 0 | fr2kr: 0 | lpr2kr: 163 | cap2udp: 0 | kr2udp: 1 | 
2026-05-04 09:35:59,542 - INFO     - img2od: 0 | od2fr: 0 | od2lpr: 0 | od2cap: 0 | fr2kr: 0 | lpr2kr: 158 | cap2udp: 0 | kr2udp: 1 | 
2026-05-04 09:36:00,543 - INFO     - img2od: 0 | od2fr: 0 | od2lpr: 0 | od2cap: 0 | fr2kr: 0 | lpr2kr: 153 | cap2udp: 0 | kr2udp: 1 | 
2026-05-04 09:36:01,545 - INFO     - img2od: 0 | od2fr: 0 | od2lpr: 0 | od2cap: 0 | fr2kr: 0 | lpr2kr: 148 | cap2udp: 0 | kr2udp: 1 | 
2026-05-04 09:36:02,546 - INFO     - img2od: 0 | od2fr: 0 | od2lpr: 0 | od2cap: 0 | fr2kr: 0 | lpr2kr: 143 | cap2udp: 0 | kr2udp: 1 | 
2026-05-04 09:36:03,547 - INFO     - img2od: 0 | od2fr: 0 | od2lpr: 0 | od2cap: 0 | fr2kr: 0 | lpr2kr: 138 | cap2udp: 0 | kr2udp: 1 | 
2026-05-04 09:36:04,548 - INFO     - img2od: 0 | od2fr: 0 | od2lpr: 0 | od2cap: 0 | fr2kr: 0 | lpr2kr: 133 | cap2udp: 0 | kr2udp: 1 | 
2026-05-04 09:36:05,550 - INFO     - img2od: 0 | od2fr: 0 | od2lpr: 0 | od2cap: 0 | fr2kr: 0 | lpr2kr: 128 | cap2udp: 0 | kr2udp: 1 | 
2026-05-04 09:36:06,551 - INFO     - img2od: 0 | od2fr: 0 | od2lpr: 0 | od2cap: 0 | fr2kr: 0 | lpr2kr: 123 | cap2udp: 0 | kr2udp: 1 | 
2026-05-04 09:36:07,552 - INFO     - img2od: 0 | od2fr: 0 | od2lpr: 0 | od2cap: 0 | fr2kr: 0 | lpr2kr: 118 | cap2udp: 0 | kr2udp: 1 | 
2026-05-04 09:36:08,553 - INFO     - img2od: 0 | od2fr: 0 | od2lpr: 0 | od2cap: 0 | fr2kr: 0 | lpr2kr: 113 | cap2udp: 0 | kr2udp: 1 | 
2026-05-04 09:36:09,554 - INFO     - img2od: 0 | od2fr: 0 | od2lpr: 0 | od2cap: 0 | fr2kr: 0 | lpr2kr: 109 | cap2udp: 0 | kr2udp: 1 | 
2026-05-04 09:36:10,556 - INFO     - img2od: 0 | od2fr: 0 | od2lpr: 0 | od2cap: 0 | fr2kr: 0 | lpr2kr: 104 | cap2udp: 0 | kr2udp: 1 | 
2026-05-04 09:36:11,557 - INFO     - img2od: 0 | od2fr: 0 | od2lpr: 0 | od2cap: 0 | fr2kr: 0 | lpr2kr: 99 | cap2udp: 0 | kr2udp: 1 | 
2026-05-04 09:36:12,558 - INFO     - img2od: 0 | od2fr: 0 | od2lpr: 0 | od2cap: 0 | fr2kr: 0 | lpr2kr: 94 | cap2udp: 0 | kr2udp: 1 | 
2026-05-04 09:36:13,559 - INFO     - img2od: 0 | od2fr: 0 | od2lpr: 0 | od2cap: 0 | fr2kr: 0 | lpr2kr: 89 | cap2udp: 0 | kr2udp: 1 | 
2026-05-04 09:36:14,561 - INFO     - img2od: 0 | od2fr: 0 | od2lpr: 0 | od2cap: 0 | fr2kr: 0 | lpr2kr: 84 | cap2udp: 0 | kr2udp: 1 | 
2026-05-04 09:36:15,562 - INFO     - img2od: 0 | od2fr: 0 | od2lpr: 0 | od2cap: 0 | fr2kr: 0 | lpr2kr: 79 | cap2udp: 0 | kr2udp: 1 | 
2026-05-04 09:36:16,563 - INFO     - img2od: 0 | od2fr: 0 | od2lpr: 0 | od2cap: 0 | fr2kr: 0 | lpr2kr: 74 | cap2udp: 0 | kr2udp: 1 | 
2026-05-04 09:36:17,564 - INFO     - img2od: 0 | od2fr: 0 | od2lpr: 0 | od2cap: 0 | fr2kr: 0 | lpr2kr: 69 | cap2udp: 0 | kr2udp: 1 | 
2026-05-04 09:36:18,565 - INFO     - img2od: 0 | od2fr: 0 | od2lpr: 0 | od2cap: 0 | fr2kr: 0 | lpr2kr: 64 | cap2udp: 0 | kr2udp: 1 | 
2026-05-04 09:36:19,567 - INFO     - img2od: 0 | od2fr: 0 | od2lpr: 0 | od2cap: 0 | fr2kr: 0 | lpr2kr: 59 | cap2udp: 0 | kr2udp: 1 | 
2026-05-04 09:36:20,568 - INFO     - img2od: 0 | od2fr: 0 | od2lpr: 0 | od2cap: 0 | fr2kr: 0 | lpr2kr: 54 | cap2udp: 0 | kr2udp: 1 | 
2026-05-04 09:36:21,569 - INFO     - img2od: 0 | od2fr: 0 | od2lpr: 0 | od2cap: 0 | fr2kr: 0 | lpr2kr: 50 | cap2udp: 0 | kr2udp: 1 | 
2026-05-04 09:36:22,570 - INFO     - img2od: 0 | od2fr: 0 | od2lpr: 0 | od2cap: 0 | fr2kr: 0 | lpr2kr: 45 | cap2udp: 0 | kr2udp: 1 | 
2026-05-04 09:36:23,572 - INFO     - img2od: 0 | od2fr: 0 | od2lpr: 0 | od2cap: 0 | fr2kr: 0 | lpr2kr: 40 | cap2udp: 0 | kr2udp: 1 | 
2026-05-04 09:36:24,573 - INFO     - img2od: 0 | od2fr: 0 | od2lpr: 0 | od2cap: 0 | fr2kr: 0 | lpr2kr: 35 | cap2udp: 0 | kr2udp: 1 | 
2026-05-04 09:36:25,574 - INFO     - img2od: 0 | od2fr: 0 | od2lpr: 0 | od2cap: 0 | fr2kr: 0 | lpr2kr: 30 | cap2udp: 0 | kr2udp: 1 | 
2026-05-04 09:36:26,575 - INFO     - img2od: 0 | od2fr: 0 | od2lpr: 0 | od2cap: 0 | fr2kr: 0 | lpr2kr: 25 | cap2udp: 0 | kr2udp: 1 | 
2026-05-04 09:36:27,577 - INFO     - img2od: 0 | od2fr: 0 | od2lpr: 0 | od2cap: 0 | fr2kr: 0 | lpr2kr: 20 | cap2udp: 0 | kr2udp: 0 | 
2026-05-04 09:36:28,578 - INFO     - img2od: 0 | od2fr: 0 | od2lpr: 0 | od2cap: 0 | fr2kr: 0 | lpr2kr: 15 | cap2udp: 0 | kr2udp: 1 | 
2026-05-04 09:36:29,579 - INFO     - img2od: 0 | od2fr: 0 | od2lpr: 0 | od2cap: 0 | fr2kr: 0 | lpr2kr: 10 | cap2udp: 0 | kr2udp: 1 | 
2026-05-04 09:36:30,580 - INFO     - img2od: 0 | od2fr: 0 | od2lpr: 0 | od2cap: 0 | fr2kr: 0 | lpr2kr: 5 | cap2udp: 0 | kr2udp: 1 | 
2026-05-04 09:36:31,547 - INFO     - krStream     : Received end signal from LPR
2026-05-04 09:36:31,581 - INFO     - img2od: 0 | od2fr: 0 | od2lpr: 0 | od2cap: 0 | fr2kr: 0 | lpr2kr: 0 | cap2udp: 0 | kr2udp: 1 | 
2026-05-04 09:36:31,649 - INFO     - krStream     : Received BOTH END signal, shutting down
2026-05-04 09:36:31,740 - INFO     - udpStream    : Received end signal from KR
2026-05-04 09:36:31,794 - INFO     - krStream     : shutdown successful
2026-05-04 09:36:31,835 - INFO     - udpStream    : Received BOTH END signal, shutting down
2026-05-04 09:36:32,187 - INFO     - udpStream    : shutdown successful
2026-05-04 09:36:32,583 - INFO     - img2od: 0 | od2fr: 0 | od2lpr: 0 | od2cap: 0 | fr2kr: 0 | lpr2kr: 0 | cap2udp: 0 | kr2udp: 0 | 
2026-05-04 09:36:33,584 - INFO     - img2od: 0 | od2fr: 0 | od2lpr: 0 | od2cap: 0 | fr2kr: 0 | lpr2kr: 0 | cap2udp: 0 | kr2udp: 0 | 
2026-05-04 09:36:34,585 - INFO     - img2od: 0 | od2fr: 0 | od2lpr: 0 | od2cap: 0 | fr2kr: 0 | lpr2kr: 0 | cap2udp: 0 | kr2udp: 0 | 
2026-05-04 09:36:35,586 - INFO     - img2od: 0 | od2fr: 0 | od2lpr: 0 | od2cap: 0 | fr2kr: 0 | lpr2kr: 0 | cap2udp: 0 | kr2udp: 0 | 
2026-05-04 09:36:36,588 - INFO     - img2od: 0 | od2fr: 0 | od2lpr: 0 | od2cap: 0 | fr2kr: 0 | lpr2kr: 0 | cap2udp: 0 | kr2udp: 0 | 
2026-05-04 09:36:37,589 - INFO     - img2od: 0 | od2fr: 0 | od2lpr: 0 | od2cap: 0 | fr2kr: 0 | lpr2kr: 0 | cap2udp: 0 | kr2udp: 0 | 
2026-05-04 09:36:38,590 - INFO     - All queues empty, job done
2026-05-04 09:36:38,594 - INFO     - Queue logs written to ./profile_exp/mix/r0.10/def_smoothing/seed4/QUEUEWATCH.json
2026-05-04 09:36:39,096 - INFO     - Reach FINALLY block in MAIN process
2026-05-04 09:36:39,096 - INFO     - Starting cleanup of 7 processes.
2026-05-04 09:36:39,096 - INFO     - Draining and closing 8 queues.
2026-05-04 09:36:39,096 - INFO     - Starting cleanup for queue 0, queue size: 0.
2026-05-04 09:36:39,096 - INFO     - Starting cleanup for queue 1, queue size: 0.
2026-05-04 09:36:39,096 - INFO     - Starting cleanup for queue 2, queue size: 0.
2026-05-04 09:36:39,096 - INFO     - Starting cleanup for queue 3, queue size: 0.
2026-05-04 09:36:39,096 - INFO     - Starting cleanup for queue 4, queue size: 0.
2026-05-04 09:36:39,096 - INFO     - Starting cleanup for queue 5, queue size: 0.
2026-05-04 09:36:39,096 - INFO     - Starting cleanup for queue 6, queue size: 0.
2026-05-04 09:36:39,096 - INFO     - Starting cleanup for queue 7, queue size: 0.
2026-05-04 09:36:39,096 - INFO     - Cleanup complete.
2026-05-04 09:36:39,096 - INFO     - Cleaned up resources in MAIN process
2026-05-04 09:36:39,097 - INFO     - Summary written to ./profile_exp/mix/r0.10/def_smoothing/seed4/SUMMARY.json

======================================================================
PROFILING SUMMARY
======================================================================
  Total wall time:    501.72s
  Images processed:   100
  Throughput:         0.1993 img/s
  Avg E2E latency:    100.1498s
  Min E2E latency:    0.0223s
  Max E2E latency:    463.5980s

  Component          Count  Dropped     FLOPs/call    Total FLOPs
  --------------- -------- -------- -------------- --------------
  odStream             100        0   153844849936 15384484993600
  frStream             538        0     2837404864  1526523816832
  lprStream           1866        0    60379460608 112668073494528
  capStream             43        0   311083426495 13376587339285
  krStream            2404        0            n/a            n/a
  udpStream           2447        0            n/a            n/a

  Total FLOPs:        142955669644245
======================================================================
