2026-05-04 08:08:59,007 - INFO     - imgStream    : internal profiling set to False
2026-05-04 08:08:59,007 - INFO     - odStream     : internal profiling set to False
2026-05-04 08:08:59,007 - INFO     - frStream     : internal profiling set to False
2026-05-04 08:08:59,007 - INFO     - lprStream    : internal profiling set to False
2026-05-04 08:08:59,007 - INFO     - capStream    : internal profiling set to False
2026-05-04 08:08:59,007 - INFO     - krStream     : internal profiling set to False
2026-05-04 08:08:59,007 - INFO     - udpStream    : internal profiling set to False


================================================================================
|                                                                              |
|                     Running: Traffic Monitoring Pipeline                     |
|                                                                              |
|                         Algorithm: None, Model ID: 0                         |
|                                                                              |
|                             Target Indices: none                             |
|                                                                              |
|                             2026-05-04 08:08:58                              |
|                                                                              |
================================================================================


Number of CUDA devices: 1
2026-05-04 08:09:02,526 - INFO     - img2od: 0 | od2fr: 0 | od2lpr: 0 | od2cap: 0 | fr2kr: 0 | lpr2kr: 0 | cap2udp: 0 | kr2udp: 0 | 
2026-05-04 08:09:02,539 - INFO     - imgStream    : input defense = svm
2026-05-04 08:09:02,540 - INFO     - imgStream    : mix mode ratio=0.01 seed=4 -> 99 clean / 1 attack
2026-05-04 08:09:02,540 - INFO     - imgStream    : started
/home/lxt230026/.conda/envs/dyndl/lib/python3.10/site-packages/facenet_pytorch/models/inception_resnet_v1.py:329: FutureWarning: You are using `torch.load` with `weights_only=False` (the current default value), which uses the default pickle module implicitly. It is possible to construct malicious pickle data which will execute arbitrary code during unpickling (See https://github.com/pytorch/pytorch/blob/main/SECURITY.md#untrusted-models for more details). In a future release, the default value for `weights_only` will be flipped to `True`. This limits the functions that could be executed during unpickling. Arbitrary objects will no longer be allowed to be loaded via this mode unless they are explicitly allowlisted by the user via `torch.serialization.add_safe_globals`. We recommend you start setting `weights_only=True` for any use case where you don't have full control of the loaded file. Please open an issue on GitHub for any issues related to this experimental feature.
  state_dict = torch.load(cached_file)
2026-05-04 08:09:03,400 - INFO     - frStream     : FR model loaded, model_id = vggface2
2026-05-04 08:09:03,400 - INFO     - frStream     : started
2026-05-04 08:09:03,410 - INFO     - krStream     : face embeddings loaded, found 1000 embeddings
2026-05-04 08:09:03,410 - INFO     - krStream     : started
/home/lxt230026/EfficiencyAttack/traffic/cmpnt/c4_lpr.py:145: FutureWarning: You are using `torch.load` with `weights_only=False` (the current default value), which uses the default pickle module implicitly. It is possible to construct malicious pickle data which will execute arbitrary code during unpickling (See https://github.com/pytorch/pytorch/blob/main/SECURITY.md#untrusted-models for more details). In a future release, the default value for `weights_only` will be flipped to `True`. This limits the functions that could be executed during unpickling. Arbitrary objects will no longer be allowed to be loaded via this mode unless they are explicitly allowlisted by the user via `torch.serialization.add_safe_globals`. We recommend you start setting `weights_only=True` for any use case where you don't have full control of the loaded file. Please open an issue on GitHub for any issues related to this experimental feature.
  self.checkpoint = torch.load(self.model_id, map_location='cpu')
2026-05-04 08:09:03,527 - INFO     - img2od: 4 | od2fr: 0 | od2lpr: 0 | od2cap: 0 | fr2kr: 0 | lpr2kr: 0 | cap2udp: 0 | kr2udp: 0 | 
2026-05-04 08:09:03,764 - INFO     - odStream     : OD model loaded, model_id = 0
2026-05-04 08:09:03,764 - INFO     - odStream     : started
2026-05-04 08:09:04,061 - INFO     - Using custom providers: ['CPUExecutionProvider']
2026-05-04 08:09:04,062 - INFO     - Skipping download of 'argentinian-plates-cnn-model' model, already exists at /home/lxt230026/.cache/fast-plate-ocr/argentinian-plates-cnn-model
2026-05-04 08:09:04,075 - INFO     - udpStream    : LM model loaded, model_id = gpt2
2026-05-04 08:09:04,075 - INFO     - udpStream    : started
2026-05-04 08:09:04,078 - INFO     - lprStream    : LPR model loaded, model_id = model_v2.pth
2026-05-04 08:09:04,078 - INFO     - lprStream    : started
2026-05-04 08:09:04,528 - INFO     - img2od: 6 | od2fr: 0 | od2lpr: 0 | od2cap: 0 | fr2kr: 0 | lpr2kr: 0 | cap2udp: 0 | kr2udp: 0 | 
2026-05-04 08:09:04,931 - INFO     - capStream    : CAP model loaded, model_id = microsoft/git-base
2026-05-04 08:09:04,931 - INFO     - capStream    : started
2026-05-04 08:09:05,529 - INFO     - img2od: 9 | od2fr: 51 | od2lpr: 9 | od2cap: 0 | fr2kr: 0 | lpr2kr: 0 | cap2udp: 0 | kr2udp: 0 | 
2026-05-04 08:09:06,530 - INFO     - img2od: 9 | od2fr: 78 | od2lpr: 4 | od2cap: 1 | fr2kr: 2 | lpr2kr: 8 | cap2udp: 0 | kr2udp: 2 | 
2026-05-04 08:09:07,531 - INFO     - img2od: 9 | od2fr: 102 | od2lpr: 7 | od2cap: 0 | fr2kr: 5 | lpr2kr: 24 | cap2udp: 1 | kr2udp: 1 | 
2026-05-04 08:09:08,532 - INFO     - img2od: 9 | od2fr: 98 | od2lpr: 0 | od2cap: 0 | fr2kr: 9 | lpr2kr: 29 | cap2udp: 1 | kr2udp: 0 | 
2026-05-04 08:09:09,533 - INFO     - img2od: 9 | od2fr: 94 | od2lpr: 0 | od2cap: 0 | fr2kr: 12 | lpr2kr: 27 | cap2udp: 0 | kr2udp: 1 | 
2026-05-04 08:09:10,534 - INFO     - img2od: 9 | od2fr: 116 | od2lpr: 0 | od2cap: 0 | fr2kr: 15 | lpr2kr: 25 | cap2udp: 0 | kr2udp: 0 | 
2026-05-04 08:09:11,535 - INFO     - img2od: 9 | od2fr: 114 | od2lpr: 0 | od2cap: 0 | fr2kr: 17 | lpr2kr: 27 | cap2udp: 0 | kr2udp: 1 | 
2026-05-04 08:09:12,536 - INFO     - img2od: 8 | od2fr: 137 | od2lpr: 0 | od2cap: 1 | fr2kr: 20 | lpr2kr: 25 | cap2udp: 0 | kr2udp: 0 | 
2026-05-04 08:09:13,537 - INFO     - img2od: 8 | od2fr: 163 | od2lpr: 0 | od2cap: 0 | fr2kr: 22 | lpr2kr: 25 | cap2udp: 0 | kr2udp: 1 | 
2026-05-04 08:09:14,538 - INFO     - img2od: 8 | od2fr: 211 | od2lpr: 0 | od2cap: 0 | fr2kr: 25 | lpr2kr: 23 | cap2udp: 0 | kr2udp: 0 | 
2026-05-04 08:09:15,539 - INFO     - img2od: 8 | od2fr: 264 | od2lpr: 0 | od2cap: 0 | fr2kr: 29 | lpr2kr: 21 | cap2udp: 0 | kr2udp: 1 | 
2026-05-04 08:09:16,540 - INFO     - img2od: 6 | od2fr: 261 | od2lpr: 0 | od2cap: 0 | fr2kr: 32 | lpr2kr: 19 | cap2udp: 0 | kr2udp: 1 | 
2026-05-04 08:09:17,541 - INFO     - img2od: 4 | od2fr: 338 | od2lpr: 0 | od2cap: 0 | fr2kr: 36 | lpr2kr: 16 | cap2udp: 0 | kr2udp: 1 | 
2026-05-04 08:09:18,542 - INFO     - img2od: 4 | od2fr: 340 | od2lpr: 0 | od2cap: 0 | fr2kr: 39 | lpr2kr: 15 | cap2udp: 1 | kr2udp: 1 | 
2026-05-04 08:09:19,543 - INFO     - img2od: 3 | od2fr: 336 | od2lpr: 0 | od2cap: 0 | fr2kr: 42 | lpr2kr: 17 | cap2udp: 0 | kr2udp: 1 | 
2026-05-04 08:09:20,544 - INFO     - img2od: 2 | od2fr: 340 | od2lpr: 0 | od2cap: 0 | fr2kr: 46 | lpr2kr: 21 | cap2udp: 0 | kr2udp: 1 | 
2026-05-04 08:09:21,545 - INFO     - img2od: 1 | od2fr: 346 | od2lpr: 0 | od2cap: 0 | fr2kr: 49 | lpr2kr: 22 | cap2udp: 0 | kr2udp: 0 | 
2026-05-04 08:09:22,546 - INFO     - img2od: 0 | od2fr: 345 | od2lpr: 0 | od2cap: 0 | fr2kr: 52 | lpr2kr: 19 | cap2udp: 0 | kr2udp: 1 | 
2026-05-04 08:09:23,547 - INFO     - img2od: 0 | od2fr: 372 | od2lpr: 0 | od2cap: 0 | fr2kr: 56 | lpr2kr: 17 | cap2udp: 0 | kr2udp: 0 | 
2026-05-04 08:09:24,548 - INFO     - img2od: 0 | od2fr: 389 | od2lpr: 0 | od2cap: 0 | fr2kr: 59 | lpr2kr: 15 | cap2udp: 0 | kr2udp: 1 | 
2026-05-04 08:09:25,549 - INFO     - img2od: 0 | od2fr: 384 | od2lpr: 0 | od2cap: 0 | fr2kr: 61 | lpr2kr: 21 | cap2udp: 0 | kr2udp: 1 | 
2026-05-04 08:09:26,550 - INFO     - img2od: 0 | od2fr: 380 | od2lpr: 0 | od2cap: 0 | fr2kr: 65 | lpr2kr: 19 | cap2udp: 0 | kr2udp: 1 | 
2026-05-04 08:09:27,551 - INFO     - img2od: 0 | od2fr: 387 | od2lpr: 0 | od2cap: 0 | fr2kr: 68 | lpr2kr: 17 | cap2udp: 0 | kr2udp: 1 | 
2026-05-04 08:09:28,552 - INFO     - img2od: 1 | od2fr: 387 | od2lpr: 0 | od2cap: 0 | fr2kr: 71 | lpr2kr: 14 | cap2udp: 0 | kr2udp: 1 | 
2026-05-04 08:09:29,553 - INFO     - img2od: 0 | od2fr: 390 | od2lpr: 0 | od2cap: 0 | fr2kr: 75 | lpr2kr: 12 | cap2udp: 0 | kr2udp: 1 | 
2026-05-04 08:09:29,865 - INFO     - imgStream    : completed, sending END signal
2026-05-04 08:09:29,865 - INFO     - imgStream    : shutdown
2026-05-04 08:09:29,891 - INFO     - odStream     : Received END signal, shutting down
2026-05-04 08:09:29,895 - INFO     - capStream    : Received END signal, shutting down
2026-05-04 08:09:29,895 - INFO     - lprStream    : Received END signal, shutting down
2026-05-04 08:09:30,015 - INFO     - udpStream    : Received end signal from CAP
2026-05-04 08:09:30,026 - INFO     - lprStream    : shutdown successful
2026-05-04 08:09:30,049 - INFO     - imgStream    : shutdown successful
2026-05-04 08:09:30,160 - INFO     - odStream     : shutdown successful
2026-05-04 08:09:30,537 - INFO     - capStream    : shutdown successful
2026-05-04 08:09:30,554 - INFO     - img2od: 0 | od2fr: 386 | od2lpr: 0 | od2cap: 0 | fr2kr: 78 | lpr2kr: 11 | cap2udp: 0 | kr2udp: 1 | 
2026-05-04 08:09:31,555 - INFO     - img2od: 0 | od2fr: 379 | od2lpr: 0 | od2cap: 0 | fr2kr: 83 | lpr2kr: 8 | cap2udp: 0 | kr2udp: 1 | 
2026-05-04 08:09:32,556 - INFO     - img2od: 0 | od2fr: 373 | od2lpr: 0 | od2cap: 0 | fr2kr: 86 | lpr2kr: 6 | cap2udp: 0 | kr2udp: 1 | 
2026-05-04 08:09:33,557 - INFO     - img2od: 0 | od2fr: 366 | od2lpr: 0 | od2cap: 0 | fr2kr: 91 | lpr2kr: 3 | cap2udp: 0 | kr2udp: 0 | 
2026-05-04 08:09:34,558 - INFO     - img2od: 0 | od2fr: 360 | od2lpr: 0 | od2cap: 0 | fr2kr: 94 | lpr2kr: 1 | cap2udp: 0 | kr2udp: 0 | 
2026-05-04 08:09:34,583 - INFO     - krStream     : Received end signal from LPR
2026-05-04 08:09:35,559 - INFO     - img2od: 0 | od2fr: 353 | od2lpr: 0 | od2cap: 0 | fr2kr: 97 | lpr2kr: 0 | cap2udp: 0 | kr2udp: 0 | 
2026-05-04 08:09:36,560 - INFO     - img2od: 0 | od2fr: 347 | od2lpr: 0 | od2cap: 0 | fr2kr: 100 | lpr2kr: 0 | cap2udp: 0 | kr2udp: 1 | 
2026-05-04 08:09:37,561 - INFO     - img2od: 0 | od2fr: 340 | od2lpr: 0 | od2cap: 0 | fr2kr: 103 | lpr2kr: 0 | cap2udp: 0 | kr2udp: 1 | 
2026-05-04 08:09:38,562 - INFO     - img2od: 0 | od2fr: 334 | od2lpr: 0 | od2cap: 0 | fr2kr: 105 | lpr2kr: 0 | cap2udp: 0 | kr2udp: 1 | 
2026-05-04 08:09:39,563 - INFO     - img2od: 0 | od2fr: 327 | od2lpr: 0 | od2cap: 0 | fr2kr: 108 | lpr2kr: 0 | cap2udp: 0 | kr2udp: 1 | 
2026-05-04 08:09:40,564 - INFO     - img2od: 0 | od2fr: 320 | od2lpr: 0 | od2cap: 0 | fr2kr: 111 | lpr2kr: 0 | cap2udp: 0 | kr2udp: 1 | 
2026-05-04 08:09:41,565 - INFO     - img2od: 0 | od2fr: 313 | od2lpr: 0 | od2cap: 0 | fr2kr: 114 | lpr2kr: 0 | cap2udp: 0 | kr2udp: 1 | 
2026-05-04 08:09:42,567 - INFO     - img2od: 0 | od2fr: 306 | od2lpr: 0 | od2cap: 0 | fr2kr: 117 | lpr2kr: 0 | cap2udp: 0 | kr2udp: 1 | 
2026-05-04 08:09:43,568 - INFO     - img2od: 0 | od2fr: 299 | od2lpr: 0 | od2cap: 0 | fr2kr: 120 | lpr2kr: 0 | cap2udp: 0 | kr2udp: 1 | 
2026-05-04 08:09:44,569 - INFO     - img2od: 0 | od2fr: 292 | od2lpr: 0 | od2cap: 0 | fr2kr: 122 | lpr2kr: 0 | cap2udp: 0 | kr2udp: 1 | 
2026-05-04 08:09:45,570 - INFO     - img2od: 0 | od2fr: 285 | od2lpr: 0 | od2cap: 0 | fr2kr: 125 | lpr2kr: 0 | cap2udp: 0 | kr2udp: 1 | 
2026-05-04 08:09:46,571 - INFO     - img2od: 0 | od2fr: 278 | od2lpr: 0 | od2cap: 0 | fr2kr: 128 | lpr2kr: 0 | cap2udp: 0 | kr2udp: 1 | 
2026-05-04 08:09:47,573 - INFO     - img2od: 0 | od2fr: 271 | od2lpr: 0 | od2cap: 0 | fr2kr: 131 | lpr2kr: 0 | cap2udp: 0 | kr2udp: 1 | 
2026-05-04 08:09:48,574 - INFO     - img2od: 0 | od2fr: 264 | od2lpr: 0 | od2cap: 0 | fr2kr: 134 | lpr2kr: 0 | cap2udp: 0 | kr2udp: 1 | 
2026-05-04 08:09:49,575 - INFO     - img2od: 0 | od2fr: 257 | od2lpr: 0 | od2cap: 0 | fr2kr: 137 | lpr2kr: 0 | cap2udp: 0 | kr2udp: 1 | 
2026-05-04 08:09:50,577 - INFO     - img2od: 0 | od2fr: 250 | od2lpr: 0 | od2cap: 0 | fr2kr: 140 | lpr2kr: 0 | cap2udp: 0 | kr2udp: 1 | 
2026-05-04 08:09:51,578 - INFO     - img2od: 0 | od2fr: 243 | od2lpr: 0 | od2cap: 0 | fr2kr: 143 | lpr2kr: 0 | cap2udp: 0 | kr2udp: 1 | 
2026-05-04 08:09:52,579 - INFO     - img2od: 0 | od2fr: 236 | od2lpr: 0 | od2cap: 0 | fr2kr: 146 | lpr2kr: 0 | cap2udp: 0 | kr2udp: 1 | 
2026-05-04 08:09:53,580 - INFO     - img2od: 0 | od2fr: 229 | od2lpr: 0 | od2cap: 0 | fr2kr: 149 | lpr2kr: 0 | cap2udp: 0 | kr2udp: 1 | 
2026-05-04 08:09:54,582 - INFO     - img2od: 0 | od2fr: 222 | od2lpr: 0 | od2cap: 0 | fr2kr: 151 | lpr2kr: 0 | cap2udp: 0 | kr2udp: 1 | 
2026-05-04 08:09:55,583 - INFO     - img2od: 0 | od2fr: 216 | od2lpr: 0 | od2cap: 0 | fr2kr: 154 | lpr2kr: 0 | cap2udp: 0 | kr2udp: 1 | 
2026-05-04 08:09:56,584 - INFO     - img2od: 0 | od2fr: 209 | od2lpr: 0 | od2cap: 0 | fr2kr: 157 | lpr2kr: 0 | cap2udp: 0 | kr2udp: 1 | 
2026-05-04 08:09:57,585 - INFO     - img2od: 0 | od2fr: 202 | od2lpr: 0 | od2cap: 0 | fr2kr: 160 | lpr2kr: 0 | cap2udp: 0 | kr2udp: 1 | 
2026-05-04 08:09:58,587 - INFO     - img2od: 0 | od2fr: 195 | od2lpr: 0 | od2cap: 0 | fr2kr: 162 | lpr2kr: 0 | cap2udp: 0 | kr2udp: 1 | 
2026-05-04 08:09:59,588 - INFO     - img2od: 0 | od2fr: 188 | od2lpr: 0 | od2cap: 0 | fr2kr: 164 | lpr2kr: 0 | cap2udp: 0 | kr2udp: 1 | 
2026-05-04 08:10:00,589 - INFO     - img2od: 0 | od2fr: 182 | od2lpr: 0 | od2cap: 0 | fr2kr: 167 | lpr2kr: 0 | cap2udp: 0 | kr2udp: 1 | 
2026-05-04 08:10:01,590 - INFO     - img2od: 0 | od2fr: 175 | od2lpr: 0 | od2cap: 0 | fr2kr: 170 | lpr2kr: 0 | cap2udp: 0 | kr2udp: 0 | 
2026-05-04 08:10:02,591 - INFO     - img2od: 0 | od2fr: 168 | od2lpr: 0 | od2cap: 0 | fr2kr: 173 | lpr2kr: 0 | cap2udp: 0 | kr2udp: 0 | 
2026-05-04 08:10:03,593 - INFO     - img2od: 0 | od2fr: 161 | od2lpr: 0 | od2cap: 0 | fr2kr: 176 | lpr2kr: 0 | cap2udp: 0 | kr2udp: 1 | 
2026-05-04 08:10:04,594 - INFO     - img2od: 0 | od2fr: 154 | od2lpr: 0 | od2cap: 0 | fr2kr: 179 | lpr2kr: 0 | cap2udp: 0 | kr2udp: 1 | 
2026-05-04 08:10:05,595 - INFO     - img2od: 0 | od2fr: 147 | od2lpr: 0 | od2cap: 0 | fr2kr: 182 | lpr2kr: 0 | cap2udp: 0 | kr2udp: 1 | 
2026-05-04 08:10:06,596 - INFO     - img2od: 0 | od2fr: 140 | od2lpr: 0 | od2cap: 0 | fr2kr: 185 | lpr2kr: 0 | cap2udp: 0 | kr2udp: 1 | 
2026-05-04 08:10:07,598 - INFO     - img2od: 0 | od2fr: 133 | od2lpr: 0 | od2cap: 0 | fr2kr: 187 | lpr2kr: 0 | cap2udp: 0 | kr2udp: 1 | 
2026-05-04 08:10:08,599 - INFO     - img2od: 0 | od2fr: 127 | od2lpr: 0 | od2cap: 0 | fr2kr: 190 | lpr2kr: 0 | cap2udp: 0 | kr2udp: 1 | 
2026-05-04 08:10:09,600 - INFO     - img2od: 0 | od2fr: 120 | od2lpr: 0 | od2cap: 0 | fr2kr: 192 | lpr2kr: 0 | cap2udp: 0 | kr2udp: 1 | 
2026-05-04 08:10:10,601 - INFO     - img2od: 0 | od2fr: 113 | od2lpr: 0 | od2cap: 0 | fr2kr: 195 | lpr2kr: 0 | cap2udp: 0 | kr2udp: 0 | 
2026-05-04 08:10:11,602 - INFO     - img2od: 0 | od2fr: 106 | od2lpr: 0 | od2cap: 0 | fr2kr: 198 | lpr2kr: 0 | cap2udp: 0 | kr2udp: 0 | 
2026-05-04 08:10:12,603 - INFO     - img2od: 0 | od2fr: 99 | od2lpr: 0 | od2cap: 0 | fr2kr: 201 | lpr2kr: 0 | cap2udp: 0 | kr2udp: 0 | 
2026-05-04 08:10:13,605 - INFO     - img2od: 0 | od2fr: 92 | od2lpr: 0 | od2cap: 0 | fr2kr: 204 | lpr2kr: 0 | cap2udp: 0 | kr2udp: 0 | 
2026-05-04 08:10:14,606 - INFO     - img2od: 0 | od2fr: 85 | od2lpr: 0 | od2cap: 0 | fr2kr: 207 | lpr2kr: 0 | cap2udp: 0 | kr2udp: 0 | 
2026-05-04 08:10:15,607 - INFO     - img2od: 0 | od2fr: 78 | od2lpr: 0 | od2cap: 0 | fr2kr: 210 | lpr2kr: 0 | cap2udp: 0 | kr2udp: 1 | 
2026-05-04 08:10:16,608 - INFO     - img2od: 0 | od2fr: 71 | od2lpr: 0 | od2cap: 0 | fr2kr: 213 | lpr2kr: 0 | cap2udp: 0 | kr2udp: 1 | 
2026-05-04 08:10:17,609 - INFO     - img2od: 0 | od2fr: 64 | od2lpr: 0 | od2cap: 0 | fr2kr: 216 | lpr2kr: 0 | cap2udp: 0 | kr2udp: 1 | 
2026-05-04 08:10:18,610 - INFO     - img2od: 0 | od2fr: 57 | od2lpr: 0 | od2cap: 0 | fr2kr: 219 | lpr2kr: 0 | cap2udp: 0 | kr2udp: 1 | 
2026-05-04 08:10:19,612 - INFO     - img2od: 0 | od2fr: 50 | od2lpr: 0 | od2cap: 0 | fr2kr: 222 | lpr2kr: 0 | cap2udp: 0 | kr2udp: 1 | 
2026-05-04 08:10:20,613 - INFO     - img2od: 0 | od2fr: 43 | od2lpr: 0 | od2cap: 0 | fr2kr: 224 | lpr2kr: 0 | cap2udp: 0 | kr2udp: 1 | 
2026-05-04 08:10:21,614 - INFO     - img2od: 0 | od2fr: 36 | od2lpr: 0 | od2cap: 0 | fr2kr: 227 | lpr2kr: 0 | cap2udp: 0 | kr2udp: 1 | 
2026-05-04 08:10:22,615 - INFO     - img2od: 0 | od2fr: 29 | od2lpr: 0 | od2cap: 0 | fr2kr: 230 | lpr2kr: 0 | cap2udp: 0 | kr2udp: 0 | 
2026-05-04 08:10:23,617 - INFO     - img2od: 0 | od2fr: 22 | od2lpr: 0 | od2cap: 0 | fr2kr: 233 | lpr2kr: 0 | cap2udp: 0 | kr2udp: 0 | 
2026-05-04 08:10:24,618 - INFO     - img2od: 0 | od2fr: 15 | od2lpr: 0 | od2cap: 0 | fr2kr: 236 | lpr2kr: 0 | cap2udp: 0 | kr2udp: 0 | 
loading model on device: cuda
Initializing checkpoint: PekingU/rtdetr_r50vd, ID: 0
2026-05-04 08:10:25,619 - INFO     - img2od: 0 | od2fr: 8 | od2lpr: 0 | od2cap: 0 | fr2kr: 238 | lpr2kr: 0 | cap2udp: 0 | kr2udp: 0 | 
2026-05-04 08:10:26,620 - INFO     - img2od: 0 | od2fr: 2 | od2lpr: 0 | od2cap: 0 | fr2kr: 241 | lpr2kr: 0 | cap2udp: 0 | kr2udp: 0 | 
2026-05-04 08:10:26,800 - INFO     - frStream     : Received END signal, shutting down
2026-05-04 08:10:26,996 - INFO     - frStream     : shutdown successful
2026-05-04 08:10:27,621 - INFO     - img2od: 0 | od2fr: 0 | od2lpr: 0 | od2cap: 0 | fr2kr: 239 | lpr2kr: 0 | cap2udp: 0 | kr2udp: 1 | 
2026-05-04 08:10:28,623 - INFO     - img2od: 0 | od2fr: 0 | od2lpr: 0 | od2cap: 0 | fr2kr: 235 | lpr2kr: 0 | cap2udp: 0 | kr2udp: 1 | 
2026-05-04 08:10:29,624 - INFO     - img2od: 0 | od2fr: 0 | od2lpr: 0 | od2cap: 0 | fr2kr: 230 | lpr2kr: 0 | cap2udp: 0 | kr2udp: 1 | 
2026-05-04 08:10:30,625 - INFO     - img2od: 0 | od2fr: 0 | od2lpr: 0 | od2cap: 0 | fr2kr: 226 | lpr2kr: 0 | cap2udp: 0 | kr2udp: 1 | 
2026-05-04 08:10:31,626 - INFO     - img2od: 0 | od2fr: 0 | od2lpr: 0 | od2cap: 0 | fr2kr: 222 | lpr2kr: 0 | cap2udp: 0 | kr2udp: 1 | 
2026-05-04 08:10:32,628 - INFO     - img2od: 0 | od2fr: 0 | od2lpr: 0 | od2cap: 0 | fr2kr: 218 | lpr2kr: 0 | cap2udp: 0 | kr2udp: 1 | 
2026-05-04 08:10:33,629 - INFO     - img2od: 0 | od2fr: 0 | od2lpr: 0 | od2cap: 0 | fr2kr: 214 | lpr2kr: 0 | cap2udp: 0 | kr2udp: 1 | 
2026-05-04 08:10:34,630 - INFO     - img2od: 0 | od2fr: 0 | od2lpr: 0 | od2cap: 0 | fr2kr: 209 | lpr2kr: 0 | cap2udp: 0 | kr2udp: 1 | 
2026-05-04 08:10:35,631 - INFO     - img2od: 0 | od2fr: 0 | od2lpr: 0 | od2cap: 0 | fr2kr: 205 | lpr2kr: 0 | cap2udp: 0 | kr2udp: 0 | 
2026-05-04 08:10:36,633 - INFO     - img2od: 0 | od2fr: 0 | od2lpr: 0 | od2cap: 0 | fr2kr: 201 | lpr2kr: 0 | cap2udp: 0 | kr2udp: 1 | 
2026-05-04 08:10:37,634 - INFO     - img2od: 0 | od2fr: 0 | od2lpr: 0 | od2cap: 0 | fr2kr: 196 | lpr2kr: 0 | cap2udp: 0 | kr2udp: 0 | 
2026-05-04 08:10:38,635 - INFO     - img2od: 0 | od2fr: 0 | od2lpr: 0 | od2cap: 0 | fr2kr: 192 | lpr2kr: 0 | cap2udp: 0 | kr2udp: 1 | 
2026-05-04 08:10:39,636 - INFO     - img2od: 0 | od2fr: 0 | od2lpr: 0 | od2cap: 0 | fr2kr: 187 | lpr2kr: 0 | cap2udp: 0 | kr2udp: 1 | 
2026-05-04 08:10:40,637 - INFO     - img2od: 0 | od2fr: 0 | od2lpr: 0 | od2cap: 0 | fr2kr: 183 | lpr2kr: 0 | cap2udp: 0 | kr2udp: 0 | 
2026-05-04 08:10:41,639 - INFO     - img2od: 0 | od2fr: 0 | od2lpr: 0 | od2cap: 0 | fr2kr: 179 | lpr2kr: 0 | cap2udp: 0 | kr2udp: 1 | 
2026-05-04 08:10:42,640 - INFO     - img2od: 0 | od2fr: 0 | od2lpr: 0 | od2cap: 0 | fr2kr: 174 | lpr2kr: 0 | cap2udp: 0 | kr2udp: 0 | 
2026-05-04 08:10:43,641 - INFO     - img2od: 0 | od2fr: 0 | od2lpr: 0 | od2cap: 0 | fr2kr: 170 | lpr2kr: 0 | cap2udp: 0 | kr2udp: 0 | 
2026-05-04 08:10:44,642 - INFO     - img2od: 0 | od2fr: 0 | od2lpr: 0 | od2cap: 0 | fr2kr: 166 | lpr2kr: 0 | cap2udp: 0 | kr2udp: 1 | 
2026-05-04 08:10:45,644 - INFO     - img2od: 0 | od2fr: 0 | od2lpr: 0 | od2cap: 0 | fr2kr: 161 | lpr2kr: 0 | cap2udp: 0 | kr2udp: 0 | 
2026-05-04 08:10:46,645 - INFO     - img2od: 0 | od2fr: 0 | od2lpr: 0 | od2cap: 0 | fr2kr: 157 | lpr2kr: 0 | cap2udp: 0 | kr2udp: 1 | 
2026-05-04 08:10:47,646 - INFO     - img2od: 0 | od2fr: 0 | od2lpr: 0 | od2cap: 0 | fr2kr: 152 | lpr2kr: 0 | cap2udp: 0 | kr2udp: 1 | 
2026-05-04 08:10:48,647 - INFO     - img2od: 0 | od2fr: 0 | od2lpr: 0 | od2cap: 0 | fr2kr: 148 | lpr2kr: 0 | cap2udp: 0 | kr2udp: 0 | 
2026-05-04 08:10:49,649 - INFO     - img2od: 0 | od2fr: 0 | od2lpr: 0 | od2cap: 0 | fr2kr: 144 | lpr2kr: 0 | cap2udp: 0 | kr2udp: 1 | 
2026-05-04 08:10:50,650 - INFO     - img2od: 0 | od2fr: 0 | od2lpr: 0 | od2cap: 0 | fr2kr: 139 | lpr2kr: 0 | cap2udp: 0 | kr2udp: 1 | 
2026-05-04 08:10:51,651 - INFO     - img2od: 0 | od2fr: 0 | od2lpr: 0 | od2cap: 0 | fr2kr: 135 | lpr2kr: 0 | cap2udp: 0 | kr2udp: 0 | 
2026-05-04 08:10:52,652 - INFO     - img2od: 0 | od2fr: 0 | od2lpr: 0 | od2cap: 0 | fr2kr: 131 | lpr2kr: 0 | cap2udp: 0 | kr2udp: 1 | 
2026-05-04 08:10:53,653 - INFO     - img2od: 0 | od2fr: 0 | od2lpr: 0 | od2cap: 0 | fr2kr: 126 | lpr2kr: 0 | cap2udp: 0 | kr2udp: 0 | 
2026-05-04 08:10:54,655 - INFO     - img2od: 0 | od2fr: 0 | od2lpr: 0 | od2cap: 0 | fr2kr: 122 | lpr2kr: 0 | cap2udp: 0 | kr2udp: 1 | 
2026-05-04 08:10:55,655 - INFO     - img2od: 0 | od2fr: 0 | od2lpr: 0 | od2cap: 0 | fr2kr: 118 | lpr2kr: 0 | cap2udp: 0 | kr2udp: 1 | 
2026-05-04 08:10:56,656 - INFO     - img2od: 0 | od2fr: 0 | od2lpr: 0 | od2cap: 0 | fr2kr: 113 | lpr2kr: 0 | cap2udp: 0 | kr2udp: 0 | 
2026-05-04 08:10:57,658 - INFO     - img2od: 0 | od2fr: 0 | od2lpr: 0 | od2cap: 0 | fr2kr: 109 | lpr2kr: 0 | cap2udp: 0 | kr2udp: 1 | 
2026-05-04 08:10:58,659 - INFO     - img2od: 0 | od2fr: 0 | od2lpr: 0 | od2cap: 0 | fr2kr: 104 | lpr2kr: 0 | cap2udp: 0 | kr2udp: 1 | 
2026-05-04 08:10:59,660 - INFO     - img2od: 0 | od2fr: 0 | od2lpr: 0 | od2cap: 0 | fr2kr: 100 | lpr2kr: 0 | cap2udp: 0 | kr2udp: 1 | 
2026-05-04 08:11:00,661 - INFO     - img2od: 0 | od2fr: 0 | od2lpr: 0 | od2cap: 0 | fr2kr: 95 | lpr2kr: 0 | cap2udp: 0 | kr2udp: 1 | 
2026-05-04 08:11:01,663 - INFO     - img2od: 0 | od2fr: 0 | od2lpr: 0 | od2cap: 0 | fr2kr: 91 | lpr2kr: 0 | cap2udp: 0 | kr2udp: 0 | 
2026-05-04 08:11:02,664 - INFO     - img2od: 0 | od2fr: 0 | od2lpr: 0 | od2cap: 0 | fr2kr: 87 | lpr2kr: 0 | cap2udp: 0 | kr2udp: 1 | 
2026-05-04 08:11:03,665 - INFO     - img2od: 0 | od2fr: 0 | od2lpr: 0 | od2cap: 0 | fr2kr: 82 | lpr2kr: 0 | cap2udp: 0 | kr2udp: 1 | 
2026-05-04 08:11:04,666 - INFO     - img2od: 0 | od2fr: 0 | od2lpr: 0 | od2cap: 0 | fr2kr: 78 | lpr2kr: 0 | cap2udp: 0 | kr2udp: 0 | 
2026-05-04 08:11:05,668 - INFO     - img2od: 0 | od2fr: 0 | od2lpr: 0 | od2cap: 0 | fr2kr: 74 | lpr2kr: 0 | cap2udp: 0 | kr2udp: 1 | 
2026-05-04 08:11:06,669 - INFO     - img2od: 0 | od2fr: 0 | od2lpr: 0 | od2cap: 0 | fr2kr: 70 | lpr2kr: 0 | cap2udp: 0 | kr2udp: 1 | 
2026-05-04 08:11:07,670 - INFO     - img2od: 0 | od2fr: 0 | od2lpr: 0 | od2cap: 0 | fr2kr: 65 | lpr2kr: 0 | cap2udp: 0 | kr2udp: 1 | 
2026-05-04 08:11:08,671 - INFO     - img2od: 0 | od2fr: 0 | od2lpr: 0 | od2cap: 0 | fr2kr: 61 | lpr2kr: 0 | cap2udp: 0 | kr2udp: 1 | 
2026-05-04 08:11:09,673 - INFO     - img2od: 0 | od2fr: 0 | od2lpr: 0 | od2cap: 0 | fr2kr: 57 | lpr2kr: 0 | cap2udp: 0 | kr2udp: 1 | 
2026-05-04 08:11:10,674 - INFO     - img2od: 0 | od2fr: 0 | od2lpr: 0 | od2cap: 0 | fr2kr: 52 | lpr2kr: 0 | cap2udp: 0 | kr2udp: 1 | 
2026-05-04 08:11:11,675 - INFO     - img2od: 0 | od2fr: 0 | od2lpr: 0 | od2cap: 0 | fr2kr: 48 | lpr2kr: 0 | cap2udp: 0 | kr2udp: 0 | 
2026-05-04 08:11:12,676 - INFO     - img2od: 0 | od2fr: 0 | od2lpr: 0 | od2cap: 0 | fr2kr: 44 | lpr2kr: 0 | cap2udp: 0 | kr2udp: 1 | 
2026-05-04 08:11:13,678 - INFO     - img2od: 0 | od2fr: 0 | od2lpr: 0 | od2cap: 0 | fr2kr: 39 | lpr2kr: 0 | cap2udp: 0 | kr2udp: 1 | 
2026-05-04 08:11:14,679 - INFO     - img2od: 0 | od2fr: 0 | od2lpr: 0 | od2cap: 0 | fr2kr: 35 | lpr2kr: 0 | cap2udp: 0 | kr2udp: 0 | 
2026-05-04 08:11:15,680 - INFO     - img2od: 0 | od2fr: 0 | od2lpr: 0 | od2cap: 0 | fr2kr: 31 | lpr2kr: 0 | cap2udp: 0 | kr2udp: 1 | 
2026-05-04 08:11:16,681 - INFO     - img2od: 0 | od2fr: 0 | od2lpr: 0 | od2cap: 0 | fr2kr: 27 | lpr2kr: 0 | cap2udp: 0 | kr2udp: 1 | 
2026-05-04 08:11:17,683 - INFO     - img2od: 0 | od2fr: 0 | od2lpr: 0 | od2cap: 0 | fr2kr: 22 | lpr2kr: 0 | cap2udp: 0 | kr2udp: 0 | 
2026-05-04 08:11:18,684 - INFO     - img2od: 0 | od2fr: 0 | od2lpr: 0 | od2cap: 0 | fr2kr: 18 | lpr2kr: 0 | cap2udp: 0 | kr2udp: 1 | 
2026-05-04 08:11:19,685 - INFO     - img2od: 0 | od2fr: 0 | od2lpr: 0 | od2cap: 0 | fr2kr: 14 | lpr2kr: 0 | cap2udp: 0 | kr2udp: 1 | 
2026-05-04 08:11:20,686 - INFO     - img2od: 0 | od2fr: 0 | od2lpr: 0 | od2cap: 0 | fr2kr: 9 | lpr2kr: 0 | cap2udp: 0 | kr2udp: 0 | 
2026-05-04 08:11:21,688 - INFO     - img2od: 0 | od2fr: 0 | od2lpr: 0 | od2cap: 0 | fr2kr: 5 | lpr2kr: 0 | cap2udp: 0 | kr2udp: 0 | 
2026-05-04 08:11:22,689 - INFO     - img2od: 0 | od2fr: 0 | od2lpr: 0 | od2cap: 0 | fr2kr: 1 | lpr2kr: 0 | cap2udp: 0 | kr2udp: 1 | 
2026-05-04 08:11:22,747 - INFO     - krStream     : Received end signal from FR
2026-05-04 08:11:22,861 - INFO     - krStream     : Received BOTH END signal, shutting down
2026-05-04 08:11:22,989 - INFO     - udpStream    : Received end signal from KR
2026-05-04 08:11:23,009 - INFO     - krStream     : shutdown successful
2026-05-04 08:11:23,108 - INFO     - udpStream    : Received BOTH END signal, shutting down
2026-05-04 08:11:23,463 - INFO     - udpStream    : shutdown successful
2026-05-04 08:11:23,690 - INFO     - img2od: 0 | od2fr: 0 | od2lpr: 0 | od2cap: 0 | fr2kr: 0 | lpr2kr: 0 | cap2udp: 0 | kr2udp: 0 | 
2026-05-04 08:11:24,691 - INFO     - img2od: 0 | od2fr: 0 | od2lpr: 0 | od2cap: 0 | fr2kr: 0 | lpr2kr: 0 | cap2udp: 0 | kr2udp: 0 | 
2026-05-04 08:11:25,692 - INFO     - img2od: 0 | od2fr: 0 | od2lpr: 0 | od2cap: 0 | fr2kr: 0 | lpr2kr: 0 | cap2udp: 0 | kr2udp: 0 | 
2026-05-04 08:11:26,694 - INFO     - img2od: 0 | od2fr: 0 | od2lpr: 0 | od2cap: 0 | fr2kr: 0 | lpr2kr: 0 | cap2udp: 0 | kr2udp: 0 | 
2026-05-04 08:11:27,695 - INFO     - img2od: 0 | od2fr: 0 | od2lpr: 0 | od2cap: 0 | fr2kr: 0 | lpr2kr: 0 | cap2udp: 0 | kr2udp: 0 | 
2026-05-04 08:11:28,696 - INFO     - img2od: 0 | od2fr: 0 | od2lpr: 0 | od2cap: 0 | fr2kr: 0 | lpr2kr: 0 | cap2udp: 0 | kr2udp: 0 | 
2026-05-04 08:11:29,697 - INFO     - All queues empty, job done
2026-05-04 08:11:29,699 - INFO     - Queue logs written to ./profile_exp/mix/r0.01/def_svm/seed4/QUEUEWATCH.json
2026-05-04 08:11:30,323 - INFO     - Reach FINALLY block in MAIN process
2026-05-04 08:11:30,323 - INFO     - Starting cleanup of 7 processes.
2026-05-04 08:11:30,323 - INFO     - Draining and closing 8 queues.
2026-05-04 08:11:30,323 - INFO     - Starting cleanup for queue 0, queue size: 0.
2026-05-04 08:11:30,323 - INFO     - Starting cleanup for queue 1, queue size: 0.
2026-05-04 08:11:30,323 - INFO     - Starting cleanup for queue 2, queue size: 0.
2026-05-04 08:11:30,323 - INFO     - Starting cleanup for queue 3, queue size: 0.
2026-05-04 08:11:30,323 - INFO     - Starting cleanup for queue 4, queue size: 0.
2026-05-04 08:11:30,323 - INFO     - Starting cleanup for queue 5, queue size: 0.
2026-05-04 08:11:30,323 - INFO     - Starting cleanup for queue 6, queue size: 0.
2026-05-04 08:11:30,323 - INFO     - Starting cleanup for queue 7, queue size: 0.
2026-05-04 08:11:30,323 - INFO     - Cleanup complete.
2026-05-04 08:11:30,323 - INFO     - Cleaned up resources in MAIN process
2026-05-04 08:11:30,324 - INFO     - Summary written to ./profile_exp/mix/r0.01/def_svm/seed4/SUMMARY.json

======================================================================
PROFILING SUMMARY
======================================================================
  Total wall time:    151.44s
  Images processed:   100
  Throughput:         0.6603 img/s
  Avg E2E latency:    42.1166s
  Min E2E latency:    0.0220s
  Max E2E latency:    113.4880s

  Component          Count  Dropped     FLOPs/call    Total FLOPs
  --------------- -------- -------- -------------- --------------
  odStream              99        0   153844849936 15230640143664
  frStream             515        0     2837404864  1461263504960
  lprStream             61        0    60379460608  3683147097088
  capStream             42        0   311083426495 13065503912790
  krStream             576        0            n/a            n/a
  udpStream            618        0            n/a            n/a

  Total FLOPs:        33440554658502
======================================================================
