2026-05-03 16:29:39,771 - INFO     - imgStream    : internal profiling set to False
2026-05-03 16:29:39,771 - INFO     - odStream     : internal profiling set to False
2026-05-03 16:29:39,771 - INFO     - frStream     : internal profiling set to False
2026-05-03 16:29:39,771 - INFO     - lprStream    : internal profiling set to False
2026-05-03 16:29:39,771 - INFO     - capStream    : internal profiling set to False
2026-05-03 16:29:39,771 - INFO     - krStream     : internal profiling set to False
2026-05-03 16:29:39,771 - INFO     - udpStream    : internal profiling set to False


================================================================================
|                                                                              |
|                     Running: Traffic Monitoring Pipeline                     |
|                                                                              |
|                         Algorithm: None, Model ID: 0                         |
|                                                                              |
|                             Target Indices: none                             |
|                                                                              |
|                             2026-05-03 16:29:39                              |
|                                                                              |
================================================================================


Number of CUDA devices: 1
2026-05-03 16:29:42,745 - INFO     - imgStream    : input defense = gaussian
2026-05-03 16:29:42,746 - INFO     - imgStream    : mix mode ratio=0.05 seed=3 -> 95 clean / 5 attack
2026-05-03 16:29:42,746 - INFO     - imgStream    : started
2026-05-03 16:29:42,754 - INFO     - img2od: 0 | od2fr: 0 | od2lpr: 0 | od2cap: 0 | fr2kr: 0 | lpr2kr: 0 | cap2udp: 0 | kr2udp: 0 | 
/home/lxt230026/.conda/envs/dyndl/lib/python3.10/site-packages/facenet_pytorch/models/inception_resnet_v1.py:329: FutureWarning: You are using `torch.load` with `weights_only=False` (the current default value), which uses the default pickle module implicitly. It is possible to construct malicious pickle data which will execute arbitrary code during unpickling (See https://github.com/pytorch/pytorch/blob/main/SECURITY.md#untrusted-models for more details). In a future release, the default value for `weights_only` will be flipped to `True`. This limits the functions that could be executed during unpickling. Arbitrary objects will no longer be allowed to be loaded via this mode unless they are explicitly allowlisted by the user via `torch.serialization.add_safe_globals`. We recommend you start setting `weights_only=True` for any use case where you don't have full control of the loaded file. Please open an issue on GitHub for any issues related to this experimental feature.
  state_dict = torch.load(cached_file)
2026-05-03 16:29:43,466 - INFO     - frStream     : FR model loaded, model_id = vggface2
2026-05-03 16:29:43,466 - INFO     - frStream     : started
2026-05-03 16:29:43,551 - INFO     - krStream     : face embeddings loaded, found 1000 embeddings
2026-05-03 16:29:43,552 - INFO     - krStream     : started
2026-05-03 16:29:43,755 - INFO     - img2od: 5 | od2fr: 0 | od2lpr: 0 | od2cap: 0 | fr2kr: 0 | lpr2kr: 0 | cap2udp: 0 | kr2udp: 0 | 
2026-05-03 16:29:43,834 - INFO     - odStream     : OD model loaded, model_id = 0
2026-05-03 16:29:43,834 - INFO     - odStream     : started
/home/lxt230026/EfficiencyAttack/traffic/cmpnt/c4_lpr.py:145: FutureWarning: You are using `torch.load` with `weights_only=False` (the current default value), which uses the default pickle module implicitly. It is possible to construct malicious pickle data which will execute arbitrary code during unpickling (See https://github.com/pytorch/pytorch/blob/main/SECURITY.md#untrusted-models for more details). In a future release, the default value for `weights_only` will be flipped to `True`. This limits the functions that could be executed during unpickling. Arbitrary objects will no longer be allowed to be loaded via this mode unless they are explicitly allowlisted by the user via `torch.serialization.add_safe_globals`. We recommend you start setting `weights_only=True` for any use case where you don't have full control of the loaded file. Please open an issue on GitHub for any issues related to this experimental feature.
  self.checkpoint = torch.load(self.model_id, map_location='cpu')
2026-05-03 16:29:44,262 - INFO     - udpStream    : LM model loaded, model_id = gpt2
2026-05-03 16:29:44,262 - INFO     - udpStream    : started
2026-05-03 16:29:44,287 - INFO     - Using custom providers: ['CPUExecutionProvider']
2026-05-03 16:29:44,287 - INFO     - Skipping download of 'argentinian-plates-cnn-model' model, already exists at /home/lxt230026/.cache/fast-plate-ocr/argentinian-plates-cnn-model
2026-05-03 16:29:44,301 - INFO     - lprStream    : LPR model loaded, model_id = model_v2.pth
2026-05-03 16:29:44,301 - INFO     - lprStream    : started
2026-05-03 16:29:44,569 - INFO     - capStream    : CAP model loaded, model_id = microsoft/git-base
2026-05-03 16:29:44,569 - INFO     - capStream    : started
2026-05-03 16:29:44,756 - INFO     - img2od: 10 | od2fr: 0 | od2lpr: 0 | od2cap: 0 | fr2kr: 0 | lpr2kr: 0 | cap2udp: 0 | kr2udp: 0 | 
2026-05-03 16:29:45,757 - INFO     - img2od: 11 | od2fr: 11 | od2lpr: 116 | od2cap: 2 | fr2kr: 1 | lpr2kr: 2 | cap2udp: 0 | kr2udp: 0 | 
2026-05-03 16:29:46,758 - INFO     - img2od: 11 | od2fr: 18 | od2lpr: 94 | od2cap: 1 | fr2kr: 5 | lpr2kr: 21 | cap2udp: 0 | kr2udp: 0 | 
2026-05-03 16:29:47,759 - INFO     - img2od: 12 | od2fr: 17 | od2lpr: 74 | od2cap: 0 | fr2kr: 8 | lpr2kr: 42 | cap2udp: 0 | kr2udp: 1 | 
2026-05-03 16:29:48,760 - INFO     - img2od: 12 | od2fr: 21 | od2lpr: 39 | od2cap: 0 | fr2kr: 10 | lpr2kr: 75 | cap2udp: 0 | kr2udp: 1 | 
2026-05-03 16:29:49,761 - INFO     - img2od: 12 | od2fr: 20 | od2lpr: 9 | od2cap: 0 | fr2kr: 13 | lpr2kr: 102 | cap2udp: 1 | kr2udp: 1 | 
2026-05-03 16:29:50,762 - INFO     - img2od: 13 | od2fr: 25 | od2lpr: 0 | od2cap: 0 | fr2kr: 15 | lpr2kr: 110 | cap2udp: 0 | kr2udp: 1 | 
2026-05-03 16:29:51,763 - INFO     - img2od: 13 | od2fr: 22 | od2lpr: 0 | od2cap: 0 | fr2kr: 20 | lpr2kr: 107 | cap2udp: 0 | kr2udp: 1 | 
2026-05-03 16:29:52,764 - INFO     - img2od: 14 | od2fr: 160 | od2lpr: 0 | od2cap: 0 | fr2kr: 23 | lpr2kr: 106 | cap2udp: 0 | kr2udp: 0 | 
2026-05-03 16:29:53,765 - INFO     - img2od: 14 | od2fr: 197 | od2lpr: 0 | od2cap: 0 | fr2kr: 28 | lpr2kr: 107 | cap2udp: 0 | kr2udp: 1 | 
2026-05-03 16:29:54,766 - INFO     - img2od: 14 | od2fr: 218 | od2lpr: 300 | od2cap: 0 | fr2kr: 31 | lpr2kr: 115 | cap2udp: 0 | kr2udp: 0 | 
2026-05-03 16:29:55,767 - INFO     - img2od: 15 | od2fr: 234 | od2lpr: 278 | od2cap: 0 | fr2kr: 35 | lpr2kr: 135 | cap2udp: 0 | kr2udp: 0 | 
2026-05-03 16:29:56,768 - INFO     - img2od: 16 | od2fr: 278 | od2lpr: 251 | od2cap: 0 | fr2kr: 39 | lpr2kr: 160 | cap2udp: 0 | kr2udp: 1 | 
2026-05-03 16:29:57,769 - INFO     - img2od: 16 | od2fr: 275 | od2lpr: 230 | od2cap: 0 | fr2kr: 42 | lpr2kr: 190 | cap2udp: 0 | kr2udp: 1 | 
2026-05-03 16:29:58,770 - INFO     - img2od: 16 | od2fr: 287 | od2lpr: 493 | od2cap: 0 | fr2kr: 46 | lpr2kr: 217 | cap2udp: 0 | kr2udp: 1 | 
2026-05-03 16:29:59,771 - INFO     - img2od: 16 | od2fr: 300 | od2lpr: 459 | od2cap: 0 | fr2kr: 49 | lpr2kr: 249 | cap2udp: 0 | kr2udp: 0 | 
2026-05-03 16:30:00,772 - INFO     - img2od: 18 | od2fr: 298 | od2lpr: 539 | od2cap: 0 | fr2kr: 53 | lpr2kr: 281 | cap2udp: 0 | kr2udp: 0 | 
2026-05-03 16:30:01,502 - INFO     - imgStream    : completed, sending END signal
2026-05-03 16:30:01,502 - INFO     - imgStream    : shutdown
2026-05-03 16:30:01,662 - INFO     - imgStream    : shutdown successful
2026-05-03 16:30:01,773 - INFO     - img2od: 17 | od2fr: 310 | od2lpr: 511 | od2cap: 1 | fr2kr: 56 | lpr2kr: 309 | cap2udp: 0 | kr2udp: 1 | 
2026-05-03 16:30:02,774 - INFO     - img2od: 13 | od2fr: 310 | od2lpr: 478 | od2cap: 0 | fr2kr: 59 | lpr2kr: 347 | cap2udp: 0 | kr2udp: 1 | 
2026-05-03 16:30:03,775 - INFO     - img2od: 8 | od2fr: 343 | od2lpr: 455 | od2cap: 0 | fr2kr: 63 | lpr2kr: 383 | cap2udp: 0 | kr2udp: 1 | 
2026-05-03 16:30:04,776 - INFO     - img2od: 3 | od2fr: 343 | od2lpr: 415 | od2cap: 0 | fr2kr: 67 | lpr2kr: 421 | cap2udp: 0 | kr2udp: 1 | 
2026-05-03 16:30:05,406 - INFO     - odStream     : Received END signal, shutting down
2026-05-03 16:30:05,490 - INFO     - capStream    : Received END signal, shutting down
2026-05-03 16:30:05,494 - INFO     - udpStream    : Received end signal from CAP
2026-05-03 16:30:05,671 - INFO     - odStream     : shutdown successful
2026-05-03 16:30:05,777 - INFO     - img2od: 0 | od2fr: 340 | od2lpr: 432 | od2cap: 0 | fr2kr: 70 | lpr2kr: 468 | cap2udp: 0 | kr2udp: 1 | 
2026-05-03 16:30:05,990 - INFO     - capStream    : shutdown successful
2026-05-03 16:30:06,778 - INFO     - img2od: 0 | od2fr: 334 | od2lpr: 353 | od2cap: 0 | fr2kr: 74 | lpr2kr: 544 | cap2udp: 0 | kr2udp: 0 | 
2026-05-03 16:30:07,780 - INFO     - img2od: 0 | od2fr: 328 | od2lpr: 271 | od2cap: 0 | fr2kr: 77 | lpr2kr: 624 | cap2udp: 0 | kr2udp: 1 | 
2026-05-03 16:30:08,781 - INFO     - img2od: 0 | od2fr: 322 | od2lpr: 202 | od2cap: 0 | fr2kr: 81 | lpr2kr: 690 | cap2udp: 0 | kr2udp: 1 | 
2026-05-03 16:30:09,782 - INFO     - img2od: 0 | od2fr: 315 | od2lpr: 136 | od2cap: 0 | fr2kr: 85 | lpr2kr: 754 | cap2udp: 0 | kr2udp: 1 | 
2026-05-03 16:30:10,783 - INFO     - img2od: 0 | od2fr: 309 | od2lpr: 59 | od2cap: 0 | fr2kr: 89 | lpr2kr: 829 | cap2udp: 0 | kr2udp: 0 | 
2026-05-03 16:30:11,554 - INFO     - lprStream    : Received END signal, shutting down
2026-05-03 16:30:11,671 - INFO     - lprStream    : shutdown successful
2026-05-03 16:30:11,784 - INFO     - img2od: 0 | od2fr: 303 | od2lpr: 0 | od2cap: 0 | fr2kr: 93 | lpr2kr: 886 | cap2udp: 0 | kr2udp: 1 | 
2026-05-03 16:30:12,786 - INFO     - img2od: 0 | od2fr: 296 | od2lpr: 0 | od2cap: 0 | fr2kr: 97 | lpr2kr: 883 | cap2udp: 0 | kr2udp: 0 | 
2026-05-03 16:30:13,787 - INFO     - img2od: 0 | od2fr: 289 | od2lpr: 0 | od2cap: 0 | fr2kr: 101 | lpr2kr: 881 | cap2udp: 0 | kr2udp: 0 | 
2026-05-03 16:30:14,788 - INFO     - img2od: 0 | od2fr: 282 | od2lpr: 0 | od2cap: 0 | fr2kr: 105 | lpr2kr: 878 | cap2udp: 0 | kr2udp: 1 | 
2026-05-03 16:30:15,789 - INFO     - img2od: 0 | od2fr: 275 | od2lpr: 0 | od2cap: 0 | fr2kr: 110 | lpr2kr: 875 | cap2udp: 0 | kr2udp: 1 | 
2026-05-03 16:30:16,790 - INFO     - img2od: 0 | od2fr: 268 | od2lpr: 0 | od2cap: 0 | fr2kr: 114 | lpr2kr: 872 | cap2udp: 0 | kr2udp: 0 | 
2026-05-03 16:30:17,791 - INFO     - img2od: 0 | od2fr: 261 | od2lpr: 0 | od2cap: 0 | fr2kr: 118 | lpr2kr: 869 | cap2udp: 0 | kr2udp: 0 | 
2026-05-03 16:30:18,792 - INFO     - img2od: 0 | od2fr: 254 | od2lpr: 0 | od2cap: 0 | fr2kr: 122 | lpr2kr: 867 | cap2udp: 0 | kr2udp: 0 | 
2026-05-03 16:30:19,794 - INFO     - img2od: 0 | od2fr: 247 | od2lpr: 0 | od2cap: 0 | fr2kr: 126 | lpr2kr: 864 | cap2udp: 0 | kr2udp: 0 | 
2026-05-03 16:30:20,795 - INFO     - img2od: 0 | od2fr: 240 | od2lpr: 0 | od2cap: 0 | fr2kr: 131 | lpr2kr: 861 | cap2udp: 0 | kr2udp: 1 | 
2026-05-03 16:30:21,796 - INFO     - img2od: 0 | od2fr: 233 | od2lpr: 0 | od2cap: 0 | fr2kr: 135 | lpr2kr: 858 | cap2udp: 0 | kr2udp: 1 | 
2026-05-03 16:30:22,797 - INFO     - img2od: 0 | od2fr: 226 | od2lpr: 0 | od2cap: 0 | fr2kr: 139 | lpr2kr: 855 | cap2udp: 0 | kr2udp: 1 | 
2026-05-03 16:30:23,799 - INFO     - img2od: 0 | od2fr: 219 | od2lpr: 0 | od2cap: 0 | fr2kr: 143 | lpr2kr: 853 | cap2udp: 0 | kr2udp: 0 | 
2026-05-03 16:30:24,800 - INFO     - img2od: 0 | od2fr: 211 | od2lpr: 0 | od2cap: 0 | fr2kr: 148 | lpr2kr: 850 | cap2udp: 0 | kr2udp: 1 | 
2026-05-03 16:30:25,801 - INFO     - img2od: 0 | od2fr: 204 | od2lpr: 0 | od2cap: 0 | fr2kr: 153 | lpr2kr: 847 | cap2udp: 0 | kr2udp: 1 | 
2026-05-03 16:30:26,802 - INFO     - img2od: 0 | od2fr: 197 | od2lpr: 0 | od2cap: 0 | fr2kr: 157 | lpr2kr: 844 | cap2udp: 0 | kr2udp: 0 | 
2026-05-03 16:30:27,803 - INFO     - img2od: 0 | od2fr: 190 | od2lpr: 0 | od2cap: 0 | fr2kr: 161 | lpr2kr: 841 | cap2udp: 0 | kr2udp: 1 | 
2026-05-03 16:30:28,805 - INFO     - img2od: 0 | od2fr: 183 | od2lpr: 0 | od2cap: 0 | fr2kr: 165 | lpr2kr: 839 | cap2udp: 0 | kr2udp: 1 | 
2026-05-03 16:30:29,806 - INFO     - img2od: 0 | od2fr: 176 | od2lpr: 0 | od2cap: 0 | fr2kr: 169 | lpr2kr: 836 | cap2udp: 0 | kr2udp: 1 | 
2026-05-03 16:30:30,807 - INFO     - img2od: 0 | od2fr: 169 | od2lpr: 0 | od2cap: 0 | fr2kr: 174 | lpr2kr: 833 | cap2udp: 0 | kr2udp: 1 | 
2026-05-03 16:30:31,808 - INFO     - img2od: 0 | od2fr: 162 | od2lpr: 0 | od2cap: 0 | fr2kr: 178 | lpr2kr: 830 | cap2udp: 0 | kr2udp: 0 | 
2026-05-03 16:30:32,810 - INFO     - img2od: 0 | od2fr: 155 | od2lpr: 0 | od2cap: 0 | fr2kr: 182 | lpr2kr: 828 | cap2udp: 0 | kr2udp: 0 | 
2026-05-03 16:30:33,811 - INFO     - img2od: 0 | od2fr: 148 | od2lpr: 0 | od2cap: 0 | fr2kr: 186 | lpr2kr: 825 | cap2udp: 0 | kr2udp: 1 | 
2026-05-03 16:30:34,812 - INFO     - img2od: 0 | od2fr: 141 | od2lpr: 0 | od2cap: 0 | fr2kr: 191 | lpr2kr: 822 | cap2udp: 0 | kr2udp: 1 | 
2026-05-03 16:30:35,813 - INFO     - img2od: 0 | od2fr: 134 | od2lpr: 0 | od2cap: 0 | fr2kr: 195 | lpr2kr: 819 | cap2udp: 0 | kr2udp: 1 | 
2026-05-03 16:30:36,815 - INFO     - img2od: 0 | od2fr: 127 | od2lpr: 0 | od2cap: 0 | fr2kr: 199 | lpr2kr: 817 | cap2udp: 0 | kr2udp: 0 | 
2026-05-03 16:30:37,816 - INFO     - img2od: 0 | od2fr: 120 | od2lpr: 0 | od2cap: 0 | fr2kr: 203 | lpr2kr: 814 | cap2udp: 0 | kr2udp: 1 | 
2026-05-03 16:30:38,817 - INFO     - img2od: 0 | od2fr: 113 | od2lpr: 0 | od2cap: 0 | fr2kr: 208 | lpr2kr: 811 | cap2udp: 0 | kr2udp: 1 | 
2026-05-03 16:30:39,818 - INFO     - img2od: 0 | od2fr: 106 | od2lpr: 0 | od2cap: 0 | fr2kr: 212 | lpr2kr: 808 | cap2udp: 0 | kr2udp: 0 | 
2026-05-03 16:30:40,819 - INFO     - img2od: 0 | od2fr: 99 | od2lpr: 0 | od2cap: 0 | fr2kr: 216 | lpr2kr: 805 | cap2udp: 0 | kr2udp: 1 | 
2026-05-03 16:30:41,821 - INFO     - img2od: 0 | od2fr: 92 | od2lpr: 0 | od2cap: 0 | fr2kr: 220 | lpr2kr: 803 | cap2udp: 0 | kr2udp: 0 | 
2026-05-03 16:30:42,822 - INFO     - img2od: 0 | od2fr: 85 | od2lpr: 0 | od2cap: 0 | fr2kr: 225 | lpr2kr: 800 | cap2udp: 0 | kr2udp: 1 | 
2026-05-03 16:30:43,823 - INFO     - img2od: 0 | od2fr: 78 | od2lpr: 0 | od2cap: 0 | fr2kr: 229 | lpr2kr: 797 | cap2udp: 0 | kr2udp: 1 | 
2026-05-03 16:30:44,824 - INFO     - img2od: 0 | od2fr: 71 | od2lpr: 0 | od2cap: 0 | fr2kr: 233 | lpr2kr: 794 | cap2udp: 0 | kr2udp: 1 | 
2026-05-03 16:30:45,826 - INFO     - img2od: 0 | od2fr: 64 | od2lpr: 0 | od2cap: 0 | fr2kr: 237 | lpr2kr: 792 | cap2udp: 0 | kr2udp: 0 | 
2026-05-03 16:30:46,826 - INFO     - img2od: 0 | od2fr: 57 | od2lpr: 0 | od2cap: 0 | fr2kr: 241 | lpr2kr: 789 | cap2udp: 0 | kr2udp: 1 | 
2026-05-03 16:30:47,827 - INFO     - img2od: 0 | od2fr: 50 | od2lpr: 0 | od2cap: 0 | fr2kr: 246 | lpr2kr: 786 | cap2udp: 0 | kr2udp: 1 | 
2026-05-03 16:30:48,829 - INFO     - img2od: 0 | od2fr: 43 | od2lpr: 0 | od2cap: 0 | fr2kr: 250 | lpr2kr: 783 | cap2udp: 0 | kr2udp: 1 | 
2026-05-03 16:30:49,830 - INFO     - img2od: 0 | od2fr: 36 | od2lpr: 0 | od2cap: 0 | fr2kr: 254 | lpr2kr: 780 | cap2udp: 0 | kr2udp: 1 | 
2026-05-03 16:30:50,831 - INFO     - img2od: 0 | od2fr: 29 | od2lpr: 0 | od2cap: 0 | fr2kr: 258 | lpr2kr: 778 | cap2udp: 0 | kr2udp: 0 | 
2026-05-03 16:30:51,832 - INFO     - img2od: 0 | od2fr: 21 | od2lpr: 0 | od2cap: 0 | fr2kr: 263 | lpr2kr: 775 | cap2udp: 0 | kr2udp: 1 | 
2026-05-03 16:30:52,833 - INFO     - img2od: 0 | od2fr: 14 | od2lpr: 0 | od2cap: 0 | fr2kr: 268 | lpr2kr: 772 | cap2udp: 0 | kr2udp: 1 | 
2026-05-03 16:30:53,835 - INFO     - img2od: 0 | od2fr: 7 | od2lpr: 0 | od2cap: 0 | fr2kr: 272 | lpr2kr: 769 | cap2udp: 0 | kr2udp: 0 | 
loading model on device: cuda
Initializing checkpoint: PekingU/rtdetr_r50vd, ID: 0
2026-05-03 16:30:54,754 - INFO     - frStream     : Received END signal, shutting down
2026-05-03 16:30:54,836 - INFO     - img2od: 0 | od2fr: 0 | od2lpr: 0 | od2cap: 0 | fr2kr: 276 | lpr2kr: 767 | cap2udp: 0 | kr2udp: 0 | 
2026-05-03 16:30:54,947 - INFO     - frStream     : shutdown successful
2026-05-03 16:30:55,837 - INFO     - img2od: 0 | od2fr: 0 | od2lpr: 0 | od2cap: 0 | fr2kr: 273 | lpr2kr: 764 | cap2udp: 0 | kr2udp: 1 | 
2026-05-03 16:30:56,838 - INFO     - img2od: 0 | od2fr: 0 | od2lpr: 0 | od2cap: 0 | fr2kr: 270 | lpr2kr: 761 | cap2udp: 0 | kr2udp: 1 | 
2026-05-03 16:30:57,840 - INFO     - img2od: 0 | od2fr: 0 | od2lpr: 0 | od2cap: 0 | fr2kr: 268 | lpr2kr: 758 | cap2udp: 0 | kr2udp: 1 | 
2026-05-03 16:30:58,841 - INFO     - img2od: 0 | od2fr: 0 | od2lpr: 0 | od2cap: 0 | fr2kr: 265 | lpr2kr: 755 | cap2udp: 0 | kr2udp: 1 | 
2026-05-03 16:30:59,842 - INFO     - img2od: 0 | od2fr: 0 | od2lpr: 0 | od2cap: 0 | fr2kr: 262 | lpr2kr: 752 | cap2udp: 0 | kr2udp: 1 | 
2026-05-03 16:31:00,843 - INFO     - img2od: 0 | od2fr: 0 | od2lpr: 0 | od2cap: 0 | fr2kr: 259 | lpr2kr: 749 | cap2udp: 0 | kr2udp: 1 | 
2026-05-03 16:31:01,844 - INFO     - img2od: 0 | od2fr: 0 | od2lpr: 0 | od2cap: 0 | fr2kr: 256 | lpr2kr: 746 | cap2udp: 0 | kr2udp: 0 | 
2026-05-03 16:31:02,845 - INFO     - img2od: 0 | od2fr: 0 | od2lpr: 0 | od2cap: 0 | fr2kr: 253 | lpr2kr: 743 | cap2udp: 0 | kr2udp: 0 | 
2026-05-03 16:31:03,847 - INFO     - img2od: 0 | od2fr: 0 | od2lpr: 0 | od2cap: 0 | fr2kr: 250 | lpr2kr: 740 | cap2udp: 0 | kr2udp: 0 | 
2026-05-03 16:31:04,848 - INFO     - img2od: 0 | od2fr: 0 | od2lpr: 0 | od2cap: 0 | fr2kr: 247 | lpr2kr: 738 | cap2udp: 0 | kr2udp: 0 | 
2026-05-03 16:31:05,849 - INFO     - img2od: 0 | od2fr: 0 | od2lpr: 0 | od2cap: 0 | fr2kr: 244 | lpr2kr: 735 | cap2udp: 0 | kr2udp: 0 | 
2026-05-03 16:31:06,850 - INFO     - img2od: 0 | od2fr: 0 | od2lpr: 0 | od2cap: 0 | fr2kr: 241 | lpr2kr: 732 | cap2udp: 0 | kr2udp: 0 | 
2026-05-03 16:31:07,852 - INFO     - img2od: 0 | od2fr: 0 | od2lpr: 0 | od2cap: 0 | fr2kr: 238 | lpr2kr: 729 | cap2udp: 0 | kr2udp: 1 | 
2026-05-03 16:31:08,853 - INFO     - img2od: 0 | od2fr: 0 | od2lpr: 0 | od2cap: 0 | fr2kr: 236 | lpr2kr: 726 | cap2udp: 0 | kr2udp: 1 | 
2026-05-03 16:31:09,854 - INFO     - img2od: 0 | od2fr: 0 | od2lpr: 0 | od2cap: 0 | fr2kr: 233 | lpr2kr: 723 | cap2udp: 0 | kr2udp: 1 | 
2026-05-03 16:31:10,855 - INFO     - img2od: 0 | od2fr: 0 | od2lpr: 0 | od2cap: 0 | fr2kr: 230 | lpr2kr: 720 | cap2udp: 0 | kr2udp: 1 | 
2026-05-03 16:31:11,856 - INFO     - img2od: 0 | od2fr: 0 | od2lpr: 0 | od2cap: 0 | fr2kr: 227 | lpr2kr: 717 | cap2udp: 0 | kr2udp: 0 | 
2026-05-03 16:31:12,858 - INFO     - img2od: 0 | od2fr: 0 | od2lpr: 0 | od2cap: 0 | fr2kr: 224 | lpr2kr: 714 | cap2udp: 0 | kr2udp: 0 | 
2026-05-03 16:31:13,859 - INFO     - img2od: 0 | od2fr: 0 | od2lpr: 0 | od2cap: 0 | fr2kr: 221 | lpr2kr: 711 | cap2udp: 0 | kr2udp: 0 | 
2026-05-03 16:31:14,860 - INFO     - img2od: 0 | od2fr: 0 | od2lpr: 0 | od2cap: 0 | fr2kr: 218 | lpr2kr: 709 | cap2udp: 0 | kr2udp: 0 | 
2026-05-03 16:31:15,861 - INFO     - img2od: 0 | od2fr: 0 | od2lpr: 0 | od2cap: 0 | fr2kr: 215 | lpr2kr: 706 | cap2udp: 0 | kr2udp: 0 | 
2026-05-03 16:31:16,863 - INFO     - img2od: 0 | od2fr: 0 | od2lpr: 0 | od2cap: 0 | fr2kr: 212 | lpr2kr: 703 | cap2udp: 0 | kr2udp: 0 | 
2026-05-03 16:31:17,864 - INFO     - img2od: 0 | od2fr: 0 | od2lpr: 0 | od2cap: 0 | fr2kr: 209 | lpr2kr: 700 | cap2udp: 0 | kr2udp: 0 | 
2026-05-03 16:31:18,865 - INFO     - img2od: 0 | od2fr: 0 | od2lpr: 0 | od2cap: 0 | fr2kr: 207 | lpr2kr: 697 | cap2udp: 0 | kr2udp: 1 | 
2026-05-03 16:31:19,866 - INFO     - img2od: 0 | od2fr: 0 | od2lpr: 0 | od2cap: 0 | fr2kr: 204 | lpr2kr: 694 | cap2udp: 0 | kr2udp: 1 | 
2026-05-03 16:31:20,868 - INFO     - img2od: 0 | od2fr: 0 | od2lpr: 0 | od2cap: 0 | fr2kr: 201 | lpr2kr: 691 | cap2udp: 0 | kr2udp: 1 | 
2026-05-03 16:31:21,869 - INFO     - img2od: 0 | od2fr: 0 | od2lpr: 0 | od2cap: 0 | fr2kr: 198 | lpr2kr: 688 | cap2udp: 0 | kr2udp: 1 | 
2026-05-03 16:31:22,870 - INFO     - img2od: 0 | od2fr: 0 | od2lpr: 0 | od2cap: 0 | fr2kr: 195 | lpr2kr: 685 | cap2udp: 0 | kr2udp: 0 | 
2026-05-03 16:31:23,871 - INFO     - img2od: 0 | od2fr: 0 | od2lpr: 0 | od2cap: 0 | fr2kr: 192 | lpr2kr: 682 | cap2udp: 0 | kr2udp: 0 | 
2026-05-03 16:31:24,873 - INFO     - img2od: 0 | od2fr: 0 | od2lpr: 0 | od2cap: 0 | fr2kr: 189 | lpr2kr: 679 | cap2udp: 0 | kr2udp: 0 | 
2026-05-03 16:31:25,874 - INFO     - img2od: 0 | od2fr: 0 | od2lpr: 0 | od2cap: 0 | fr2kr: 186 | lpr2kr: 677 | cap2udp: 0 | kr2udp: 0 | 
2026-05-03 16:31:26,875 - INFO     - img2od: 0 | od2fr: 0 | od2lpr: 0 | od2cap: 0 | fr2kr: 183 | lpr2kr: 674 | cap2udp: 0 | kr2udp: 0 | 
2026-05-03 16:31:27,876 - INFO     - img2od: 0 | od2fr: 0 | od2lpr: 0 | od2cap: 0 | fr2kr: 180 | lpr2kr: 671 | cap2udp: 0 | kr2udp: 0 | 
2026-05-03 16:31:28,878 - INFO     - img2od: 0 | od2fr: 0 | od2lpr: 0 | od2cap: 0 | fr2kr: 177 | lpr2kr: 668 | cap2udp: 0 | kr2udp: 0 | 
2026-05-03 16:31:29,879 - INFO     - img2od: 0 | od2fr: 0 | od2lpr: 0 | od2cap: 0 | fr2kr: 175 | lpr2kr: 665 | cap2udp: 0 | kr2udp: 1 | 
2026-05-03 16:31:30,880 - INFO     - img2od: 0 | od2fr: 0 | od2lpr: 0 | od2cap: 0 | fr2kr: 172 | lpr2kr: 662 | cap2udp: 0 | kr2udp: 1 | 
2026-05-03 16:31:31,881 - INFO     - img2od: 0 | od2fr: 0 | od2lpr: 0 | od2cap: 0 | fr2kr: 169 | lpr2kr: 659 | cap2udp: 0 | kr2udp: 1 | 
2026-05-03 16:31:32,882 - INFO     - img2od: 0 | od2fr: 0 | od2lpr: 0 | od2cap: 0 | fr2kr: 166 | lpr2kr: 656 | cap2udp: 0 | kr2udp: 0 | 
2026-05-03 16:31:33,884 - INFO     - img2od: 0 | od2fr: 0 | od2lpr: 0 | od2cap: 0 | fr2kr: 163 | lpr2kr: 653 | cap2udp: 0 | kr2udp: 0 | 
2026-05-03 16:31:34,885 - INFO     - img2od: 0 | od2fr: 0 | od2lpr: 0 | od2cap: 0 | fr2kr: 160 | lpr2kr: 650 | cap2udp: 0 | kr2udp: 0 | 
2026-05-03 16:31:35,886 - INFO     - img2od: 0 | od2fr: 0 | od2lpr: 0 | od2cap: 0 | fr2kr: 157 | lpr2kr: 648 | cap2udp: 0 | kr2udp: 1 | 
2026-05-03 16:31:36,887 - INFO     - img2od: 0 | od2fr: 0 | od2lpr: 0 | od2cap: 0 | fr2kr: 154 | lpr2kr: 645 | cap2udp: 0 | kr2udp: 1 | 
2026-05-03 16:31:37,889 - INFO     - img2od: 0 | od2fr: 0 | od2lpr: 0 | od2cap: 0 | fr2kr: 151 | lpr2kr: 642 | cap2udp: 0 | kr2udp: 0 | 
2026-05-03 16:31:38,890 - INFO     - img2od: 0 | od2fr: 0 | od2lpr: 0 | od2cap: 0 | fr2kr: 149 | lpr2kr: 639 | cap2udp: 0 | kr2udp: 1 | 
2026-05-03 16:31:39,891 - INFO     - img2od: 0 | od2fr: 0 | od2lpr: 0 | od2cap: 0 | fr2kr: 146 | lpr2kr: 636 | cap2udp: 0 | kr2udp: 1 | 
2026-05-03 16:31:40,892 - INFO     - img2od: 0 | od2fr: 0 | od2lpr: 0 | od2cap: 0 | fr2kr: 143 | lpr2kr: 633 | cap2udp: 0 | kr2udp: 1 | 
2026-05-03 16:31:41,893 - INFO     - img2od: 0 | od2fr: 0 | od2lpr: 0 | od2cap: 0 | fr2kr: 140 | lpr2kr: 630 | cap2udp: 0 | kr2udp: 0 | 
2026-05-03 16:31:42,895 - INFO     - img2od: 0 | od2fr: 0 | od2lpr: 0 | od2cap: 0 | fr2kr: 137 | lpr2kr: 627 | cap2udp: 0 | kr2udp: 1 | 
2026-05-03 16:31:43,896 - INFO     - img2od: 0 | od2fr: 0 | od2lpr: 0 | od2cap: 0 | fr2kr: 134 | lpr2kr: 624 | cap2udp: 0 | kr2udp: 1 | 
2026-05-03 16:31:44,897 - INFO     - img2od: 0 | od2fr: 0 | od2lpr: 0 | od2cap: 0 | fr2kr: 131 | lpr2kr: 622 | cap2udp: 0 | kr2udp: 1 | 
2026-05-03 16:31:45,898 - INFO     - img2od: 0 | od2fr: 0 | od2lpr: 0 | od2cap: 0 | fr2kr: 128 | lpr2kr: 619 | cap2udp: 0 | kr2udp: 1 | 
2026-05-03 16:31:46,899 - INFO     - img2od: 0 | od2fr: 0 | od2lpr: 0 | od2cap: 0 | fr2kr: 125 | lpr2kr: 616 | cap2udp: 0 | kr2udp: 1 | 
2026-05-03 16:31:47,901 - INFO     - img2od: 0 | od2fr: 0 | od2lpr: 0 | od2cap: 0 | fr2kr: 123 | lpr2kr: 613 | cap2udp: 0 | kr2udp: 1 | 
2026-05-03 16:31:48,902 - INFO     - img2od: 0 | od2fr: 0 | od2lpr: 0 | od2cap: 0 | fr2kr: 120 | lpr2kr: 610 | cap2udp: 0 | kr2udp: 1 | 
2026-05-03 16:31:49,903 - INFO     - img2od: 0 | od2fr: 0 | od2lpr: 0 | od2cap: 0 | fr2kr: 117 | lpr2kr: 607 | cap2udp: 0 | kr2udp: 0 | 
2026-05-03 16:31:50,904 - INFO     - img2od: 0 | od2fr: 0 | od2lpr: 0 | od2cap: 0 | fr2kr: 114 | lpr2kr: 604 | cap2udp: 0 | kr2udp: 1 | 
2026-05-03 16:31:51,906 - INFO     - img2od: 0 | od2fr: 0 | od2lpr: 0 | od2cap: 0 | fr2kr: 111 | lpr2kr: 601 | cap2udp: 0 | kr2udp: 1 | 
2026-05-03 16:31:52,907 - INFO     - img2od: 0 | od2fr: 0 | od2lpr: 0 | od2cap: 0 | fr2kr: 108 | lpr2kr: 599 | cap2udp: 0 | kr2udp: 1 | 
2026-05-03 16:31:53,908 - INFO     - img2od: 0 | od2fr: 0 | od2lpr: 0 | od2cap: 0 | fr2kr: 105 | lpr2kr: 596 | cap2udp: 0 | kr2udp: 1 | 
2026-05-03 16:31:54,909 - INFO     - img2od: 0 | od2fr: 0 | od2lpr: 0 | od2cap: 0 | fr2kr: 102 | lpr2kr: 593 | cap2udp: 0 | kr2udp: 1 | 
2026-05-03 16:31:55,910 - INFO     - img2od: 0 | od2fr: 0 | od2lpr: 0 | od2cap: 0 | fr2kr: 99 | lpr2kr: 590 | cap2udp: 0 | kr2udp: 1 | 
2026-05-03 16:31:56,911 - INFO     - img2od: 0 | od2fr: 0 | od2lpr: 0 | od2cap: 0 | fr2kr: 97 | lpr2kr: 587 | cap2udp: 0 | kr2udp: 1 | 
2026-05-03 16:31:57,913 - INFO     - img2od: 0 | od2fr: 0 | od2lpr: 0 | od2cap: 0 | fr2kr: 94 | lpr2kr: 584 | cap2udp: 0 | kr2udp: 1 | 
2026-05-03 16:31:58,914 - INFO     - img2od: 0 | od2fr: 0 | od2lpr: 0 | od2cap: 0 | fr2kr: 91 | lpr2kr: 581 | cap2udp: 0 | kr2udp: 1 | 
2026-05-03 16:31:59,915 - INFO     - img2od: 0 | od2fr: 0 | od2lpr: 0 | od2cap: 0 | fr2kr: 88 | lpr2kr: 578 | cap2udp: 0 | kr2udp: 1 | 
2026-05-03 16:32:00,916 - INFO     - img2od: 0 | od2fr: 0 | od2lpr: 0 | od2cap: 0 | fr2kr: 85 | lpr2kr: 575 | cap2udp: 0 | kr2udp: 0 | 
2026-05-03 16:32:01,918 - INFO     - img2od: 0 | od2fr: 0 | od2lpr: 0 | od2cap: 0 | fr2kr: 82 | lpr2kr: 572 | cap2udp: 0 | kr2udp: 0 | 
2026-05-03 16:32:02,919 - INFO     - img2od: 0 | od2fr: 0 | od2lpr: 0 | od2cap: 0 | fr2kr: 79 | lpr2kr: 569 | cap2udp: 0 | kr2udp: 0 | 
2026-05-03 16:32:03,920 - INFO     - img2od: 0 | od2fr: 0 | od2lpr: 0 | od2cap: 0 | fr2kr: 76 | lpr2kr: 567 | cap2udp: 0 | kr2udp: 0 | 
2026-05-03 16:32:04,921 - INFO     - img2od: 0 | od2fr: 0 | od2lpr: 0 | od2cap: 0 | fr2kr: 73 | lpr2kr: 564 | cap2udp: 0 | kr2udp: 0 | 
2026-05-03 16:32:05,922 - INFO     - img2od: 0 | od2fr: 0 | od2lpr: 0 | od2cap: 0 | fr2kr: 70 | lpr2kr: 561 | cap2udp: 0 | kr2udp: 0 | 
2026-05-03 16:32:06,924 - INFO     - img2od: 0 | od2fr: 0 | od2lpr: 0 | od2cap: 0 | fr2kr: 67 | lpr2kr: 558 | cap2udp: 0 | kr2udp: 0 | 
2026-05-03 16:32:07,925 - INFO     - img2od: 0 | od2fr: 0 | od2lpr: 0 | od2cap: 0 | fr2kr: 65 | lpr2kr: 555 | cap2udp: 0 | kr2udp: 1 | 
2026-05-03 16:32:08,926 - INFO     - img2od: 0 | od2fr: 0 | od2lpr: 0 | od2cap: 0 | fr2kr: 62 | lpr2kr: 552 | cap2udp: 0 | kr2udp: 1 | 
2026-05-03 16:32:09,927 - INFO     - img2od: 0 | od2fr: 0 | od2lpr: 0 | od2cap: 0 | fr2kr: 59 | lpr2kr: 549 | cap2udp: 0 | kr2udp: 1 | 
2026-05-03 16:32:10,928 - INFO     - img2od: 0 | od2fr: 0 | od2lpr: 0 | od2cap: 0 | fr2kr: 56 | lpr2kr: 546 | cap2udp: 0 | kr2udp: 1 | 
2026-05-03 16:32:11,930 - INFO     - img2od: 0 | od2fr: 0 | od2lpr: 0 | od2cap: 0 | fr2kr: 53 | lpr2kr: 543 | cap2udp: 0 | kr2udp: 1 | 
2026-05-03 16:32:12,931 - INFO     - img2od: 0 | od2fr: 0 | od2lpr: 0 | od2cap: 0 | fr2kr: 50 | lpr2kr: 540 | cap2udp: 0 | kr2udp: 0 | 
2026-05-03 16:32:13,932 - INFO     - img2od: 0 | od2fr: 0 | od2lpr: 0 | od2cap: 0 | fr2kr: 47 | lpr2kr: 537 | cap2udp: 0 | kr2udp: 0 | 
2026-05-03 16:32:14,933 - INFO     - img2od: 0 | od2fr: 0 | od2lpr: 0 | od2cap: 0 | fr2kr: 44 | lpr2kr: 534 | cap2udp: 0 | kr2udp: 1 | 
2026-05-03 16:32:15,935 - INFO     - img2od: 0 | od2fr: 0 | od2lpr: 0 | od2cap: 0 | fr2kr: 41 | lpr2kr: 531 | cap2udp: 0 | kr2udp: 0 | 
2026-05-03 16:32:16,936 - INFO     - img2od: 0 | od2fr: 0 | od2lpr: 0 | od2cap: 0 | fr2kr: 38 | lpr2kr: 528 | cap2udp: 0 | kr2udp: 0 | 
2026-05-03 16:32:17,937 - INFO     - img2od: 0 | od2fr: 0 | od2lpr: 0 | od2cap: 0 | fr2kr: 35 | lpr2kr: 526 | cap2udp: 0 | kr2udp: 0 | 
2026-05-03 16:32:18,938 - INFO     - img2od: 0 | od2fr: 0 | od2lpr: 0 | od2cap: 0 | fr2kr: 32 | lpr2kr: 523 | cap2udp: 0 | kr2udp: 0 | 
2026-05-03 16:32:19,939 - INFO     - img2od: 0 | od2fr: 0 | od2lpr: 0 | od2cap: 0 | fr2kr: 29 | lpr2kr: 520 | cap2udp: 0 | kr2udp: 0 | 
2026-05-03 16:32:20,941 - INFO     - img2od: 0 | od2fr: 0 | od2lpr: 0 | od2cap: 0 | fr2kr: 26 | lpr2kr: 517 | cap2udp: 0 | kr2udp: 1 | 
2026-05-03 16:32:21,942 - INFO     - img2od: 0 | od2fr: 0 | od2lpr: 0 | od2cap: 0 | fr2kr: 24 | lpr2kr: 514 | cap2udp: 0 | kr2udp: 1 | 
2026-05-03 16:32:22,943 - INFO     - img2od: 0 | od2fr: 0 | od2lpr: 0 | od2cap: 0 | fr2kr: 21 | lpr2kr: 511 | cap2udp: 0 | kr2udp: 1 | 
2026-05-03 16:32:23,944 - INFO     - img2od: 0 | od2fr: 0 | od2lpr: 0 | od2cap: 0 | fr2kr: 18 | lpr2kr: 508 | cap2udp: 0 | kr2udp: 1 | 
2026-05-03 16:32:24,946 - INFO     - img2od: 0 | od2fr: 0 | od2lpr: 0 | od2cap: 0 | fr2kr: 15 | lpr2kr: 505 | cap2udp: 0 | kr2udp: 0 | 
2026-05-03 16:32:25,947 - INFO     - img2od: 0 | od2fr: 0 | od2lpr: 0 | od2cap: 0 | fr2kr: 12 | lpr2kr: 503 | cap2udp: 0 | kr2udp: 0 | 
2026-05-03 16:32:26,948 - INFO     - img2od: 0 | od2fr: 0 | od2lpr: 0 | od2cap: 0 | fr2kr: 9 | lpr2kr: 500 | cap2udp: 0 | kr2udp: 0 | 
2026-05-03 16:32:27,949 - INFO     - img2od: 0 | od2fr: 0 | od2lpr: 0 | od2cap: 0 | fr2kr: 6 | lpr2kr: 497 | cap2udp: 0 | kr2udp: 1 | 
2026-05-03 16:32:28,950 - INFO     - img2od: 0 | od2fr: 0 | od2lpr: 0 | od2cap: 0 | fr2kr: 3 | lpr2kr: 494 | cap2udp: 0 | kr2udp: 1 | 
2026-05-03 16:32:29,951 - INFO     - img2od: 0 | od2fr: 0 | od2lpr: 0 | od2cap: 0 | fr2kr: 1 | lpr2kr: 491 | cap2udp: 0 | kr2udp: 1 | 
2026-05-03 16:32:29,981 - INFO     - krStream     : Received end signal from FR
2026-05-03 16:32:30,952 - INFO     - img2od: 0 | od2fr: 0 | od2lpr: 0 | od2cap: 0 | fr2kr: 0 | lpr2kr: 486 | cap2udp: 0 | kr2udp: 0 | 
2026-05-03 16:32:31,954 - INFO     - img2od: 0 | od2fr: 0 | od2lpr: 0 | od2cap: 0 | fr2kr: 0 | lpr2kr: 482 | cap2udp: 0 | kr2udp: 1 | 
2026-05-03 16:32:32,955 - INFO     - img2od: 0 | od2fr: 0 | od2lpr: 0 | od2cap: 0 | fr2kr: 0 | lpr2kr: 478 | cap2udp: 0 | kr2udp: 1 | 
2026-05-03 16:32:33,956 - INFO     - img2od: 0 | od2fr: 0 | od2lpr: 0 | od2cap: 0 | fr2kr: 0 | lpr2kr: 473 | cap2udp: 0 | kr2udp: 0 | 
2026-05-03 16:32:34,957 - INFO     - img2od: 0 | od2fr: 0 | od2lpr: 0 | od2cap: 0 | fr2kr: 0 | lpr2kr: 469 | cap2udp: 0 | kr2udp: 1 | 
2026-05-03 16:32:35,959 - INFO     - img2od: 0 | od2fr: 0 | od2lpr: 0 | od2cap: 0 | fr2kr: 0 | lpr2kr: 464 | cap2udp: 0 | kr2udp: 0 | 
2026-05-03 16:32:36,960 - INFO     - img2od: 0 | od2fr: 0 | od2lpr: 0 | od2cap: 0 | fr2kr: 0 | lpr2kr: 460 | cap2udp: 0 | kr2udp: 1 | 
2026-05-03 16:32:37,961 - INFO     - img2od: 0 | od2fr: 0 | od2lpr: 0 | od2cap: 0 | fr2kr: 0 | lpr2kr: 455 | cap2udp: 0 | kr2udp: 1 | 
2026-05-03 16:32:38,962 - INFO     - img2od: 0 | od2fr: 0 | od2lpr: 0 | od2cap: 0 | fr2kr: 0 | lpr2kr: 451 | cap2udp: 0 | kr2udp: 0 | 
2026-05-03 16:32:39,964 - INFO     - img2od: 0 | od2fr: 0 | od2lpr: 0 | od2cap: 0 | fr2kr: 0 | lpr2kr: 447 | cap2udp: 0 | kr2udp: 1 | 
2026-05-03 16:32:40,965 - INFO     - img2od: 0 | od2fr: 0 | od2lpr: 0 | od2cap: 0 | fr2kr: 0 | lpr2kr: 442 | cap2udp: 0 | kr2udp: 1 | 
2026-05-03 16:32:41,966 - INFO     - img2od: 0 | od2fr: 0 | od2lpr: 0 | od2cap: 0 | fr2kr: 0 | lpr2kr: 438 | cap2udp: 0 | kr2udp: 1 | 
2026-05-03 16:32:42,967 - INFO     - img2od: 0 | od2fr: 0 | od2lpr: 0 | od2cap: 0 | fr2kr: 0 | lpr2kr: 433 | cap2udp: 0 | kr2udp: 0 | 
2026-05-03 16:32:43,968 - INFO     - img2od: 0 | od2fr: 0 | od2lpr: 0 | od2cap: 0 | fr2kr: 0 | lpr2kr: 429 | cap2udp: 0 | kr2udp: 0 | 
2026-05-03 16:32:44,970 - INFO     - img2od: 0 | od2fr: 0 | od2lpr: 0 | od2cap: 0 | fr2kr: 0 | lpr2kr: 425 | cap2udp: 0 | kr2udp: 1 | 
2026-05-03 16:32:45,971 - INFO     - img2od: 0 | od2fr: 0 | od2lpr: 0 | od2cap: 0 | fr2kr: 0 | lpr2kr: 420 | cap2udp: 0 | kr2udp: 1 | 
2026-05-03 16:32:46,972 - INFO     - img2od: 0 | od2fr: 0 | od2lpr: 0 | od2cap: 0 | fr2kr: 0 | lpr2kr: 416 | cap2udp: 0 | kr2udp: 1 | 
2026-05-03 16:32:47,973 - INFO     - img2od: 0 | od2fr: 0 | od2lpr: 0 | od2cap: 0 | fr2kr: 0 | lpr2kr: 411 | cap2udp: 0 | kr2udp: 0 | 
2026-05-03 16:32:48,975 - INFO     - img2od: 0 | od2fr: 0 | od2lpr: 0 | od2cap: 0 | fr2kr: 0 | lpr2kr: 406 | cap2udp: 0 | kr2udp: 1 | 
2026-05-03 16:32:49,976 - INFO     - img2od: 0 | od2fr: 0 | od2lpr: 0 | od2cap: 0 | fr2kr: 0 | lpr2kr: 401 | cap2udp: 0 | kr2udp: 1 | 
2026-05-03 16:32:50,977 - INFO     - img2od: 0 | od2fr: 0 | od2lpr: 0 | od2cap: 0 | fr2kr: 0 | lpr2kr: 396 | cap2udp: 0 | kr2udp: 1 | 
2026-05-03 16:32:51,978 - INFO     - img2od: 0 | od2fr: 0 | od2lpr: 0 | od2cap: 0 | fr2kr: 0 | lpr2kr: 392 | cap2udp: 0 | kr2udp: 1 | 
2026-05-03 16:32:52,980 - INFO     - img2od: 0 | od2fr: 0 | od2lpr: 0 | od2cap: 0 | fr2kr: 0 | lpr2kr: 387 | cap2udp: 0 | kr2udp: 1 | 
2026-05-03 16:32:53,981 - INFO     - img2od: 0 | od2fr: 0 | od2lpr: 0 | od2cap: 0 | fr2kr: 0 | lpr2kr: 382 | cap2udp: 0 | kr2udp: 1 | 
2026-05-03 16:32:54,982 - INFO     - img2od: 0 | od2fr: 0 | od2lpr: 0 | od2cap: 0 | fr2kr: 0 | lpr2kr: 377 | cap2udp: 0 | kr2udp: 1 | 
2026-05-03 16:32:55,983 - INFO     - img2od: 0 | od2fr: 0 | od2lpr: 0 | od2cap: 0 | fr2kr: 0 | lpr2kr: 372 | cap2udp: 0 | kr2udp: 1 | 
2026-05-03 16:32:56,984 - INFO     - img2od: 0 | od2fr: 0 | od2lpr: 0 | od2cap: 0 | fr2kr: 0 | lpr2kr: 367 | cap2udp: 0 | kr2udp: 1 | 
2026-05-03 16:32:57,986 - INFO     - img2od: 0 | od2fr: 0 | od2lpr: 0 | od2cap: 0 | fr2kr: 0 | lpr2kr: 362 | cap2udp: 0 | kr2udp: 1 | 
2026-05-03 16:32:58,987 - INFO     - img2od: 0 | od2fr: 0 | od2lpr: 0 | od2cap: 0 | fr2kr: 0 | lpr2kr: 357 | cap2udp: 0 | kr2udp: 1 | 
2026-05-03 16:32:59,988 - INFO     - img2od: 0 | od2fr: 0 | od2lpr: 0 | od2cap: 0 | fr2kr: 0 | lpr2kr: 352 | cap2udp: 0 | kr2udp: 1 | 
2026-05-03 16:33:00,989 - INFO     - img2od: 0 | od2fr: 0 | od2lpr: 0 | od2cap: 0 | fr2kr: 0 | lpr2kr: 348 | cap2udp: 0 | kr2udp: 1 | 
2026-05-03 16:33:01,991 - INFO     - img2od: 0 | od2fr: 0 | od2lpr: 0 | od2cap: 0 | fr2kr: 0 | lpr2kr: 343 | cap2udp: 0 | kr2udp: 1 | 
2026-05-03 16:33:02,992 - INFO     - img2od: 0 | od2fr: 0 | od2lpr: 0 | od2cap: 0 | fr2kr: 0 | lpr2kr: 338 | cap2udp: 0 | kr2udp: 1 | 
2026-05-03 16:33:03,993 - INFO     - img2od: 0 | od2fr: 0 | od2lpr: 0 | od2cap: 0 | fr2kr: 0 | lpr2kr: 334 | cap2udp: 0 | kr2udp: 1 | 
2026-05-03 16:33:04,994 - INFO     - img2od: 0 | od2fr: 0 | od2lpr: 0 | od2cap: 0 | fr2kr: 0 | lpr2kr: 329 | cap2udp: 0 | kr2udp: 0 | 
2026-05-03 16:33:05,995 - INFO     - img2od: 0 | od2fr: 0 | od2lpr: 0 | od2cap: 0 | fr2kr: 0 | lpr2kr: 325 | cap2udp: 0 | kr2udp: 1 | 
2026-05-03 16:33:06,996 - INFO     - img2od: 0 | od2fr: 0 | od2lpr: 0 | od2cap: 0 | fr2kr: 0 | lpr2kr: 321 | cap2udp: 0 | kr2udp: 1 | 
2026-05-03 16:33:07,997 - INFO     - img2od: 0 | od2fr: 0 | od2lpr: 0 | od2cap: 0 | fr2kr: 0 | lpr2kr: 317 | cap2udp: 0 | kr2udp: 1 | 
2026-05-03 16:33:08,998 - INFO     - img2od: 0 | od2fr: 0 | od2lpr: 0 | od2cap: 0 | fr2kr: 0 | lpr2kr: 314 | cap2udp: 0 | kr2udp: 0 | 
2026-05-03 16:33:09,999 - INFO     - img2od: 0 | od2fr: 0 | od2lpr: 0 | od2cap: 0 | fr2kr: 0 | lpr2kr: 310 | cap2udp: 0 | kr2udp: 1 | 
2026-05-03 16:33:11,000 - INFO     - img2od: 0 | od2fr: 0 | od2lpr: 0 | od2cap: 0 | fr2kr: 0 | lpr2kr: 306 | cap2udp: 0 | kr2udp: 1 | 
2026-05-03 16:33:12,001 - INFO     - img2od: 0 | od2fr: 0 | od2lpr: 0 | od2cap: 0 | fr2kr: 0 | lpr2kr: 302 | cap2udp: 0 | kr2udp: 0 | 
2026-05-03 16:33:13,002 - INFO     - img2od: 0 | od2fr: 0 | od2lpr: 0 | od2cap: 0 | fr2kr: 0 | lpr2kr: 298 | cap2udp: 0 | kr2udp: 1 | 
2026-05-03 16:33:14,003 - INFO     - img2od: 0 | od2fr: 0 | od2lpr: 0 | od2cap: 0 | fr2kr: 0 | lpr2kr: 295 | cap2udp: 0 | kr2udp: 1 | 
2026-05-03 16:33:15,004 - INFO     - img2od: 0 | od2fr: 0 | od2lpr: 0 | od2cap: 0 | fr2kr: 0 | lpr2kr: 291 | cap2udp: 0 | kr2udp: 1 | 
2026-05-03 16:33:16,005 - INFO     - img2od: 0 | od2fr: 0 | od2lpr: 0 | od2cap: 0 | fr2kr: 0 | lpr2kr: 287 | cap2udp: 0 | kr2udp: 1 | 
2026-05-03 16:33:17,006 - INFO     - img2od: 0 | od2fr: 0 | od2lpr: 0 | od2cap: 0 | fr2kr: 0 | lpr2kr: 284 | cap2udp: 0 | kr2udp: 1 | 
2026-05-03 16:33:18,007 - INFO     - img2od: 0 | od2fr: 0 | od2lpr: 0 | od2cap: 0 | fr2kr: 0 | lpr2kr: 280 | cap2udp: 0 | kr2udp: 0 | 
2026-05-03 16:33:19,008 - INFO     - img2od: 0 | od2fr: 0 | od2lpr: 0 | od2cap: 0 | fr2kr: 0 | lpr2kr: 277 | cap2udp: 0 | kr2udp: 1 | 
2026-05-03 16:33:20,009 - INFO     - img2od: 0 | od2fr: 0 | od2lpr: 0 | od2cap: 0 | fr2kr: 0 | lpr2kr: 273 | cap2udp: 0 | kr2udp: 1 | 
2026-05-03 16:33:21,010 - INFO     - img2od: 0 | od2fr: 0 | od2lpr: 0 | od2cap: 0 | fr2kr: 0 | lpr2kr: 269 | cap2udp: 0 | kr2udp: 1 | 
2026-05-03 16:33:22,011 - INFO     - img2od: 0 | od2fr: 0 | od2lpr: 0 | od2cap: 0 | fr2kr: 0 | lpr2kr: 266 | cap2udp: 0 | kr2udp: 1 | 
2026-05-03 16:33:23,012 - INFO     - img2od: 0 | od2fr: 0 | od2lpr: 0 | od2cap: 0 | fr2kr: 0 | lpr2kr: 262 | cap2udp: 0 | kr2udp: 0 | 
2026-05-03 16:33:24,013 - INFO     - img2od: 0 | od2fr: 0 | od2lpr: 0 | od2cap: 0 | fr2kr: 0 | lpr2kr: 259 | cap2udp: 0 | kr2udp: 1 | 
2026-05-03 16:33:25,014 - INFO     - img2od: 0 | od2fr: 0 | od2lpr: 0 | od2cap: 0 | fr2kr: 0 | lpr2kr: 255 | cap2udp: 0 | kr2udp: 1 | 
2026-05-03 16:33:26,015 - INFO     - img2od: 0 | od2fr: 0 | od2lpr: 0 | od2cap: 0 | fr2kr: 0 | lpr2kr: 251 | cap2udp: 0 | kr2udp: 0 | 
2026-05-03 16:33:27,016 - INFO     - img2od: 0 | od2fr: 0 | od2lpr: 0 | od2cap: 0 | fr2kr: 0 | lpr2kr: 248 | cap2udp: 0 | kr2udp: 1 | 
2026-05-03 16:33:28,017 - INFO     - img2od: 0 | od2fr: 0 | od2lpr: 0 | od2cap: 0 | fr2kr: 0 | lpr2kr: 244 | cap2udp: 0 | kr2udp: 0 | 
2026-05-03 16:33:29,018 - INFO     - img2od: 0 | od2fr: 0 | od2lpr: 0 | od2cap: 0 | fr2kr: 0 | lpr2kr: 240 | cap2udp: 0 | kr2udp: 1 | 
2026-05-03 16:33:30,019 - INFO     - img2od: 0 | od2fr: 0 | od2lpr: 0 | od2cap: 0 | fr2kr: 0 | lpr2kr: 237 | cap2udp: 0 | kr2udp: 1 | 
2026-05-03 16:33:31,020 - INFO     - img2od: 0 | od2fr: 0 | od2lpr: 0 | od2cap: 0 | fr2kr: 0 | lpr2kr: 233 | cap2udp: 0 | kr2udp: 0 | 
2026-05-03 16:33:32,021 - INFO     - img2od: 0 | od2fr: 0 | od2lpr: 0 | od2cap: 0 | fr2kr: 0 | lpr2kr: 230 | cap2udp: 0 | kr2udp: 1 | 
2026-05-03 16:33:33,022 - INFO     - img2od: 0 | od2fr: 0 | od2lpr: 0 | od2cap: 0 | fr2kr: 0 | lpr2kr: 226 | cap2udp: 0 | kr2udp: 1 | 
2026-05-03 16:33:34,023 - INFO     - img2od: 0 | od2fr: 0 | od2lpr: 0 | od2cap: 0 | fr2kr: 0 | lpr2kr: 222 | cap2udp: 0 | kr2udp: 1 | 
2026-05-03 16:33:35,024 - INFO     - img2od: 0 | od2fr: 0 | od2lpr: 0 | od2cap: 0 | fr2kr: 0 | lpr2kr: 218 | cap2udp: 0 | kr2udp: 0 | 
2026-05-03 16:33:36,025 - INFO     - img2od: 0 | od2fr: 0 | od2lpr: 0 | od2cap: 0 | fr2kr: 0 | lpr2kr: 214 | cap2udp: 0 | kr2udp: 1 | 
2026-05-03 16:33:37,026 - INFO     - img2od: 0 | od2fr: 0 | od2lpr: 0 | od2cap: 0 | fr2kr: 0 | lpr2kr: 210 | cap2udp: 0 | kr2udp: 1 | 
2026-05-03 16:33:38,027 - INFO     - img2od: 0 | od2fr: 0 | od2lpr: 0 | od2cap: 0 | fr2kr: 0 | lpr2kr: 206 | cap2udp: 0 | kr2udp: 1 | 
2026-05-03 16:33:39,028 - INFO     - img2od: 0 | od2fr: 0 | od2lpr: 0 | od2cap: 0 | fr2kr: 0 | lpr2kr: 201 | cap2udp: 0 | kr2udp: 1 | 
2026-05-03 16:33:40,029 - INFO     - img2od: 0 | od2fr: 0 | od2lpr: 0 | od2cap: 0 | fr2kr: 0 | lpr2kr: 197 | cap2udp: 0 | kr2udp: 0 | 
2026-05-03 16:33:41,030 - INFO     - img2od: 0 | od2fr: 0 | od2lpr: 0 | od2cap: 0 | fr2kr: 0 | lpr2kr: 193 | cap2udp: 0 | kr2udp: 1 | 
2026-05-03 16:33:42,031 - INFO     - img2od: 0 | od2fr: 0 | od2lpr: 0 | od2cap: 0 | fr2kr: 0 | lpr2kr: 189 | cap2udp: 0 | kr2udp: 1 | 
2026-05-03 16:33:43,033 - INFO     - img2od: 0 | od2fr: 0 | od2lpr: 0 | od2cap: 0 | fr2kr: 0 | lpr2kr: 184 | cap2udp: 0 | kr2udp: 0 | 
2026-05-03 16:33:44,034 - INFO     - img2od: 0 | od2fr: 0 | od2lpr: 0 | od2cap: 0 | fr2kr: 0 | lpr2kr: 180 | cap2udp: 0 | kr2udp: 0 | 
2026-05-03 16:33:45,035 - INFO     - img2od: 0 | od2fr: 0 | od2lpr: 0 | od2cap: 0 | fr2kr: 0 | lpr2kr: 176 | cap2udp: 0 | kr2udp: 1 | 
2026-05-03 16:33:46,036 - INFO     - img2od: 0 | od2fr: 0 | od2lpr: 0 | od2cap: 0 | fr2kr: 0 | lpr2kr: 172 | cap2udp: 0 | kr2udp: 1 | 
2026-05-03 16:33:47,038 - INFO     - img2od: 0 | od2fr: 0 | od2lpr: 0 | od2cap: 0 | fr2kr: 0 | lpr2kr: 168 | cap2udp: 0 | kr2udp: 1 | 
2026-05-03 16:33:48,039 - INFO     - img2od: 0 | od2fr: 0 | od2lpr: 0 | od2cap: 0 | fr2kr: 0 | lpr2kr: 163 | cap2udp: 0 | kr2udp: 1 | 
2026-05-03 16:33:49,040 - INFO     - img2od: 0 | od2fr: 0 | od2lpr: 0 | od2cap: 0 | fr2kr: 0 | lpr2kr: 159 | cap2udp: 0 | kr2udp: 0 | 
2026-05-03 16:33:50,041 - INFO     - img2od: 0 | od2fr: 0 | od2lpr: 0 | od2cap: 0 | fr2kr: 0 | lpr2kr: 155 | cap2udp: 0 | kr2udp: 1 | 
2026-05-03 16:33:51,042 - INFO     - img2od: 0 | od2fr: 0 | od2lpr: 0 | od2cap: 0 | fr2kr: 0 | lpr2kr: 151 | cap2udp: 0 | kr2udp: 1 | 
2026-05-03 16:33:52,044 - INFO     - img2od: 0 | od2fr: 0 | od2lpr: 0 | od2cap: 0 | fr2kr: 0 | lpr2kr: 147 | cap2udp: 0 | kr2udp: 1 | 
2026-05-03 16:33:53,045 - INFO     - img2od: 0 | od2fr: 0 | od2lpr: 0 | od2cap: 0 | fr2kr: 0 | lpr2kr: 142 | cap2udp: 0 | kr2udp: 1 | 
2026-05-03 16:33:54,046 - INFO     - img2od: 0 | od2fr: 0 | od2lpr: 0 | od2cap: 0 | fr2kr: 0 | lpr2kr: 138 | cap2udp: 0 | kr2udp: 0 | 
2026-05-03 16:33:55,047 - INFO     - img2od: 0 | od2fr: 0 | od2lpr: 0 | od2cap: 0 | fr2kr: 0 | lpr2kr: 134 | cap2udp: 0 | kr2udp: 1 | 
2026-05-03 16:33:56,049 - INFO     - img2od: 0 | od2fr: 0 | od2lpr: 0 | od2cap: 0 | fr2kr: 0 | lpr2kr: 130 | cap2udp: 0 | kr2udp: 1 | 
2026-05-03 16:33:57,050 - INFO     - img2od: 0 | od2fr: 0 | od2lpr: 0 | od2cap: 0 | fr2kr: 0 | lpr2kr: 125 | cap2udp: 0 | kr2udp: 1 | 
2026-05-03 16:33:58,051 - INFO     - img2od: 0 | od2fr: 0 | od2lpr: 0 | od2cap: 0 | fr2kr: 0 | lpr2kr: 121 | cap2udp: 0 | kr2udp: 0 | 
2026-05-03 16:33:59,052 - INFO     - img2od: 0 | od2fr: 0 | od2lpr: 0 | od2cap: 0 | fr2kr: 0 | lpr2kr: 117 | cap2udp: 0 | kr2udp: 1 | 
2026-05-03 16:34:00,053 - INFO     - img2od: 0 | od2fr: 0 | od2lpr: 0 | od2cap: 0 | fr2kr: 0 | lpr2kr: 113 | cap2udp: 0 | kr2udp: 1 | 
2026-05-03 16:34:01,054 - INFO     - img2od: 0 | od2fr: 0 | od2lpr: 0 | od2cap: 0 | fr2kr: 0 | lpr2kr: 108 | cap2udp: 0 | kr2udp: 1 | 
2026-05-03 16:34:02,056 - INFO     - img2od: 0 | od2fr: 0 | od2lpr: 0 | od2cap: 0 | fr2kr: 0 | lpr2kr: 104 | cap2udp: 0 | kr2udp: 0 | 
2026-05-03 16:34:03,057 - INFO     - img2od: 0 | od2fr: 0 | od2lpr: 0 | od2cap: 0 | fr2kr: 0 | lpr2kr: 100 | cap2udp: 0 | kr2udp: 0 | 
2026-05-03 16:34:04,058 - INFO     - img2od: 0 | od2fr: 0 | od2lpr: 0 | od2cap: 0 | fr2kr: 0 | lpr2kr: 96 | cap2udp: 0 | kr2udp: 1 | 
2026-05-03 16:34:05,059 - INFO     - img2od: 0 | od2fr: 0 | od2lpr: 0 | od2cap: 0 | fr2kr: 0 | lpr2kr: 92 | cap2udp: 0 | kr2udp: 1 | 
2026-05-03 16:34:06,059 - INFO     - img2od: 0 | od2fr: 0 | od2lpr: 0 | od2cap: 0 | fr2kr: 0 | lpr2kr: 88 | cap2udp: 0 | kr2udp: 1 | 
2026-05-03 16:34:07,060 - INFO     - img2od: 0 | od2fr: 0 | od2lpr: 0 | od2cap: 0 | fr2kr: 0 | lpr2kr: 83 | cap2udp: 0 | kr2udp: 1 | 
2026-05-03 16:34:08,061 - INFO     - img2od: 0 | od2fr: 0 | od2lpr: 0 | od2cap: 0 | fr2kr: 0 | lpr2kr: 79 | cap2udp: 0 | kr2udp: 0 | 
2026-05-03 16:34:09,062 - INFO     - img2od: 0 | od2fr: 0 | od2lpr: 0 | od2cap: 0 | fr2kr: 0 | lpr2kr: 75 | cap2udp: 0 | kr2udp: 1 | 
2026-05-03 16:34:10,063 - INFO     - img2od: 0 | od2fr: 0 | od2lpr: 0 | od2cap: 0 | fr2kr: 0 | lpr2kr: 71 | cap2udp: 0 | kr2udp: 1 | 
2026-05-03 16:34:11,065 - INFO     - img2od: 0 | od2fr: 0 | od2lpr: 0 | od2cap: 0 | fr2kr: 0 | lpr2kr: 66 | cap2udp: 0 | kr2udp: 1 | 
2026-05-03 16:34:12,066 - INFO     - img2od: 0 | od2fr: 0 | od2lpr: 0 | od2cap: 0 | fr2kr: 0 | lpr2kr: 62 | cap2udp: 0 | kr2udp: 0 | 
2026-05-03 16:34:13,067 - INFO     - img2od: 0 | od2fr: 0 | od2lpr: 0 | od2cap: 0 | fr2kr: 0 | lpr2kr: 58 | cap2udp: 0 | kr2udp: 0 | 
2026-05-03 16:34:14,068 - INFO     - img2od: 0 | od2fr: 0 | od2lpr: 0 | od2cap: 0 | fr2kr: 0 | lpr2kr: 54 | cap2udp: 0 | kr2udp: 1 | 
2026-05-03 16:34:15,070 - INFO     - img2od: 0 | od2fr: 0 | od2lpr: 0 | od2cap: 0 | fr2kr: 0 | lpr2kr: 50 | cap2udp: 0 | kr2udp: 1 | 
2026-05-03 16:34:16,071 - INFO     - img2od: 0 | od2fr: 0 | od2lpr: 0 | od2cap: 0 | fr2kr: 0 | lpr2kr: 46 | cap2udp: 0 | kr2udp: 1 | 
2026-05-03 16:34:17,072 - INFO     - img2od: 0 | od2fr: 0 | od2lpr: 0 | od2cap: 0 | fr2kr: 0 | lpr2kr: 41 | cap2udp: 0 | kr2udp: 0 | 
2026-05-03 16:34:18,073 - INFO     - img2od: 0 | od2fr: 0 | od2lpr: 0 | od2cap: 0 | fr2kr: 0 | lpr2kr: 37 | cap2udp: 0 | kr2udp: 0 | 
2026-05-03 16:34:19,075 - INFO     - img2od: 0 | od2fr: 0 | od2lpr: 0 | od2cap: 0 | fr2kr: 0 | lpr2kr: 33 | cap2udp: 0 | kr2udp: 1 | 
2026-05-03 16:34:20,076 - INFO     - img2od: 0 | od2fr: 0 | od2lpr: 0 | od2cap: 0 | fr2kr: 0 | lpr2kr: 29 | cap2udp: 0 | kr2udp: 1 | 
2026-05-03 16:34:21,077 - INFO     - img2od: 0 | od2fr: 0 | od2lpr: 0 | od2cap: 0 | fr2kr: 0 | lpr2kr: 25 | cap2udp: 0 | kr2udp: 1 | 
2026-05-03 16:34:22,078 - INFO     - img2od: 0 | od2fr: 0 | od2lpr: 0 | od2cap: 0 | fr2kr: 0 | lpr2kr: 20 | cap2udp: 0 | kr2udp: 0 | 
2026-05-03 16:34:23,079 - INFO     - img2od: 0 | od2fr: 0 | od2lpr: 0 | od2cap: 0 | fr2kr: 0 | lpr2kr: 16 | cap2udp: 0 | kr2udp: 0 | 
2026-05-03 16:34:24,081 - INFO     - img2od: 0 | od2fr: 0 | od2lpr: 0 | od2cap: 0 | fr2kr: 0 | lpr2kr: 12 | cap2udp: 0 | kr2udp: 1 | 
2026-05-03 16:34:25,082 - INFO     - img2od: 0 | od2fr: 0 | od2lpr: 0 | od2cap: 0 | fr2kr: 0 | lpr2kr: 8 | cap2udp: 0 | kr2udp: 1 | 
2026-05-03 16:34:26,083 - INFO     - img2od: 0 | od2fr: 0 | od2lpr: 0 | od2cap: 0 | fr2kr: 0 | lpr2kr: 4 | cap2udp: 0 | kr2udp: 1 | 
2026-05-03 16:34:26,809 - INFO     - krStream     : Received end signal from LPR
2026-05-03 16:34:26,927 - INFO     - krStream     : Received BOTH END signal, shutting down
2026-05-03 16:34:26,978 - INFO     - udpStream    : Received end signal from KR
2026-05-03 16:34:27,071 - INFO     - krStream     : shutdown successful
2026-05-03 16:34:27,084 - INFO     - img2od: 0 | od2fr: 0 | od2lpr: 0 | od2cap: 0 | fr2kr: 0 | lpr2kr: 0 | cap2udp: 0 | kr2udp: 0 | 
2026-05-03 16:34:27,098 - INFO     - udpStream    : Received BOTH END signal, shutting down
2026-05-03 16:34:27,454 - INFO     - udpStream    : shutdown successful
2026-05-03 16:34:28,085 - INFO     - img2od: 0 | od2fr: 0 | od2lpr: 0 | od2cap: 0 | fr2kr: 0 | lpr2kr: 0 | cap2udp: 0 | kr2udp: 0 | 
2026-05-03 16:34:29,086 - INFO     - img2od: 0 | od2fr: 0 | od2lpr: 0 | od2cap: 0 | fr2kr: 0 | lpr2kr: 0 | cap2udp: 0 | kr2udp: 0 | 
2026-05-03 16:34:30,087 - INFO     - img2od: 0 | od2fr: 0 | od2lpr: 0 | od2cap: 0 | fr2kr: 0 | lpr2kr: 0 | cap2udp: 0 | kr2udp: 0 | 
2026-05-03 16:34:31,088 - INFO     - img2od: 0 | od2fr: 0 | od2lpr: 0 | od2cap: 0 | fr2kr: 0 | lpr2kr: 0 | cap2udp: 0 | kr2udp: 0 | 
2026-05-03 16:34:32,089 - INFO     - img2od: 0 | od2fr: 0 | od2lpr: 0 | od2cap: 0 | fr2kr: 0 | lpr2kr: 0 | cap2udp: 0 | kr2udp: 0 | 
2026-05-03 16:34:33,090 - INFO     - All queues empty, job done
2026-05-03 16:34:33,092 - INFO     - Queue logs written to ./profile_exp/mix/r0.05/def_gaussian/seed3/QUEUEWATCH.json
2026-05-03 16:34:33,689 - INFO     - Reach FINALLY block in MAIN process
2026-05-03 16:34:33,690 - INFO     - Starting cleanup of 7 processes.
2026-05-03 16:34:33,690 - INFO     - Draining and closing 8 queues.
2026-05-03 16:34:33,690 - INFO     - Starting cleanup for queue 0, queue size: 0.
2026-05-03 16:34:33,690 - INFO     - Starting cleanup for queue 1, queue size: 0.
2026-05-03 16:34:33,690 - INFO     - Starting cleanup for queue 2, queue size: 0.
2026-05-03 16:34:33,690 - INFO     - Starting cleanup for queue 3, queue size: 0.
2026-05-03 16:34:33,690 - INFO     - Starting cleanup for queue 4, queue size: 0.
2026-05-03 16:34:33,690 - INFO     - Starting cleanup for queue 5, queue size: 0.
2026-05-03 16:34:33,690 - INFO     - Starting cleanup for queue 6, queue size: 0.
2026-05-03 16:34:33,690 - INFO     - Starting cleanup for queue 7, queue size: 0.
2026-05-03 16:34:33,690 - INFO     - Cleanup complete.
2026-05-03 16:34:33,690 - INFO     - Cleaned up resources in MAIN process
2026-05-03 16:34:33,691 - INFO     - Summary written to ./profile_exp/mix/r0.05/def_gaussian/seed3/SUMMARY.json

======================================================================
PROFILING SUMMARY
======================================================================
  Total wall time:    294.04s
  Images processed:   100
  Throughput:         0.3401 img/s
  Avg E2E latency:    59.9517s
  Min E2E latency:    0.0219s
  Max E2E latency:    262.0942s

  Component          Count  Dropped     FLOPs/call    Total FLOPs
  --------------- -------- -------- -------------- --------------
  odStream             100        0   153844849936 15384484993600
  frStream             459        0     2837404864  1302368832576
  lprStream            948        0     9786674176  9277767118848
  capStream             45        0   248859413613 11198673612585
  krStream            1407        0            n/a            n/a
  udpStream           1452        0            n/a            n/a

  Total FLOPs:        37163294557609
======================================================================
