2026-05-04 08:09:00,561 - INFO     - imgStream    : internal profiling set to False
2026-05-04 08:09:00,561 - INFO     - odStream     : internal profiling set to False
2026-05-04 08:09:00,561 - INFO     - frStream     : internal profiling set to False
2026-05-04 08:09:00,561 - INFO     - lprStream    : internal profiling set to False
2026-05-04 08:09:00,561 - INFO     - capStream    : internal profiling set to False
2026-05-04 08:09:00,561 - INFO     - krStream     : internal profiling set to False
2026-05-04 08:09:00,561 - INFO     - udpStream    : internal profiling set to False


================================================================================
|                                                                              |
|                     Running: Traffic Monitoring Pipeline                     |
|                                                                              |
|                         Algorithm: None, Model ID: 0                         |
|                                                                              |
|                             Target Indices: none                             |
|                                                                              |
|                             2026-05-04 08:09:00                              |
|                                                                              |
================================================================================


Number of CUDA devices: 1
2026-05-04 08:09:04,334 - INFO     - imgStream    : input defense = smoothing
2026-05-04 08:09:04,334 - INFO     - imgStream    : mix mode ratio=0.01 seed=0 -> 99 clean / 1 attack
2026-05-04 08:09:04,334 - INFO     - imgStream    : started
2026-05-04 08:09:04,496 - INFO     - img2od: 0 | od2fr: 0 | od2lpr: 0 | od2cap: 0 | fr2kr: 0 | lpr2kr: 0 | cap2udp: 0 | kr2udp: 0 | 
/home/lxt230026/.conda/envs/dyndl/lib/python3.10/site-packages/facenet_pytorch/models/inception_resnet_v1.py:329: FutureWarning: You are using `torch.load` with `weights_only=False` (the current default value), which uses the default pickle module implicitly. It is possible to construct malicious pickle data which will execute arbitrary code during unpickling (See https://github.com/pytorch/pytorch/blob/main/SECURITY.md#untrusted-models for more details). In a future release, the default value for `weights_only` will be flipped to `True`. This limits the functions that could be executed during unpickling. Arbitrary objects will no longer be allowed to be loaded via this mode unless they are explicitly allowlisted by the user via `torch.serialization.add_safe_globals`. We recommend you start setting `weights_only=True` for any use case where you don't have full control of the loaded file. Please open an issue on GitHub for any issues related to this experimental feature.
  state_dict = torch.load(cached_file)
2026-05-04 08:09:05,422 - INFO     - frStream     : FR model loaded, model_id = vggface2
2026-05-04 08:09:05,422 - INFO     - frStream     : started
2026-05-04 08:09:05,471 - INFO     - krStream     : face embeddings loaded, found 1000 embeddings
2026-05-04 08:09:05,471 - INFO     - krStream     : started
2026-05-04 08:09:05,497 - INFO     - img2od: 4 | od2fr: 0 | od2lpr: 0 | od2cap: 0 | fr2kr: 0 | lpr2kr: 0 | cap2udp: 0 | kr2udp: 0 | 
/home/lxt230026/EfficiencyAttack/traffic/cmpnt/c4_lpr.py:145: FutureWarning: You are using `torch.load` with `weights_only=False` (the current default value), which uses the default pickle module implicitly. It is possible to construct malicious pickle data which will execute arbitrary code during unpickling (See https://github.com/pytorch/pytorch/blob/main/SECURITY.md#untrusted-models for more details). In a future release, the default value for `weights_only` will be flipped to `True`. This limits the functions that could be executed during unpickling. Arbitrary objects will no longer be allowed to be loaded via this mode unless they are explicitly allowlisted by the user via `torch.serialization.add_safe_globals`. We recommend you start setting `weights_only=True` for any use case where you don't have full control of the loaded file. Please open an issue on GitHub for any issues related to this experimental feature.
  self.checkpoint = torch.load(self.model_id, map_location='cpu')
2026-05-04 08:09:05,591 - INFO     - odStream     : OD model loaded, model_id = 0
2026-05-04 08:09:05,591 - INFO     - odStream     : started
2026-05-04 08:09:05,954 - INFO     - udpStream    : LM model loaded, model_id = gpt2
2026-05-04 08:09:05,954 - INFO     - udpStream    : started
2026-05-04 08:09:06,016 - INFO     - Using custom providers: ['CPUExecutionProvider']
2026-05-04 08:09:06,016 - INFO     - Skipping download of 'argentinian-plates-cnn-model' model, already exists at /home/lxt230026/.cache/fast-plate-ocr/argentinian-plates-cnn-model
2026-05-04 08:09:06,033 - INFO     - lprStream    : LPR model loaded, model_id = model_v2.pth
2026-05-04 08:09:06,033 - INFO     - lprStream    : started
2026-05-04 08:09:06,480 - INFO     - capStream    : CAP model loaded, model_id = microsoft/git-base
2026-05-04 08:09:06,480 - INFO     - capStream    : started
2026-05-04 08:09:06,498 - INFO     - img2od: 6 | od2fr: 0 | od2lpr: 0 | od2cap: 0 | fr2kr: 0 | lpr2kr: 0 | cap2udp: 0 | kr2udp: 0 | 
2026-05-04 08:09:07,499 - INFO     - img2od: 7 | od2fr: 42 | od2lpr: 0 | od2cap: 0 | fr2kr: 0 | lpr2kr: 0 | cap2udp: 0 | kr2udp: 0 | 
2026-05-04 08:09:08,500 - INFO     - img2od: 6 | od2fr: 51 | od2lpr: 513 | od2cap: 0 | fr2kr: 1 | lpr2kr: 0 | cap2udp: 0 | kr2udp: 0 | 
2026-05-04 08:09:09,501 - INFO     - img2od: 6 | od2fr: 49 | od2lpr: 498 | od2cap: 2 | fr2kr: 5 | lpr2kr: 14 | cap2udp: 1 | kr2udp: 1 | 
2026-05-04 08:09:10,502 - INFO     - img2od: 6 | od2fr: 52 | od2lpr: 478 | od2cap: 1 | fr2kr: 8 | lpr2kr: 32 | cap2udp: 1 | kr2udp: 1 | 
2026-05-04 08:09:11,503 - INFO     - img2od: 6 | od2fr: 50 | od2lpr: 459 | od2cap: 0 | fr2kr: 10 | lpr2kr: 49 | cap2udp: 0 | kr2udp: 0 | 
2026-05-04 08:09:12,504 - INFO     - img2od: 5 | od2fr: 67 | od2lpr: 449 | od2cap: 0 | fr2kr: 14 | lpr2kr: 67 | cap2udp: 0 | kr2udp: 1 | 
2026-05-04 08:09:13,505 - INFO     - img2od: 2 | od2fr: 79 | od2lpr: 425 | od2cap: 0 | fr2kr: 18 | lpr2kr: 89 | cap2udp: 0 | kr2udp: 1 | 
2026-05-04 08:09:14,506 - INFO     - img2od: 2 | od2fr: 112 | od2lpr: 414 | od2cap: 0 | fr2kr: 21 | lpr2kr: 112 | cap2udp: 1 | kr2udp: 1 | 
2026-05-04 08:09:15,507 - INFO     - img2od: 1 | od2fr: 112 | od2lpr: 396 | od2cap: 0 | fr2kr: 23 | lpr2kr: 132 | cap2udp: 1 | kr2udp: 1 | 
2026-05-04 08:09:16,508 - INFO     - img2od: 0 | od2fr: 109 | od2lpr: 373 | od2cap: 0 | fr2kr: 27 | lpr2kr: 152 | cap2udp: 0 | kr2udp: 1 | 
2026-05-04 08:09:17,509 - INFO     - img2od: 0 | od2fr: 143 | od2lpr: 354 | od2cap: 0 | fr2kr: 31 | lpr2kr: 169 | cap2udp: 1 | kr2udp: 0 | 
2026-05-04 08:09:18,510 - INFO     - img2od: 0 | od2fr: 143 | od2lpr: 327 | od2cap: 0 | fr2kr: 33 | lpr2kr: 194 | cap2udp: 0 | kr2udp: 1 | 
2026-05-04 08:09:19,511 - INFO     - img2od: 1 | od2fr: 141 | od2lpr: 304 | od2cap: 0 | fr2kr: 36 | lpr2kr: 219 | cap2udp: 0 | kr2udp: 1 | 
2026-05-04 08:09:20,512 - INFO     - img2od: 0 | od2fr: 165 | od2lpr: 277 | od2cap: 0 | fr2kr: 38 | lpr2kr: 247 | cap2udp: 0 | kr2udp: 1 | 
2026-05-04 08:09:21,513 - INFO     - img2od: 0 | od2fr: 162 | od2lpr: 239 | od2cap: 0 | fr2kr: 41 | lpr2kr: 284 | cap2udp: 0 | kr2udp: 1 | 
2026-05-04 08:09:22,514 - INFO     - img2od: 0 | od2fr: 287 | od2lpr: 209 | od2cap: 0 | fr2kr: 44 | lpr2kr: 311 | cap2udp: 0 | kr2udp: 1 | 
2026-05-04 08:09:23,515 - INFO     - img2od: 0 | od2fr: 304 | od2lpr: 167 | od2cap: 0 | fr2kr: 48 | lpr2kr: 351 | cap2udp: 0 | kr2udp: 1 | 
2026-05-04 08:09:24,516 - INFO     - img2od: 0 | od2fr: 303 | od2lpr: 138 | od2cap: 0 | fr2kr: 52 | lpr2kr: 378 | cap2udp: 0 | kr2udp: 1 | 
2026-05-04 08:09:25,517 - INFO     - img2od: 0 | od2fr: 304 | od2lpr: 105 | od2cap: 0 | fr2kr: 55 | lpr2kr: 409 | cap2udp: 0 | kr2udp: 1 | 
2026-05-04 08:09:26,518 - INFO     - img2od: 0 | od2fr: 300 | od2lpr: 76 | od2cap: 0 | fr2kr: 57 | lpr2kr: 436 | cap2udp: 1 | kr2udp: 1 | 
2026-05-04 08:09:27,519 - INFO     - img2od: 0 | od2fr: 304 | od2lpr: 30 | od2cap: 0 | fr2kr: 59 | lpr2kr: 479 | cap2udp: 0 | kr2udp: 1 | 
2026-05-04 08:09:28,520 - INFO     - img2od: 1 | od2fr: 305 | od2lpr: 4 | od2cap: 0 | fr2kr: 62 | lpr2kr: 503 | cap2udp: 0 | kr2udp: 0 | 
2026-05-04 08:09:29,521 - INFO     - img2od: 0 | od2fr: 301 | od2lpr: 0 | od2cap: 0 | fr2kr: 66 | lpr2kr: 506 | cap2udp: 0 | kr2udp: 1 | 
2026-05-04 08:09:30,522 - INFO     - img2od: 0 | od2fr: 308 | od2lpr: 0 | od2cap: 0 | fr2kr: 69 | lpr2kr: 517 | cap2udp: 0 | kr2udp: 0 | 
2026-05-04 08:09:31,523 - INFO     - img2od: 0 | od2fr: 310 | od2lpr: 0 | od2cap: 0 | fr2kr: 73 | lpr2kr: 514 | cap2udp: 0 | kr2udp: 1 | 
2026-05-04 08:09:32,524 - INFO     - img2od: 0 | od2fr: 351 | od2lpr: 0 | od2cap: 0 | fr2kr: 77 | lpr2kr: 527 | cap2udp: 0 | kr2udp: 0 | 
2026-05-04 08:09:33,525 - INFO     - img2od: 0 | od2fr: 351 | od2lpr: 0 | od2cap: 0 | fr2kr: 81 | lpr2kr: 524 | cap2udp: 0 | kr2udp: 1 | 
2026-05-04 08:09:34,526 - INFO     - img2od: 0 | od2fr: 387 | od2lpr: 0 | od2cap: 0 | fr2kr: 85 | lpr2kr: 521 | cap2udp: 0 | kr2udp: 1 | 
2026-05-04 08:09:35,527 - INFO     - img2od: 0 | od2fr: 390 | od2lpr: 0 | od2cap: 0 | fr2kr: 90 | lpr2kr: 519 | cap2udp: 0 | kr2udp: 1 | 
2026-05-04 08:09:36,528 - INFO     - img2od: 0 | od2fr: 392 | od2lpr: 0 | od2cap: 0 | fr2kr: 93 | lpr2kr: 522 | cap2udp: 0 | kr2udp: 1 | 
2026-05-04 08:09:36,761 - INFO     - imgStream    : completed, sending END signal
2026-05-04 08:09:36,761 - INFO     - imgStream    : shutdown
2026-05-04 08:09:36,793 - INFO     - odStream     : Received END signal, shutting down
2026-05-04 08:09:36,797 - INFO     - lprStream    : Received END signal, shutting down
2026-05-04 08:09:36,885 - INFO     - capStream    : Received END signal, shutting down
2026-05-04 08:09:36,912 - INFO     - imgStream    : shutdown successful
2026-05-04 08:09:36,916 - INFO     - lprStream    : shutdown successful
2026-05-04 08:09:36,977 - INFO     - udpStream    : Received end signal from CAP
2026-05-04 08:09:37,040 - INFO     - odStream     : shutdown successful
2026-05-04 08:09:37,386 - INFO     - capStream    : shutdown successful
2026-05-04 08:09:37,529 - INFO     - img2od: 0 | od2fr: 388 | od2lpr: 0 | od2cap: 0 | fr2kr: 98 | lpr2kr: 521 | cap2udp: 0 | kr2udp: 1 | 
2026-05-04 08:09:38,530 - INFO     - img2od: 0 | od2fr: 382 | od2lpr: 0 | od2cap: 0 | fr2kr: 101 | lpr2kr: 518 | cap2udp: 0 | kr2udp: 0 | 
2026-05-04 08:09:39,531 - INFO     - img2od: 0 | od2fr: 375 | od2lpr: 0 | od2cap: 0 | fr2kr: 105 | lpr2kr: 515 | cap2udp: 0 | kr2udp: 1 | 
2026-05-04 08:09:40,532 - INFO     - img2od: 0 | od2fr: 368 | od2lpr: 0 | od2cap: 0 | fr2kr: 109 | lpr2kr: 513 | cap2udp: 0 | kr2udp: 1 | 
2026-05-04 08:09:41,533 - INFO     - img2od: 0 | od2fr: 361 | od2lpr: 0 | od2cap: 0 | fr2kr: 114 | lpr2kr: 510 | cap2udp: 0 | kr2udp: 1 | 
2026-05-04 08:09:42,534 - INFO     - img2od: 0 | od2fr: 354 | od2lpr: 0 | od2cap: 0 | fr2kr: 118 | lpr2kr: 507 | cap2udp: 0 | kr2udp: 1 | 
2026-05-04 08:09:43,535 - INFO     - img2od: 0 | od2fr: 347 | od2lpr: 0 | od2cap: 0 | fr2kr: 122 | lpr2kr: 505 | cap2udp: 0 | kr2udp: 1 | 
2026-05-04 08:09:44,536 - INFO     - img2od: 0 | od2fr: 340 | od2lpr: 0 | od2cap: 0 | fr2kr: 127 | lpr2kr: 502 | cap2udp: 0 | kr2udp: 1 | 
2026-05-04 08:09:45,537 - INFO     - img2od: 0 | od2fr: 333 | od2lpr: 0 | od2cap: 0 | fr2kr: 131 | lpr2kr: 499 | cap2udp: 0 | kr2udp: 0 | 
2026-05-04 08:09:46,538 - INFO     - img2od: 0 | od2fr: 326 | od2lpr: 0 | od2cap: 0 | fr2kr: 135 | lpr2kr: 497 | cap2udp: 0 | kr2udp: 0 | 
2026-05-04 08:09:47,539 - INFO     - img2od: 0 | od2fr: 319 | od2lpr: 0 | od2cap: 0 | fr2kr: 140 | lpr2kr: 494 | cap2udp: 0 | kr2udp: 1 | 
2026-05-04 08:09:48,541 - INFO     - img2od: 0 | od2fr: 312 | od2lpr: 0 | od2cap: 0 | fr2kr: 144 | lpr2kr: 491 | cap2udp: 0 | kr2udp: 1 | 
2026-05-04 08:09:49,542 - INFO     - img2od: 0 | od2fr: 305 | od2lpr: 0 | od2cap: 0 | fr2kr: 148 | lpr2kr: 489 | cap2udp: 0 | kr2udp: 1 | 
2026-05-04 08:09:50,543 - INFO     - img2od: 0 | od2fr: 298 | od2lpr: 0 | od2cap: 0 | fr2kr: 153 | lpr2kr: 486 | cap2udp: 0 | kr2udp: 1 | 
2026-05-04 08:09:51,544 - INFO     - img2od: 0 | od2fr: 291 | od2lpr: 0 | od2cap: 0 | fr2kr: 157 | lpr2kr: 483 | cap2udp: 0 | kr2udp: 1 | 
2026-05-04 08:09:52,546 - INFO     - img2od: 0 | od2fr: 284 | od2lpr: 0 | od2cap: 0 | fr2kr: 161 | lpr2kr: 480 | cap2udp: 0 | kr2udp: 1 | 
2026-05-04 08:09:53,547 - INFO     - img2od: 0 | od2fr: 277 | od2lpr: 0 | od2cap: 0 | fr2kr: 165 | lpr2kr: 478 | cap2udp: 0 | kr2udp: 1 | 
2026-05-04 08:09:54,548 - INFO     - img2od: 0 | od2fr: 270 | od2lpr: 0 | od2cap: 0 | fr2kr: 169 | lpr2kr: 475 | cap2udp: 0 | kr2udp: 1 | 
2026-05-04 08:09:55,549 - INFO     - img2od: 0 | od2fr: 264 | od2lpr: 0 | od2cap: 0 | fr2kr: 173 | lpr2kr: 472 | cap2udp: 0 | kr2udp: 1 | 
2026-05-04 08:09:56,550 - INFO     - img2od: 0 | od2fr: 257 | od2lpr: 0 | od2cap: 0 | fr2kr: 177 | lpr2kr: 470 | cap2udp: 0 | kr2udp: 0 | 
2026-05-04 08:09:57,552 - INFO     - img2od: 0 | od2fr: 250 | od2lpr: 0 | od2cap: 0 | fr2kr: 182 | lpr2kr: 467 | cap2udp: 0 | kr2udp: 1 | 
2026-05-04 08:09:58,553 - INFO     - img2od: 0 | od2fr: 243 | od2lpr: 0 | od2cap: 0 | fr2kr: 186 | lpr2kr: 464 | cap2udp: 0 | kr2udp: 1 | 
2026-05-04 08:09:59,554 - INFO     - img2od: 0 | od2fr: 236 | od2lpr: 0 | od2cap: 0 | fr2kr: 190 | lpr2kr: 462 | cap2udp: 0 | kr2udp: 1 | 
2026-05-04 08:10:00,555 - INFO     - img2od: 0 | od2fr: 229 | od2lpr: 0 | od2cap: 0 | fr2kr: 195 | lpr2kr: 459 | cap2udp: 0 | kr2udp: 1 | 
2026-05-04 08:10:01,556 - INFO     - img2od: 0 | od2fr: 222 | od2lpr: 0 | od2cap: 0 | fr2kr: 199 | lpr2kr: 456 | cap2udp: 0 | kr2udp: 0 | 
2026-05-04 08:10:02,557 - INFO     - img2od: 0 | od2fr: 215 | od2lpr: 0 | od2cap: 0 | fr2kr: 203 | lpr2kr: 454 | cap2udp: 0 | kr2udp: 1 | 
2026-05-04 08:10:03,558 - INFO     - img2od: 0 | od2fr: 208 | od2lpr: 0 | od2cap: 0 | fr2kr: 208 | lpr2kr: 451 | cap2udp: 0 | kr2udp: 1 | 
2026-05-04 08:10:04,560 - INFO     - img2od: 0 | od2fr: 201 | od2lpr: 0 | od2cap: 0 | fr2kr: 212 | lpr2kr: 448 | cap2udp: 0 | kr2udp: 1 | 
2026-05-04 08:10:05,561 - INFO     - img2od: 0 | od2fr: 194 | od2lpr: 0 | od2cap: 0 | fr2kr: 215 | lpr2kr: 446 | cap2udp: 0 | kr2udp: 0 | 
2026-05-04 08:10:06,562 - INFO     - img2od: 0 | od2fr: 188 | od2lpr: 0 | od2cap: 0 | fr2kr: 220 | lpr2kr: 443 | cap2udp: 0 | kr2udp: 1 | 
2026-05-04 08:10:07,563 - INFO     - img2od: 0 | od2fr: 181 | od2lpr: 0 | od2cap: 0 | fr2kr: 224 | lpr2kr: 440 | cap2udp: 0 | kr2udp: 1 | 
2026-05-04 08:10:08,565 - INFO     - img2od: 0 | od2fr: 174 | od2lpr: 0 | od2cap: 0 | fr2kr: 228 | lpr2kr: 438 | cap2udp: 0 | kr2udp: 1 | 
2026-05-04 08:10:09,566 - INFO     - img2od: 0 | od2fr: 167 | od2lpr: 0 | od2cap: 0 | fr2kr: 233 | lpr2kr: 435 | cap2udp: 0 | kr2udp: 1 | 
2026-05-04 08:10:10,567 - INFO     - img2od: 0 | od2fr: 160 | od2lpr: 0 | od2cap: 0 | fr2kr: 237 | lpr2kr: 432 | cap2udp: 0 | kr2udp: 1 | 
2026-05-04 08:10:11,567 - INFO     - img2od: 0 | od2fr: 153 | od2lpr: 0 | od2cap: 0 | fr2kr: 241 | lpr2kr: 430 | cap2udp: 0 | kr2udp: 0 | 
2026-05-04 08:10:12,568 - INFO     - img2od: 0 | od2fr: 146 | od2lpr: 0 | od2cap: 0 | fr2kr: 245 | lpr2kr: 427 | cap2udp: 0 | kr2udp: 1 | 
2026-05-04 08:10:13,570 - INFO     - img2od: 0 | od2fr: 139 | od2lpr: 0 | od2cap: 0 | fr2kr: 250 | lpr2kr: 424 | cap2udp: 0 | kr2udp: 1 | 
2026-05-04 08:10:14,571 - INFO     - img2od: 0 | od2fr: 132 | od2lpr: 0 | od2cap: 0 | fr2kr: 254 | lpr2kr: 421 | cap2udp: 0 | kr2udp: 1 | 
2026-05-04 08:10:15,572 - INFO     - img2od: 0 | od2fr: 125 | od2lpr: 0 | od2cap: 0 | fr2kr: 258 | lpr2kr: 419 | cap2udp: 0 | kr2udp: 1 | 
2026-05-04 08:10:16,573 - INFO     - img2od: 0 | od2fr: 118 | od2lpr: 0 | od2cap: 0 | fr2kr: 263 | lpr2kr: 416 | cap2udp: 0 | kr2udp: 1 | 
2026-05-04 08:10:17,574 - INFO     - img2od: 0 | od2fr: 111 | od2lpr: 0 | od2cap: 0 | fr2kr: 267 | lpr2kr: 413 | cap2udp: 0 | kr2udp: 1 | 
2026-05-04 08:10:18,575 - INFO     - img2od: 0 | od2fr: 104 | od2lpr: 0 | od2cap: 0 | fr2kr: 270 | lpr2kr: 410 | cap2udp: 0 | kr2udp: 1 | 
2026-05-04 08:10:19,576 - INFO     - img2od: 0 | od2fr: 98 | od2lpr: 0 | od2cap: 0 | fr2kr: 274 | lpr2kr: 408 | cap2udp: 0 | kr2udp: 1 | 
2026-05-04 08:10:20,577 - INFO     - img2od: 0 | od2fr: 91 | od2lpr: 0 | od2cap: 0 | fr2kr: 279 | lpr2kr: 405 | cap2udp: 0 | kr2udp: 1 | 
2026-05-04 08:10:21,578 - INFO     - img2od: 0 | od2fr: 84 | od2lpr: 0 | od2cap: 0 | fr2kr: 283 | lpr2kr: 402 | cap2udp: 0 | kr2udp: 1 | 
2026-05-04 08:10:22,580 - INFO     - img2od: 0 | od2fr: 77 | od2lpr: 0 | od2cap: 0 | fr2kr: 287 | lpr2kr: 400 | cap2udp: 0 | kr2udp: 0 | 
2026-05-04 08:10:23,581 - INFO     - img2od: 0 | od2fr: 70 | od2lpr: 0 | od2cap: 0 | fr2kr: 292 | lpr2kr: 397 | cap2udp: 0 | kr2udp: 1 | 
2026-05-04 08:10:24,582 - INFO     - img2od: 0 | od2fr: 63 | od2lpr: 0 | od2cap: 0 | fr2kr: 296 | lpr2kr: 394 | cap2udp: 0 | kr2udp: 0 | 
2026-05-04 08:10:25,583 - INFO     - img2od: 0 | od2fr: 56 | od2lpr: 0 | od2cap: 0 | fr2kr: 300 | lpr2kr: 392 | cap2udp: 0 | kr2udp: 1 | 
2026-05-04 08:10:26,584 - INFO     - img2od: 0 | od2fr: 49 | od2lpr: 0 | od2cap: 0 | fr2kr: 305 | lpr2kr: 389 | cap2udp: 0 | kr2udp: 1 | 
2026-05-04 08:10:27,585 - INFO     - img2od: 0 | od2fr: 42 | od2lpr: 0 | od2cap: 0 | fr2kr: 309 | lpr2kr: 386 | cap2udp: 0 | kr2udp: 1 | 
2026-05-04 08:10:28,586 - INFO     - img2od: 0 | od2fr: 35 | od2lpr: 0 | od2cap: 0 | fr2kr: 313 | lpr2kr: 383 | cap2udp: 0 | kr2udp: 1 | 
2026-05-04 08:10:29,587 - INFO     - img2od: 0 | od2fr: 28 | od2lpr: 0 | od2cap: 0 | fr2kr: 317 | lpr2kr: 381 | cap2udp: 0 | kr2udp: 1 | 
2026-05-04 08:10:30,589 - INFO     - img2od: 0 | od2fr: 21 | od2lpr: 0 | od2cap: 0 | fr2kr: 322 | lpr2kr: 378 | cap2udp: 0 | kr2udp: 1 | 
2026-05-04 08:10:31,590 - INFO     - img2od: 0 | od2fr: 14 | od2lpr: 0 | od2cap: 0 | fr2kr: 326 | lpr2kr: 375 | cap2udp: 0 | kr2udp: 0 | 
2026-05-04 08:10:32,591 - INFO     - img2od: 0 | od2fr: 7 | od2lpr: 0 | od2cap: 0 | fr2kr: 330 | lpr2kr: 372 | cap2udp: 0 | kr2udp: 0 | 
loading model on device: cuda
Initializing checkpoint: PekingU/rtdetr_r50vd, ID: 0
2026-05-04 08:10:33,494 - INFO     - frStream     : Received END signal, shutting down
2026-05-04 08:10:33,592 - INFO     - img2od: 0 | od2fr: 0 | od2lpr: 0 | od2cap: 0 | fr2kr: 334 | lpr2kr: 370 | cap2udp: 0 | kr2udp: 0 | 
2026-05-04 08:10:33,684 - INFO     - frStream     : shutdown successful
2026-05-04 08:10:34,594 - INFO     - img2od: 0 | od2fr: 0 | od2lpr: 0 | od2cap: 0 | fr2kr: 332 | lpr2kr: 367 | cap2udp: 0 | kr2udp: 1 | 
2026-05-04 08:10:35,595 - INFO     - img2od: 0 | od2fr: 0 | od2lpr: 0 | od2cap: 0 | fr2kr: 329 | lpr2kr: 364 | cap2udp: 0 | kr2udp: 1 | 
2026-05-04 08:10:36,596 - INFO     - img2od: 0 | od2fr: 0 | od2lpr: 0 | od2cap: 0 | fr2kr: 326 | lpr2kr: 361 | cap2udp: 0 | kr2udp: 1 | 
2026-05-04 08:10:37,597 - INFO     - img2od: 0 | od2fr: 0 | od2lpr: 0 | od2cap: 0 | fr2kr: 323 | lpr2kr: 358 | cap2udp: 0 | kr2udp: 1 | 
2026-05-04 08:10:38,598 - INFO     - img2od: 0 | od2fr: 0 | od2lpr: 0 | od2cap: 0 | fr2kr: 320 | lpr2kr: 355 | cap2udp: 0 | kr2udp: 1 | 
2026-05-04 08:10:39,599 - INFO     - img2od: 0 | od2fr: 0 | od2lpr: 0 | od2cap: 0 | fr2kr: 317 | lpr2kr: 352 | cap2udp: 0 | kr2udp: 1 | 
2026-05-04 08:10:40,600 - INFO     - img2od: 0 | od2fr: 0 | od2lpr: 0 | od2cap: 0 | fr2kr: 314 | lpr2kr: 349 | cap2udp: 0 | kr2udp: 1 | 
2026-05-04 08:10:41,602 - INFO     - img2od: 0 | od2fr: 0 | od2lpr: 0 | od2cap: 0 | fr2kr: 311 | lpr2kr: 347 | cap2udp: 0 | kr2udp: 0 | 
2026-05-04 08:10:42,603 - INFO     - img2od: 0 | od2fr: 0 | od2lpr: 0 | od2cap: 0 | fr2kr: 308 | lpr2kr: 344 | cap2udp: 0 | kr2udp: 1 | 
2026-05-04 08:10:43,604 - INFO     - img2od: 0 | od2fr: 0 | od2lpr: 0 | od2cap: 0 | fr2kr: 305 | lpr2kr: 341 | cap2udp: 0 | kr2udp: 1 | 
2026-05-04 08:10:44,605 - INFO     - img2od: 0 | od2fr: 0 | od2lpr: 0 | od2cap: 0 | fr2kr: 302 | lpr2kr: 338 | cap2udp: 0 | kr2udp: 1 | 
2026-05-04 08:10:45,607 - INFO     - img2od: 0 | od2fr: 0 | od2lpr: 0 | od2cap: 0 | fr2kr: 299 | lpr2kr: 335 | cap2udp: 0 | kr2udp: 1 | 
2026-05-04 08:10:46,608 - INFO     - img2od: 0 | od2fr: 0 | od2lpr: 0 | od2cap: 0 | fr2kr: 297 | lpr2kr: 332 | cap2udp: 0 | kr2udp: 1 | 
2026-05-04 08:10:47,609 - INFO     - img2od: 0 | od2fr: 0 | od2lpr: 0 | od2cap: 0 | fr2kr: 294 | lpr2kr: 329 | cap2udp: 0 | kr2udp: 1 | 
2026-05-04 08:10:48,610 - INFO     - img2od: 0 | od2fr: 0 | od2lpr: 0 | od2cap: 0 | fr2kr: 291 | lpr2kr: 326 | cap2udp: 0 | kr2udp: 1 | 
2026-05-04 08:10:49,611 - INFO     - img2od: 0 | od2fr: 0 | od2lpr: 0 | od2cap: 0 | fr2kr: 288 | lpr2kr: 323 | cap2udp: 0 | kr2udp: 0 | 
2026-05-04 08:10:50,613 - INFO     - img2od: 0 | od2fr: 0 | od2lpr: 0 | od2cap: 0 | fr2kr: 285 | lpr2kr: 320 | cap2udp: 0 | kr2udp: 1 | 
2026-05-04 08:10:51,614 - INFO     - img2od: 0 | od2fr: 0 | od2lpr: 0 | od2cap: 0 | fr2kr: 282 | lpr2kr: 317 | cap2udp: 0 | kr2udp: 1 | 
2026-05-04 08:10:52,615 - INFO     - img2od: 0 | od2fr: 0 | od2lpr: 0 | od2cap: 0 | fr2kr: 279 | lpr2kr: 314 | cap2udp: 0 | kr2udp: 1 | 
2026-05-04 08:10:53,616 - INFO     - img2od: 0 | od2fr: 0 | od2lpr: 0 | od2cap: 0 | fr2kr: 276 | lpr2kr: 312 | cap2udp: 0 | kr2udp: 1 | 
2026-05-04 08:10:54,618 - INFO     - img2od: 0 | od2fr: 0 | od2lpr: 0 | od2cap: 0 | fr2kr: 273 | lpr2kr: 309 | cap2udp: 0 | kr2udp: 1 | 
2026-05-04 08:10:55,619 - INFO     - img2od: 0 | od2fr: 0 | od2lpr: 0 | od2cap: 0 | fr2kr: 270 | lpr2kr: 306 | cap2udp: 0 | kr2udp: 1 | 
2026-05-04 08:10:56,620 - INFO     - img2od: 0 | od2fr: 0 | od2lpr: 0 | od2cap: 0 | fr2kr: 268 | lpr2kr: 303 | cap2udp: 0 | kr2udp: 1 | 
2026-05-04 08:10:57,621 - INFO     - img2od: 0 | od2fr: 0 | od2lpr: 0 | od2cap: 0 | fr2kr: 265 | lpr2kr: 300 | cap2udp: 0 | kr2udp: 1 | 
2026-05-04 08:10:58,623 - INFO     - img2od: 0 | od2fr: 0 | od2lpr: 0 | od2cap: 0 | fr2kr: 262 | lpr2kr: 297 | cap2udp: 0 | kr2udp: 1 | 
2026-05-04 08:10:59,624 - INFO     - img2od: 0 | od2fr: 0 | od2lpr: 0 | od2cap: 0 | fr2kr: 259 | lpr2kr: 294 | cap2udp: 0 | kr2udp: 1 | 
2026-05-04 08:11:00,625 - INFO     - img2od: 0 | od2fr: 0 | od2lpr: 0 | od2cap: 0 | fr2kr: 256 | lpr2kr: 291 | cap2udp: 0 | kr2udp: 1 | 
2026-05-04 08:11:01,626 - INFO     - img2od: 0 | od2fr: 0 | od2lpr: 0 | od2cap: 0 | fr2kr: 253 | lpr2kr: 288 | cap2udp: 0 | kr2udp: 1 | 
2026-05-04 08:11:02,627 - INFO     - img2od: 0 | od2fr: 0 | od2lpr: 0 | od2cap: 0 | fr2kr: 250 | lpr2kr: 286 | cap2udp: 0 | kr2udp: 0 | 
2026-05-04 08:11:03,628 - INFO     - img2od: 0 | od2fr: 0 | od2lpr: 0 | od2cap: 0 | fr2kr: 247 | lpr2kr: 283 | cap2udp: 0 | kr2udp: 1 | 
2026-05-04 08:11:04,629 - INFO     - img2od: 0 | od2fr: 0 | od2lpr: 0 | od2cap: 0 | fr2kr: 244 | lpr2kr: 280 | cap2udp: 0 | kr2udp: 1 | 
2026-05-04 08:11:05,630 - INFO     - img2od: 0 | od2fr: 0 | od2lpr: 0 | od2cap: 0 | fr2kr: 242 | lpr2kr: 277 | cap2udp: 0 | kr2udp: 1 | 
2026-05-04 08:11:06,631 - INFO     - img2od: 0 | od2fr: 0 | od2lpr: 0 | od2cap: 0 | fr2kr: 239 | lpr2kr: 274 | cap2udp: 0 | kr2udp: 0 | 
2026-05-04 08:11:07,633 - INFO     - img2od: 0 | od2fr: 0 | od2lpr: 0 | od2cap: 0 | fr2kr: 236 | lpr2kr: 271 | cap2udp: 0 | kr2udp: 1 | 
2026-05-04 08:11:08,634 - INFO     - img2od: 0 | od2fr: 0 | od2lpr: 0 | od2cap: 0 | fr2kr: 233 | lpr2kr: 269 | cap2udp: 0 | kr2udp: 0 | 
2026-05-04 08:11:09,635 - INFO     - img2od: 0 | od2fr: 0 | od2lpr: 0 | od2cap: 0 | fr2kr: 230 | lpr2kr: 266 | cap2udp: 0 | kr2udp: 1 | 
2026-05-04 08:11:10,636 - INFO     - img2od: 0 | od2fr: 0 | od2lpr: 0 | od2cap: 0 | fr2kr: 228 | lpr2kr: 263 | cap2udp: 0 | kr2udp: 1 | 
2026-05-04 08:11:11,637 - INFO     - img2od: 0 | od2fr: 0 | od2lpr: 0 | od2cap: 0 | fr2kr: 225 | lpr2kr: 260 | cap2udp: 0 | kr2udp: 1 | 
2026-05-04 08:11:12,639 - INFO     - img2od: 0 | od2fr: 0 | od2lpr: 0 | od2cap: 0 | fr2kr: 222 | lpr2kr: 257 | cap2udp: 0 | kr2udp: 0 | 
2026-05-04 08:11:13,640 - INFO     - img2od: 0 | od2fr: 0 | od2lpr: 0 | od2cap: 0 | fr2kr: 219 | lpr2kr: 254 | cap2udp: 0 | kr2udp: 1 | 
2026-05-04 08:11:14,641 - INFO     - img2od: 0 | od2fr: 0 | od2lpr: 0 | od2cap: 0 | fr2kr: 216 | lpr2kr: 252 | cap2udp: 0 | kr2udp: 0 | 
2026-05-04 08:11:15,642 - INFO     - img2od: 0 | od2fr: 0 | od2lpr: 0 | od2cap: 0 | fr2kr: 213 | lpr2kr: 249 | cap2udp: 0 | kr2udp: 1 | 
2026-05-04 08:11:16,644 - INFO     - img2od: 0 | od2fr: 0 | od2lpr: 0 | od2cap: 0 | fr2kr: 211 | lpr2kr: 246 | cap2udp: 0 | kr2udp: 1 | 
2026-05-04 08:11:17,645 - INFO     - img2od: 0 | od2fr: 0 | od2lpr: 0 | od2cap: 0 | fr2kr: 208 | lpr2kr: 243 | cap2udp: 0 | kr2udp: 1 | 
2026-05-04 08:11:18,646 - INFO     - img2od: 0 | od2fr: 0 | od2lpr: 0 | od2cap: 0 | fr2kr: 205 | lpr2kr: 240 | cap2udp: 0 | kr2udp: 1 | 
2026-05-04 08:11:19,647 - INFO     - img2od: 0 | od2fr: 0 | od2lpr: 0 | od2cap: 0 | fr2kr: 202 | lpr2kr: 237 | cap2udp: 0 | kr2udp: 1 | 
2026-05-04 08:11:20,648 - INFO     - img2od: 0 | od2fr: 0 | od2lpr: 0 | od2cap: 0 | fr2kr: 199 | lpr2kr: 235 | cap2udp: 0 | kr2udp: 1 | 
2026-05-04 08:11:21,649 - INFO     - img2od: 0 | od2fr: 0 | od2lpr: 0 | od2cap: 0 | fr2kr: 196 | lpr2kr: 232 | cap2udp: 0 | kr2udp: 1 | 
2026-05-04 08:11:22,650 - INFO     - img2od: 0 | od2fr: 0 | od2lpr: 0 | od2cap: 0 | fr2kr: 193 | lpr2kr: 229 | cap2udp: 0 | kr2udp: 1 | 
2026-05-04 08:11:23,651 - INFO     - img2od: 0 | od2fr: 0 | od2lpr: 0 | od2cap: 0 | fr2kr: 191 | lpr2kr: 226 | cap2udp: 0 | kr2udp: 1 | 
2026-05-04 08:11:24,652 - INFO     - img2od: 0 | od2fr: 0 | od2lpr: 0 | od2cap: 0 | fr2kr: 188 | lpr2kr: 223 | cap2udp: 0 | kr2udp: 1 | 
2026-05-04 08:11:25,653 - INFO     - img2od: 0 | od2fr: 0 | od2lpr: 0 | od2cap: 0 | fr2kr: 185 | lpr2kr: 220 | cap2udp: 0 | kr2udp: 1 | 
2026-05-04 08:11:26,655 - INFO     - img2od: 0 | od2fr: 0 | od2lpr: 0 | od2cap: 0 | fr2kr: 181 | lpr2kr: 217 | cap2udp: 0 | kr2udp: 1 | 
2026-05-04 08:11:27,656 - INFO     - img2od: 0 | od2fr: 0 | od2lpr: 0 | od2cap: 0 | fr2kr: 178 | lpr2kr: 214 | cap2udp: 0 | kr2udp: 0 | 
2026-05-04 08:11:28,657 - INFO     - img2od: 0 | od2fr: 0 | od2lpr: 0 | od2cap: 0 | fr2kr: 175 | lpr2kr: 210 | cap2udp: 0 | kr2udp: 1 | 
2026-05-04 08:11:29,657 - INFO     - img2od: 0 | od2fr: 0 | od2lpr: 0 | od2cap: 0 | fr2kr: 172 | lpr2kr: 207 | cap2udp: 0 | kr2udp: 1 | 
2026-05-04 08:11:30,659 - INFO     - img2od: 0 | od2fr: 0 | od2lpr: 0 | od2cap: 0 | fr2kr: 169 | lpr2kr: 204 | cap2udp: 0 | kr2udp: 1 | 
2026-05-04 08:11:31,660 - INFO     - img2od: 0 | od2fr: 0 | od2lpr: 0 | od2cap: 0 | fr2kr: 166 | lpr2kr: 201 | cap2udp: 0 | kr2udp: 1 | 
2026-05-04 08:11:32,661 - INFO     - img2od: 0 | od2fr: 0 | od2lpr: 0 | od2cap: 0 | fr2kr: 163 | lpr2kr: 198 | cap2udp: 0 | kr2udp: 1 | 
2026-05-04 08:11:33,662 - INFO     - img2od: 0 | od2fr: 0 | od2lpr: 0 | od2cap: 0 | fr2kr: 160 | lpr2kr: 195 | cap2udp: 0 | kr2udp: 1 | 
2026-05-04 08:11:34,664 - INFO     - img2od: 0 | od2fr: 0 | od2lpr: 0 | od2cap: 0 | fr2kr: 157 | lpr2kr: 192 | cap2udp: 0 | kr2udp: 1 | 
2026-05-04 08:11:35,665 - INFO     - img2od: 0 | od2fr: 0 | od2lpr: 0 | od2cap: 0 | fr2kr: 153 | lpr2kr: 189 | cap2udp: 0 | kr2udp: 1 | 
2026-05-04 08:11:36,666 - INFO     - img2od: 0 | od2fr: 0 | od2lpr: 0 | od2cap: 0 | fr2kr: 151 | lpr2kr: 186 | cap2udp: 0 | kr2udp: 1 | 
2026-05-04 08:11:37,667 - INFO     - img2od: 0 | od2fr: 0 | od2lpr: 0 | od2cap: 0 | fr2kr: 148 | lpr2kr: 183 | cap2udp: 0 | kr2udp: 1 | 
2026-05-04 08:11:38,668 - INFO     - img2od: 0 | od2fr: 0 | od2lpr: 0 | od2cap: 0 | fr2kr: 145 | lpr2kr: 180 | cap2udp: 0 | kr2udp: 1 | 
2026-05-04 08:11:39,670 - INFO     - img2od: 0 | od2fr: 0 | od2lpr: 0 | od2cap: 0 | fr2kr: 141 | lpr2kr: 177 | cap2udp: 0 | kr2udp: 1 | 
2026-05-04 08:11:40,671 - INFO     - img2od: 0 | od2fr: 0 | od2lpr: 0 | od2cap: 0 | fr2kr: 138 | lpr2kr: 174 | cap2udp: 0 | kr2udp: 1 | 
2026-05-04 08:11:41,672 - INFO     - img2od: 0 | od2fr: 0 | od2lpr: 0 | od2cap: 0 | fr2kr: 136 | lpr2kr: 171 | cap2udp: 0 | kr2udp: 1 | 
2026-05-04 08:11:42,673 - INFO     - img2od: 0 | od2fr: 0 | od2lpr: 0 | od2cap: 0 | fr2kr: 133 | lpr2kr: 168 | cap2udp: 0 | kr2udp: 1 | 
2026-05-04 08:11:43,674 - INFO     - img2od: 0 | od2fr: 0 | od2lpr: 0 | od2cap: 0 | fr2kr: 130 | lpr2kr: 165 | cap2udp: 0 | kr2udp: 1 | 
2026-05-04 08:11:44,675 - INFO     - img2od: 0 | od2fr: 0 | od2lpr: 0 | od2cap: 0 | fr2kr: 127 | lpr2kr: 163 | cap2udp: 0 | kr2udp: 0 | 
2026-05-04 08:11:45,676 - INFO     - img2od: 0 | od2fr: 0 | od2lpr: 0 | od2cap: 0 | fr2kr: 125 | lpr2kr: 160 | cap2udp: 0 | kr2udp: 1 | 
2026-05-04 08:11:46,677 - INFO     - img2od: 0 | od2fr: 0 | od2lpr: 0 | od2cap: 0 | fr2kr: 122 | lpr2kr: 158 | cap2udp: 0 | kr2udp: 0 | 
2026-05-04 08:11:47,678 - INFO     - img2od: 0 | od2fr: 0 | od2lpr: 0 | od2cap: 0 | fr2kr: 120 | lpr2kr: 155 | cap2udp: 0 | kr2udp: 1 | 
2026-05-04 08:11:48,679 - INFO     - img2od: 0 | od2fr: 0 | od2lpr: 0 | od2cap: 0 | fr2kr: 118 | lpr2kr: 153 | cap2udp: 0 | kr2udp: 1 | 
2026-05-04 08:11:49,680 - INFO     - img2od: 0 | od2fr: 0 | od2lpr: 0 | od2cap: 0 | fr2kr: 115 | lpr2kr: 150 | cap2udp: 0 | kr2udp: 1 | 
2026-05-04 08:11:50,681 - INFO     - img2od: 0 | od2fr: 0 | od2lpr: 0 | od2cap: 0 | fr2kr: 112 | lpr2kr: 148 | cap2udp: 0 | kr2udp: 1 | 
2026-05-04 08:11:51,682 - INFO     - img2od: 0 | od2fr: 0 | od2lpr: 0 | od2cap: 0 | fr2kr: 110 | lpr2kr: 145 | cap2udp: 0 | kr2udp: 1 | 
2026-05-04 08:11:52,683 - INFO     - img2od: 0 | od2fr: 0 | od2lpr: 0 | od2cap: 0 | fr2kr: 108 | lpr2kr: 143 | cap2udp: 0 | kr2udp: 1 | 
2026-05-04 08:11:53,684 - INFO     - img2od: 0 | od2fr: 0 | od2lpr: 0 | od2cap: 0 | fr2kr: 105 | lpr2kr: 140 | cap2udp: 0 | kr2udp: 1 | 
2026-05-04 08:11:54,685 - INFO     - img2od: 0 | od2fr: 0 | od2lpr: 0 | od2cap: 0 | fr2kr: 103 | lpr2kr: 138 | cap2udp: 0 | kr2udp: 1 | 
2026-05-04 08:11:55,686 - INFO     - img2od: 0 | od2fr: 0 | od2lpr: 0 | od2cap: 0 | fr2kr: 100 | lpr2kr: 135 | cap2udp: 0 | kr2udp: 0 | 
2026-05-04 08:11:56,687 - INFO     - img2od: 0 | od2fr: 0 | od2lpr: 0 | od2cap: 0 | fr2kr: 97 | lpr2kr: 133 | cap2udp: 0 | kr2udp: 0 | 
2026-05-04 08:11:57,688 - INFO     - img2od: 0 | od2fr: 0 | od2lpr: 0 | od2cap: 0 | fr2kr: 95 | lpr2kr: 130 | cap2udp: 0 | kr2udp: 0 | 
2026-05-04 08:11:58,689 - INFO     - img2od: 0 | od2fr: 0 | od2lpr: 0 | od2cap: 0 | fr2kr: 92 | lpr2kr: 128 | cap2udp: 0 | kr2udp: 0 | 
2026-05-04 08:11:59,690 - INFO     - img2od: 0 | od2fr: 0 | od2lpr: 0 | od2cap: 0 | fr2kr: 90 | lpr2kr: 125 | cap2udp: 0 | kr2udp: 0 | 
2026-05-04 08:12:00,691 - INFO     - img2od: 0 | od2fr: 0 | od2lpr: 0 | od2cap: 0 | fr2kr: 87 | lpr2kr: 123 | cap2udp: 0 | kr2udp: 0 | 
2026-05-04 08:12:01,692 - INFO     - img2od: 0 | od2fr: 0 | od2lpr: 0 | od2cap: 0 | fr2kr: 85 | lpr2kr: 120 | cap2udp: 0 | kr2udp: 1 | 
2026-05-04 08:12:02,693 - INFO     - img2od: 0 | od2fr: 0 | od2lpr: 0 | od2cap: 0 | fr2kr: 82 | lpr2kr: 118 | cap2udp: 0 | kr2udp: 1 | 
2026-05-04 08:12:03,694 - INFO     - img2od: 0 | od2fr: 0 | od2lpr: 0 | od2cap: 0 | fr2kr: 80 | lpr2kr: 115 | cap2udp: 0 | kr2udp: 1 | 
2026-05-04 08:12:04,695 - INFO     - img2od: 0 | od2fr: 0 | od2lpr: 0 | od2cap: 0 | fr2kr: 77 | lpr2kr: 113 | cap2udp: 0 | kr2udp: 0 | 
2026-05-04 08:12:05,696 - INFO     - img2od: 0 | od2fr: 0 | od2lpr: 0 | od2cap: 0 | fr2kr: 75 | lpr2kr: 110 | cap2udp: 0 | kr2udp: 1 | 
2026-05-04 08:12:06,697 - INFO     - img2od: 0 | od2fr: 0 | od2lpr: 0 | od2cap: 0 | fr2kr: 72 | lpr2kr: 107 | cap2udp: 0 | kr2udp: 1 | 
2026-05-04 08:12:07,698 - INFO     - img2od: 0 | od2fr: 0 | od2lpr: 0 | od2cap: 0 | fr2kr: 70 | lpr2kr: 105 | cap2udp: 0 | kr2udp: 1 | 
2026-05-04 08:12:08,699 - INFO     - img2od: 0 | od2fr: 0 | od2lpr: 0 | od2cap: 0 | fr2kr: 67 | lpr2kr: 103 | cap2udp: 0 | kr2udp: 0 | 
2026-05-04 08:12:09,700 - INFO     - img2od: 0 | od2fr: 0 | od2lpr: 0 | od2cap: 0 | fr2kr: 65 | lpr2kr: 100 | cap2udp: 0 | kr2udp: 0 | 
2026-05-04 08:12:10,701 - INFO     - img2od: 0 | od2fr: 0 | od2lpr: 0 | od2cap: 0 | fr2kr: 63 | lpr2kr: 98 | cap2udp: 0 | kr2udp: 1 | 
2026-05-04 08:12:11,702 - INFO     - img2od: 0 | od2fr: 0 | od2lpr: 0 | od2cap: 0 | fr2kr: 60 | lpr2kr: 96 | cap2udp: 0 | kr2udp: 0 | 
2026-05-04 08:12:12,703 - INFO     - img2od: 0 | od2fr: 0 | od2lpr: 0 | od2cap: 0 | fr2kr: 58 | lpr2kr: 93 | cap2udp: 0 | kr2udp: 1 | 
2026-05-04 08:12:13,704 - INFO     - img2od: 0 | od2fr: 0 | od2lpr: 0 | od2cap: 0 | fr2kr: 55 | lpr2kr: 91 | cap2udp: 0 | kr2udp: 0 | 
2026-05-04 08:12:14,705 - INFO     - img2od: 0 | od2fr: 0 | od2lpr: 0 | od2cap: 0 | fr2kr: 53 | lpr2kr: 88 | cap2udp: 0 | kr2udp: 1 | 
2026-05-04 08:12:15,706 - INFO     - img2od: 0 | od2fr: 0 | od2lpr: 0 | od2cap: 0 | fr2kr: 50 | lpr2kr: 85 | cap2udp: 0 | kr2udp: 1 | 
2026-05-04 08:12:16,707 - INFO     - img2od: 0 | od2fr: 0 | od2lpr: 0 | od2cap: 0 | fr2kr: 48 | lpr2kr: 83 | cap2udp: 0 | kr2udp: 1 | 
2026-05-04 08:12:17,709 - INFO     - img2od: 0 | od2fr: 0 | od2lpr: 0 | od2cap: 0 | fr2kr: 45 | lpr2kr: 80 | cap2udp: 0 | kr2udp: 0 | 
2026-05-04 08:12:18,710 - INFO     - img2od: 0 | od2fr: 0 | od2lpr: 0 | od2cap: 0 | fr2kr: 42 | lpr2kr: 77 | cap2udp: 0 | kr2udp: 1 | 
2026-05-04 08:12:19,711 - INFO     - img2od: 0 | od2fr: 0 | od2lpr: 0 | od2cap: 0 | fr2kr: 39 | lpr2kr: 75 | cap2udp: 0 | kr2udp: 1 | 
2026-05-04 08:12:20,712 - INFO     - img2od: 0 | od2fr: 0 | od2lpr: 0 | od2cap: 0 | fr2kr: 37 | lpr2kr: 72 | cap2udp: 0 | kr2udp: 1 | 
2026-05-04 08:12:21,713 - INFO     - img2od: 0 | od2fr: 0 | od2lpr: 0 | od2cap: 0 | fr2kr: 34 | lpr2kr: 69 | cap2udp: 0 | kr2udp: 1 | 
2026-05-04 08:12:22,714 - INFO     - img2od: 0 | od2fr: 0 | od2lpr: 0 | od2cap: 0 | fr2kr: 31 | lpr2kr: 66 | cap2udp: 0 | kr2udp: 1 | 
2026-05-04 08:12:23,715 - INFO     - img2od: 0 | od2fr: 0 | od2lpr: 0 | od2cap: 0 | fr2kr: 28 | lpr2kr: 63 | cap2udp: 0 | kr2udp: 1 | 
2026-05-04 08:12:24,716 - INFO     - img2od: 0 | od2fr: 0 | od2lpr: 0 | od2cap: 0 | fr2kr: 25 | lpr2kr: 61 | cap2udp: 0 | kr2udp: 1 | 
2026-05-04 08:12:25,716 - INFO     - img2od: 0 | od2fr: 0 | od2lpr: 0 | od2cap: 0 | fr2kr: 23 | lpr2kr: 58 | cap2udp: 0 | kr2udp: 1 | 
2026-05-04 08:12:26,718 - INFO     - img2od: 0 | od2fr: 0 | od2lpr: 0 | od2cap: 0 | fr2kr: 20 | lpr2kr: 55 | cap2udp: 0 | kr2udp: 1 | 
2026-05-04 08:12:27,719 - INFO     - img2od: 0 | od2fr: 0 | od2lpr: 0 | od2cap: 0 | fr2kr: 17 | lpr2kr: 52 | cap2udp: 0 | kr2udp: 1 | 
2026-05-04 08:12:28,720 - INFO     - img2od: 0 | od2fr: 0 | od2lpr: 0 | od2cap: 0 | fr2kr: 14 | lpr2kr: 50 | cap2udp: 0 | kr2udp: 1 | 
2026-05-04 08:12:29,721 - INFO     - img2od: 0 | od2fr: 0 | od2lpr: 0 | od2cap: 0 | fr2kr: 12 | lpr2kr: 47 | cap2udp: 0 | kr2udp: 1 | 
2026-05-04 08:12:30,723 - INFO     - img2od: 0 | od2fr: 0 | od2lpr: 0 | od2cap: 0 | fr2kr: 9 | lpr2kr: 44 | cap2udp: 0 | kr2udp: 1 | 
2026-05-04 08:12:31,724 - INFO     - img2od: 0 | od2fr: 0 | od2lpr: 0 | od2cap: 0 | fr2kr: 6 | lpr2kr: 41 | cap2udp: 0 | kr2udp: 1 | 
2026-05-04 08:12:32,725 - INFO     - img2od: 0 | od2fr: 0 | od2lpr: 0 | od2cap: 0 | fr2kr: 3 | lpr2kr: 39 | cap2udp: 0 | kr2udp: 1 | 
2026-05-04 08:12:33,692 - INFO     - krStream     : Received end signal from FR
2026-05-04 08:12:33,726 - INFO     - img2od: 0 | od2fr: 0 | od2lpr: 0 | od2cap: 0 | fr2kr: 0 | lpr2kr: 35 | cap2udp: 0 | kr2udp: 1 | 
2026-05-04 08:12:34,727 - INFO     - img2od: 0 | od2fr: 0 | od2lpr: 0 | od2cap: 0 | fr2kr: 0 | lpr2kr: 31 | cap2udp: 0 | kr2udp: 0 | 
2026-05-04 08:12:35,728 - INFO     - img2od: 0 | od2fr: 0 | od2lpr: 0 | od2cap: 0 | fr2kr: 0 | lpr2kr: 27 | cap2udp: 0 | kr2udp: 1 | 
2026-05-04 08:12:36,729 - INFO     - img2od: 0 | od2fr: 0 | od2lpr: 0 | od2cap: 0 | fr2kr: 0 | lpr2kr: 23 | cap2udp: 0 | kr2udp: 1 | 
2026-05-04 08:12:37,730 - INFO     - img2od: 0 | od2fr: 0 | od2lpr: 0 | od2cap: 0 | fr2kr: 0 | lpr2kr: 19 | cap2udp: 0 | kr2udp: 1 | 
2026-05-04 08:12:38,731 - INFO     - img2od: 0 | od2fr: 0 | od2lpr: 0 | od2cap: 0 | fr2kr: 0 | lpr2kr: 14 | cap2udp: 0 | kr2udp: 0 | 
2026-05-04 08:12:39,732 - INFO     - img2od: 0 | od2fr: 0 | od2lpr: 0 | od2cap: 0 | fr2kr: 0 | lpr2kr: 10 | cap2udp: 0 | kr2udp: 0 | 
2026-05-04 08:12:40,733 - INFO     - img2od: 0 | od2fr: 0 | od2lpr: 0 | od2cap: 0 | fr2kr: 0 | lpr2kr: 6 | cap2udp: 0 | kr2udp: 1 | 
2026-05-04 08:12:41,734 - INFO     - img2od: 0 | od2fr: 0 | od2lpr: 0 | od2cap: 0 | fr2kr: 0 | lpr2kr: 2 | cap2udp: 0 | kr2udp: 1 | 
2026-05-04 08:12:42,110 - INFO     - krStream     : Received end signal from LPR
2026-05-04 08:12:42,231 - INFO     - krStream     : Received BOTH END signal, shutting down
2026-05-04 08:12:42,340 - INFO     - udpStream    : Received end signal from KR
2026-05-04 08:12:42,378 - INFO     - krStream     : shutdown successful
2026-05-04 08:12:42,461 - INFO     - udpStream    : Received BOTH END signal, shutting down
2026-05-04 08:12:42,735 - INFO     - img2od: 0 | od2fr: 0 | od2lpr: 0 | od2cap: 0 | fr2kr: 0 | lpr2kr: 0 | cap2udp: 0 | kr2udp: 0 | 
2026-05-04 08:12:42,829 - INFO     - udpStream    : shutdown successful
2026-05-04 08:12:43,736 - INFO     - img2od: 0 | od2fr: 0 | od2lpr: 0 | od2cap: 0 | fr2kr: 0 | lpr2kr: 0 | cap2udp: 0 | kr2udp: 0 | 
2026-05-04 08:12:44,737 - INFO     - img2od: 0 | od2fr: 0 | od2lpr: 0 | od2cap: 0 | fr2kr: 0 | lpr2kr: 0 | cap2udp: 0 | kr2udp: 0 | 
2026-05-04 08:12:45,738 - INFO     - img2od: 0 | od2fr: 0 | od2lpr: 0 | od2cap: 0 | fr2kr: 0 | lpr2kr: 0 | cap2udp: 0 | kr2udp: 0 | 
2026-05-04 08:12:46,739 - INFO     - img2od: 0 | od2fr: 0 | od2lpr: 0 | od2cap: 0 | fr2kr: 0 | lpr2kr: 0 | cap2udp: 0 | kr2udp: 0 | 
2026-05-04 08:12:47,740 - INFO     - img2od: 0 | od2fr: 0 | od2lpr: 0 | od2cap: 0 | fr2kr: 0 | lpr2kr: 0 | cap2udp: 0 | kr2udp: 0 | 
2026-05-04 08:12:48,741 - INFO     - All queues empty, job done
2026-05-04 08:12:48,745 - INFO     - Queue logs written to ./profile_exp/mix/r0.01/def_smoothing/seed0/QUEUEWATCH.json
2026-05-04 08:12:49,406 - INFO     - Reach FINALLY block in MAIN process
2026-05-04 08:12:49,406 - INFO     - Starting cleanup of 7 processes.
2026-05-04 08:12:49,406 - INFO     - Draining and closing 8 queues.
2026-05-04 08:12:49,406 - INFO     - Starting cleanup for queue 0, queue size: 0.
2026-05-04 08:12:49,406 - INFO     - Starting cleanup for queue 1, queue size: 0.
2026-05-04 08:12:49,406 - INFO     - Starting cleanup for queue 2, queue size: 0.
2026-05-04 08:12:49,406 - INFO     - Starting cleanup for queue 3, queue size: 0.
2026-05-04 08:12:49,406 - INFO     - Starting cleanup for queue 4, queue size: 0.
2026-05-04 08:12:49,406 - INFO     - Starting cleanup for queue 5, queue size: 0.
2026-05-04 08:12:49,406 - INFO     - Starting cleanup for queue 6, queue size: 0.
2026-05-04 08:12:49,406 - INFO     - Starting cleanup for queue 7, queue size: 0.
2026-05-04 08:12:49,406 - INFO     - Cleanup complete.
2026-05-04 08:12:49,406 - INFO     - Cleaned up resources in MAIN process
2026-05-04 08:12:49,407 - INFO     - Summary written to ./profile_exp/mix/r0.01/def_smoothing/seed0/SUMMARY.json

======================================================================
PROFILING SUMMARY
======================================================================
  Total wall time:    228.97s
  Images processed:   100
  Throughput:         0.4367 img/s
  Avg E2E latency:    70.4954s
  Min E2E latency:    0.0217s
  Max E2E latency:    196.5083s

  Component          Count  Dropped     FLOPs/call    Total FLOPs
  --------------- -------- -------- -------------- --------------
  odStream             100        0   153844849936 15384484993600
  frStream             552        0     2837404864  1566247484928
  lprStream            584        0    11016675328  6433738391552
  capStream             43        0   435542443635 18728325076305
  krStream            1136        0            n/a            n/a
  udpStream           1179        0            n/a            n/a

  Total FLOPs:        42112795946385
======================================================================
