2026-05-03 15:13:03,799 - INFO     - imgStream    : internal profiling set to False
2026-05-03 15:13:03,799 - INFO     - odStream     : internal profiling set to False
2026-05-03 15:13:03,799 - INFO     - frStream     : internal profiling set to False
2026-05-03 15:13:03,799 - INFO     - lprStream    : internal profiling set to False
2026-05-03 15:13:03,799 - INFO     - capStream    : internal profiling set to False
2026-05-03 15:13:03,799 - INFO     - krStream     : internal profiling set to False
2026-05-03 15:13:03,799 - INFO     - udpStream    : internal profiling set to False


================================================================================
|                                                                              |
|                     Running: Traffic Monitoring Pipeline                     |
|                                                                              |
|                         Algorithm: None, Model ID: 0                         |
|                                                                              |
|                             Target Indices: none                             |
|                                                                              |
|                             2026-05-03 15:13:03                              |
|                                                                              |
================================================================================


Number of CUDA devices: 1
2026-05-03 15:13:07,754 - INFO     - imgStream    : mix mode ratio=0.01 seed=3 -> 99 clean / 1 attack
2026-05-03 15:13:07,754 - INFO     - imgStream    : started
2026-05-03 15:13:07,771 - INFO     - img2od: 1 | od2fr: 0 | od2lpr: 0 | od2cap: 0 | fr2kr: 0 | lpr2kr: 0 | cap2udp: 0 | kr2udp: 0 | 
/home/lxt230026/.conda/envs/dyndl/lib/python3.10/site-packages/facenet_pytorch/models/inception_resnet_v1.py:329: FutureWarning: You are using `torch.load` with `weights_only=False` (the current default value), which uses the default pickle module implicitly. It is possible to construct malicious pickle data which will execute arbitrary code during unpickling (See https://github.com/pytorch/pytorch/blob/main/SECURITY.md#untrusted-models for more details). In a future release, the default value for `weights_only` will be flipped to `True`. This limits the functions that could be executed during unpickling. Arbitrary objects will no longer be allowed to be loaded via this mode unless they are explicitly allowlisted by the user via `torch.serialization.add_safe_globals`. We recommend you start setting `weights_only=True` for any use case where you don't have full control of the loaded file. Please open an issue on GitHub for any issues related to this experimental feature.
  state_dict = torch.load(cached_file)
2026-05-03 15:13:08,498 - INFO     - krStream     : face embeddings loaded, found 1000 embeddings
2026-05-03 15:13:08,498 - INFO     - krStream     : started
2026-05-03 15:13:08,772 - INFO     - img2od: 4 | od2fr: 0 | od2lpr: 0 | od2cap: 0 | fr2kr: 0 | lpr2kr: 0 | cap2udp: 0 | kr2udp: 0 | 
2026-05-03 15:13:08,916 - INFO     - odStream     : OD model loaded, model_id = 0
2026-05-03 15:13:08,916 - INFO     - odStream     : started
2026-05-03 15:13:09,773 - INFO     - img2od: 8 | od2fr: 0 | od2lpr: 0 | od2cap: 0 | fr2kr: 0 | lpr2kr: 0 | cap2udp: 0 | kr2udp: 0 | 
2026-05-03 15:13:09,818 - INFO     - frStream     : FR model loaded, model_id = vggface2
2026-05-03 15:13:09,818 - INFO     - frStream     : started
2026-05-03 15:13:09,820 - INFO     - udpStream    : LM model loaded, model_id = gpt2
2026-05-03 15:13:09,820 - INFO     - udpStream    : started
2026-05-03 15:13:10,356 - INFO     - capStream    : CAP model loaded, model_id = microsoft/git-base
2026-05-03 15:13:10,357 - INFO     - capStream    : started
/home/lxt230026/EfficiencyAttack/traffic/cmpnt/c4_lpr.py:145: FutureWarning: You are using `torch.load` with `weights_only=False` (the current default value), which uses the default pickle module implicitly. It is possible to construct malicious pickle data which will execute arbitrary code during unpickling (See https://github.com/pytorch/pytorch/blob/main/SECURITY.md#untrusted-models for more details). In a future release, the default value for `weights_only` will be flipped to `True`. This limits the functions that could be executed during unpickling. Arbitrary objects will no longer be allowed to be loaded via this mode unless they are explicitly allowlisted by the user via `torch.serialization.add_safe_globals`. We recommend you start setting `weights_only=True` for any use case where you don't have full control of the loaded file. Please open an issue on GitHub for any issues related to this experimental feature.
  self.checkpoint = torch.load(self.model_id, map_location='cpu')
2026-05-03 15:13:10,774 - INFO     - img2od: 11 | od2fr: 1 | od2lpr: 0 | od2cap: 0 | fr2kr: 0 | lpr2kr: 0 | cap2udp: 0 | kr2udp: 0 | 
2026-05-03 15:13:11,775 - INFO     - img2od: 12 | od2fr: 4 | od2lpr: 0 | od2cap: 3 | fr2kr: 1 | lpr2kr: 0 | cap2udp: 0 | kr2udp: 0 | 
2026-05-03 15:13:12,494 - INFO     - Using custom providers: ['CPUExecutionProvider']
2026-05-03 15:13:12,494 - INFO     - Skipping download of 'argentinian-plates-cnn-model' model, already exists at /home/lxt230026/.cache/fast-plate-ocr/argentinian-plates-cnn-model
2026-05-03 15:13:12,524 - INFO     - lprStream    : LPR model loaded, model_id = model_v2.pth
2026-05-03 15:13:12,524 - INFO     - lprStream    : started
2026-05-03 15:13:12,776 - INFO     - img2od: 13 | od2fr: 0 | od2lpr: 0 | od2cap: 0 | fr2kr: 2 | lpr2kr: 0 | cap2udp: 0 | kr2udp: 1 | 
2026-05-03 15:13:13,777 - INFO     - img2od: 14 | od2fr: 8 | od2lpr: 1 | od2cap: 0 | fr2kr: 0 | lpr2kr: 0 | cap2udp: 0 | kr2udp: 0 | 
2026-05-03 15:13:14,778 - INFO     - img2od: 14 | od2fr: 1 | od2lpr: 0 | od2cap: 0 | fr2kr: 1 | lpr2kr: 0 | cap2udp: 0 | kr2udp: 0 | 
2026-05-03 15:13:15,779 - INFO     - img2od: 16 | od2fr: 2 | od2lpr: 0 | od2cap: 0 | fr2kr: 2 | lpr2kr: 0 | cap2udp: 0 | kr2udp: 0 | 
2026-05-03 15:13:16,780 - INFO     - img2od: 16 | od2fr: 1 | od2lpr: 0 | od2cap: 0 | fr2kr: 2 | lpr2kr: 0 | cap2udp: 1 | kr2udp: 0 | 
2026-05-03 15:13:17,781 - INFO     - img2od: 17 | od2fr: 12 | od2lpr: 0 | od2cap: 1 | fr2kr: 1 | lpr2kr: 0 | cap2udp: 0 | kr2udp: 0 | 
2026-05-03 15:13:18,782 - INFO     - img2od: 17 | od2fr: 49 | od2lpr: 0 | od2cap: 0 | fr2kr: 7 | lpr2kr: 0 | cap2udp: 0 | kr2udp: 0 | 
2026-05-03 15:13:19,783 - INFO     - img2od: 18 | od2fr: 57 | od2lpr: 0 | od2cap: 0 | fr2kr: 6 | lpr2kr: 0 | cap2udp: 0 | kr2udp: 1 | 
2026-05-03 15:13:20,784 - INFO     - img2od: 20 | od2fr: 52 | od2lpr: 804 | od2cap: 0 | fr2kr: 4 | lpr2kr: 10 | cap2udp: 0 | kr2udp: 1 | 
2026-05-03 15:13:21,785 - INFO     - img2od: 21 | od2fr: 69 | od2lpr: 772 | od2cap: 0 | fr2kr: 10 | lpr2kr: 25 | cap2udp: 0 | kr2udp: 1 | 
2026-05-03 15:13:22,786 - INFO     - img2od: 22 | od2fr: 80 | od2lpr: 724 | od2cap: 0 | fr2kr: 16 | lpr2kr: 76 | cap2udp: 1 | kr2udp: 1 | 
2026-05-03 15:13:23,787 - INFO     - img2od: 23 | od2fr: 93 | od2lpr: 657 | od2cap: 0 | fr2kr: 6 | lpr2kr: 136 | cap2udp: 0 | kr2udp: 1 | 
2026-05-03 15:13:24,788 - INFO     - img2od: 23 | od2fr: 97 | od2lpr: 602 | od2cap: 0 | fr2kr: 12 | lpr2kr: 193 | cap2udp: 0 | kr2udp: 1 | 
2026-05-03 15:13:25,789 - INFO     - img2od: 25 | od2fr: 117 | od2lpr: 543 | od2cap: 0 | fr2kr: 18 | lpr2kr: 262 | cap2udp: 1 | kr2udp: 1 | 
2026-05-03 15:13:26,477 - INFO     - imgStream    : completed, sending END signal
2026-05-03 15:13:26,478 - INFO     - imgStream    : shutdown
2026-05-03 15:13:26,645 - INFO     - imgStream    : shutdown successful
2026-05-03 15:13:26,790 - INFO     - img2od: 24 | od2fr: 113 | od2lpr: 487 | od2cap: 0 | fr2kr: 24 | lpr2kr: 303 | cap2udp: 0 | kr2udp: 0 | 
2026-05-03 15:13:27,791 - INFO     - img2od: 19 | od2fr: 103 | od2lpr: 427 | od2cap: 0 | fr2kr: 30 | lpr2kr: 359 | cap2udp: 0 | kr2udp: 0 | 
2026-05-03 15:13:28,792 - INFO     - img2od: 14 | od2fr: 112 | od2lpr: 379 | od2cap: 1 | fr2kr: 19 | lpr2kr: 413 | cap2udp: 0 | kr2udp: 1 | 
2026-05-03 15:13:29,793 - INFO     - img2od: 10 | od2fr: 111 | od2lpr: 332 | od2cap: 0 | fr2kr: 25 | lpr2kr: 466 | cap2udp: 0 | kr2udp: 1 | 
2026-05-03 15:13:30,794 - INFO     - img2od: 5 | od2fr: 115 | od2lpr: 284 | od2cap: 0 | fr2kr: 31 | lpr2kr: 516 | cap2udp: 0 | kr2udp: 0 | 
2026-05-03 15:13:31,727 - INFO     - odStream     : Received END signal, shutting down
2026-05-03 15:13:31,747 - INFO     - capStream    : Received END signal, shutting down
2026-05-03 15:13:31,795 - INFO     - img2od: 0 | od2fr: 115 | od2lpr: 231 | od2cap: 0 | fr2kr: 37 | lpr2kr: 555 | cap2udp: 1 | kr2udp: 1 | 
2026-05-03 15:13:31,867 - INFO     - udpStream    : Received end signal from CAP
2026-05-03 15:13:32,009 - INFO     - odStream     : shutdown successful
2026-05-03 15:13:32,261 - INFO     - capStream    : shutdown successful
2026-05-03 15:13:32,796 - INFO     - img2od: 0 | od2fr: 106 | od2lpr: 146 | od2cap: 0 | fr2kr: 43 | lpr2kr: 641 | cap2udp: 0 | kr2udp: 1 | 
2026-05-03 15:13:33,797 - INFO     - img2od: 0 | od2fr: 93 | od2lpr: 70 | od2cap: 0 | fr2kr: 34 | lpr2kr: 714 | cap2udp: 0 | kr2udp: 1 | 
2026-05-03 15:13:34,798 - INFO     - img2od: 0 | od2fr: 93 | od2lpr: 8 | od2cap: 0 | fr2kr: 40 | lpr2kr: 775 | cap2udp: 0 | kr2udp: 0 | 
2026-05-03 15:13:35,236 - INFO     - lprStream    : Received END signal, shutting down
2026-05-03 15:13:35,380 - INFO     - lprStream    : shutdown successful
2026-05-03 15:13:35,799 - INFO     - img2od: 0 | od2fr: 89 | od2lpr: 0 | od2cap: 0 | fr2kr: 46 | lpr2kr: 774 | cap2udp: 0 | kr2udp: 0 | 
2026-05-03 15:13:36,800 - INFO     - img2od: 0 | od2fr: 84 | od2lpr: 0 | od2cap: 0 | fr2kr: 53 | lpr2kr: 774 | cap2udp: 0 | kr2udp: 0 | 
2026-05-03 15:13:37,802 - INFO     - img2od: 0 | od2fr: 75 | od2lpr: 0 | od2cap: 0 | fr2kr: 45 | lpr2kr: 774 | cap2udp: 0 | kr2udp: 0 | 
2026-05-03 15:13:38,803 - INFO     - img2od: 0 | od2fr: 66 | od2lpr: 0 | od2cap: 0 | fr2kr: 52 | lpr2kr: 774 | cap2udp: 0 | kr2udp: 0 | 
2026-05-03 15:13:39,804 - INFO     - img2od: 0 | od2fr: 61 | od2lpr: 0 | od2cap: 0 | fr2kr: 59 | lpr2kr: 758 | cap2udp: 0 | kr2udp: 1 | 
2026-05-03 15:13:40,805 - INFO     - img2od: 0 | od2fr: 44 | od2lpr: 0 | od2cap: 0 | fr2kr: 66 | lpr2kr: 758 | cap2udp: 0 | kr2udp: 0 | 
2026-05-03 15:13:41,806 - INFO     - img2od: 0 | od2fr: 44 | od2lpr: 0 | od2cap: 0 | fr2kr: 57 | lpr2kr: 758 | cap2udp: 0 | kr2udp: 1 | 
2026-05-03 15:13:42,808 - INFO     - img2od: 0 | od2fr: 33 | od2lpr: 0 | od2cap: 0 | fr2kr: 65 | lpr2kr: 758 | cap2udp: 0 | kr2udp: 1 | 
2026-05-03 15:13:43,809 - INFO     - img2od: 0 | od2fr: 33 | od2lpr: 0 | od2cap: 0 | fr2kr: 72 | lpr2kr: 742 | cap2udp: 0 | kr2udp: 1 | 
2026-05-03 15:13:44,810 - INFO     - img2od: 0 | od2fr: 26 | od2lpr: 0 | od2cap: 0 | fr2kr: 79 | lpr2kr: 742 | cap2udp: 0 | kr2udp: 1 | 
2026-05-03 15:13:45,811 - INFO     - img2od: 0 | od2fr: 19 | od2lpr: 0 | od2cap: 0 | fr2kr: 70 | lpr2kr: 742 | cap2udp: 0 | kr2udp: 0 | 
2026-05-03 15:13:46,812 - INFO     - img2od: 0 | od2fr: 9 | od2lpr: 0 | od2cap: 0 | fr2kr: 77 | lpr2kr: 742 | cap2udp: 0 | kr2udp: 0 | 
2026-05-03 15:13:47,814 - INFO     - img2od: 0 | od2fr: 4 | od2lpr: 0 | od2cap: 0 | fr2kr: 84 | lpr2kr: 726 | cap2udp: 0 | kr2udp: 1 | 
loading model on device: cuda
Initializing checkpoint: PekingU/rtdetr_r50vd, ID: 0
2026-05-03 15:13:48,362 - INFO     - frStream     : Received END signal, shutting down
2026-05-03 15:13:48,551 - INFO     - frStream     : shutdown successful
2026-05-03 15:13:48,815 - INFO     - img2od: 0 | od2fr: 0 | od2lpr: 0 | od2cap: 0 | fr2kr: 89 | lpr2kr: 726 | cap2udp: 0 | kr2udp: 0 | 
2026-05-03 15:13:49,816 - INFO     - img2od: 0 | od2fr: 0 | od2lpr: 0 | od2cap: 0 | fr2kr: 73 | lpr2kr: 726 | cap2udp: 0 | kr2udp: 0 | 
2026-05-03 15:13:50,817 - INFO     - img2od: 0 | od2fr: 0 | od2lpr: 0 | od2cap: 0 | fr2kr: 73 | lpr2kr: 726 | cap2udp: 0 | kr2udp: 0 | 
2026-05-03 15:13:51,818 - INFO     - img2od: 0 | od2fr: 0 | od2lpr: 0 | od2cap: 0 | fr2kr: 73 | lpr2kr: 710 | cap2udp: 0 | kr2udp: 0 | 
2026-05-03 15:13:52,819 - INFO     - img2od: 0 | od2fr: 0 | od2lpr: 0 | od2cap: 0 | fr2kr: 73 | lpr2kr: 710 | cap2udp: 0 | kr2udp: 1 | 
2026-05-03 15:13:53,821 - INFO     - img2od: 0 | od2fr: 0 | od2lpr: 0 | od2cap: 0 | fr2kr: 57 | lpr2kr: 710 | cap2udp: 0 | kr2udp: 0 | 
2026-05-03 15:13:54,822 - INFO     - img2od: 0 | od2fr: 0 | od2lpr: 0 | od2cap: 0 | fr2kr: 57 | lpr2kr: 710 | cap2udp: 0 | kr2udp: 1 | 
2026-05-03 15:13:55,823 - INFO     - img2od: 0 | od2fr: 0 | od2lpr: 0 | od2cap: 0 | fr2kr: 57 | lpr2kr: 694 | cap2udp: 0 | kr2udp: 1 | 
2026-05-03 15:13:56,824 - INFO     - img2od: 0 | od2fr: 0 | od2lpr: 0 | od2cap: 0 | fr2kr: 57 | lpr2kr: 694 | cap2udp: 0 | kr2udp: 1 | 
2026-05-03 15:13:57,825 - INFO     - img2od: 0 | od2fr: 0 | od2lpr: 0 | od2cap: 0 | fr2kr: 41 | lpr2kr: 694 | cap2udp: 0 | kr2udp: 0 | 
2026-05-03 15:13:58,826 - INFO     - img2od: 0 | od2fr: 0 | od2lpr: 0 | od2cap: 0 | fr2kr: 41 | lpr2kr: 678 | cap2udp: 0 | kr2udp: 0 | 
2026-05-03 15:13:59,828 - INFO     - img2od: 0 | od2fr: 0 | od2lpr: 0 | od2cap: 0 | fr2kr: 41 | lpr2kr: 678 | cap2udp: 0 | kr2udp: 0 | 
2026-05-03 15:14:00,829 - INFO     - img2od: 0 | od2fr: 0 | od2lpr: 0 | od2cap: 0 | fr2kr: 25 | lpr2kr: 678 | cap2udp: 0 | kr2udp: 1 | 
2026-05-03 15:14:01,830 - INFO     - img2od: 0 | od2fr: 0 | od2lpr: 0 | od2cap: 0 | fr2kr: 25 | lpr2kr: 678 | cap2udp: 0 | kr2udp: 1 | 
2026-05-03 15:14:02,831 - INFO     - img2od: 0 | od2fr: 0 | od2lpr: 0 | od2cap: 0 | fr2kr: 25 | lpr2kr: 662 | cap2udp: 0 | kr2udp: 0 | 
2026-05-03 15:14:03,832 - INFO     - img2od: 0 | od2fr: 0 | od2lpr: 0 | od2cap: 0 | fr2kr: 25 | lpr2kr: 662 | cap2udp: 0 | kr2udp: 0 | 
2026-05-03 15:14:04,833 - INFO     - img2od: 0 | od2fr: 0 | od2lpr: 0 | od2cap: 0 | fr2kr: 9 | lpr2kr: 662 | cap2udp: 0 | kr2udp: 1 | 
2026-05-03 15:14:05,834 - INFO     - img2od: 0 | od2fr: 0 | od2lpr: 0 | od2cap: 0 | fr2kr: 9 | lpr2kr: 662 | cap2udp: 0 | kr2udp: 0 | 
2026-05-03 15:14:06,835 - INFO     - img2od: 0 | od2fr: 0 | od2lpr: 0 | od2cap: 0 | fr2kr: 9 | lpr2kr: 646 | cap2udp: 0 | kr2udp: 0 | 
2026-05-03 15:14:07,837 - INFO     - img2od: 0 | od2fr: 0 | od2lpr: 0 | od2cap: 0 | fr2kr: 9 | lpr2kr: 646 | cap2udp: 0 | kr2udp: 0 | 
2026-05-03 15:14:08,245 - INFO     - krStream     : Received end signal from FR
2026-05-03 15:14:08,838 - INFO     - img2od: 0 | od2fr: 0 | od2lpr: 0 | od2cap: 0 | fr2kr: 0 | lpr2kr: 646 | cap2udp: 0 | kr2udp: 1 | 
2026-05-03 15:14:09,839 - INFO     - img2od: 0 | od2fr: 0 | od2lpr: 0 | od2cap: 0 | fr2kr: 0 | lpr2kr: 630 | cap2udp: 0 | kr2udp: 0 | 
2026-05-03 15:14:10,840 - INFO     - img2od: 0 | od2fr: 0 | od2lpr: 0 | od2cap: 0 | fr2kr: 0 | lpr2kr: 630 | cap2udp: 0 | kr2udp: 0 | 
2026-05-03 15:14:11,841 - INFO     - img2od: 0 | od2fr: 0 | od2lpr: 0 | od2cap: 0 | fr2kr: 0 | lpr2kr: 614 | cap2udp: 0 | kr2udp: 0 | 
2026-05-03 15:14:12,843 - INFO     - img2od: 0 | od2fr: 0 | od2lpr: 0 | od2cap: 0 | fr2kr: 0 | lpr2kr: 614 | cap2udp: 0 | kr2udp: 1 | 
2026-05-03 15:14:13,844 - INFO     - img2od: 0 | od2fr: 0 | od2lpr: 0 | od2cap: 0 | fr2kr: 0 | lpr2kr: 598 | cap2udp: 0 | kr2udp: 0 | 
2026-05-03 15:14:14,845 - INFO     - img2od: 0 | od2fr: 0 | od2lpr: 0 | od2cap: 0 | fr2kr: 0 | lpr2kr: 598 | cap2udp: 0 | kr2udp: 1 | 
2026-05-03 15:14:15,846 - INFO     - img2od: 0 | od2fr: 0 | od2lpr: 0 | od2cap: 0 | fr2kr: 0 | lpr2kr: 582 | cap2udp: 0 | kr2udp: 0 | 
2026-05-03 15:14:16,847 - INFO     - img2od: 0 | od2fr: 0 | od2lpr: 0 | od2cap: 0 | fr2kr: 0 | lpr2kr: 582 | cap2udp: 0 | kr2udp: 1 | 
2026-05-03 15:14:17,848 - INFO     - img2od: 0 | od2fr: 0 | od2lpr: 0 | od2cap: 0 | fr2kr: 0 | lpr2kr: 566 | cap2udp: 0 | kr2udp: 1 | 
2026-05-03 15:14:18,850 - INFO     - img2od: 0 | od2fr: 0 | od2lpr: 0 | od2cap: 0 | fr2kr: 0 | lpr2kr: 550 | cap2udp: 0 | kr2udp: 0 | 
2026-05-03 15:14:19,851 - INFO     - img2od: 0 | od2fr: 0 | od2lpr: 0 | od2cap: 0 | fr2kr: 0 | lpr2kr: 550 | cap2udp: 0 | kr2udp: 0 | 
2026-05-03 15:14:20,852 - INFO     - img2od: 0 | od2fr: 0 | od2lpr: 0 | od2cap: 0 | fr2kr: 0 | lpr2kr: 534 | cap2udp: 0 | kr2udp: 0 | 
2026-05-03 15:14:21,853 - INFO     - img2od: 0 | od2fr: 0 | od2lpr: 0 | od2cap: 0 | fr2kr: 0 | lpr2kr: 534 | cap2udp: 0 | kr2udp: 1 | 
2026-05-03 15:14:22,854 - INFO     - img2od: 0 | od2fr: 0 | od2lpr: 0 | od2cap: 0 | fr2kr: 0 | lpr2kr: 518 | cap2udp: 0 | kr2udp: 0 | 
2026-05-03 15:14:23,855 - INFO     - img2od: 0 | od2fr: 0 | od2lpr: 0 | od2cap: 0 | fr2kr: 0 | lpr2kr: 518 | cap2udp: 0 | kr2udp: 1 | 
2026-05-03 15:14:24,856 - INFO     - img2od: 0 | od2fr: 0 | od2lpr: 0 | od2cap: 0 | fr2kr: 0 | lpr2kr: 502 | cap2udp: 0 | kr2udp: 0 | 
2026-05-03 15:14:25,857 - INFO     - img2od: 0 | od2fr: 0 | od2lpr: 0 | od2cap: 0 | fr2kr: 0 | lpr2kr: 502 | cap2udp: 0 | kr2udp: 1 | 
2026-05-03 15:14:26,858 - INFO     - img2od: 0 | od2fr: 0 | od2lpr: 0 | od2cap: 0 | fr2kr: 0 | lpr2kr: 486 | cap2udp: 0 | kr2udp: 0 | 
2026-05-03 15:14:27,860 - INFO     - img2od: 0 | od2fr: 0 | od2lpr: 0 | od2cap: 0 | fr2kr: 0 | lpr2kr: 486 | cap2udp: 0 | kr2udp: 0 | 
2026-05-03 15:14:28,861 - INFO     - img2od: 0 | od2fr: 0 | od2lpr: 0 | od2cap: 0 | fr2kr: 0 | lpr2kr: 470 | cap2udp: 0 | kr2udp: 1 | 
2026-05-03 15:14:29,862 - INFO     - img2od: 0 | od2fr: 0 | od2lpr: 0 | od2cap: 0 | fr2kr: 0 | lpr2kr: 470 | cap2udp: 0 | kr2udp: 0 | 
2026-05-03 15:14:30,863 - INFO     - img2od: 0 | od2fr: 0 | od2lpr: 0 | od2cap: 0 | fr2kr: 0 | lpr2kr: 454 | cap2udp: 0 | kr2udp: 0 | 
2026-05-03 15:14:31,864 - INFO     - img2od: 0 | od2fr: 0 | od2lpr: 0 | od2cap: 0 | fr2kr: 0 | lpr2kr: 454 | cap2udp: 0 | kr2udp: 0 | 
2026-05-03 15:14:32,866 - INFO     - img2od: 0 | od2fr: 0 | od2lpr: 0 | od2cap: 0 | fr2kr: 0 | lpr2kr: 438 | cap2udp: 0 | kr2udp: 1 | 
2026-05-03 15:14:33,867 - INFO     - img2od: 0 | od2fr: 0 | od2lpr: 0 | od2cap: 0 | fr2kr: 0 | lpr2kr: 438 | cap2udp: 0 | kr2udp: 1 | 
2026-05-03 15:14:34,868 - INFO     - img2od: 0 | od2fr: 0 | od2lpr: 0 | od2cap: 0 | fr2kr: 0 | lpr2kr: 422 | cap2udp: 0 | kr2udp: 0 | 
2026-05-03 15:14:35,869 - INFO     - img2od: 0 | od2fr: 0 | od2lpr: 0 | od2cap: 0 | fr2kr: 0 | lpr2kr: 422 | cap2udp: 0 | kr2udp: 1 | 
2026-05-03 15:14:36,870 - INFO     - img2od: 0 | od2fr: 0 | od2lpr: 0 | od2cap: 0 | fr2kr: 0 | lpr2kr: 406 | cap2udp: 0 | kr2udp: 0 | 
2026-05-03 15:14:37,871 - INFO     - img2od: 0 | od2fr: 0 | od2lpr: 0 | od2cap: 0 | fr2kr: 0 | lpr2kr: 406 | cap2udp: 0 | kr2udp: 1 | 
2026-05-03 15:14:38,873 - INFO     - img2od: 0 | od2fr: 0 | od2lpr: 0 | od2cap: 0 | fr2kr: 0 | lpr2kr: 390 | cap2udp: 0 | kr2udp: 0 | 
2026-05-03 15:14:39,874 - INFO     - img2od: 0 | od2fr: 0 | od2lpr: 0 | od2cap: 0 | fr2kr: 0 | lpr2kr: 390 | cap2udp: 0 | kr2udp: 1 | 
2026-05-03 15:14:40,875 - INFO     - img2od: 0 | od2fr: 0 | od2lpr: 0 | od2cap: 0 | fr2kr: 0 | lpr2kr: 374 | cap2udp: 0 | kr2udp: 1 | 
2026-05-03 15:14:41,876 - INFO     - img2od: 0 | od2fr: 0 | od2lpr: 0 | od2cap: 0 | fr2kr: 0 | lpr2kr: 358 | cap2udp: 0 | kr2udp: 1 | 
2026-05-03 15:14:42,878 - INFO     - img2od: 0 | od2fr: 0 | od2lpr: 0 | od2cap: 0 | fr2kr: 0 | lpr2kr: 358 | cap2udp: 0 | kr2udp: 0 | 
2026-05-03 15:14:43,879 - INFO     - img2od: 0 | od2fr: 0 | od2lpr: 0 | od2cap: 0 | fr2kr: 0 | lpr2kr: 342 | cap2udp: 0 | kr2udp: 0 | 
2026-05-03 15:14:44,880 - INFO     - img2od: 0 | od2fr: 0 | od2lpr: 0 | od2cap: 0 | fr2kr: 0 | lpr2kr: 342 | cap2udp: 0 | kr2udp: 1 | 
2026-05-03 15:14:45,881 - INFO     - img2od: 0 | od2fr: 0 | od2lpr: 0 | od2cap: 0 | fr2kr: 0 | lpr2kr: 326 | cap2udp: 0 | kr2udp: 0 | 
2026-05-03 15:14:46,883 - INFO     - img2od: 0 | od2fr: 0 | od2lpr: 0 | od2cap: 0 | fr2kr: 0 | lpr2kr: 326 | cap2udp: 0 | kr2udp: 1 | 
2026-05-03 15:14:47,884 - INFO     - img2od: 0 | od2fr: 0 | od2lpr: 0 | od2cap: 0 | fr2kr: 0 | lpr2kr: 310 | cap2udp: 0 | kr2udp: 0 | 
2026-05-03 15:14:48,885 - INFO     - img2od: 0 | od2fr: 0 | od2lpr: 0 | od2cap: 0 | fr2kr: 0 | lpr2kr: 310 | cap2udp: 0 | kr2udp: 0 | 
2026-05-03 15:14:49,886 - INFO     - img2od: 0 | od2fr: 0 | od2lpr: 0 | od2cap: 0 | fr2kr: 0 | lpr2kr: 294 | cap2udp: 0 | kr2udp: 0 | 
2026-05-03 15:14:50,887 - INFO     - img2od: 0 | od2fr: 0 | od2lpr: 0 | od2cap: 0 | fr2kr: 0 | lpr2kr: 294 | cap2udp: 0 | kr2udp: 1 | 
2026-05-03 15:14:51,889 - INFO     - img2od: 0 | od2fr: 0 | od2lpr: 0 | od2cap: 0 | fr2kr: 0 | lpr2kr: 278 | cap2udp: 0 | kr2udp: 0 | 
2026-05-03 15:14:52,890 - INFO     - img2od: 0 | od2fr: 0 | od2lpr: 0 | od2cap: 0 | fr2kr: 0 | lpr2kr: 278 | cap2udp: 0 | kr2udp: 1 | 
2026-05-03 15:14:53,891 - INFO     - img2od: 0 | od2fr: 0 | od2lpr: 0 | od2cap: 0 | fr2kr: 0 | lpr2kr: 262 | cap2udp: 0 | kr2udp: 0 | 
2026-05-03 15:14:54,892 - INFO     - img2od: 0 | od2fr: 0 | od2lpr: 0 | od2cap: 0 | fr2kr: 0 | lpr2kr: 262 | cap2udp: 0 | kr2udp: 1 | 
2026-05-03 15:14:55,894 - INFO     - img2od: 0 | od2fr: 0 | od2lpr: 0 | od2cap: 0 | fr2kr: 0 | lpr2kr: 246 | cap2udp: 0 | kr2udp: 0 | 
2026-05-03 15:14:56,895 - INFO     - img2od: 0 | od2fr: 0 | od2lpr: 0 | od2cap: 0 | fr2kr: 0 | lpr2kr: 246 | cap2udp: 0 | kr2udp: 0 | 
2026-05-03 15:14:57,896 - INFO     - img2od: 0 | od2fr: 0 | od2lpr: 0 | od2cap: 0 | fr2kr: 0 | lpr2kr: 230 | cap2udp: 0 | kr2udp: 1 | 
2026-05-03 15:14:58,897 - INFO     - img2od: 0 | od2fr: 0 | od2lpr: 0 | od2cap: 0 | fr2kr: 0 | lpr2kr: 230 | cap2udp: 0 | kr2udp: 1 | 
2026-05-03 15:14:59,899 - INFO     - img2od: 0 | od2fr: 0 | od2lpr: 0 | od2cap: 0 | fr2kr: 0 | lpr2kr: 214 | cap2udp: 0 | kr2udp: 0 | 
2026-05-03 15:15:00,900 - INFO     - img2od: 0 | od2fr: 0 | od2lpr: 0 | od2cap: 0 | fr2kr: 0 | lpr2kr: 214 | cap2udp: 0 | kr2udp: 0 | 
2026-05-03 15:15:01,901 - INFO     - img2od: 0 | od2fr: 0 | od2lpr: 0 | od2cap: 0 | fr2kr: 0 | lpr2kr: 198 | cap2udp: 0 | kr2udp: 1 | 
2026-05-03 15:15:02,902 - INFO     - img2od: 0 | od2fr: 0 | od2lpr: 0 | od2cap: 0 | fr2kr: 0 | lpr2kr: 198 | cap2udp: 0 | kr2udp: 0 | 
2026-05-03 15:15:03,903 - INFO     - img2od: 0 | od2fr: 0 | od2lpr: 0 | od2cap: 0 | fr2kr: 0 | lpr2kr: 182 | cap2udp: 0 | kr2udp: 0 | 
2026-05-03 15:15:04,904 - INFO     - img2od: 0 | od2fr: 0 | od2lpr: 0 | od2cap: 0 | fr2kr: 0 | lpr2kr: 182 | cap2udp: 0 | kr2udp: 1 | 
2026-05-03 15:15:05,905 - INFO     - img2od: 0 | od2fr: 0 | od2lpr: 0 | od2cap: 0 | fr2kr: 0 | lpr2kr: 166 | cap2udp: 0 | kr2udp: 0 | 
2026-05-03 15:15:06,906 - INFO     - img2od: 0 | od2fr: 0 | od2lpr: 0 | od2cap: 0 | fr2kr: 0 | lpr2kr: 166 | cap2udp: 0 | kr2udp: 1 | 
2026-05-03 15:15:07,908 - INFO     - img2od: 0 | od2fr: 0 | od2lpr: 0 | od2cap: 0 | fr2kr: 0 | lpr2kr: 150 | cap2udp: 0 | kr2udp: 0 | 
2026-05-03 15:15:08,909 - INFO     - img2od: 0 | od2fr: 0 | od2lpr: 0 | od2cap: 0 | fr2kr: 0 | lpr2kr: 134 | cap2udp: 0 | kr2udp: 0 | 
2026-05-03 15:15:09,910 - INFO     - img2od: 0 | od2fr: 0 | od2lpr: 0 | od2cap: 0 | fr2kr: 0 | lpr2kr: 134 | cap2udp: 0 | kr2udp: 1 | 
2026-05-03 15:15:10,911 - INFO     - img2od: 0 | od2fr: 0 | od2lpr: 0 | od2cap: 0 | fr2kr: 0 | lpr2kr: 118 | cap2udp: 0 | kr2udp: 0 | 
2026-05-03 15:15:11,912 - INFO     - img2od: 0 | od2fr: 0 | od2lpr: 0 | od2cap: 0 | fr2kr: 0 | lpr2kr: 118 | cap2udp: 0 | kr2udp: 1 | 
2026-05-03 15:15:12,913 - INFO     - img2od: 0 | od2fr: 0 | od2lpr: 0 | od2cap: 0 | fr2kr: 0 | lpr2kr: 102 | cap2udp: 0 | kr2udp: 0 | 
2026-05-03 15:15:13,914 - INFO     - img2od: 0 | od2fr: 0 | od2lpr: 0 | od2cap: 0 | fr2kr: 0 | lpr2kr: 102 | cap2udp: 0 | kr2udp: 0 | 
2026-05-03 15:15:14,916 - INFO     - img2od: 0 | od2fr: 0 | od2lpr: 0 | od2cap: 0 | fr2kr: 0 | lpr2kr: 86 | cap2udp: 0 | kr2udp: 0 | 
2026-05-03 15:15:15,917 - INFO     - img2od: 0 | od2fr: 0 | od2lpr: 0 | od2cap: 0 | fr2kr: 0 | lpr2kr: 86 | cap2udp: 0 | kr2udp: 0 | 
2026-05-03 15:15:16,918 - INFO     - img2od: 0 | od2fr: 0 | od2lpr: 0 | od2cap: 0 | fr2kr: 0 | lpr2kr: 70 | cap2udp: 0 | kr2udp: 0 | 
2026-05-03 15:15:17,919 - INFO     - img2od: 0 | od2fr: 0 | od2lpr: 0 | od2cap: 0 | fr2kr: 0 | lpr2kr: 70 | cap2udp: 0 | kr2udp: 1 | 
2026-05-03 15:15:18,921 - INFO     - img2od: 0 | od2fr: 0 | od2lpr: 0 | od2cap: 0 | fr2kr: 0 | lpr2kr: 54 | cap2udp: 0 | kr2udp: 0 | 
2026-05-03 15:15:19,922 - INFO     - img2od: 0 | od2fr: 0 | od2lpr: 0 | od2cap: 0 | fr2kr: 0 | lpr2kr: 38 | cap2udp: 0 | kr2udp: 0 | 
2026-05-03 15:15:20,923 - INFO     - img2od: 0 | od2fr: 0 | od2lpr: 0 | od2cap: 0 | fr2kr: 0 | lpr2kr: 38 | cap2udp: 0 | kr2udp: 0 | 
2026-05-03 15:15:21,924 - INFO     - img2od: 0 | od2fr: 0 | od2lpr: 0 | od2cap: 0 | fr2kr: 0 | lpr2kr: 22 | cap2udp: 0 | kr2udp: 0 | 
2026-05-03 15:15:22,926 - INFO     - img2od: 0 | od2fr: 0 | od2lpr: 0 | od2cap: 0 | fr2kr: 0 | lpr2kr: 22 | cap2udp: 0 | kr2udp: 0 | 
2026-05-03 15:15:23,927 - INFO     - img2od: 0 | od2fr: 0 | od2lpr: 0 | od2cap: 0 | fr2kr: 0 | lpr2kr: 6 | cap2udp: 0 | kr2udp: 1 | 
2026-05-03 15:15:24,928 - INFO     - img2od: 0 | od2fr: 0 | od2lpr: 0 | od2cap: 0 | fr2kr: 0 | lpr2kr: 6 | cap2udp: 0 | kr2udp: 1 | 
2026-05-03 15:15:24,938 - INFO     - krStream     : Received end signal from LPR
2026-05-03 15:15:25,547 - INFO     - krStream     : Received BOTH END signal, shutting down
2026-05-03 15:15:25,655 - INFO     - udpStream    : Received end signal from KR
2026-05-03 15:15:25,687 - INFO     - krStream     : shutdown successful
2026-05-03 15:15:25,756 - INFO     - udpStream    : Received BOTH END signal, shutting down
2026-05-03 15:15:25,929 - INFO     - img2od: 0 | od2fr: 0 | od2lpr: 0 | od2cap: 0 | fr2kr: 0 | lpr2kr: 0 | cap2udp: 0 | kr2udp: 0 | 
2026-05-03 15:15:26,100 - INFO     - udpStream    : shutdown successful
2026-05-03 15:15:26,930 - INFO     - img2od: 0 | od2fr: 0 | od2lpr: 0 | od2cap: 0 | fr2kr: 0 | lpr2kr: 0 | cap2udp: 0 | kr2udp: 0 | 
2026-05-03 15:15:27,931 - INFO     - img2od: 0 | od2fr: 0 | od2lpr: 0 | od2cap: 0 | fr2kr: 0 | lpr2kr: 0 | cap2udp: 0 | kr2udp: 0 | 
2026-05-03 15:15:28,932 - INFO     - img2od: 0 | od2fr: 0 | od2lpr: 0 | od2cap: 0 | fr2kr: 0 | lpr2kr: 0 | cap2udp: 0 | kr2udp: 0 | 
2026-05-03 15:15:29,933 - INFO     - img2od: 0 | od2fr: 0 | od2lpr: 0 | od2cap: 0 | fr2kr: 0 | lpr2kr: 0 | cap2udp: 0 | kr2udp: 0 | 
2026-05-03 15:15:30,934 - INFO     - img2od: 0 | od2fr: 0 | od2lpr: 0 | od2cap: 0 | fr2kr: 0 | lpr2kr: 0 | cap2udp: 0 | kr2udp: 0 | 
2026-05-03 15:15:31,935 - INFO     - All queues empty, job done
2026-05-03 15:15:31,936 - INFO     - Queue logs written to ./profile_exp/mix/r0.01/sys_batch_conf/seed3/QUEUEWATCH.json
2026-05-03 15:15:32,676 - INFO     - Reach FINALLY block in MAIN process
2026-05-03 15:15:32,676 - INFO     - Starting cleanup of 7 processes.
2026-05-03 15:15:32,676 - INFO     - Draining and closing 8 queues.
2026-05-03 15:15:32,676 - INFO     - Starting cleanup for queue 0, queue size: 0.
2026-05-03 15:15:32,676 - INFO     - Starting cleanup for queue 1, queue size: 0.
2026-05-03 15:15:32,676 - INFO     - Starting cleanup for queue 2, queue size: 0.
2026-05-03 15:15:32,676 - INFO     - Starting cleanup for queue 3, queue size: 0.
2026-05-03 15:15:32,676 - INFO     - Starting cleanup for queue 4, queue size: 0.
2026-05-03 15:15:32,676 - INFO     - Starting cleanup for queue 5, queue size: 0.
2026-05-03 15:15:32,676 - INFO     - Starting cleanup for queue 6, queue size: 0.
2026-05-03 15:15:32,676 - INFO     - Starting cleanup for queue 7, queue size: 0.
2026-05-03 15:15:32,676 - INFO     - Cleanup complete.
2026-05-03 15:15:32,676 - INFO     - Cleaned up resources in MAIN process
2026-05-03 15:15:32,678 - INFO     - Summary written to ./profile_exp/mix/r0.01/sys_batch_conf/seed3/SUMMARY.json

======================================================================
PROFILING SUMMARY
======================================================================
  Total wall time:    149.01s
  Images processed:   100
  Throughput:         0.6711 img/s
  Avg E2E latency:    18.6262s
  Min E2E latency:    0.0220s
  Max E2E latency:    122.5640s

  Component          Count  Dropped     FLOPs/call    Total FLOPs
  --------------- -------- -------- -------------- --------------
  odStream             100        0   153844849936 15384484993600
  frStream             233        0     2837404864   661115333312
  lprStream            840        0    55083533056 46270167767040
  capStream             44        0   248859413613 10949814198972
  krStream            1073        0            n/a            n/a
  udpStream           1117        0            n/a            n/a

  Total FLOPs:        73265582292924
======================================================================
