2026-05-04 08:00:35,781 - INFO     - imgStream    : internal profiling set to False
2026-05-04 08:00:35,781 - INFO     - odStream     : internal profiling set to False
2026-05-04 08:00:35,781 - INFO     - frStream     : internal profiling set to False
2026-05-04 08:00:35,781 - INFO     - lprStream    : internal profiling set to False
2026-05-04 08:00:35,781 - INFO     - capStream    : internal profiling set to False
2026-05-04 08:00:35,781 - INFO     - krStream     : internal profiling set to False
2026-05-04 08:00:35,781 - INFO     - udpStream    : internal profiling set to False


================================================================================
|                                                                              |
|                     Running: Traffic Monitoring Pipeline                     |
|                                                                              |
|                         Algorithm: None, Model ID: 0                         |
|                                                                              |
|                             Target Indices: none                             |
|                                                                              |
|                             2026-05-04 08:00:35                              |
|                                                                              |
================================================================================


Number of CUDA devices: 1
2026-05-04 08:00:39,220 - INFO     - img2od: 0 | od2fr: 0 | od2lpr: 0 | od2cap: 0 | fr2kr: 0 | lpr2kr: 0 | cap2udp: 0 | kr2udp: 0 | 
2026-05-04 08:00:40,114 - INFO     - imgStream    : input defense = svm
2026-05-04 08:00:40,115 - INFO     - imgStream    : mix mode ratio=0.01 seed=1 -> 99 clean / 1 attack
2026-05-04 08:00:40,115 - INFO     - imgStream    : started
2026-05-04 08:00:40,221 - INFO     - img2od: 1 | od2fr: 0 | od2lpr: 0 | od2cap: 0 | fr2kr: 0 | lpr2kr: 0 | cap2udp: 0 | kr2udp: 0 | 
2026-05-04 08:00:40,359 - INFO     - odStream     : OD model loaded, model_id = 0
2026-05-04 08:00:40,359 - INFO     - odStream     : started
/home/lxt230026/.conda/envs/dyndl/lib/python3.10/site-packages/facenet_pytorch/models/inception_resnet_v1.py:329: FutureWarning: You are using `torch.load` with `weights_only=False` (the current default value), which uses the default pickle module implicitly. It is possible to construct malicious pickle data which will execute arbitrary code during unpickling (See https://github.com/pytorch/pytorch/blob/main/SECURITY.md#untrusted-models for more details). In a future release, the default value for `weights_only` will be flipped to `True`. This limits the functions that could be executed during unpickling. Arbitrary objects will no longer be allowed to be loaded via this mode unless they are explicitly allowlisted by the user via `torch.serialization.add_safe_globals`. We recommend you start setting `weights_only=True` for any use case where you don't have full control of the loaded file. Please open an issue on GitHub for any issues related to this experimental feature.
  state_dict = torch.load(cached_file)
2026-05-04 08:00:40,649 - INFO     - krStream     : face embeddings loaded, found 1000 embeddings
2026-05-04 08:00:40,649 - INFO     - krStream     : started
/home/lxt230026/EfficiencyAttack/traffic/cmpnt/c4_lpr.py:145: FutureWarning: You are using `torch.load` with `weights_only=False` (the current default value), which uses the default pickle module implicitly. It is possible to construct malicious pickle data which will execute arbitrary code during unpickling (See https://github.com/pytorch/pytorch/blob/main/SECURITY.md#untrusted-models for more details). In a future release, the default value for `weights_only` will be flipped to `True`. This limits the functions that could be executed during unpickling. Arbitrary objects will no longer be allowed to be loaded via this mode unless they are explicitly allowlisted by the user via `torch.serialization.add_safe_globals`. We recommend you start setting `weights_only=True` for any use case where you don't have full control of the loaded file. Please open an issue on GitHub for any issues related to this experimental feature.
  self.checkpoint = torch.load(self.model_id, map_location='cpu')
2026-05-04 08:00:40,854 - INFO     - frStream     : FR model loaded, model_id = vggface2
2026-05-04 08:00:40,854 - INFO     - frStream     : started
2026-05-04 08:00:41,222 - INFO     - img2od: 4 | od2fr: 0 | od2lpr: 0 | od2cap: 0 | fr2kr: 0 | lpr2kr: 0 | cap2udp: 0 | kr2udp: 0 | 
2026-05-04 08:00:41,228 - INFO     - Using custom providers: ['CPUExecutionProvider']
2026-05-04 08:00:41,228 - INFO     - Skipping download of 'argentinian-plates-cnn-model' model, already exists at /home/lxt230026/.cache/fast-plate-ocr/argentinian-plates-cnn-model
2026-05-04 08:00:41,244 - INFO     - lprStream    : LPR model loaded, model_id = model_v2.pth
2026-05-04 08:00:41,244 - INFO     - lprStream    : started
2026-05-04 08:00:41,810 - INFO     - capStream    : CAP model loaded, model_id = microsoft/git-base
2026-05-04 08:00:41,810 - INFO     - capStream    : started
2026-05-04 08:00:41,860 - INFO     - udpStream    : LM model loaded, model_id = gpt2
2026-05-04 08:00:41,860 - INFO     - udpStream    : started
2026-05-04 08:00:42,223 - INFO     - img2od: 6 | od2fr: 14 | od2lpr: 0 | od2cap: 1 | fr2kr: 0 | lpr2kr: 0 | cap2udp: 0 | kr2udp: 0 | 
2026-05-04 08:00:43,224 - INFO     - img2od: 5 | od2fr: 11 | od2lpr: 0 | od2cap: 2 | fr2kr: 2 | lpr2kr: 0 | cap2udp: 0 | kr2udp: 1 | 
2026-05-04 08:00:44,225 - INFO     - img2od: 4 | od2fr: 10 | od2lpr: 0 | od2cap: 1 | fr2kr: 5 | lpr2kr: 1 | cap2udp: 0 | kr2udp: 1 | 
2026-05-04 08:00:45,226 - INFO     - img2od: 2 | od2fr: 12 | od2lpr: 0 | od2cap: 1 | fr2kr: 9 | lpr2kr: 0 | cap2udp: 1 | kr2udp: 0 | 
2026-05-04 08:00:46,227 - INFO     - img2od: 2 | od2fr: 34 | od2lpr: 0 | od2cap: 0 | fr2kr: 11 | lpr2kr: 2 | cap2udp: 0 | kr2udp: 1 | 
2026-05-04 08:00:47,228 - INFO     - img2od: 0 | od2fr: 150 | od2lpr: 6 | od2cap: 0 | fr2kr: 15 | lpr2kr: 3 | cap2udp: 0 | kr2udp: 0 | 
2026-05-04 08:00:48,229 - INFO     - img2od: 0 | od2fr: 177 | od2lpr: 0 | od2cap: 0 | fr2kr: 18 | lpr2kr: 8 | cap2udp: 0 | kr2udp: 1 | 
2026-05-04 08:00:49,230 - INFO     - img2od: 0 | od2fr: 174 | od2lpr: 0 | od2cap: 0 | fr2kr: 20 | lpr2kr: 11 | cap2udp: 1 | kr2udp: 1 | 
2026-05-04 08:00:50,231 - INFO     - img2od: 1 | od2fr: 229 | od2lpr: 0 | od2cap: 0 | fr2kr: 23 | lpr2kr: 23 | cap2udp: 0 | kr2udp: 0 | 
2026-05-04 08:00:51,232 - INFO     - img2od: 0 | od2fr: 224 | od2lpr: 0 | od2cap: 0 | fr2kr: 26 | lpr2kr: 20 | cap2udp: 0 | kr2udp: 0 | 
2026-05-04 08:00:52,233 - INFO     - img2od: 0 | od2fr: 262 | od2lpr: 0 | od2cap: 0 | fr2kr: 29 | lpr2kr: 18 | cap2udp: 0 | kr2udp: 1 | 
2026-05-04 08:00:53,234 - INFO     - img2od: 0 | od2fr: 291 | od2lpr: 0 | od2cap: 0 | fr2kr: 32 | lpr2kr: 16 | cap2udp: 0 | kr2udp: 0 | 
2026-05-04 08:00:54,235 - INFO     - img2od: 0 | od2fr: 295 | od2lpr: 0 | od2cap: 0 | fr2kr: 37 | lpr2kr: 13 | cap2udp: 0 | kr2udp: 1 | 
2026-05-04 08:00:55,236 - INFO     - img2od: 0 | od2fr: 313 | od2lpr: 0 | od2cap: 1 | fr2kr: 39 | lpr2kr: 15 | cap2udp: 0 | kr2udp: 0 | 
2026-05-04 08:00:56,237 - INFO     - img2od: 0 | od2fr: 312 | od2lpr: 0 | od2cap: 0 | fr2kr: 43 | lpr2kr: 19 | cap2udp: 0 | kr2udp: 0 | 
2026-05-04 08:00:57,238 - INFO     - img2od: 0 | od2fr: 318 | od2lpr: 0 | od2cap: 0 | fr2kr: 48 | lpr2kr: 17 | cap2udp: 0 | kr2udp: 1 | 
2026-05-04 08:00:58,239 - INFO     - img2od: 0 | od2fr: 323 | od2lpr: 0 | od2cap: 0 | fr2kr: 51 | lpr2kr: 14 | cap2udp: 0 | kr2udp: 0 | 
2026-05-04 08:00:59,240 - INFO     - img2od: 0 | od2fr: 323 | od2lpr: 0 | od2cap: 0 | fr2kr: 55 | lpr2kr: 12 | cap2udp: 0 | kr2udp: 1 | 
2026-05-04 08:01:00,241 - INFO     - img2od: 0 | od2fr: 319 | od2lpr: 0 | od2cap: 0 | fr2kr: 58 | lpr2kr: 13 | cap2udp: 0 | kr2udp: 0 | 
2026-05-04 08:01:01,242 - INFO     - img2od: 0 | od2fr: 335 | od2lpr: 0 | od2cap: 0 | fr2kr: 61 | lpr2kr: 10 | cap2udp: 1 | kr2udp: 1 | 
2026-05-04 08:01:02,243 - INFO     - img2od: 0 | od2fr: 361 | od2lpr: 0 | od2cap: 0 | fr2kr: 66 | lpr2kr: 10 | cap2udp: 0 | kr2udp: 1 | 
2026-05-04 08:01:03,244 - INFO     - img2od: 0 | od2fr: 377 | od2lpr: 0 | od2cap: 0 | fr2kr: 69 | lpr2kr: 7 | cap2udp: 0 | kr2udp: 1 | 
2026-05-04 08:01:04,245 - INFO     - img2od: 0 | od2fr: 385 | od2lpr: 0 | od2cap: 0 | fr2kr: 73 | lpr2kr: 5 | cap2udp: 0 | kr2udp: 1 | 
2026-05-04 08:01:05,246 - INFO     - img2od: 0 | od2fr: 383 | od2lpr: 0 | od2cap: 0 | fr2kr: 76 | lpr2kr: 15 | cap2udp: 0 | kr2udp: 1 | 
2026-05-04 08:01:05,881 - INFO     - imgStream    : completed, sending END signal
2026-05-04 08:01:05,881 - INFO     - imgStream    : shutdown
2026-05-04 08:01:05,902 - INFO     - odStream     : Received END signal, shutting down
2026-05-04 08:01:05,906 - INFO     - lprStream    : Received END signal, shutting down
2026-05-04 08:01:05,906 - INFO     - capStream    : Received END signal, shutting down
2026-05-04 08:01:05,987 - INFO     - udpStream    : Received end signal from CAP
2026-05-04 08:01:06,028 - INFO     - lprStream    : shutdown successful
2026-05-04 08:01:06,044 - INFO     - imgStream    : shutdown successful
2026-05-04 08:01:06,157 - INFO     - odStream     : shutdown successful
2026-05-04 08:01:06,247 - INFO     - img2od: 0 | od2fr: 379 | od2lpr: 0 | od2cap: 0 | fr2kr: 79 | lpr2kr: 14 | cap2udp: 0 | kr2udp: 1 | 
2026-05-04 08:01:06,470 - INFO     - capStream    : shutdown successful
2026-05-04 08:01:07,248 - INFO     - img2od: 0 | od2fr: 372 | od2lpr: 0 | od2cap: 0 | fr2kr: 84 | lpr2kr: 11 | cap2udp: 0 | kr2udp: 0 | 
2026-05-04 08:01:08,250 - INFO     - img2od: 0 | od2fr: 365 | od2lpr: 0 | od2cap: 0 | fr2kr: 88 | lpr2kr: 8 | cap2udp: 0 | kr2udp: 1 | 
2026-05-04 08:01:09,251 - INFO     - img2od: 0 | od2fr: 358 | od2lpr: 0 | od2cap: 0 | fr2kr: 92 | lpr2kr: 6 | cap2udp: 0 | kr2udp: 1 | 
2026-05-04 08:01:10,252 - INFO     - img2od: 0 | od2fr: 351 | od2lpr: 0 | od2cap: 0 | fr2kr: 97 | lpr2kr: 3 | cap2udp: 0 | kr2udp: 1 | 
2026-05-04 08:01:11,175 - INFO     - krStream     : Received end signal from LPR
2026-05-04 08:01:11,253 - INFO     - img2od: 0 | od2fr: 344 | od2lpr: 0 | od2cap: 0 | fr2kr: 101 | lpr2kr: 0 | cap2udp: 0 | kr2udp: 0 | 
2026-05-04 08:01:12,254 - INFO     - img2od: 0 | od2fr: 337 | od2lpr: 0 | od2cap: 0 | fr2kr: 104 | lpr2kr: 0 | cap2udp: 0 | kr2udp: 1 | 
2026-05-04 08:01:13,256 - INFO     - img2od: 0 | od2fr: 330 | od2lpr: 0 | od2cap: 0 | fr2kr: 107 | lpr2kr: 0 | cap2udp: 0 | kr2udp: 1 | 
2026-05-04 08:01:14,257 - INFO     - img2od: 0 | od2fr: 323 | od2lpr: 0 | od2cap: 0 | fr2kr: 109 | lpr2kr: 0 | cap2udp: 0 | kr2udp: 1 | 
2026-05-04 08:01:15,258 - INFO     - img2od: 0 | od2fr: 316 | od2lpr: 0 | od2cap: 0 | fr2kr: 112 | lpr2kr: 0 | cap2udp: 0 | kr2udp: 1 | 
2026-05-04 08:01:16,260 - INFO     - img2od: 0 | od2fr: 309 | od2lpr: 0 | od2cap: 0 | fr2kr: 115 | lpr2kr: 0 | cap2udp: 0 | kr2udp: 1 | 
2026-05-04 08:01:17,261 - INFO     - img2od: 0 | od2fr: 302 | od2lpr: 0 | od2cap: 0 | fr2kr: 118 | lpr2kr: 0 | cap2udp: 0 | kr2udp: 0 | 
2026-05-04 08:01:18,262 - INFO     - img2od: 0 | od2fr: 295 | od2lpr: 0 | od2cap: 0 | fr2kr: 121 | lpr2kr: 0 | cap2udp: 0 | kr2udp: 0 | 
2026-05-04 08:01:19,263 - INFO     - img2od: 0 | od2fr: 288 | od2lpr: 0 | od2cap: 0 | fr2kr: 124 | lpr2kr: 0 | cap2udp: 0 | kr2udp: 0 | 
2026-05-04 08:01:20,265 - INFO     - img2od: 0 | od2fr: 281 | od2lpr: 0 | od2cap: 0 | fr2kr: 127 | lpr2kr: 0 | cap2udp: 0 | kr2udp: 0 | 
2026-05-04 08:01:21,266 - INFO     - img2od: 0 | od2fr: 274 | od2lpr: 0 | od2cap: 0 | fr2kr: 130 | lpr2kr: 0 | cap2udp: 0 | kr2udp: 0 | 
2026-05-04 08:01:22,267 - INFO     - img2od: 0 | od2fr: 267 | od2lpr: 0 | od2cap: 0 | fr2kr: 133 | lpr2kr: 0 | cap2udp: 0 | kr2udp: 0 | 
2026-05-04 08:01:23,268 - INFO     - img2od: 0 | od2fr: 260 | od2lpr: 0 | od2cap: 0 | fr2kr: 136 | lpr2kr: 0 | cap2udp: 0 | kr2udp: 0 | 
2026-05-04 08:01:24,269 - INFO     - img2od: 0 | od2fr: 253 | od2lpr: 0 | od2cap: 0 | fr2kr: 139 | lpr2kr: 0 | cap2udp: 0 | kr2udp: 0 | 
2026-05-04 08:01:25,271 - INFO     - img2od: 0 | od2fr: 246 | od2lpr: 0 | od2cap: 0 | fr2kr: 141 | lpr2kr: 0 | cap2udp: 0 | kr2udp: 1 | 
2026-05-04 08:01:26,272 - INFO     - img2od: 0 | od2fr: 240 | od2lpr: 0 | od2cap: 0 | fr2kr: 144 | lpr2kr: 0 | cap2udp: 0 | kr2udp: 1 | 
2026-05-04 08:01:27,273 - INFO     - img2od: 0 | od2fr: 233 | od2lpr: 0 | od2cap: 0 | fr2kr: 147 | lpr2kr: 0 | cap2udp: 0 | kr2udp: 1 | 
2026-05-04 08:01:28,274 - INFO     - img2od: 0 | od2fr: 226 | od2lpr: 0 | od2cap: 0 | fr2kr: 150 | lpr2kr: 0 | cap2udp: 0 | kr2udp: 1 | 
2026-05-04 08:01:29,275 - INFO     - img2od: 0 | od2fr: 219 | od2lpr: 0 | od2cap: 0 | fr2kr: 153 | lpr2kr: 0 | cap2udp: 0 | kr2udp: 1 | 
2026-05-04 08:01:30,276 - INFO     - img2od: 0 | od2fr: 212 | od2lpr: 0 | od2cap: 0 | fr2kr: 156 | lpr2kr: 0 | cap2udp: 0 | kr2udp: 1 | 
2026-05-04 08:01:31,277 - INFO     - img2od: 0 | od2fr: 205 | od2lpr: 0 | od2cap: 0 | fr2kr: 159 | lpr2kr: 0 | cap2udp: 0 | kr2udp: 1 | 
2026-05-04 08:01:32,278 - INFO     - img2od: 0 | od2fr: 198 | od2lpr: 0 | od2cap: 0 | fr2kr: 162 | lpr2kr: 0 | cap2udp: 0 | kr2udp: 1 | 
2026-05-04 08:01:33,279 - INFO     - img2od: 0 | od2fr: 191 | od2lpr: 0 | od2cap: 0 | fr2kr: 164 | lpr2kr: 0 | cap2udp: 0 | kr2udp: 1 | 
2026-05-04 08:01:34,281 - INFO     - img2od: 0 | od2fr: 184 | od2lpr: 0 | od2cap: 0 | fr2kr: 167 | lpr2kr: 0 | cap2udp: 0 | kr2udp: 1 | 
2026-05-04 08:01:35,282 - INFO     - img2od: 0 | od2fr: 177 | od2lpr: 0 | od2cap: 0 | fr2kr: 170 | lpr2kr: 0 | cap2udp: 0 | kr2udp: 1 | 
2026-05-04 08:01:36,283 - INFO     - img2od: 0 | od2fr: 170 | od2lpr: 0 | od2cap: 0 | fr2kr: 173 | lpr2kr: 0 | cap2udp: 0 | kr2udp: 1 | 
2026-05-04 08:01:37,284 - INFO     - img2od: 0 | od2fr: 163 | od2lpr: 0 | od2cap: 0 | fr2kr: 175 | lpr2kr: 0 | cap2udp: 0 | kr2udp: 1 | 
2026-05-04 08:01:38,285 - INFO     - img2od: 0 | od2fr: 157 | od2lpr: 0 | od2cap: 0 | fr2kr: 178 | lpr2kr: 0 | cap2udp: 0 | kr2udp: 1 | 
2026-05-04 08:01:39,287 - INFO     - img2od: 0 | od2fr: 149 | od2lpr: 0 | od2cap: 0 | fr2kr: 181 | lpr2kr: 0 | cap2udp: 0 | kr2udp: 0 | 
2026-05-04 08:01:40,288 - INFO     - img2od: 0 | od2fr: 142 | od2lpr: 0 | od2cap: 0 | fr2kr: 185 | lpr2kr: 0 | cap2udp: 0 | kr2udp: 0 | 
2026-05-04 08:01:41,289 - INFO     - img2od: 0 | od2fr: 135 | od2lpr: 0 | od2cap: 0 | fr2kr: 187 | lpr2kr: 0 | cap2udp: 0 | kr2udp: 0 | 
2026-05-04 08:01:42,290 - INFO     - img2od: 0 | od2fr: 129 | od2lpr: 0 | od2cap: 0 | fr2kr: 190 | lpr2kr: 0 | cap2udp: 0 | kr2udp: 1 | 
2026-05-04 08:01:43,291 - INFO     - img2od: 0 | od2fr: 122 | od2lpr: 0 | od2cap: 0 | fr2kr: 193 | lpr2kr: 0 | cap2udp: 0 | kr2udp: 1 | 
2026-05-04 08:01:44,292 - INFO     - img2od: 0 | od2fr: 115 | od2lpr: 0 | od2cap: 0 | fr2kr: 196 | lpr2kr: 0 | cap2udp: 0 | kr2udp: 1 | 
2026-05-04 08:01:45,293 - INFO     - img2od: 0 | od2fr: 108 | od2lpr: 0 | od2cap: 0 | fr2kr: 199 | lpr2kr: 0 | cap2udp: 0 | kr2udp: 1 | 
2026-05-04 08:01:46,294 - INFO     - img2od: 0 | od2fr: 101 | od2lpr: 0 | od2cap: 0 | fr2kr: 202 | lpr2kr: 0 | cap2udp: 0 | kr2udp: 1 | 
2026-05-04 08:01:47,295 - INFO     - img2od: 0 | od2fr: 94 | od2lpr: 0 | od2cap: 0 | fr2kr: 205 | lpr2kr: 0 | cap2udp: 0 | kr2udp: 1 | 
2026-05-04 08:01:48,296 - INFO     - img2od: 0 | od2fr: 87 | od2lpr: 0 | od2cap: 0 | fr2kr: 207 | lpr2kr: 0 | cap2udp: 0 | kr2udp: 1 | 
2026-05-04 08:01:49,298 - INFO     - img2od: 0 | od2fr: 80 | od2lpr: 0 | od2cap: 0 | fr2kr: 210 | lpr2kr: 0 | cap2udp: 0 | kr2udp: 1 | 
2026-05-04 08:01:50,299 - INFO     - img2od: 0 | od2fr: 73 | od2lpr: 0 | od2cap: 0 | fr2kr: 212 | lpr2kr: 0 | cap2udp: 0 | kr2udp: 1 | 
2026-05-04 08:01:51,300 - INFO     - img2od: 0 | od2fr: 67 | od2lpr: 0 | od2cap: 0 | fr2kr: 215 | lpr2kr: 0 | cap2udp: 0 | kr2udp: 0 | 
2026-05-04 08:01:52,301 - INFO     - img2od: 0 | od2fr: 60 | od2lpr: 0 | od2cap: 0 | fr2kr: 218 | lpr2kr: 0 | cap2udp: 0 | kr2udp: 0 | 
2026-05-04 08:01:53,302 - INFO     - img2od: 0 | od2fr: 53 | od2lpr: 0 | od2cap: 0 | fr2kr: 221 | lpr2kr: 0 | cap2udp: 0 | kr2udp: 0 | 
2026-05-04 08:01:54,304 - INFO     - img2od: 0 | od2fr: 46 | od2lpr: 0 | od2cap: 0 | fr2kr: 224 | lpr2kr: 0 | cap2udp: 0 | kr2udp: 0 | 
2026-05-04 08:01:55,305 - INFO     - img2od: 0 | od2fr: 39 | od2lpr: 0 | od2cap: 0 | fr2kr: 227 | lpr2kr: 0 | cap2udp: 0 | kr2udp: 0 | 
2026-05-04 08:01:56,306 - INFO     - img2od: 0 | od2fr: 32 | od2lpr: 0 | od2cap: 0 | fr2kr: 230 | lpr2kr: 0 | cap2udp: 0 | kr2udp: 0 | 
2026-05-04 08:01:57,307 - INFO     - img2od: 0 | od2fr: 25 | od2lpr: 0 | od2cap: 0 | fr2kr: 233 | lpr2kr: 0 | cap2udp: 0 | kr2udp: 1 | 
2026-05-04 08:01:58,309 - INFO     - img2od: 0 | od2fr: 18 | od2lpr: 0 | od2cap: 0 | fr2kr: 236 | lpr2kr: 0 | cap2udp: 0 | kr2udp: 1 | 
2026-05-04 08:01:59,310 - INFO     - img2od: 0 | od2fr: 11 | od2lpr: 0 | od2cap: 0 | fr2kr: 239 | lpr2kr: 0 | cap2udp: 0 | kr2udp: 1 | 
2026-05-04 08:02:00,311 - INFO     - img2od: 0 | od2fr: 4 | od2lpr: 0 | od2cap: 0 | fr2kr: 242 | lpr2kr: 0 | cap2udp: 0 | kr2udp: 1 | 
loading model on device: cuda
Initializing checkpoint: PekingU/rtdetr_r50vd, ID: 0
2026-05-04 08:02:00,891 - INFO     - frStream     : Received END signal, shutting down
2026-05-04 08:02:01,088 - INFO     - frStream     : shutdown successful
2026-05-04 08:02:01,312 - INFO     - img2od: 0 | od2fr: 0 | od2lpr: 0 | od2cap: 0 | fr2kr: 242 | lpr2kr: 0 | cap2udp: 0 | kr2udp: 1 | 
2026-05-04 08:02:02,313 - INFO     - img2od: 0 | od2fr: 0 | od2lpr: 0 | od2cap: 0 | fr2kr: 238 | lpr2kr: 0 | cap2udp: 0 | kr2udp: 1 | 
2026-05-04 08:02:03,314 - INFO     - img2od: 0 | od2fr: 0 | od2lpr: 0 | od2cap: 0 | fr2kr: 233 | lpr2kr: 0 | cap2udp: 0 | kr2udp: 0 | 
2026-05-04 08:02:04,315 - INFO     - img2od: 0 | od2fr: 0 | od2lpr: 0 | od2cap: 0 | fr2kr: 229 | lpr2kr: 0 | cap2udp: 0 | kr2udp: 0 | 
2026-05-04 08:02:05,316 - INFO     - img2od: 0 | od2fr: 0 | od2lpr: 0 | od2cap: 0 | fr2kr: 225 | lpr2kr: 0 | cap2udp: 0 | kr2udp: 1 | 
2026-05-04 08:02:06,318 - INFO     - img2od: 0 | od2fr: 0 | od2lpr: 0 | od2cap: 0 | fr2kr: 220 | lpr2kr: 0 | cap2udp: 0 | kr2udp: 0 | 
2026-05-04 08:02:07,319 - INFO     - img2od: 0 | od2fr: 0 | od2lpr: 0 | od2cap: 0 | fr2kr: 216 | lpr2kr: 0 | cap2udp: 0 | kr2udp: 0 | 
2026-05-04 08:02:08,320 - INFO     - img2od: 0 | od2fr: 0 | od2lpr: 0 | od2cap: 0 | fr2kr: 212 | lpr2kr: 0 | cap2udp: 0 | kr2udp: 1 | 
2026-05-04 08:02:09,321 - INFO     - img2od: 0 | od2fr: 0 | od2lpr: 0 | od2cap: 0 | fr2kr: 207 | lpr2kr: 0 | cap2udp: 0 | kr2udp: 0 | 
2026-05-04 08:02:10,323 - INFO     - img2od: 0 | od2fr: 0 | od2lpr: 0 | od2cap: 0 | fr2kr: 203 | lpr2kr: 0 | cap2udp: 0 | kr2udp: 0 | 
2026-05-04 08:02:11,324 - INFO     - img2od: 0 | od2fr: 0 | od2lpr: 0 | od2cap: 0 | fr2kr: 199 | lpr2kr: 0 | cap2udp: 0 | kr2udp: 1 | 
2026-05-04 08:02:12,325 - INFO     - img2od: 0 | od2fr: 0 | od2lpr: 0 | od2cap: 0 | fr2kr: 195 | lpr2kr: 0 | cap2udp: 0 | kr2udp: 1 | 
2026-05-04 08:02:13,326 - INFO     - img2od: 0 | od2fr: 0 | od2lpr: 0 | od2cap: 0 | fr2kr: 190 | lpr2kr: 0 | cap2udp: 0 | kr2udp: 0 | 
2026-05-04 08:02:14,328 - INFO     - img2od: 0 | od2fr: 0 | od2lpr: 0 | od2cap: 0 | fr2kr: 186 | lpr2kr: 0 | cap2udp: 0 | kr2udp: 1 | 
2026-05-04 08:02:15,329 - INFO     - img2od: 0 | od2fr: 0 | od2lpr: 0 | od2cap: 0 | fr2kr: 182 | lpr2kr: 0 | cap2udp: 0 | kr2udp: 1 | 
2026-05-04 08:02:16,330 - INFO     - img2od: 0 | od2fr: 0 | od2lpr: 0 | od2cap: 0 | fr2kr: 177 | lpr2kr: 0 | cap2udp: 0 | kr2udp: 0 | 
2026-05-04 08:02:17,331 - INFO     - img2od: 0 | od2fr: 0 | od2lpr: 0 | od2cap: 0 | fr2kr: 173 | lpr2kr: 0 | cap2udp: 0 | kr2udp: 1 | 
2026-05-04 08:02:18,333 - INFO     - img2od: 0 | od2fr: 0 | od2lpr: 0 | od2cap: 0 | fr2kr: 169 | lpr2kr: 0 | cap2udp: 0 | kr2udp: 1 | 
2026-05-04 08:02:19,334 - INFO     - img2od: 0 | od2fr: 0 | od2lpr: 0 | od2cap: 0 | fr2kr: 164 | lpr2kr: 0 | cap2udp: 0 | kr2udp: 0 | 
2026-05-04 08:02:20,335 - INFO     - img2od: 0 | od2fr: 0 | od2lpr: 0 | od2cap: 0 | fr2kr: 160 | lpr2kr: 0 | cap2udp: 0 | kr2udp: 1 | 
2026-05-04 08:02:21,336 - INFO     - img2od: 0 | od2fr: 0 | od2lpr: 0 | od2cap: 0 | fr2kr: 155 | lpr2kr: 0 | cap2udp: 0 | kr2udp: 0 | 
2026-05-04 08:02:22,337 - INFO     - img2od: 0 | od2fr: 0 | od2lpr: 0 | od2cap: 0 | fr2kr: 151 | lpr2kr: 0 | cap2udp: 0 | kr2udp: 0 | 
2026-05-04 08:02:23,339 - INFO     - img2od: 0 | od2fr: 0 | od2lpr: 0 | od2cap: 0 | fr2kr: 147 | lpr2kr: 0 | cap2udp: 0 | kr2udp: 1 | 
2026-05-04 08:02:24,340 - INFO     - img2od: 0 | od2fr: 0 | od2lpr: 0 | od2cap: 0 | fr2kr: 142 | lpr2kr: 0 | cap2udp: 0 | kr2udp: 0 | 
2026-05-04 08:02:25,341 - INFO     - img2od: 0 | od2fr: 0 | od2lpr: 0 | od2cap: 0 | fr2kr: 138 | lpr2kr: 0 | cap2udp: 0 | kr2udp: 0 | 
2026-05-04 08:02:26,342 - INFO     - img2od: 0 | od2fr: 0 | od2lpr: 0 | od2cap: 0 | fr2kr: 134 | lpr2kr: 0 | cap2udp: 0 | kr2udp: 1 | 
2026-05-04 08:02:27,344 - INFO     - img2od: 0 | od2fr: 0 | od2lpr: 0 | od2cap: 0 | fr2kr: 129 | lpr2kr: 0 | cap2udp: 0 | kr2udp: 0 | 
2026-05-04 08:02:28,345 - INFO     - img2od: 0 | od2fr: 0 | od2lpr: 0 | od2cap: 0 | fr2kr: 125 | lpr2kr: 0 | cap2udp: 0 | kr2udp: 1 | 
2026-05-04 08:02:29,346 - INFO     - img2od: 0 | od2fr: 0 | od2lpr: 0 | od2cap: 0 | fr2kr: 121 | lpr2kr: 0 | cap2udp: 0 | kr2udp: 1 | 
2026-05-04 08:02:30,347 - INFO     - img2od: 0 | od2fr: 0 | od2lpr: 0 | od2cap: 0 | fr2kr: 116 | lpr2kr: 0 | cap2udp: 0 | kr2udp: 0 | 
2026-05-04 08:02:31,349 - INFO     - img2od: 0 | od2fr: 0 | od2lpr: 0 | od2cap: 0 | fr2kr: 112 | lpr2kr: 0 | cap2udp: 0 | kr2udp: 1 | 
2026-05-04 08:02:32,350 - INFO     - img2od: 0 | od2fr: 0 | od2lpr: 0 | od2cap: 0 | fr2kr: 108 | lpr2kr: 0 | cap2udp: 0 | kr2udp: 1 | 
2026-05-04 08:02:33,351 - INFO     - img2od: 0 | od2fr: 0 | od2lpr: 0 | od2cap: 0 | fr2kr: 103 | lpr2kr: 0 | cap2udp: 0 | kr2udp: 0 | 
2026-05-04 08:02:34,352 - INFO     - img2od: 0 | od2fr: 0 | od2lpr: 0 | od2cap: 0 | fr2kr: 99 | lpr2kr: 0 | cap2udp: 0 | kr2udp: 1 | 
2026-05-04 08:02:35,353 - INFO     - img2od: 0 | od2fr: 0 | od2lpr: 0 | od2cap: 0 | fr2kr: 95 | lpr2kr: 0 | cap2udp: 0 | kr2udp: 1 | 
2026-05-04 08:02:36,355 - INFO     - img2od: 0 | od2fr: 0 | od2lpr: 0 | od2cap: 0 | fr2kr: 90 | lpr2kr: 0 | cap2udp: 0 | kr2udp: 0 | 
2026-05-04 08:02:37,356 - INFO     - img2od: 0 | od2fr: 0 | od2lpr: 0 | od2cap: 0 | fr2kr: 86 | lpr2kr: 0 | cap2udp: 0 | kr2udp: 1 | 
2026-05-04 08:02:38,357 - INFO     - img2od: 0 | od2fr: 0 | od2lpr: 0 | od2cap: 0 | fr2kr: 81 | lpr2kr: 0 | cap2udp: 0 | kr2udp: 1 | 
2026-05-04 08:02:39,358 - INFO     - img2od: 0 | od2fr: 0 | od2lpr: 0 | od2cap: 0 | fr2kr: 77 | lpr2kr: 0 | cap2udp: 0 | kr2udp: 0 | 
2026-05-04 08:02:40,360 - INFO     - img2od: 0 | od2fr: 0 | od2lpr: 0 | od2cap: 0 | fr2kr: 73 | lpr2kr: 0 | cap2udp: 0 | kr2udp: 1 | 
2026-05-04 08:02:41,361 - INFO     - img2od: 0 | od2fr: 0 | od2lpr: 0 | od2cap: 0 | fr2kr: 68 | lpr2kr: 0 | cap2udp: 0 | kr2udp: 0 | 
2026-05-04 08:02:42,362 - INFO     - img2od: 0 | od2fr: 0 | od2lpr: 0 | od2cap: 0 | fr2kr: 64 | lpr2kr: 0 | cap2udp: 0 | kr2udp: 0 | 
2026-05-04 08:02:43,363 - INFO     - img2od: 0 | od2fr: 0 | od2lpr: 0 | od2cap: 0 | fr2kr: 60 | lpr2kr: 0 | cap2udp: 0 | kr2udp: 1 | 
2026-05-04 08:02:44,364 - INFO     - img2od: 0 | od2fr: 0 | od2lpr: 0 | od2cap: 0 | fr2kr: 55 | lpr2kr: 0 | cap2udp: 0 | kr2udp: 0 | 
2026-05-04 08:02:45,365 - INFO     - img2od: 0 | od2fr: 0 | od2lpr: 0 | od2cap: 0 | fr2kr: 51 | lpr2kr: 0 | cap2udp: 0 | kr2udp: 0 | 
2026-05-04 08:02:46,366 - INFO     - img2od: 0 | od2fr: 0 | od2lpr: 0 | od2cap: 0 | fr2kr: 47 | lpr2kr: 0 | cap2udp: 0 | kr2udp: 1 | 
2026-05-04 08:02:47,367 - INFO     - img2od: 0 | od2fr: 0 | od2lpr: 0 | od2cap: 0 | fr2kr: 42 | lpr2kr: 0 | cap2udp: 0 | kr2udp: 0 | 
2026-05-04 08:02:48,369 - INFO     - img2od: 0 | od2fr: 0 | od2lpr: 0 | od2cap: 0 | fr2kr: 38 | lpr2kr: 0 | cap2udp: 0 | kr2udp: 0 | 
2026-05-04 08:02:49,370 - INFO     - img2od: 0 | od2fr: 0 | od2lpr: 0 | od2cap: 0 | fr2kr: 34 | lpr2kr: 0 | cap2udp: 0 | kr2udp: 1 | 
2026-05-04 08:02:50,371 - INFO     - img2od: 0 | od2fr: 0 | od2lpr: 0 | od2cap: 0 | fr2kr: 29 | lpr2kr: 0 | cap2udp: 0 | kr2udp: 0 | 
2026-05-04 08:02:51,372 - INFO     - img2od: 0 | od2fr: 0 | od2lpr: 0 | od2cap: 0 | fr2kr: 25 | lpr2kr: 0 | cap2udp: 0 | kr2udp: 0 | 
2026-05-04 08:02:52,374 - INFO     - img2od: 0 | od2fr: 0 | od2lpr: 0 | od2cap: 0 | fr2kr: 21 | lpr2kr: 0 | cap2udp: 0 | kr2udp: 1 | 
2026-05-04 08:02:53,375 - INFO     - img2od: 0 | od2fr: 0 | od2lpr: 0 | od2cap: 0 | fr2kr: 16 | lpr2kr: 0 | cap2udp: 0 | kr2udp: 0 | 
2026-05-04 08:02:54,376 - INFO     - img2od: 0 | od2fr: 0 | od2lpr: 0 | od2cap: 0 | fr2kr: 12 | lpr2kr: 0 | cap2udp: 0 | kr2udp: 0 | 
2026-05-04 08:02:55,377 - INFO     - img2od: 0 | od2fr: 0 | od2lpr: 0 | od2cap: 0 | fr2kr: 8 | lpr2kr: 0 | cap2udp: 0 | kr2udp: 1 | 
2026-05-04 08:02:56,379 - INFO     - img2od: 0 | od2fr: 0 | od2lpr: 0 | od2cap: 0 | fr2kr: 3 | lpr2kr: 0 | cap2udp: 0 | kr2udp: 1 | 
2026-05-04 08:02:57,056 - INFO     - krStream     : Received end signal from FR
2026-05-04 08:02:57,169 - INFO     - krStream     : Received BOTH END signal, shutting down
2026-05-04 08:02:57,286 - INFO     - udpStream    : Received end signal from KR
2026-05-04 08:02:57,318 - INFO     - krStream     : shutdown successful
2026-05-04 08:02:57,380 - INFO     - img2od: 0 | od2fr: 0 | od2lpr: 0 | od2cap: 0 | fr2kr: 0 | lpr2kr: 0 | cap2udp: 0 | kr2udp: 0 | 
2026-05-04 08:02:57,401 - INFO     - udpStream    : Received BOTH END signal, shutting down
2026-05-04 08:02:57,754 - INFO     - udpStream    : shutdown successful
2026-05-04 08:02:58,381 - INFO     - img2od: 0 | od2fr: 0 | od2lpr: 0 | od2cap: 0 | fr2kr: 0 | lpr2kr: 0 | cap2udp: 0 | kr2udp: 0 | 
2026-05-04 08:02:59,382 - INFO     - img2od: 0 | od2fr: 0 | od2lpr: 0 | od2cap: 0 | fr2kr: 0 | lpr2kr: 0 | cap2udp: 0 | kr2udp: 0 | 
2026-05-04 08:03:00,383 - INFO     - img2od: 0 | od2fr: 0 | od2lpr: 0 | od2cap: 0 | fr2kr: 0 | lpr2kr: 0 | cap2udp: 0 | kr2udp: 0 | 
2026-05-04 08:03:01,385 - INFO     - img2od: 0 | od2fr: 0 | od2lpr: 0 | od2cap: 0 | fr2kr: 0 | lpr2kr: 0 | cap2udp: 0 | kr2udp: 0 | 
2026-05-04 08:03:02,386 - INFO     - img2od: 0 | od2fr: 0 | od2lpr: 0 | od2cap: 0 | fr2kr: 0 | lpr2kr: 0 | cap2udp: 0 | kr2udp: 0 | 
2026-05-04 08:03:03,387 - INFO     - All queues empty, job done
2026-05-04 08:03:03,388 - INFO     - Queue logs written to ./profile_exp/mix/r0.01/def_svm/seed1/QUEUEWATCH.json
2026-05-04 08:03:03,927 - INFO     - Reach FINALLY block in MAIN process
2026-05-04 08:03:03,927 - INFO     - Starting cleanup of 7 processes.
2026-05-04 08:03:03,927 - INFO     - Draining and closing 8 queues.
2026-05-04 08:03:03,927 - INFO     - Starting cleanup for queue 0, queue size: 0.
2026-05-04 08:03:03,927 - INFO     - Starting cleanup for queue 1, queue size: 0.
2026-05-04 08:03:03,927 - INFO     - Starting cleanup for queue 2, queue size: 0.
2026-05-04 08:03:03,927 - INFO     - Starting cleanup for queue 3, queue size: 0.
2026-05-04 08:03:03,927 - INFO     - Starting cleanup for queue 4, queue size: 0.
2026-05-04 08:03:03,927 - INFO     - Starting cleanup for queue 5, queue size: 0.
2026-05-04 08:03:03,927 - INFO     - Starting cleanup for queue 6, queue size: 0.
2026-05-04 08:03:03,927 - INFO     - Starting cleanup for queue 7, queue size: 0.
2026-05-04 08:03:03,927 - INFO     - Cleanup complete.
2026-05-04 08:03:03,927 - INFO     - Cleaned up resources in MAIN process
2026-05-04 08:03:03,928 - INFO     - Summary written to ./profile_exp/mix/r0.01/def_svm/seed1/SUMMARY.json

======================================================================
PROFILING SUMMARY
======================================================================
  Total wall time:    148.30s
  Images processed:   100
  Throughput:         0.6743 img/s
  Avg E2E latency:    38.8938s
  Min E2E latency:    0.0215s
  Max E2E latency:    112.5249s

  Component          Count  Dropped     FLOPs/call    Total FLOPs
  --------------- -------- -------- -------------- --------------
  odStream              99        0   153844849936 15230640143664
  frStream             516        0     2837404864  1464100909824
  lprStream             64        0     1837894144   117625225216
  capStream             42        0   373311103169 15679066333098
  krStream             580        0            n/a            n/a
  udpStream            622        0            n/a            n/a

  Total FLOPs:        32491432611802
======================================================================
