2026-05-04 08:16:03,989 - INFO     - imgStream    : internal profiling set to False
2026-05-04 08:16:03,989 - INFO     - odStream     : internal profiling set to False
2026-05-04 08:16:03,989 - INFO     - frStream     : internal profiling set to False
2026-05-04 08:16:03,989 - INFO     - lprStream    : internal profiling set to False
2026-05-04 08:16:03,989 - INFO     - capStream    : internal profiling set to False
2026-05-04 08:16:03,989 - INFO     - krStream     : internal profiling set to False
2026-05-04 08:16:03,989 - INFO     - udpStream    : internal profiling set to False


================================================================================
|                                                                              |
|                     Running: Traffic Monitoring Pipeline                     |
|                                                                              |
|                         Algorithm: None, Model ID: 0                         |
|                                                                              |
|                             Target Indices: none                             |
|                                                                              |
|                             2026-05-04 08:16:03                              |
|                                                                              |
================================================================================


Number of CUDA devices: 1
2026-05-04 08:16:06,895 - INFO     - img2od: 0 | od2fr: 0 | od2lpr: 0 | od2cap: 0 | fr2kr: 0 | lpr2kr: 0 | cap2udp: 0 | kr2udp: 0 | 
2026-05-04 08:16:07,160 - INFO     - imgStream    : input defense = smoothing
2026-05-04 08:16:07,160 - INFO     - imgStream    : mix mode ratio=0.01 seed=4 -> 99 clean / 1 attack
2026-05-04 08:16:07,160 - INFO     - imgStream    : started
/home/lxt230026/.conda/envs/dyndl/lib/python3.10/site-packages/facenet_pytorch/models/inception_resnet_v1.py:329: FutureWarning: You are using `torch.load` with `weights_only=False` (the current default value), which uses the default pickle module implicitly. It is possible to construct malicious pickle data which will execute arbitrary code during unpickling (See https://github.com/pytorch/pytorch/blob/main/SECURITY.md#untrusted-models for more details). In a future release, the default value for `weights_only` will be flipped to `True`. This limits the functions that could be executed during unpickling. Arbitrary objects will no longer be allowed to be loaded via this mode unless they are explicitly allowlisted by the user via `torch.serialization.add_safe_globals`. We recommend you start setting `weights_only=True` for any use case where you don't have full control of the loaded file. Please open an issue on GitHub for any issues related to this experimental feature.
  state_dict = torch.load(cached_file)
2026-05-04 08:16:07,668 - INFO     - krStream     : face embeddings loaded, found 1000 embeddings
2026-05-04 08:16:07,668 - INFO     - krStream     : started
2026-05-04 08:16:07,835 - INFO     - frStream     : FR model loaded, model_id = vggface2
2026-05-04 08:16:07,836 - INFO     - frStream     : started
2026-05-04 08:16:07,896 - INFO     - img2od: 3 | od2fr: 0 | od2lpr: 0 | od2cap: 0 | fr2kr: 0 | lpr2kr: 0 | cap2udp: 0 | kr2udp: 0 | 
2026-05-04 08:16:08,001 - INFO     - odStream     : OD model loaded, model_id = 0
2026-05-04 08:16:08,001 - INFO     - odStream     : started
/home/lxt230026/EfficiencyAttack/traffic/cmpnt/c4_lpr.py:145: FutureWarning: You are using `torch.load` with `weights_only=False` (the current default value), which uses the default pickle module implicitly. It is possible to construct malicious pickle data which will execute arbitrary code during unpickling (See https://github.com/pytorch/pytorch/blob/main/SECURITY.md#untrusted-models for more details). In a future release, the default value for `weights_only` will be flipped to `True`. This limits the functions that could be executed during unpickling. Arbitrary objects will no longer be allowed to be loaded via this mode unless they are explicitly allowlisted by the user via `torch.serialization.add_safe_globals`. We recommend you start setting `weights_only=True` for any use case where you don't have full control of the loaded file. Please open an issue on GitHub for any issues related to this experimental feature.
  self.checkpoint = torch.load(self.model_id, map_location='cpu')
2026-05-04 08:16:08,506 - INFO     - Using custom providers: ['CPUExecutionProvider']
2026-05-04 08:16:08,506 - INFO     - Skipping download of 'argentinian-plates-cnn-model' model, already exists at /home/lxt230026/.cache/fast-plate-ocr/argentinian-plates-cnn-model
2026-05-04 08:16:08,521 - INFO     - lprStream    : LPR model loaded, model_id = model_v2.pth
2026-05-04 08:16:08,521 - INFO     - lprStream    : started
2026-05-04 08:16:08,582 - INFO     - udpStream    : LM model loaded, model_id = gpt2
2026-05-04 08:16:08,583 - INFO     - udpStream    : started
2026-05-04 08:16:08,876 - INFO     - capStream    : CAP model loaded, model_id = microsoft/git-base
2026-05-04 08:16:08,876 - INFO     - capStream    : started
2026-05-04 08:16:08,897 - INFO     - img2od: 6 | od2fr: 0 | od2lpr: 0 | od2cap: 0 | fr2kr: 0 | lpr2kr: 0 | cap2udp: 0 | kr2udp: 0 | 
2026-05-04 08:16:09,898 - INFO     - img2od: 6 | od2fr: 72 | od2lpr: 6 | od2cap: 1 | fr2kr: 2 | lpr2kr: 5 | cap2udp: 0 | kr2udp: 0 | 
2026-05-04 08:16:10,899 - INFO     - img2od: 4 | od2fr: 104 | od2lpr: 2 | od2cap: 1 | fr2kr: 6 | lpr2kr: 27 | cap2udp: 0 | kr2udp: 1 | 
2026-05-04 08:16:11,900 - INFO     - img2od: 3 | od2fr: 105 | od2lpr: 0 | od2cap: 0 | fr2kr: 9 | lpr2kr: 26 | cap2udp: 0 | kr2udp: 0 | 
2026-05-04 08:16:12,901 - INFO     - img2od: 2 | od2fr: 110 | od2lpr: 0 | od2cap: 0 | fr2kr: 13 | lpr2kr: 25 | cap2udp: 0 | kr2udp: 1 | 
2026-05-04 08:16:13,902 - INFO     - img2od: 1 | od2fr: 142 | od2lpr: 0 | od2cap: 0 | fr2kr: 17 | lpr2kr: 26 | cap2udp: 0 | kr2udp: 0 | 
2026-05-04 08:16:14,904 - INFO     - img2od: 0 | od2fr: 161 | od2lpr: 0 | od2cap: 0 | fr2kr: 20 | lpr2kr: 24 | cap2udp: 0 | kr2udp: 0 | 
2026-05-04 08:16:15,905 - INFO     - img2od: 0 | od2fr: 186 | od2lpr: 0 | od2cap: 0 | fr2kr: 25 | lpr2kr: 22 | cap2udp: 0 | kr2udp: 1 | 
2026-05-04 08:16:16,906 - INFO     - img2od: 0 | od2fr: 234 | od2lpr: 0 | od2cap: 0 | fr2kr: 28 | lpr2kr: 20 | cap2udp: 1 | kr2udp: 1 | 
2026-05-04 08:16:17,907 - INFO     - img2od: 0 | od2fr: 286 | od2lpr: 0 | od2cap: 0 | fr2kr: 33 | lpr2kr: 17 | cap2udp: 0 | kr2udp: 1 | 
2026-05-04 08:16:18,908 - INFO     - img2od: 0 | od2fr: 282 | od2lpr: 0 | od2cap: 0 | fr2kr: 37 | lpr2kr: 14 | cap2udp: 0 | kr2udp: 1 | 
2026-05-04 08:16:19,909 - INFO     - img2od: 0 | od2fr: 277 | od2lpr: 0 | od2cap: 0 | fr2kr: 41 | lpr2kr: 12 | cap2udp: 0 | kr2udp: 1 | 
2026-05-04 08:16:20,910 - INFO     - img2od: 1 | od2fr: 354 | od2lpr: 0 | od2cap: 0 | fr2kr: 45 | lpr2kr: 9 | cap2udp: 0 | kr2udp: 1 | 
2026-05-04 08:16:21,911 - INFO     - img2od: 0 | od2fr: 357 | od2lpr: 0 | od2cap: 0 | fr2kr: 49 | lpr2kr: 6 | cap2udp: 0 | kr2udp: 1 | 
2026-05-04 08:16:22,912 - INFO     - img2od: 0 | od2fr: 355 | od2lpr: 0 | od2cap: 0 | fr2kr: 53 | lpr2kr: 9 | cap2udp: 0 | kr2udp: 1 | 
2026-05-04 08:16:23,913 - INFO     - img2od: 0 | od2fr: 352 | od2lpr: 0 | od2cap: 0 | fr2kr: 57 | lpr2kr: 19 | cap2udp: 0 | kr2udp: 1 | 
2026-05-04 08:16:24,914 - INFO     - img2od: 1 | od2fr: 355 | od2lpr: 0 | od2cap: 0 | fr2kr: 61 | lpr2kr: 18 | cap2udp: 0 | kr2udp: 1 | 
2026-05-04 08:16:25,915 - INFO     - img2od: 0 | od2fr: 353 | od2lpr: 0 | od2cap: 0 | fr2kr: 65 | lpr2kr: 15 | cap2udp: 0 | kr2udp: 1 | 
2026-05-04 08:16:26,916 - INFO     - img2od: 0 | od2fr: 376 | od2lpr: 487 | od2cap: 0 | fr2kr: 69 | lpr2kr: 39 | cap2udp: 0 | kr2udp: 1 | 
2026-05-04 08:16:27,917 - INFO     - img2od: 0 | od2fr: 380 | od2lpr: 455 | od2cap: 0 | fr2kr: 72 | lpr2kr: 70 | cap2udp: 1 | kr2udp: 0 | 
2026-05-04 08:16:28,918 - INFO     - img2od: 0 | od2fr: 395 | od2lpr: 421 | od2cap: 0 | fr2kr: 76 | lpr2kr: 111 | cap2udp: 0 | kr2udp: 0 | 
2026-05-04 08:16:29,919 - INFO     - img2od: 1 | od2fr: 390 | od2lpr: 382 | od2cap: 0 | fr2kr: 80 | lpr2kr: 148 | cap2udp: 0 | kr2udp: 1 | 
2026-05-04 08:16:30,920 - INFO     - img2od: 0 | od2fr: 396 | od2lpr: 341 | od2cap: 0 | fr2kr: 83 | lpr2kr: 187 | cap2udp: 0 | kr2udp: 0 | 
2026-05-04 08:16:31,921 - INFO     - img2od: 0 | od2fr: 398 | od2lpr: 296 | od2cap: 0 | fr2kr: 87 | lpr2kr: 228 | cap2udp: 0 | kr2udp: 0 | 
2026-05-04 08:16:32,922 - INFO     - img2od: 0 | od2fr: 393 | od2lpr: 257 | od2cap: 0 | fr2kr: 91 | lpr2kr: 265 | cap2udp: 0 | kr2udp: 1 | 
2026-05-04 08:16:33,923 - INFO     - img2od: 0 | od2fr: 396 | od2lpr: 206 | od2cap: 0 | fr2kr: 94 | lpr2kr: 314 | cap2udp: 0 | kr2udp: 1 | 
2026-05-04 08:16:33,983 - INFO     - imgStream    : completed, sending END signal
2026-05-04 08:16:33,983 - INFO     - imgStream    : shutdown
2026-05-04 08:16:34,013 - INFO     - odStream     : Received END signal, shutting down
2026-05-04 08:16:34,017 - INFO     - capStream    : Received END signal, shutting down
2026-05-04 08:16:34,110 - INFO     - udpStream    : Received end signal from CAP
2026-05-04 08:16:34,147 - INFO     - imgStream    : shutdown successful
2026-05-04 08:16:34,274 - INFO     - odStream     : shutdown successful
2026-05-04 08:16:34,537 - INFO     - capStream    : shutdown successful
2026-05-04 08:16:34,924 - INFO     - img2od: 0 | od2fr: 391 | od2lpr: 140 | od2cap: 0 | fr2kr: 98 | lpr2kr: 378 | cap2udp: 0 | kr2udp: 1 | 
2026-05-04 08:16:35,925 - INFO     - img2od: 0 | od2fr: 385 | od2lpr: 67 | od2cap: 0 | fr2kr: 101 | lpr2kr: 449 | cap2udp: 0 | kr2udp: 0 | 
2026-05-04 08:16:36,816 - INFO     - lprStream    : Received END signal, shutting down
2026-05-04 08:16:36,926 - INFO     - img2od: 0 | od2fr: 379 | od2lpr: 0 | od2cap: 0 | fr2kr: 105 | lpr2kr: 514 | cap2udp: 0 | kr2udp: 0 | 
2026-05-04 08:16:36,941 - INFO     - lprStream    : shutdown successful
2026-05-04 08:16:37,927 - INFO     - img2od: 0 | od2fr: 372 | od2lpr: 0 | od2cap: 0 | fr2kr: 109 | lpr2kr: 512 | cap2udp: 0 | kr2udp: 0 | 
2026-05-04 08:16:38,928 - INFO     - img2od: 0 | od2fr: 365 | od2lpr: 0 | od2cap: 0 | fr2kr: 114 | lpr2kr: 509 | cap2udp: 0 | kr2udp: 1 | 
2026-05-04 08:16:39,930 - INFO     - img2od: 0 | od2fr: 358 | od2lpr: 0 | od2cap: 0 | fr2kr: 118 | lpr2kr: 506 | cap2udp: 0 | kr2udp: 0 | 
2026-05-04 08:16:40,931 - INFO     - img2od: 0 | od2fr: 351 | od2lpr: 0 | od2cap: 0 | fr2kr: 122 | lpr2kr: 503 | cap2udp: 0 | kr2udp: 1 | 
2026-05-04 08:16:41,931 - INFO     - img2od: 0 | od2fr: 344 | od2lpr: 0 | od2cap: 0 | fr2kr: 126 | lpr2kr: 501 | cap2udp: 0 | kr2udp: 1 | 
2026-05-04 08:16:42,933 - INFO     - img2od: 0 | od2fr: 336 | od2lpr: 0 | od2cap: 0 | fr2kr: 131 | lpr2kr: 498 | cap2udp: 0 | kr2udp: 1 | 
2026-05-04 08:16:43,934 - INFO     - img2od: 0 | od2fr: 329 | od2lpr: 0 | od2cap: 0 | fr2kr: 136 | lpr2kr: 495 | cap2udp: 0 | kr2udp: 0 | 
2026-05-04 08:16:44,935 - INFO     - img2od: 0 | od2fr: 322 | od2lpr: 0 | od2cap: 0 | fr2kr: 140 | lpr2kr: 492 | cap2udp: 0 | kr2udp: 1 | 
2026-05-04 08:16:45,936 - INFO     - img2od: 0 | od2fr: 315 | od2lpr: 0 | od2cap: 0 | fr2kr: 144 | lpr2kr: 490 | cap2udp: 0 | kr2udp: 1 | 
2026-05-04 08:16:46,937 - INFO     - img2od: 0 | od2fr: 308 | od2lpr: 0 | od2cap: 0 | fr2kr: 149 | lpr2kr: 487 | cap2udp: 0 | kr2udp: 1 | 
2026-05-04 08:16:47,938 - INFO     - img2od: 0 | od2fr: 301 | od2lpr: 0 | od2cap: 0 | fr2kr: 153 | lpr2kr: 484 | cap2udp: 0 | kr2udp: 1 | 
2026-05-04 08:16:48,940 - INFO     - img2od: 0 | od2fr: 294 | od2lpr: 0 | od2cap: 0 | fr2kr: 157 | lpr2kr: 481 | cap2udp: 0 | kr2udp: 1 | 
2026-05-04 08:16:49,941 - INFO     - img2od: 0 | od2fr: 287 | od2lpr: 0 | od2cap: 0 | fr2kr: 161 | lpr2kr: 479 | cap2udp: 0 | kr2udp: 0 | 
2026-05-04 08:16:50,942 - INFO     - img2od: 0 | od2fr: 279 | od2lpr: 0 | od2cap: 0 | fr2kr: 166 | lpr2kr: 476 | cap2udp: 0 | kr2udp: 1 | 
2026-05-04 08:16:51,943 - INFO     - img2od: 0 | od2fr: 272 | od2lpr: 0 | od2cap: 0 | fr2kr: 170 | lpr2kr: 473 | cap2udp: 0 | kr2udp: 1 | 
2026-05-04 08:16:52,945 - INFO     - img2od: 0 | od2fr: 265 | od2lpr: 0 | od2cap: 0 | fr2kr: 174 | lpr2kr: 470 | cap2udp: 0 | kr2udp: 1 | 
2026-05-04 08:16:53,946 - INFO     - img2od: 0 | od2fr: 258 | od2lpr: 0 | od2cap: 0 | fr2kr: 179 | lpr2kr: 467 | cap2udp: 0 | kr2udp: 1 | 
2026-05-04 08:16:54,947 - INFO     - img2od: 0 | od2fr: 251 | od2lpr: 0 | od2cap: 0 | fr2kr: 183 | lpr2kr: 465 | cap2udp: 0 | kr2udp: 1 | 
2026-05-04 08:16:55,948 - INFO     - img2od: 0 | od2fr: 244 | od2lpr: 0 | od2cap: 0 | fr2kr: 188 | lpr2kr: 462 | cap2udp: 0 | kr2udp: 1 | 
2026-05-04 08:16:56,950 - INFO     - img2od: 0 | od2fr: 237 | od2lpr: 0 | od2cap: 0 | fr2kr: 192 | lpr2kr: 459 | cap2udp: 0 | kr2udp: 1 | 
2026-05-04 08:16:57,951 - INFO     - img2od: 0 | od2fr: 230 | od2lpr: 0 | od2cap: 0 | fr2kr: 196 | lpr2kr: 456 | cap2udp: 0 | kr2udp: 1 | 
2026-05-04 08:16:58,952 - INFO     - img2od: 0 | od2fr: 223 | od2lpr: 0 | od2cap: 0 | fr2kr: 200 | lpr2kr: 454 | cap2udp: 0 | kr2udp: 1 | 
2026-05-04 08:16:59,953 - INFO     - img2od: 0 | od2fr: 215 | od2lpr: 0 | od2cap: 0 | fr2kr: 206 | lpr2kr: 451 | cap2udp: 0 | kr2udp: 1 | 
2026-05-04 08:17:00,954 - INFO     - img2od: 0 | od2fr: 208 | od2lpr: 0 | od2cap: 0 | fr2kr: 210 | lpr2kr: 448 | cap2udp: 0 | kr2udp: 0 | 
2026-05-04 08:17:01,955 - INFO     - img2od: 0 | od2fr: 201 | od2lpr: 0 | od2cap: 0 | fr2kr: 214 | lpr2kr: 445 | cap2udp: 0 | kr2udp: 1 | 
2026-05-04 08:17:02,956 - INFO     - img2od: 0 | od2fr: 194 | od2lpr: 0 | od2cap: 0 | fr2kr: 218 | lpr2kr: 443 | cap2udp: 0 | kr2udp: 1 | 
2026-05-04 08:17:03,957 - INFO     - img2od: 0 | od2fr: 187 | od2lpr: 0 | od2cap: 0 | fr2kr: 223 | lpr2kr: 440 | cap2udp: 0 | kr2udp: 1 | 
2026-05-04 08:17:04,959 - INFO     - img2od: 0 | od2fr: 180 | od2lpr: 0 | od2cap: 0 | fr2kr: 227 | lpr2kr: 437 | cap2udp: 0 | kr2udp: 1 | 
2026-05-04 08:17:05,960 - INFO     - img2od: 0 | od2fr: 172 | od2lpr: 0 | od2cap: 0 | fr2kr: 232 | lpr2kr: 434 | cap2udp: 0 | kr2udp: 1 | 
2026-05-04 08:17:06,961 - INFO     - img2od: 0 | od2fr: 165 | od2lpr: 0 | od2cap: 0 | fr2kr: 236 | lpr2kr: 432 | cap2udp: 0 | kr2udp: 0 | 
2026-05-04 08:17:07,962 - INFO     - img2od: 0 | od2fr: 158 | od2lpr: 0 | od2cap: 0 | fr2kr: 241 | lpr2kr: 429 | cap2udp: 0 | kr2udp: 1 | 
2026-05-04 08:17:08,964 - INFO     - img2od: 0 | od2fr: 151 | od2lpr: 0 | od2cap: 0 | fr2kr: 245 | lpr2kr: 426 | cap2udp: 0 | kr2udp: 1 | 
2026-05-04 08:17:09,965 - INFO     - img2od: 0 | od2fr: 143 | od2lpr: 0 | od2cap: 0 | fr2kr: 249 | lpr2kr: 423 | cap2udp: 0 | kr2udp: 1 | 
2026-05-04 08:17:10,966 - INFO     - img2od: 0 | od2fr: 136 | od2lpr: 0 | od2cap: 0 | fr2kr: 254 | lpr2kr: 421 | cap2udp: 0 | kr2udp: 1 | 
2026-05-04 08:17:11,967 - INFO     - img2od: 0 | od2fr: 129 | od2lpr: 0 | od2cap: 0 | fr2kr: 259 | lpr2kr: 418 | cap2udp: 0 | kr2udp: 1 | 
2026-05-04 08:17:12,969 - INFO     - img2od: 0 | od2fr: 122 | od2lpr: 0 | od2cap: 0 | fr2kr: 263 | lpr2kr: 415 | cap2udp: 0 | kr2udp: 0 | 
2026-05-04 08:17:13,970 - INFO     - img2od: 0 | od2fr: 115 | od2lpr: 0 | od2cap: 0 | fr2kr: 267 | lpr2kr: 412 | cap2udp: 0 | kr2udp: 1 | 
2026-05-04 08:17:14,971 - INFO     - img2od: 0 | od2fr: 108 | od2lpr: 0 | od2cap: 0 | fr2kr: 271 | lpr2kr: 410 | cap2udp: 0 | kr2udp: 1 | 
2026-05-04 08:17:15,972 - INFO     - img2od: 0 | od2fr: 101 | od2lpr: 0 | od2cap: 0 | fr2kr: 276 | lpr2kr: 407 | cap2udp: 0 | kr2udp: 1 | 
2026-05-04 08:17:16,973 - INFO     - img2od: 0 | od2fr: 94 | od2lpr: 0 | od2cap: 0 | fr2kr: 280 | lpr2kr: 404 | cap2udp: 0 | kr2udp: 1 | 
2026-05-04 08:17:17,975 - INFO     - img2od: 0 | od2fr: 87 | od2lpr: 0 | od2cap: 0 | fr2kr: 284 | lpr2kr: 401 | cap2udp: 0 | kr2udp: 0 | 
2026-05-04 08:17:18,976 - INFO     - img2od: 0 | od2fr: 80 | od2lpr: 0 | od2cap: 0 | fr2kr: 288 | lpr2kr: 398 | cap2udp: 0 | kr2udp: 0 | 
2026-05-04 08:17:19,977 - INFO     - img2od: 0 | od2fr: 73 | od2lpr: 0 | od2cap: 0 | fr2kr: 292 | lpr2kr: 396 | cap2udp: 0 | kr2udp: 0 | 
2026-05-04 08:17:20,978 - INFO     - img2od: 0 | od2fr: 66 | od2lpr: 0 | od2cap: 0 | fr2kr: 297 | lpr2kr: 393 | cap2udp: 0 | kr2udp: 1 | 
2026-05-04 08:17:21,979 - INFO     - img2od: 0 | od2fr: 59 | od2lpr: 0 | od2cap: 0 | fr2kr: 301 | lpr2kr: 390 | cap2udp: 0 | kr2udp: 1 | 
2026-05-04 08:17:22,980 - INFO     - img2od: 0 | od2fr: 51 | od2lpr: 0 | od2cap: 0 | fr2kr: 305 | lpr2kr: 387 | cap2udp: 0 | kr2udp: 1 | 
2026-05-04 08:17:23,981 - INFO     - img2od: 0 | od2fr: 44 | od2lpr: 0 | od2cap: 0 | fr2kr: 310 | lpr2kr: 385 | cap2udp: 0 | kr2udp: 0 | 
2026-05-04 08:17:24,982 - INFO     - img2od: 0 | od2fr: 37 | od2lpr: 0 | od2cap: 0 | fr2kr: 315 | lpr2kr: 382 | cap2udp: 0 | kr2udp: 1 | 
2026-05-04 08:17:25,984 - INFO     - img2od: 0 | od2fr: 30 | od2lpr: 0 | od2cap: 0 | fr2kr: 319 | lpr2kr: 379 | cap2udp: 0 | kr2udp: 0 | 
2026-05-04 08:17:26,985 - INFO     - img2od: 0 | od2fr: 23 | od2lpr: 0 | od2cap: 0 | fr2kr: 323 | lpr2kr: 376 | cap2udp: 0 | kr2udp: 1 | 
2026-05-04 08:17:27,986 - INFO     - img2od: 0 | od2fr: 17 | od2lpr: 0 | od2cap: 0 | fr2kr: 326 | lpr2kr: 374 | cap2udp: 0 | kr2udp: 1 | 
2026-05-04 08:17:28,987 - INFO     - img2od: 0 | od2fr: 10 | od2lpr: 0 | od2cap: 0 | fr2kr: 331 | lpr2kr: 371 | cap2udp: 0 | kr2udp: 1 | 
loading model on device: cuda
Initializing checkpoint: PekingU/rtdetr_r50vd, ID: 0
2026-05-04 08:17:29,989 - INFO     - img2od: 0 | od2fr: 3 | od2lpr: 0 | od2cap: 0 | fr2kr: 335 | lpr2kr: 368 | cap2udp: 0 | kr2udp: 0 | 
2026-05-04 08:17:30,378 - INFO     - frStream     : Received END signal, shutting down
2026-05-04 08:17:30,568 - INFO     - frStream     : shutdown successful
2026-05-04 08:17:30,990 - INFO     - img2od: 0 | od2fr: 0 | od2lpr: 0 | od2cap: 0 | fr2kr: 335 | lpr2kr: 365 | cap2udp: 0 | kr2udp: 1 | 
2026-05-04 08:17:31,991 - INFO     - img2od: 0 | od2fr: 0 | od2lpr: 0 | od2cap: 0 | fr2kr: 332 | lpr2kr: 363 | cap2udp: 0 | kr2udp: 0 | 
2026-05-04 08:17:32,992 - INFO     - img2od: 0 | od2fr: 0 | od2lpr: 0 | od2cap: 0 | fr2kr: 329 | lpr2kr: 360 | cap2udp: 0 | kr2udp: 1 | 
2026-05-04 08:17:33,993 - INFO     - img2od: 0 | od2fr: 0 | od2lpr: 0 | od2cap: 0 | fr2kr: 326 | lpr2kr: 357 | cap2udp: 0 | kr2udp: 1 | 
2026-05-04 08:17:34,994 - INFO     - img2od: 0 | od2fr: 0 | od2lpr: 0 | od2cap: 0 | fr2kr: 324 | lpr2kr: 354 | cap2udp: 0 | kr2udp: 1 | 
2026-05-04 08:17:35,996 - INFO     - img2od: 0 | od2fr: 0 | od2lpr: 0 | od2cap: 0 | fr2kr: 321 | lpr2kr: 351 | cap2udp: 0 | kr2udp: 1 | 
2026-05-04 08:17:36,997 - INFO     - img2od: 0 | od2fr: 0 | od2lpr: 0 | od2cap: 0 | fr2kr: 318 | lpr2kr: 348 | cap2udp: 0 | kr2udp: 1 | 
2026-05-04 08:17:37,998 - INFO     - img2od: 0 | od2fr: 0 | od2lpr: 0 | od2cap: 0 | fr2kr: 315 | lpr2kr: 345 | cap2udp: 0 | kr2udp: 0 | 
2026-05-04 08:17:38,999 - INFO     - img2od: 0 | od2fr: 0 | od2lpr: 0 | od2cap: 0 | fr2kr: 312 | lpr2kr: 342 | cap2udp: 0 | kr2udp: 1 | 
2026-05-04 08:17:40,001 - INFO     - img2od: 0 | od2fr: 0 | od2lpr: 0 | od2cap: 0 | fr2kr: 309 | lpr2kr: 339 | cap2udp: 0 | kr2udp: 1 | 
2026-05-04 08:17:41,002 - INFO     - img2od: 0 | od2fr: 0 | od2lpr: 0 | od2cap: 0 | fr2kr: 306 | lpr2kr: 337 | cap2udp: 0 | kr2udp: 1 | 
2026-05-04 08:17:42,003 - INFO     - img2od: 0 | od2fr: 0 | od2lpr: 0 | od2cap: 0 | fr2kr: 304 | lpr2kr: 334 | cap2udp: 0 | kr2udp: 1 | 
2026-05-04 08:17:43,004 - INFO     - img2od: 0 | od2fr: 0 | od2lpr: 0 | od2cap: 0 | fr2kr: 301 | lpr2kr: 331 | cap2udp: 0 | kr2udp: 1 | 
2026-05-04 08:17:44,005 - INFO     - img2od: 0 | od2fr: 0 | od2lpr: 0 | od2cap: 0 | fr2kr: 298 | lpr2kr: 328 | cap2udp: 0 | kr2udp: 0 | 
2026-05-04 08:17:45,006 - INFO     - img2od: 0 | od2fr: 0 | od2lpr: 0 | od2cap: 0 | fr2kr: 295 | lpr2kr: 325 | cap2udp: 0 | kr2udp: 1 | 
2026-05-04 08:17:46,007 - INFO     - img2od: 0 | od2fr: 0 | od2lpr: 0 | od2cap: 0 | fr2kr: 292 | lpr2kr: 322 | cap2udp: 0 | kr2udp: 1 | 
2026-05-04 08:17:47,008 - INFO     - img2od: 0 | od2fr: 0 | od2lpr: 0 | od2cap: 0 | fr2kr: 289 | lpr2kr: 319 | cap2udp: 0 | kr2udp: 1 | 
2026-05-04 08:17:48,009 - INFO     - img2od: 0 | od2fr: 0 | od2lpr: 0 | od2cap: 0 | fr2kr: 285 | lpr2kr: 316 | cap2udp: 0 | kr2udp: 0 | 
2026-05-04 08:17:49,011 - INFO     - img2od: 0 | od2fr: 0 | od2lpr: 0 | od2cap: 0 | fr2kr: 282 | lpr2kr: 312 | cap2udp: 0 | kr2udp: 0 | 
2026-05-04 08:17:50,012 - INFO     - img2od: 0 | od2fr: 0 | od2lpr: 0 | od2cap: 0 | fr2kr: 279 | lpr2kr: 309 | cap2udp: 0 | kr2udp: 1 | 
2026-05-04 08:17:51,013 - INFO     - img2od: 0 | od2fr: 0 | od2lpr: 0 | od2cap: 0 | fr2kr: 275 | lpr2kr: 306 | cap2udp: 0 | kr2udp: 1 | 
2026-05-04 08:17:52,014 - INFO     - img2od: 0 | od2fr: 0 | od2lpr: 0 | od2cap: 0 | fr2kr: 272 | lpr2kr: 303 | cap2udp: 0 | kr2udp: 0 | 
2026-05-04 08:17:53,015 - INFO     - img2od: 0 | od2fr: 0 | od2lpr: 0 | od2cap: 0 | fr2kr: 269 | lpr2kr: 300 | cap2udp: 0 | kr2udp: 0 | 
2026-05-04 08:17:54,017 - INFO     - img2od: 0 | od2fr: 0 | od2lpr: 0 | od2cap: 0 | fr2kr: 266 | lpr2kr: 296 | cap2udp: 0 | kr2udp: 0 | 
2026-05-04 08:17:55,018 - INFO     - img2od: 0 | od2fr: 0 | od2lpr: 0 | od2cap: 0 | fr2kr: 263 | lpr2kr: 293 | cap2udp: 0 | kr2udp: 1 | 
2026-05-04 08:17:56,019 - INFO     - img2od: 0 | od2fr: 0 | od2lpr: 0 | od2cap: 0 | fr2kr: 259 | lpr2kr: 290 | cap2udp: 0 | kr2udp: 0 | 
2026-05-04 08:17:57,020 - INFO     - img2od: 0 | od2fr: 0 | od2lpr: 0 | od2cap: 0 | fr2kr: 256 | lpr2kr: 286 | cap2udp: 0 | kr2udp: 1 | 
2026-05-04 08:17:58,022 - INFO     - img2od: 0 | od2fr: 0 | od2lpr: 0 | od2cap: 0 | fr2kr: 253 | lpr2kr: 283 | cap2udp: 0 | kr2udp: 0 | 
2026-05-04 08:17:59,023 - INFO     - img2od: 0 | od2fr: 0 | od2lpr: 0 | od2cap: 0 | fr2kr: 250 | lpr2kr: 280 | cap2udp: 0 | kr2udp: 1 | 
2026-05-04 08:18:00,024 - INFO     - img2od: 0 | od2fr: 0 | od2lpr: 0 | od2cap: 0 | fr2kr: 246 | lpr2kr: 277 | cap2udp: 0 | kr2udp: 0 | 
2026-05-04 08:18:01,025 - INFO     - img2od: 0 | od2fr: 0 | od2lpr: 0 | od2cap: 0 | fr2kr: 243 | lpr2kr: 273 | cap2udp: 0 | kr2udp: 0 | 
2026-05-04 08:18:02,027 - INFO     - img2od: 0 | od2fr: 0 | od2lpr: 0 | od2cap: 0 | fr2kr: 240 | lpr2kr: 270 | cap2udp: 0 | kr2udp: 0 | 
2026-05-04 08:18:03,028 - INFO     - img2od: 0 | od2fr: 0 | od2lpr: 0 | od2cap: 0 | fr2kr: 237 | lpr2kr: 267 | cap2udp: 0 | kr2udp: 0 | 
2026-05-04 08:18:04,029 - INFO     - img2od: 0 | od2fr: 0 | od2lpr: 0 | od2cap: 0 | fr2kr: 234 | lpr2kr: 264 | cap2udp: 0 | kr2udp: 0 | 
2026-05-04 08:18:05,030 - INFO     - img2od: 0 | od2fr: 0 | od2lpr: 0 | od2cap: 0 | fr2kr: 231 | lpr2kr: 261 | cap2udp: 0 | kr2udp: 1 | 
2026-05-04 08:18:06,031 - INFO     - img2od: 0 | od2fr: 0 | od2lpr: 0 | od2cap: 0 | fr2kr: 229 | lpr2kr: 259 | cap2udp: 0 | kr2udp: 1 | 
2026-05-04 08:18:07,032 - INFO     - img2od: 0 | od2fr: 0 | od2lpr: 0 | od2cap: 0 | fr2kr: 226 | lpr2kr: 256 | cap2udp: 0 | kr2udp: 0 | 
2026-05-04 08:18:08,033 - INFO     - img2od: 0 | od2fr: 0 | od2lpr: 0 | od2cap: 0 | fr2kr: 224 | lpr2kr: 254 | cap2udp: 0 | kr2udp: 1 | 
2026-05-04 08:18:09,034 - INFO     - img2od: 0 | od2fr: 0 | od2lpr: 0 | od2cap: 0 | fr2kr: 221 | lpr2kr: 252 | cap2udp: 0 | kr2udp: 1 | 
2026-05-04 08:18:10,035 - INFO     - img2od: 0 | od2fr: 0 | od2lpr: 0 | od2cap: 0 | fr2kr: 219 | lpr2kr: 249 | cap2udp: 0 | kr2udp: 1 | 
2026-05-04 08:18:11,036 - INFO     - img2od: 0 | od2fr: 0 | od2lpr: 0 | od2cap: 0 | fr2kr: 216 | lpr2kr: 247 | cap2udp: 0 | kr2udp: 0 | 
2026-05-04 08:18:12,038 - INFO     - img2od: 0 | od2fr: 0 | od2lpr: 0 | od2cap: 0 | fr2kr: 214 | lpr2kr: 244 | cap2udp: 0 | kr2udp: 1 | 
2026-05-04 08:18:13,039 - INFO     - img2od: 0 | od2fr: 0 | od2lpr: 0 | od2cap: 0 | fr2kr: 211 | lpr2kr: 241 | cap2udp: 0 | kr2udp: 1 | 
2026-05-04 08:18:14,040 - INFO     - img2od: 0 | od2fr: 0 | od2lpr: 0 | od2cap: 0 | fr2kr: 209 | lpr2kr: 239 | cap2udp: 0 | kr2udp: 1 | 
2026-05-04 08:18:15,041 - INFO     - img2od: 0 | od2fr: 0 | od2lpr: 0 | od2cap: 0 | fr2kr: 206 | lpr2kr: 237 | cap2udp: 0 | kr2udp: 1 | 
2026-05-04 08:18:16,042 - INFO     - img2od: 0 | od2fr: 0 | od2lpr: 0 | od2cap: 0 | fr2kr: 204 | lpr2kr: 234 | cap2udp: 0 | kr2udp: 0 | 
2026-05-04 08:18:17,043 - INFO     - img2od: 0 | od2fr: 0 | od2lpr: 0 | od2cap: 0 | fr2kr: 202 | lpr2kr: 232 | cap2udp: 0 | kr2udp: 1 | 
2026-05-04 08:18:18,044 - INFO     - img2od: 0 | od2fr: 0 | od2lpr: 0 | od2cap: 0 | fr2kr: 199 | lpr2kr: 230 | cap2udp: 0 | kr2udp: 1 | 
2026-05-04 08:18:19,045 - INFO     - img2od: 0 | od2fr: 0 | od2lpr: 0 | od2cap: 0 | fr2kr: 197 | lpr2kr: 227 | cap2udp: 0 | kr2udp: 1 | 
2026-05-04 08:18:20,046 - INFO     - img2od: 0 | od2fr: 0 | od2lpr: 0 | od2cap: 0 | fr2kr: 195 | lpr2kr: 225 | cap2udp: 0 | kr2udp: 1 | 
2026-05-04 08:18:21,047 - INFO     - img2od: 0 | od2fr: 0 | od2lpr: 0 | od2cap: 0 | fr2kr: 192 | lpr2kr: 223 | cap2udp: 0 | kr2udp: 1 | 
2026-05-04 08:18:22,048 - INFO     - img2od: 0 | od2fr: 0 | od2lpr: 0 | od2cap: 0 | fr2kr: 190 | lpr2kr: 220 | cap2udp: 0 | kr2udp: 1 | 
2026-05-04 08:18:23,049 - INFO     - img2od: 0 | od2fr: 0 | od2lpr: 0 | od2cap: 0 | fr2kr: 188 | lpr2kr: 218 | cap2udp: 0 | kr2udp: 1 | 
2026-05-04 08:18:24,050 - INFO     - img2od: 0 | od2fr: 0 | od2lpr: 0 | od2cap: 0 | fr2kr: 185 | lpr2kr: 216 | cap2udp: 0 | kr2udp: 1 | 
2026-05-04 08:18:25,051 - INFO     - img2od: 0 | od2fr: 0 | od2lpr: 0 | od2cap: 0 | fr2kr: 183 | lpr2kr: 213 | cap2udp: 0 | kr2udp: 1 | 
2026-05-04 08:18:26,052 - INFO     - img2od: 0 | od2fr: 0 | od2lpr: 0 | od2cap: 0 | fr2kr: 181 | lpr2kr: 211 | cap2udp: 0 | kr2udp: 1 | 
2026-05-04 08:18:27,053 - INFO     - img2od: 0 | od2fr: 0 | od2lpr: 0 | od2cap: 0 | fr2kr: 178 | lpr2kr: 209 | cap2udp: 0 | kr2udp: 1 | 
2026-05-04 08:18:28,054 - INFO     - img2od: 0 | od2fr: 0 | od2lpr: 0 | od2cap: 0 | fr2kr: 176 | lpr2kr: 207 | cap2udp: 0 | kr2udp: 1 | 
2026-05-04 08:18:29,055 - INFO     - img2od: 0 | od2fr: 0 | od2lpr: 0 | od2cap: 0 | fr2kr: 174 | lpr2kr: 204 | cap2udp: 0 | kr2udp: 2 | 
2026-05-04 08:18:30,056 - INFO     - img2od: 0 | od2fr: 0 | od2lpr: 0 | od2cap: 0 | fr2kr: 171 | lpr2kr: 202 | cap2udp: 0 | kr2udp: 1 | 
2026-05-04 08:18:31,057 - INFO     - img2od: 0 | od2fr: 0 | od2lpr: 0 | od2cap: 0 | fr2kr: 169 | lpr2kr: 199 | cap2udp: 0 | kr2udp: 1 | 
2026-05-04 08:18:32,058 - INFO     - img2od: 0 | od2fr: 0 | od2lpr: 0 | od2cap: 0 | fr2kr: 167 | lpr2kr: 197 | cap2udp: 0 | kr2udp: 1 | 
2026-05-04 08:18:33,059 - INFO     - img2od: 0 | od2fr: 0 | od2lpr: 0 | od2cap: 0 | fr2kr: 164 | lpr2kr: 195 | cap2udp: 0 | kr2udp: 1 | 
2026-05-04 08:18:34,060 - INFO     - img2od: 0 | od2fr: 0 | od2lpr: 0 | od2cap: 0 | fr2kr: 162 | lpr2kr: 192 | cap2udp: 0 | kr2udp: 1 | 
2026-05-04 08:18:35,061 - INFO     - img2od: 0 | od2fr: 0 | od2lpr: 0 | od2cap: 0 | fr2kr: 159 | lpr2kr: 189 | cap2udp: 0 | kr2udp: 1 | 
2026-05-04 08:18:36,062 - INFO     - img2od: 0 | od2fr: 0 | od2lpr: 0 | od2cap: 0 | fr2kr: 156 | lpr2kr: 186 | cap2udp: 0 | kr2udp: 0 | 
2026-05-04 08:18:37,064 - INFO     - img2od: 0 | od2fr: 0 | od2lpr: 0 | od2cap: 0 | fr2kr: 153 | lpr2kr: 184 | cap2udp: 0 | kr2udp: 0 | 
2026-05-04 08:18:38,065 - INFO     - img2od: 0 | od2fr: 0 | od2lpr: 0 | od2cap: 0 | fr2kr: 151 | lpr2kr: 181 | cap2udp: 0 | kr2udp: 1 | 
2026-05-04 08:18:39,066 - INFO     - img2od: 0 | od2fr: 0 | od2lpr: 0 | od2cap: 0 | fr2kr: 148 | lpr2kr: 178 | cap2udp: 0 | kr2udp: 1 | 
2026-05-04 08:18:40,067 - INFO     - img2od: 0 | od2fr: 0 | od2lpr: 0 | od2cap: 0 | fr2kr: 145 | lpr2kr: 175 | cap2udp: 0 | kr2udp: 0 | 
2026-05-04 08:18:41,068 - INFO     - img2od: 0 | od2fr: 0 | od2lpr: 0 | od2cap: 0 | fr2kr: 142 | lpr2kr: 173 | cap2udp: 0 | kr2udp: 0 | 
2026-05-04 08:18:42,069 - INFO     - img2od: 0 | od2fr: 0 | od2lpr: 0 | od2cap: 0 | fr2kr: 139 | lpr2kr: 170 | cap2udp: 0 | kr2udp: 1 | 
2026-05-04 08:18:43,070 - INFO     - img2od: 0 | od2fr: 0 | od2lpr: 0 | od2cap: 0 | fr2kr: 137 | lpr2kr: 167 | cap2udp: 0 | kr2udp: 1 | 
2026-05-04 08:18:44,072 - INFO     - img2od: 0 | od2fr: 0 | od2lpr: 0 | od2cap: 0 | fr2kr: 134 | lpr2kr: 164 | cap2udp: 0 | kr2udp: 0 | 
2026-05-04 08:18:45,073 - INFO     - img2od: 0 | od2fr: 0 | od2lpr: 0 | od2cap: 0 | fr2kr: 131 | lpr2kr: 162 | cap2udp: 0 | kr2udp: 0 | 
2026-05-04 08:18:46,074 - INFO     - img2od: 0 | od2fr: 0 | od2lpr: 0 | od2cap: 0 | fr2kr: 128 | lpr2kr: 159 | cap2udp: 0 | kr2udp: 0 | 
2026-05-04 08:18:47,075 - INFO     - img2od: 0 | od2fr: 0 | od2lpr: 0 | od2cap: 0 | fr2kr: 126 | lpr2kr: 156 | cap2udp: 0 | kr2udp: 1 | 
2026-05-04 08:18:48,076 - INFO     - img2od: 0 | od2fr: 0 | od2lpr: 0 | od2cap: 0 | fr2kr: 123 | lpr2kr: 153 | cap2udp: 0 | kr2udp: 0 | 
2026-05-04 08:18:49,077 - INFO     - img2od: 0 | od2fr: 0 | od2lpr: 0 | od2cap: 0 | fr2kr: 120 | lpr2kr: 151 | cap2udp: 0 | kr2udp: 0 | 
2026-05-04 08:18:50,078 - INFO     - img2od: 0 | od2fr: 0 | od2lpr: 0 | od2cap: 0 | fr2kr: 118 | lpr2kr: 148 | cap2udp: 0 | kr2udp: 1 | 
2026-05-04 08:18:51,079 - INFO     - img2od: 0 | od2fr: 0 | od2lpr: 0 | od2cap: 0 | fr2kr: 115 | lpr2kr: 146 | cap2udp: 0 | kr2udp: 0 | 
2026-05-04 08:18:52,080 - INFO     - img2od: 0 | od2fr: 0 | od2lpr: 0 | od2cap: 0 | fr2kr: 113 | lpr2kr: 143 | cap2udp: 0 | kr2udp: 0 | 
2026-05-04 08:18:53,080 - INFO     - img2od: 0 | od2fr: 0 | od2lpr: 0 | od2cap: 0 | fr2kr: 110 | lpr2kr: 140 | cap2udp: 0 | kr2udp: 1 | 
2026-05-04 08:18:54,081 - INFO     - img2od: 0 | od2fr: 0 | od2lpr: 0 | od2cap: 0 | fr2kr: 107 | lpr2kr: 138 | cap2udp: 0 | kr2udp: 0 | 
2026-05-04 08:18:55,082 - INFO     - img2od: 0 | od2fr: 0 | od2lpr: 0 | od2cap: 0 | fr2kr: 105 | lpr2kr: 135 | cap2udp: 0 | kr2udp: 1 | 
2026-05-04 08:18:56,084 - INFO     - img2od: 0 | od2fr: 0 | od2lpr: 0 | od2cap: 0 | fr2kr: 102 | lpr2kr: 132 | cap2udp: 0 | kr2udp: 1 | 
2026-05-04 08:18:57,085 - INFO     - img2od: 0 | od2fr: 0 | od2lpr: 0 | od2cap: 0 | fr2kr: 99 | lpr2kr: 129 | cap2udp: 0 | kr2udp: 0 | 
2026-05-04 08:18:58,086 - INFO     - img2od: 0 | od2fr: 0 | od2lpr: 0 | od2cap: 0 | fr2kr: 96 | lpr2kr: 127 | cap2udp: 0 | kr2udp: 0 | 
2026-05-04 08:18:59,087 - INFO     - img2od: 0 | od2fr: 0 | od2lpr: 0 | od2cap: 0 | fr2kr: 94 | lpr2kr: 124 | cap2udp: 0 | kr2udp: 1 | 
2026-05-04 08:19:00,088 - INFO     - img2od: 0 | od2fr: 0 | od2lpr: 0 | od2cap: 0 | fr2kr: 91 | lpr2kr: 121 | cap2udp: 0 | kr2udp: 1 | 
2026-05-04 08:19:01,090 - INFO     - img2od: 0 | od2fr: 0 | od2lpr: 0 | od2cap: 0 | fr2kr: 88 | lpr2kr: 118 | cap2udp: 0 | kr2udp: 0 | 
2026-05-04 08:19:02,091 - INFO     - img2od: 0 | od2fr: 0 | od2lpr: 0 | od2cap: 0 | fr2kr: 85 | lpr2kr: 116 | cap2udp: 0 | kr2udp: 0 | 
2026-05-04 08:19:03,092 - INFO     - img2od: 0 | od2fr: 0 | od2lpr: 0 | od2cap: 0 | fr2kr: 83 | lpr2kr: 113 | cap2udp: 0 | kr2udp: 1 | 
2026-05-04 08:19:04,093 - INFO     - img2od: 0 | od2fr: 0 | od2lpr: 0 | od2cap: 0 | fr2kr: 80 | lpr2kr: 110 | cap2udp: 0 | kr2udp: 1 | 
2026-05-04 08:19:05,095 - INFO     - img2od: 0 | od2fr: 0 | od2lpr: 0 | od2cap: 0 | fr2kr: 77 | lpr2kr: 107 | cap2udp: 0 | kr2udp: 0 | 
2026-05-04 08:19:06,096 - INFO     - img2od: 0 | od2fr: 0 | od2lpr: 0 | od2cap: 0 | fr2kr: 74 | lpr2kr: 105 | cap2udp: 0 | kr2udp: 0 | 
2026-05-04 08:19:07,097 - INFO     - img2od: 0 | od2fr: 0 | od2lpr: 0 | od2cap: 0 | fr2kr: 71 | lpr2kr: 102 | cap2udp: 0 | kr2udp: 1 | 
2026-05-04 08:19:08,098 - INFO     - img2od: 0 | od2fr: 0 | od2lpr: 0 | od2cap: 0 | fr2kr: 69 | lpr2kr: 99 | cap2udp: 0 | kr2udp: 1 | 
2026-05-04 08:19:09,099 - INFO     - img2od: 0 | od2fr: 0 | od2lpr: 0 | od2cap: 0 | fr2kr: 66 | lpr2kr: 96 | cap2udp: 0 | kr2udp: 1 | 
2026-05-04 08:19:10,100 - INFO     - img2od: 0 | od2fr: 0 | od2lpr: 0 | od2cap: 0 | fr2kr: 63 | lpr2kr: 93 | cap2udp: 0 | kr2udp: 1 | 
2026-05-04 08:19:11,101 - INFO     - img2od: 0 | od2fr: 0 | od2lpr: 0 | od2cap: 0 | fr2kr: 60 | lpr2kr: 91 | cap2udp: 0 | kr2udp: 0 | 
2026-05-04 08:19:12,102 - INFO     - img2od: 0 | od2fr: 0 | od2lpr: 0 | od2cap: 0 | fr2kr: 57 | lpr2kr: 88 | cap2udp: 0 | kr2udp: 0 | 
2026-05-04 08:19:13,103 - INFO     - img2od: 0 | od2fr: 0 | od2lpr: 0 | od2cap: 0 | fr2kr: 55 | lpr2kr: 85 | cap2udp: 0 | kr2udp: 1 | 
2026-05-04 08:19:14,104 - INFO     - img2od: 0 | od2fr: 0 | od2lpr: 0 | od2cap: 0 | fr2kr: 52 | lpr2kr: 82 | cap2udp: 0 | kr2udp: 0 | 
2026-05-04 08:19:15,105 - INFO     - img2od: 0 | od2fr: 0 | od2lpr: 0 | od2cap: 0 | fr2kr: 49 | lpr2kr: 79 | cap2udp: 0 | kr2udp: 1 | 
2026-05-04 08:19:16,106 - INFO     - img2od: 0 | od2fr: 0 | od2lpr: 0 | od2cap: 0 | fr2kr: 46 | lpr2kr: 77 | cap2udp: 0 | kr2udp: 0 | 
2026-05-04 08:19:17,107 - INFO     - img2od: 0 | od2fr: 0 | od2lpr: 0 | od2cap: 0 | fr2kr: 44 | lpr2kr: 74 | cap2udp: 0 | kr2udp: 1 | 
2026-05-04 08:19:18,108 - INFO     - img2od: 0 | od2fr: 0 | od2lpr: 0 | od2cap: 0 | fr2kr: 41 | lpr2kr: 71 | cap2udp: 0 | kr2udp: 1 | 
2026-05-04 08:19:19,109 - INFO     - img2od: 0 | od2fr: 0 | od2lpr: 0 | od2cap: 0 | fr2kr: 38 | lpr2kr: 68 | cap2udp: 0 | kr2udp: 1 | 
2026-05-04 08:19:20,110 - INFO     - img2od: 0 | od2fr: 0 | od2lpr: 0 | od2cap: 0 | fr2kr: 35 | lpr2kr: 65 | cap2udp: 0 | kr2udp: 0 | 
2026-05-04 08:19:21,111 - INFO     - img2od: 0 | od2fr: 0 | od2lpr: 0 | od2cap: 0 | fr2kr: 32 | lpr2kr: 63 | cap2udp: 0 | kr2udp: 0 | 
2026-05-04 08:19:22,112 - INFO     - img2od: 0 | od2fr: 0 | od2lpr: 0 | od2cap: 0 | fr2kr: 29 | lpr2kr: 60 | cap2udp: 0 | kr2udp: 1 | 
2026-05-04 08:19:23,113 - INFO     - img2od: 0 | od2fr: 0 | od2lpr: 0 | od2cap: 0 | fr2kr: 27 | lpr2kr: 57 | cap2udp: 0 | kr2udp: 1 | 
2026-05-04 08:19:24,114 - INFO     - img2od: 0 | od2fr: 0 | od2lpr: 0 | od2cap: 0 | fr2kr: 24 | lpr2kr: 54 | cap2udp: 0 | kr2udp: 0 | 
2026-05-04 08:19:25,115 - INFO     - img2od: 0 | od2fr: 0 | od2lpr: 0 | od2cap: 0 | fr2kr: 21 | lpr2kr: 51 | cap2udp: 0 | kr2udp: 0 | 
2026-05-04 08:19:26,116 - INFO     - img2od: 0 | od2fr: 0 | od2lpr: 0 | od2cap: 0 | fr2kr: 18 | lpr2kr: 48 | cap2udp: 0 | kr2udp: 1 | 
2026-05-04 08:19:27,117 - INFO     - img2od: 0 | od2fr: 0 | od2lpr: 0 | od2cap: 0 | fr2kr: 15 | lpr2kr: 46 | cap2udp: 0 | kr2udp: 0 | 
2026-05-04 08:19:28,118 - INFO     - img2od: 0 | od2fr: 0 | od2lpr: 0 | od2cap: 0 | fr2kr: 12 | lpr2kr: 43 | cap2udp: 0 | kr2udp: 1 | 
2026-05-04 08:19:29,119 - INFO     - img2od: 0 | od2fr: 0 | od2lpr: 0 | od2cap: 0 | fr2kr: 10 | lpr2kr: 40 | cap2udp: 0 | kr2udp: 1 | 
2026-05-04 08:19:30,120 - INFO     - img2od: 0 | od2fr: 0 | od2lpr: 0 | od2cap: 0 | fr2kr: 7 | lpr2kr: 37 | cap2udp: 0 | kr2udp: 1 | 
2026-05-04 08:19:31,121 - INFO     - img2od: 0 | od2fr: 0 | od2lpr: 0 | od2cap: 0 | fr2kr: 4 | lpr2kr: 34 | cap2udp: 0 | kr2udp: 1 | 
2026-05-04 08:19:32,122 - INFO     - img2od: 0 | od2fr: 0 | od2lpr: 0 | od2cap: 0 | fr2kr: 1 | lpr2kr: 31 | cap2udp: 0 | kr2udp: 1 | 
2026-05-04 08:19:32,191 - INFO     - krStream     : Received end signal from FR
2026-05-04 08:19:33,123 - INFO     - img2od: 0 | od2fr: 0 | od2lpr: 0 | od2cap: 0 | fr2kr: 0 | lpr2kr: 26 | cap2udp: 0 | kr2udp: 1 | 
2026-05-04 08:19:34,124 - INFO     - img2od: 0 | od2fr: 0 | od2lpr: 0 | od2cap: 0 | fr2kr: 0 | lpr2kr: 22 | cap2udp: 0 | kr2udp: 0 | 
2026-05-04 08:19:35,126 - INFO     - img2od: 0 | od2fr: 0 | od2lpr: 0 | od2cap: 0 | fr2kr: 0 | lpr2kr: 18 | cap2udp: 0 | kr2udp: 1 | 
2026-05-04 08:19:36,127 - INFO     - img2od: 0 | od2fr: 0 | od2lpr: 0 | od2cap: 0 | fr2kr: 0 | lpr2kr: 13 | cap2udp: 0 | kr2udp: 1 | 
2026-05-04 08:19:37,128 - INFO     - img2od: 0 | od2fr: 0 | od2lpr: 0 | od2cap: 0 | fr2kr: 0 | lpr2kr: 9 | cap2udp: 0 | kr2udp: 1 | 
2026-05-04 08:19:38,129 - INFO     - img2od: 0 | od2fr: 0 | od2lpr: 0 | od2cap: 0 | fr2kr: 0 | lpr2kr: 4 | cap2udp: 0 | kr2udp: 0 | 
2026-05-04 08:19:39,020 - INFO     - krStream     : Received end signal from LPR
2026-05-04 08:19:39,130 - INFO     - img2od: 0 | od2fr: 0 | od2lpr: 0 | od2cap: 0 | fr2kr: 0 | lpr2kr: 0 | cap2udp: 0 | kr2udp: 0 | 
2026-05-04 08:19:39,134 - INFO     - krStream     : Received BOTH END signal, shutting down
2026-05-04 08:19:39,275 - INFO     - udpStream    : Received end signal from KR
2026-05-04 08:19:39,276 - INFO     - krStream     : shutdown successful
2026-05-04 08:19:39,391 - INFO     - udpStream    : Received BOTH END signal, shutting down
2026-05-04 08:19:39,745 - INFO     - udpStream    : shutdown successful
2026-05-04 08:19:40,132 - INFO     - img2od: 0 | od2fr: 0 | od2lpr: 0 | od2cap: 0 | fr2kr: 0 | lpr2kr: 0 | cap2udp: 0 | kr2udp: 0 | 
2026-05-04 08:19:41,133 - INFO     - img2od: 0 | od2fr: 0 | od2lpr: 0 | od2cap: 0 | fr2kr: 0 | lpr2kr: 0 | cap2udp: 0 | kr2udp: 0 | 
2026-05-04 08:19:42,134 - INFO     - img2od: 0 | od2fr: 0 | od2lpr: 0 | od2cap: 0 | fr2kr: 0 | lpr2kr: 0 | cap2udp: 0 | kr2udp: 0 | 
2026-05-04 08:19:43,135 - INFO     - img2od: 0 | od2fr: 0 | od2lpr: 0 | od2cap: 0 | fr2kr: 0 | lpr2kr: 0 | cap2udp: 0 | kr2udp: 0 | 
2026-05-04 08:19:44,137 - INFO     - img2od: 0 | od2fr: 0 | od2lpr: 0 | od2cap: 0 | fr2kr: 0 | lpr2kr: 0 | cap2udp: 0 | kr2udp: 0 | 
2026-05-04 08:19:45,138 - INFO     - All queues empty, job done
2026-05-04 08:19:45,140 - INFO     - Queue logs written to ./profile_exp/mix/r0.01/def_smoothing/seed4/QUEUEWATCH.json
2026-05-04 08:19:45,732 - INFO     - Reach FINALLY block in MAIN process
2026-05-04 08:19:45,732 - INFO     - Starting cleanup of 7 processes.
2026-05-04 08:19:45,732 - INFO     - Draining and closing 8 queues.
2026-05-04 08:19:45,732 - INFO     - Starting cleanup for queue 0, queue size: 0.
2026-05-04 08:19:45,732 - INFO     - Starting cleanup for queue 1, queue size: 0.
2026-05-04 08:19:45,732 - INFO     - Starting cleanup for queue 2, queue size: 0.
2026-05-04 08:19:45,732 - INFO     - Starting cleanup for queue 3, queue size: 0.
2026-05-04 08:19:45,732 - INFO     - Starting cleanup for queue 4, queue size: 0.
2026-05-04 08:19:45,732 - INFO     - Starting cleanup for queue 5, queue size: 0.
2026-05-04 08:19:45,732 - INFO     - Starting cleanup for queue 6, queue size: 0.
2026-05-04 08:19:45,732 - INFO     - Starting cleanup for queue 7, queue size: 0.
2026-05-04 08:19:45,732 - INFO     - Cleanup complete.
2026-05-04 08:19:45,732 - INFO     - Cleaned up resources in MAIN process
2026-05-04 08:19:45,733 - INFO     - Summary written to ./profile_exp/mix/r0.01/def_smoothing/seed4/SUMMARY.json

======================================================================
PROFILING SUMMARY
======================================================================
  Total wall time:    221.87s
  Images processed:   100
  Throughput:         0.4507 img/s
  Avg E2E latency:    64.4352s
  Min E2E latency:    0.0217s
  Max E2E latency:    190.8699s

  Component          Count  Dropped     FLOPs/call    Total FLOPs
  --------------- -------- -------- -------------- --------------
  odStream             100        0   153844849936 15384484993600
  frStream             551        0     2837404864  1563410080064
  lprStream            581        0    60379460608 35080466613248
  capStream             42        0   311083426495 13065503912790
  krStream            1132        0            n/a            n/a
  udpStream           1174        0            n/a            n/a

  Total FLOPs:        65093865599702
======================================================================
