2026-05-03 15:33:28,652 - INFO     - imgStream    : internal profiling set to False
2026-05-03 15:33:28,652 - INFO     - odStream     : internal profiling set to False
2026-05-03 15:33:28,652 - INFO     - frStream     : internal profiling set to False
2026-05-03 15:33:28,652 - INFO     - lprStream    : internal profiling set to False
2026-05-03 15:33:28,652 - INFO     - capStream    : internal profiling set to False
2026-05-03 15:33:28,652 - INFO     - krStream     : internal profiling set to False
2026-05-03 15:33:28,652 - INFO     - udpStream    : internal profiling set to False


================================================================================
|                                                                              |
|                     Running: Traffic Monitoring Pipeline                     |
|                                                                              |
|                         Algorithm: None, Model ID: 0                         |
|                                                                              |
|                             Target Indices: none                             |
|                                                                              |
|                             2026-05-03 15:33:28                              |
|                                                                              |
================================================================================


Number of CUDA devices: 1
2026-05-03 15:33:31,507 - INFO     - img2od: 0 | od2fr: 0 | od2lpr: 0 | od2cap: 0 | fr2kr: 0 | lpr2kr: 0 | cap2udp: 0 | kr2udp: 0 | 
2026-05-03 15:33:31,710 - INFO     - imgStream    : input defense = gaussian
2026-05-03 15:33:31,711 - INFO     - imgStream    : mix mode ratio=0.01 seed=3 -> 99 clean / 1 attack
2026-05-03 15:33:31,711 - INFO     - imgStream    : started
/home/lxt230026/.conda/envs/dyndl/lib/python3.10/site-packages/facenet_pytorch/models/inception_resnet_v1.py:329: FutureWarning: You are using `torch.load` with `weights_only=False` (the current default value), which uses the default pickle module implicitly. It is possible to construct malicious pickle data which will execute arbitrary code during unpickling (See https://github.com/pytorch/pytorch/blob/main/SECURITY.md#untrusted-models for more details). In a future release, the default value for `weights_only` will be flipped to `True`. This limits the functions that could be executed during unpickling. Arbitrary objects will no longer be allowed to be loaded via this mode unless they are explicitly allowlisted by the user via `torch.serialization.add_safe_globals`. We recommend you start setting `weights_only=True` for any use case where you don't have full control of the loaded file. Please open an issue on GitHub for any issues related to this experimental feature.
  state_dict = torch.load(cached_file)
2026-05-03 15:33:32,308 - INFO     - krStream     : face embeddings loaded, found 1000 embeddings
2026-05-03 15:33:32,308 - INFO     - krStream     : started
2026-05-03 15:33:32,487 - INFO     - frStream     : FR model loaded, model_id = vggface2
2026-05-03 15:33:32,487 - INFO     - frStream     : started
2026-05-03 15:33:32,508 - INFO     - img2od: 4 | od2fr: 0 | od2lpr: 0 | od2cap: 0 | fr2kr: 0 | lpr2kr: 0 | cap2udp: 0 | kr2udp: 0 | 
2026-05-03 15:33:32,616 - INFO     - odStream     : OD model loaded, model_id = 0
2026-05-03 15:33:32,616 - INFO     - odStream     : started
/home/lxt230026/EfficiencyAttack/traffic/cmpnt/c4_lpr.py:145: FutureWarning: You are using `torch.load` with `weights_only=False` (the current default value), which uses the default pickle module implicitly. It is possible to construct malicious pickle data which will execute arbitrary code during unpickling (See https://github.com/pytorch/pytorch/blob/main/SECURITY.md#untrusted-models for more details). In a future release, the default value for `weights_only` will be flipped to `True`. This limits the functions that could be executed during unpickling. Arbitrary objects will no longer be allowed to be loaded via this mode unless they are explicitly allowlisted by the user via `torch.serialization.add_safe_globals`. We recommend you start setting `weights_only=True` for any use case where you don't have full control of the loaded file. Please open an issue on GitHub for any issues related to this experimental feature.
  self.checkpoint = torch.load(self.model_id, map_location='cpu')
2026-05-03 15:33:33,086 - INFO     - Using custom providers: ['CPUExecutionProvider']
2026-05-03 15:33:33,086 - INFO     - Skipping download of 'argentinian-plates-cnn-model' model, already exists at /home/lxt230026/.cache/fast-plate-ocr/argentinian-plates-cnn-model
2026-05-03 15:33:33,100 - INFO     - lprStream    : LPR model loaded, model_id = model_v2.pth
2026-05-03 15:33:33,100 - INFO     - lprStream    : started
2026-05-03 15:33:33,169 - INFO     - udpStream    : LM model loaded, model_id = gpt2
2026-05-03 15:33:33,169 - INFO     - udpStream    : started
2026-05-03 15:33:33,369 - INFO     - capStream    : CAP model loaded, model_id = microsoft/git-base
2026-05-03 15:33:33,369 - INFO     - capStream    : started
2026-05-03 15:33:33,509 - INFO     - img2od: 9 | od2fr: 0 | od2lpr: 0 | od2cap: 0 | fr2kr: 0 | lpr2kr: 0 | cap2udp: 0 | kr2udp: 0 | 
2026-05-03 15:33:34,510 - INFO     - img2od: 10 | od2fr: 6 | od2lpr: 0 | od2cap: 2 | fr2kr: 1 | lpr2kr: 0 | cap2udp: 0 | kr2udp: 1 | 
2026-05-03 15:33:35,511 - INFO     - img2od: 10 | od2fr: 3 | od2lpr: 0 | od2cap: 1 | fr2kr: 3 | lpr2kr: 0 | cap2udp: 0 | kr2udp: 0 | 
2026-05-03 15:33:36,512 - INFO     - img2od: 11 | od2fr: 10 | od2lpr: 0 | od2cap: 0 | fr2kr: 5 | lpr2kr: 3 | cap2udp: 1 | kr2udp: 0 | 
2026-05-03 15:33:37,513 - INFO     - img2od: 10 | od2fr: 16 | od2lpr: 0 | od2cap: 0 | fr2kr: 8 | lpr2kr: 1 | cap2udp: 0 | kr2udp: 0 | 
2026-05-03 15:33:38,514 - INFO     - img2od: 11 | od2fr: 34 | od2lpr: 0 | od2cap: 0 | fr2kr: 12 | lpr2kr: 0 | cap2udp: 0 | kr2udp: 1 | 
2026-05-03 15:33:39,515 - INFO     - img2od: 11 | od2fr: 40 | od2lpr: 0 | od2cap: 0 | fr2kr: 14 | lpr2kr: 0 | cap2udp: 0 | kr2udp: 1 | 
2026-05-03 15:33:40,516 - INFO     - img2od: 12 | od2fr: 40 | od2lpr: 0 | od2cap: 0 | fr2kr: 17 | lpr2kr: 0 | cap2udp: 1 | kr2udp: 1 | 
2026-05-03 15:33:41,517 - INFO     - img2od: 11 | od2fr: 115 | od2lpr: 0 | od2cap: 0 | fr2kr: 19 | lpr2kr: 0 | cap2udp: 0 | kr2udp: 1 | 
2026-05-03 15:33:42,518 - INFO     - img2od: 12 | od2fr: 119 | od2lpr: 189 | od2cap: 0 | fr2kr: 23 | lpr2kr: 2 | cap2udp: 0 | kr2udp: 1 | 
2026-05-03 15:33:43,519 - INFO     - img2od: 12 | od2fr: 162 | od2lpr: 160 | od2cap: 0 | fr2kr: 27 | lpr2kr: 31 | cap2udp: 0 | kr2udp: 0 | 
2026-05-03 15:33:44,520 - INFO     - img2od: 13 | od2fr: 204 | od2lpr: 132 | od2cap: 0 | fr2kr: 30 | lpr2kr: 57 | cap2udp: 0 | kr2udp: 1 | 
2026-05-03 15:33:45,521 - INFO     - img2od: 12 | od2fr: 272 | od2lpr: 101 | od2cap: 0 | fr2kr: 33 | lpr2kr: 90 | cap2udp: 1 | kr2udp: 1 | 
2026-05-03 15:33:46,522 - INFO     - img2od: 12 | od2fr: 288 | od2lpr: 76 | od2cap: 0 | fr2kr: 36 | lpr2kr: 119 | cap2udp: 1 | kr2udp: 1 | 
2026-05-03 15:33:47,523 - INFO     - img2od: 11 | od2fr: 353 | od2lpr: 41 | od2cap: 0 | fr2kr: 39 | lpr2kr: 161 | cap2udp: 0 | kr2udp: 1 | 
2026-05-03 15:33:48,524 - INFO     - img2od: 10 | od2fr: 352 | od2lpr: 13 | od2cap: 0 | fr2kr: 41 | lpr2kr: 192 | cap2udp: 0 | kr2udp: 1 | 
2026-05-03 15:33:49,525 - INFO     - img2od: 10 | od2fr: 351 | od2lpr: 0 | od2cap: 0 | fr2kr: 45 | lpr2kr: 203 | cap2udp: 0 | kr2udp: 1 | 
2026-05-03 15:33:50,526 - INFO     - img2od: 11 | od2fr: 359 | od2lpr: 0 | od2cap: 0 | fr2kr: 49 | lpr2kr: 210 | cap2udp: 0 | kr2udp: 1 | 
2026-05-03 15:33:50,843 - INFO     - imgStream    : completed, sending END signal
2026-05-03 15:33:50,843 - INFO     - imgStream    : shutdown
2026-05-03 15:33:50,997 - INFO     - imgStream    : shutdown successful
2026-05-03 15:33:51,527 - INFO     - img2od: 8 | od2fr: 390 | od2lpr: 9 | od2cap: 0 | fr2kr: 53 | lpr2kr: 214 | cap2udp: 0 | kr2udp: 1 | 
2026-05-03 15:33:52,528 - INFO     - img2od: 2 | od2fr: 390 | od2lpr: 0 | od2cap: 0 | fr2kr: 57 | lpr2kr: 221 | cap2udp: 0 | kr2udp: 1 | 
2026-05-03 15:33:52,871 - INFO     - odStream     : Received END signal, shutting down
2026-05-03 15:33:52,874 - INFO     - lprStream    : Received END signal, shutting down
2026-05-03 15:33:52,874 - INFO     - capStream    : Received END signal, shutting down
2026-05-03 15:33:52,888 - INFO     - udpStream    : Received end signal from CAP
2026-05-03 15:33:53,001 - INFO     - lprStream    : shutdown successful
2026-05-03 15:33:53,114 - INFO     - odStream     : shutdown successful
2026-05-03 15:33:53,340 - INFO     - capStream    : shutdown successful
2026-05-03 15:33:53,529 - INFO     - img2od: 0 | od2fr: 395 | od2lpr: 0 | od2cap: 0 | fr2kr: 61 | lpr2kr: 219 | cap2udp: 0 | kr2udp: 1 | 
2026-05-03 15:33:54,530 - INFO     - img2od: 0 | od2fr: 388 | od2lpr: 0 | od2cap: 0 | fr2kr: 65 | lpr2kr: 217 | cap2udp: 0 | kr2udp: 0 | 
2026-05-03 15:33:55,532 - INFO     - img2od: 0 | od2fr: 381 | od2lpr: 0 | od2cap: 0 | fr2kr: 70 | lpr2kr: 214 | cap2udp: 0 | kr2udp: 1 | 
2026-05-03 15:33:56,533 - INFO     - img2od: 0 | od2fr: 374 | od2lpr: 0 | od2cap: 0 | fr2kr: 74 | lpr2kr: 211 | cap2udp: 0 | kr2udp: 1 | 
2026-05-03 15:33:57,534 - INFO     - img2od: 0 | od2fr: 367 | od2lpr: 0 | od2cap: 0 | fr2kr: 78 | lpr2kr: 208 | cap2udp: 0 | kr2udp: 1 | 
2026-05-03 15:33:58,535 - INFO     - img2od: 0 | od2fr: 360 | od2lpr: 0 | od2cap: 0 | fr2kr: 82 | lpr2kr: 206 | cap2udp: 0 | kr2udp: 1 | 
2026-05-03 15:33:59,537 - INFO     - img2od: 0 | od2fr: 353 | od2lpr: 0 | od2cap: 0 | fr2kr: 86 | lpr2kr: 203 | cap2udp: 0 | kr2udp: 1 | 
2026-05-03 15:34:00,538 - INFO     - img2od: 0 | od2fr: 346 | od2lpr: 0 | od2cap: 0 | fr2kr: 91 | lpr2kr: 200 | cap2udp: 0 | kr2udp: 1 | 
2026-05-03 15:34:01,539 - INFO     - img2od: 0 | od2fr: 339 | od2lpr: 0 | od2cap: 0 | fr2kr: 95 | lpr2kr: 197 | cap2udp: 0 | kr2udp: 1 | 
2026-05-03 15:34:02,540 - INFO     - img2od: 0 | od2fr: 332 | od2lpr: 0 | od2cap: 0 | fr2kr: 99 | lpr2kr: 194 | cap2udp: 0 | kr2udp: 1 | 
2026-05-03 15:34:03,541 - INFO     - img2od: 0 | od2fr: 325 | od2lpr: 0 | od2cap: 0 | fr2kr: 103 | lpr2kr: 192 | cap2udp: 0 | kr2udp: 1 | 
2026-05-03 15:34:04,542 - INFO     - img2od: 0 | od2fr: 318 | od2lpr: 0 | od2cap: 0 | fr2kr: 108 | lpr2kr: 189 | cap2udp: 0 | kr2udp: 1 | 
2026-05-03 15:34:05,543 - INFO     - img2od: 0 | od2fr: 311 | od2lpr: 0 | od2cap: 0 | fr2kr: 112 | lpr2kr: 186 | cap2udp: 0 | kr2udp: 0 | 
2026-05-03 15:34:06,545 - INFO     - img2od: 0 | od2fr: 304 | od2lpr: 0 | od2cap: 0 | fr2kr: 116 | lpr2kr: 183 | cap2udp: 0 | kr2udp: 1 | 
2026-05-03 15:34:07,546 - INFO     - img2od: 0 | od2fr: 297 | od2lpr: 0 | od2cap: 0 | fr2kr: 120 | lpr2kr: 181 | cap2udp: 0 | kr2udp: 0 | 
2026-05-03 15:34:08,547 - INFO     - img2od: 0 | od2fr: 290 | od2lpr: 0 | od2cap: 0 | fr2kr: 125 | lpr2kr: 178 | cap2udp: 0 | kr2udp: 1 | 
2026-05-03 15:34:09,548 - INFO     - img2od: 0 | od2fr: 283 | od2lpr: 0 | od2cap: 0 | fr2kr: 129 | lpr2kr: 175 | cap2udp: 0 | kr2udp: 1 | 
2026-05-03 15:34:10,549 - INFO     - img2od: 0 | od2fr: 276 | od2lpr: 0 | od2cap: 0 | fr2kr: 133 | lpr2kr: 172 | cap2udp: 0 | kr2udp: 1 | 
2026-05-03 15:34:11,551 - INFO     - img2od: 0 | od2fr: 268 | od2lpr: 0 | od2cap: 0 | fr2kr: 137 | lpr2kr: 169 | cap2udp: 0 | kr2udp: 1 | 
2026-05-03 15:34:12,552 - INFO     - img2od: 0 | od2fr: 261 | od2lpr: 0 | od2cap: 0 | fr2kr: 142 | lpr2kr: 166 | cap2udp: 0 | kr2udp: 1 | 
2026-05-03 15:34:13,553 - INFO     - img2od: 0 | od2fr: 254 | od2lpr: 0 | od2cap: 0 | fr2kr: 146 | lpr2kr: 163 | cap2udp: 0 | kr2udp: 1 | 
2026-05-03 15:34:14,554 - INFO     - img2od: 0 | od2fr: 246 | od2lpr: 0 | od2cap: 0 | fr2kr: 151 | lpr2kr: 160 | cap2udp: 0 | kr2udp: 1 | 
2026-05-03 15:34:15,556 - INFO     - img2od: 0 | od2fr: 239 | od2lpr: 0 | od2cap: 0 | fr2kr: 155 | lpr2kr: 157 | cap2udp: 0 | kr2udp: 0 | 
2026-05-03 15:34:16,557 - INFO     - img2od: 0 | od2fr: 232 | od2lpr: 0 | od2cap: 0 | fr2kr: 159 | lpr2kr: 154 | cap2udp: 0 | kr2udp: 1 | 
2026-05-03 15:34:17,558 - INFO     - img2od: 0 | od2fr: 224 | od2lpr: 0 | od2cap: 0 | fr2kr: 164 | lpr2kr: 151 | cap2udp: 0 | kr2udp: 1 | 
2026-05-03 15:34:18,559 - INFO     - img2od: 0 | od2fr: 217 | od2lpr: 0 | od2cap: 0 | fr2kr: 168 | lpr2kr: 148 | cap2udp: 0 | kr2udp: 1 | 
2026-05-03 15:34:19,561 - INFO     - img2od: 0 | od2fr: 209 | od2lpr: 0 | od2cap: 0 | fr2kr: 173 | lpr2kr: 145 | cap2udp: 0 | kr2udp: 1 | 
2026-05-03 15:34:20,562 - INFO     - img2od: 0 | od2fr: 202 | od2lpr: 0 | od2cap: 0 | fr2kr: 177 | lpr2kr: 142 | cap2udp: 0 | kr2udp: 1 | 
2026-05-03 15:34:21,563 - INFO     - img2od: 0 | od2fr: 195 | od2lpr: 0 | od2cap: 0 | fr2kr: 181 | lpr2kr: 139 | cap2udp: 0 | kr2udp: 0 | 
2026-05-03 15:34:22,564 - INFO     - img2od: 0 | od2fr: 187 | od2lpr: 0 | od2cap: 0 | fr2kr: 186 | lpr2kr: 136 | cap2udp: 0 | kr2udp: 0 | 
2026-05-03 15:34:23,565 - INFO     - img2od: 0 | od2fr: 180 | od2lpr: 0 | od2cap: 0 | fr2kr: 190 | lpr2kr: 133 | cap2udp: 0 | kr2udp: 0 | 
2026-05-03 15:34:24,567 - INFO     - img2od: 0 | od2fr: 172 | od2lpr: 0 | od2cap: 0 | fr2kr: 195 | lpr2kr: 130 | cap2udp: 0 | kr2udp: 1 | 
2026-05-03 15:34:25,568 - INFO     - img2od: 0 | od2fr: 165 | od2lpr: 0 | od2cap: 0 | fr2kr: 199 | lpr2kr: 128 | cap2udp: 0 | kr2udp: 0 | 
2026-05-03 15:34:26,569 - INFO     - img2od: 0 | od2fr: 158 | od2lpr: 0 | od2cap: 0 | fr2kr: 203 | lpr2kr: 125 | cap2udp: 0 | kr2udp: 0 | 
2026-05-03 15:34:27,570 - INFO     - img2od: 0 | od2fr: 150 | od2lpr: 0 | od2cap: 0 | fr2kr: 208 | lpr2kr: 122 | cap2udp: 0 | kr2udp: 1 | 
2026-05-03 15:34:28,571 - INFO     - img2od: 0 | od2fr: 143 | od2lpr: 0 | od2cap: 0 | fr2kr: 212 | lpr2kr: 119 | cap2udp: 0 | kr2udp: 1 | 
2026-05-03 15:34:29,572 - INFO     - img2od: 0 | od2fr: 138 | od2lpr: 0 | od2cap: 0 | fr2kr: 215 | lpr2kr: 117 | cap2udp: 0 | kr2udp: 1 | 
2026-05-03 15:34:30,573 - INFO     - img2od: 0 | od2fr: 131 | od2lpr: 0 | od2cap: 0 | fr2kr: 220 | lpr2kr: 114 | cap2udp: 0 | kr2udp: 1 | 
2026-05-03 15:34:31,574 - INFO     - img2od: 0 | od2fr: 125 | od2lpr: 0 | od2cap: 0 | fr2kr: 224 | lpr2kr: 112 | cap2udp: 0 | kr2udp: 1 | 
2026-05-03 15:34:32,575 - INFO     - img2od: 0 | od2fr: 119 | od2lpr: 0 | od2cap: 0 | fr2kr: 228 | lpr2kr: 110 | cap2udp: 0 | kr2udp: 1 | 
2026-05-03 15:34:33,576 - INFO     - img2od: 0 | od2fr: 113 | od2lpr: 0 | od2cap: 0 | fr2kr: 231 | lpr2kr: 107 | cap2udp: 0 | kr2udp: 1 | 
2026-05-03 15:34:34,577 - INFO     - img2od: 0 | od2fr: 106 | od2lpr: 0 | od2cap: 0 | fr2kr: 236 | lpr2kr: 105 | cap2udp: 0 | kr2udp: 1 | 
2026-05-03 15:34:35,578 - INFO     - img2od: 0 | od2fr: 100 | od2lpr: 0 | od2cap: 0 | fr2kr: 239 | lpr2kr: 103 | cap2udp: 0 | kr2udp: 1 | 
2026-05-03 15:34:36,579 - INFO     - img2od: 0 | od2fr: 94 | od2lpr: 0 | od2cap: 0 | fr2kr: 243 | lpr2kr: 100 | cap2udp: 0 | kr2udp: 0 | 
2026-05-03 15:34:37,580 - INFO     - img2od: 0 | od2fr: 87 | od2lpr: 0 | od2cap: 0 | fr2kr: 247 | lpr2kr: 98 | cap2udp: 0 | kr2udp: 1 | 
2026-05-03 15:34:38,581 - INFO     - img2od: 0 | od2fr: 81 | od2lpr: 0 | od2cap: 0 | fr2kr: 251 | lpr2kr: 95 | cap2udp: 0 | kr2udp: 0 | 
2026-05-03 15:34:39,582 - INFO     - img2od: 0 | od2fr: 74 | od2lpr: 0 | od2cap: 0 | fr2kr: 254 | lpr2kr: 93 | cap2udp: 0 | kr2udp: 0 | 
2026-05-03 15:34:40,583 - INFO     - img2od: 0 | od2fr: 68 | od2lpr: 0 | od2cap: 0 | fr2kr: 259 | lpr2kr: 90 | cap2udp: 0 | kr2udp: 0 | 
2026-05-03 15:34:41,584 - INFO     - img2od: 0 | od2fr: 62 | od2lpr: 0 | od2cap: 0 | fr2kr: 262 | lpr2kr: 88 | cap2udp: 0 | kr2udp: 0 | 
2026-05-03 15:34:42,585 - INFO     - img2od: 0 | od2fr: 55 | od2lpr: 0 | od2cap: 0 | fr2kr: 267 | lpr2kr: 85 | cap2udp: 0 | kr2udp: 1 | 
2026-05-03 15:34:43,586 - INFO     - img2od: 0 | od2fr: 49 | od2lpr: 0 | od2cap: 0 | fr2kr: 270 | lpr2kr: 83 | cap2udp: 0 | kr2udp: 0 | 
2026-05-03 15:34:44,587 - INFO     - img2od: 0 | od2fr: 42 | od2lpr: 0 | od2cap: 0 | fr2kr: 275 | lpr2kr: 80 | cap2udp: 0 | kr2udp: 1 | 
2026-05-03 15:34:45,588 - INFO     - img2od: 0 | od2fr: 36 | od2lpr: 0 | od2cap: 0 | fr2kr: 278 | lpr2kr: 77 | cap2udp: 0 | kr2udp: 0 | 
2026-05-03 15:34:46,589 - INFO     - img2od: 0 | od2fr: 30 | od2lpr: 0 | od2cap: 0 | fr2kr: 282 | lpr2kr: 75 | cap2udp: 0 | kr2udp: 1 | 
2026-05-03 15:34:47,590 - INFO     - img2od: 0 | od2fr: 23 | od2lpr: 0 | od2cap: 0 | fr2kr: 286 | lpr2kr: 72 | cap2udp: 0 | kr2udp: 0 | 
2026-05-03 15:34:48,591 - INFO     - img2od: 0 | od2fr: 17 | od2lpr: 0 | od2cap: 0 | fr2kr: 290 | lpr2kr: 70 | cap2udp: 0 | kr2udp: 1 | 
2026-05-03 15:34:49,592 - INFO     - img2od: 0 | od2fr: 11 | od2lpr: 0 | od2cap: 0 | fr2kr: 293 | lpr2kr: 68 | cap2udp: 0 | kr2udp: 1 | 
2026-05-03 15:34:50,593 - INFO     - img2od: 0 | od2fr: 6 | od2lpr: 0 | od2cap: 0 | fr2kr: 296 | lpr2kr: 66 | cap2udp: 0 | kr2udp: 1 | 
loading model on device: cuda
Initializing checkpoint: PekingU/rtdetr_r50vd, ID: 0
2026-05-03 15:34:51,468 - INFO     - frStream     : Received END signal, shutting down
2026-05-03 15:34:51,594 - INFO     - img2od: 0 | od2fr: 0 | od2lpr: 0 | od2cap: 0 | fr2kr: 300 | lpr2kr: 63 | cap2udp: 0 | kr2udp: 1 | 
2026-05-03 15:34:51,688 - INFO     - frStream     : shutdown successful
2026-05-03 15:34:52,595 - INFO     - img2od: 0 | od2fr: 0 | od2lpr: 0 | od2cap: 0 | fr2kr: 298 | lpr2kr: 61 | cap2udp: 0 | kr2udp: 0 | 
2026-05-03 15:34:53,596 - INFO     - img2od: 0 | od2fr: 0 | od2lpr: 0 | od2cap: 0 | fr2kr: 296 | lpr2kr: 59 | cap2udp: 0 | kr2udp: 1 | 
2026-05-03 15:34:54,597 - INFO     - img2od: 0 | od2fr: 0 | od2lpr: 0 | od2cap: 0 | fr2kr: 293 | lpr2kr: 57 | cap2udp: 0 | kr2udp: 0 | 
2026-05-03 15:34:55,598 - INFO     - img2od: 0 | od2fr: 0 | od2lpr: 0 | od2cap: 0 | fr2kr: 290 | lpr2kr: 54 | cap2udp: 0 | kr2udp: 1 | 
2026-05-03 15:34:56,599 - INFO     - img2od: 0 | od2fr: 0 | od2lpr: 0 | od2cap: 0 | fr2kr: 288 | lpr2kr: 51 | cap2udp: 0 | kr2udp: 1 | 
2026-05-03 15:34:57,601 - INFO     - img2od: 0 | od2fr: 0 | od2lpr: 0 | od2cap: 0 | fr2kr: 285 | lpr2kr: 48 | cap2udp: 0 | kr2udp: 0 | 
2026-05-03 15:34:58,602 - INFO     - img2od: 0 | od2fr: 0 | od2lpr: 0 | od2cap: 0 | fr2kr: 282 | lpr2kr: 46 | cap2udp: 0 | kr2udp: 0 | 
2026-05-03 15:34:59,603 - INFO     - img2od: 0 | od2fr: 0 | od2lpr: 0 | od2cap: 0 | fr2kr: 279 | lpr2kr: 43 | cap2udp: 0 | kr2udp: 1 | 
2026-05-03 15:35:00,604 - INFO     - img2od: 0 | od2fr: 0 | od2lpr: 0 | od2cap: 0 | fr2kr: 277 | lpr2kr: 40 | cap2udp: 0 | kr2udp: 1 | 
2026-05-03 15:35:01,605 - INFO     - img2od: 0 | od2fr: 0 | od2lpr: 0 | od2cap: 0 | fr2kr: 274 | lpr2kr: 37 | cap2udp: 0 | kr2udp: 1 | 
2026-05-03 15:35:02,607 - INFO     - img2od: 0 | od2fr: 0 | od2lpr: 0 | od2cap: 0 | fr2kr: 271 | lpr2kr: 35 | cap2udp: 0 | kr2udp: 0 | 
2026-05-03 15:35:03,608 - INFO     - img2od: 0 | od2fr: 0 | od2lpr: 0 | od2cap: 0 | fr2kr: 268 | lpr2kr: 32 | cap2udp: 0 | kr2udp: 0 | 
2026-05-03 15:35:04,609 - INFO     - img2od: 0 | od2fr: 0 | od2lpr: 0 | od2cap: 0 | fr2kr: 266 | lpr2kr: 29 | cap2udp: 0 | kr2udp: 1 | 
2026-05-03 15:35:05,610 - INFO     - img2od: 0 | od2fr: 0 | od2lpr: 0 | od2cap: 0 | fr2kr: 263 | lpr2kr: 26 | cap2udp: 0 | kr2udp: 1 | 
2026-05-03 15:35:06,611 - INFO     - img2od: 0 | od2fr: 0 | od2lpr: 0 | od2cap: 0 | fr2kr: 260 | lpr2kr: 23 | cap2udp: 0 | kr2udp: 0 | 
2026-05-03 15:35:07,612 - INFO     - img2od: 0 | od2fr: 0 | od2lpr: 0 | od2cap: 0 | fr2kr: 257 | lpr2kr: 21 | cap2udp: 0 | kr2udp: 0 | 
2026-05-03 15:35:08,614 - INFO     - img2od: 0 | od2fr: 0 | od2lpr: 0 | od2cap: 0 | fr2kr: 254 | lpr2kr: 18 | cap2udp: 0 | kr2udp: 1 | 
2026-05-03 15:35:09,615 - INFO     - img2od: 0 | od2fr: 0 | od2lpr: 0 | od2cap: 0 | fr2kr: 252 | lpr2kr: 15 | cap2udp: 0 | kr2udp: 1 | 
2026-05-03 15:35:10,616 - INFO     - img2od: 0 | od2fr: 0 | od2lpr: 0 | od2cap: 0 | fr2kr: 249 | lpr2kr: 12 | cap2udp: 0 | kr2udp: 1 | 
2026-05-03 15:35:11,617 - INFO     - img2od: 0 | od2fr: 0 | od2lpr: 0 | od2cap: 0 | fr2kr: 246 | lpr2kr: 9 | cap2udp: 0 | kr2udp: 1 | 
2026-05-03 15:35:12,618 - INFO     - img2od: 0 | od2fr: 0 | od2lpr: 0 | od2cap: 0 | fr2kr: 243 | lpr2kr: 6 | cap2udp: 0 | kr2udp: 1 | 
2026-05-03 15:35:13,619 - INFO     - img2od: 0 | od2fr: 0 | od2lpr: 0 | od2cap: 0 | fr2kr: 240 | lpr2kr: 4 | cap2udp: 0 | kr2udp: 0 | 
2026-05-03 15:35:14,621 - INFO     - img2od: 0 | od2fr: 0 | od2lpr: 0 | od2cap: 0 | fr2kr: 238 | lpr2kr: 1 | cap2udp: 0 | kr2udp: 1 | 
2026-05-03 15:35:14,758 - INFO     - krStream     : Received end signal from LPR
2026-05-03 15:35:15,622 - INFO     - img2od: 0 | od2fr: 0 | od2lpr: 0 | od2cap: 0 | fr2kr: 233 | lpr2kr: 0 | cap2udp: 0 | kr2udp: 1 | 
2026-05-03 15:35:16,623 - INFO     - img2od: 0 | od2fr: 0 | od2lpr: 0 | od2cap: 0 | fr2kr: 229 | lpr2kr: 0 | cap2udp: 0 | kr2udp: 0 | 
2026-05-03 15:35:17,624 - INFO     - img2od: 0 | od2fr: 0 | od2lpr: 0 | od2cap: 0 | fr2kr: 225 | lpr2kr: 0 | cap2udp: 0 | kr2udp: 1 | 
2026-05-03 15:35:18,625 - INFO     - img2od: 0 | od2fr: 0 | od2lpr: 0 | od2cap: 0 | fr2kr: 221 | lpr2kr: 0 | cap2udp: 0 | kr2udp: 1 | 
2026-05-03 15:35:19,627 - INFO     - img2od: 0 | od2fr: 0 | od2lpr: 0 | od2cap: 0 | fr2kr: 216 | lpr2kr: 0 | cap2udp: 0 | kr2udp: 1 | 
2026-05-03 15:35:20,628 - INFO     - img2od: 0 | od2fr: 0 | od2lpr: 0 | od2cap: 0 | fr2kr: 212 | lpr2kr: 0 | cap2udp: 0 | kr2udp: 0 | 
2026-05-03 15:35:21,629 - INFO     - img2od: 0 | od2fr: 0 | od2lpr: 0 | od2cap: 0 | fr2kr: 208 | lpr2kr: 0 | cap2udp: 0 | kr2udp: 0 | 
2026-05-03 15:35:22,630 - INFO     - img2od: 0 | od2fr: 0 | od2lpr: 0 | od2cap: 0 | fr2kr: 204 | lpr2kr: 0 | cap2udp: 0 | kr2udp: 1 | 
2026-05-03 15:35:23,631 - INFO     - img2od: 0 | od2fr: 0 | od2lpr: 0 | od2cap: 0 | fr2kr: 200 | lpr2kr: 0 | cap2udp: 0 | kr2udp: 1 | 
2026-05-03 15:35:24,633 - INFO     - img2od: 0 | od2fr: 0 | od2lpr: 0 | od2cap: 0 | fr2kr: 196 | lpr2kr: 0 | cap2udp: 0 | kr2udp: 1 | 
2026-05-03 15:35:25,634 - INFO     - img2od: 0 | od2fr: 0 | od2lpr: 0 | od2cap: 0 | fr2kr: 191 | lpr2kr: 0 | cap2udp: 0 | kr2udp: 1 | 
2026-05-03 15:35:26,635 - INFO     - img2od: 0 | od2fr: 0 | od2lpr: 0 | od2cap: 0 | fr2kr: 187 | lpr2kr: 0 | cap2udp: 0 | kr2udp: 0 | 
2026-05-03 15:35:27,636 - INFO     - img2od: 0 | od2fr: 0 | od2lpr: 0 | od2cap: 0 | fr2kr: 183 | lpr2kr: 0 | cap2udp: 0 | kr2udp: 0 | 
2026-05-03 15:35:28,637 - INFO     - img2od: 0 | od2fr: 0 | od2lpr: 0 | od2cap: 0 | fr2kr: 179 | lpr2kr: 0 | cap2udp: 0 | kr2udp: 0 | 
2026-05-03 15:35:29,638 - INFO     - img2od: 0 | od2fr: 0 | od2lpr: 0 | od2cap: 0 | fr2kr: 175 | lpr2kr: 0 | cap2udp: 0 | kr2udp: 1 | 
2026-05-03 15:35:30,639 - INFO     - img2od: 0 | od2fr: 0 | od2lpr: 0 | od2cap: 0 | fr2kr: 171 | lpr2kr: 0 | cap2udp: 0 | kr2udp: 1 | 
2026-05-03 15:35:31,639 - INFO     - img2od: 0 | od2fr: 0 | od2lpr: 0 | od2cap: 0 | fr2kr: 167 | lpr2kr: 0 | cap2udp: 0 | kr2udp: 1 | 
2026-05-03 15:35:32,640 - INFO     - img2od: 0 | od2fr: 0 | od2lpr: 0 | od2cap: 0 | fr2kr: 162 | lpr2kr: 0 | cap2udp: 0 | kr2udp: 1 | 
2026-05-03 15:35:33,641 - INFO     - img2od: 0 | od2fr: 0 | od2lpr: 0 | od2cap: 0 | fr2kr: 158 | lpr2kr: 0 | cap2udp: 0 | kr2udp: 1 | 
2026-05-03 15:35:34,642 - INFO     - img2od: 0 | od2fr: 0 | od2lpr: 0 | od2cap: 0 | fr2kr: 154 | lpr2kr: 0 | cap2udp: 0 | kr2udp: 0 | 
2026-05-03 15:35:35,643 - INFO     - img2od: 0 | od2fr: 0 | od2lpr: 0 | od2cap: 0 | fr2kr: 150 | lpr2kr: 0 | cap2udp: 0 | kr2udp: 1 | 
2026-05-03 15:35:36,644 - INFO     - img2od: 0 | od2fr: 0 | od2lpr: 0 | od2cap: 0 | fr2kr: 146 | lpr2kr: 0 | cap2udp: 0 | kr2udp: 1 | 
2026-05-03 15:35:37,646 - INFO     - img2od: 0 | od2fr: 0 | od2lpr: 0 | od2cap: 0 | fr2kr: 141 | lpr2kr: 0 | cap2udp: 0 | kr2udp: 1 | 
2026-05-03 15:35:38,647 - INFO     - img2od: 0 | od2fr: 0 | od2lpr: 0 | od2cap: 0 | fr2kr: 137 | lpr2kr: 0 | cap2udp: 0 | kr2udp: 0 | 
2026-05-03 15:35:39,648 - INFO     - img2od: 0 | od2fr: 0 | od2lpr: 0 | od2cap: 0 | fr2kr: 133 | lpr2kr: 0 | cap2udp: 0 | kr2udp: 0 | 
2026-05-03 15:35:40,649 - INFO     - img2od: 0 | od2fr: 0 | od2lpr: 0 | od2cap: 0 | fr2kr: 129 | lpr2kr: 0 | cap2udp: 0 | kr2udp: 1 | 
2026-05-03 15:35:41,650 - INFO     - img2od: 0 | od2fr: 0 | od2lpr: 0 | od2cap: 0 | fr2kr: 125 | lpr2kr: 0 | cap2udp: 0 | kr2udp: 1 | 
2026-05-03 15:35:42,651 - INFO     - img2od: 0 | od2fr: 0 | od2lpr: 0 | od2cap: 0 | fr2kr: 121 | lpr2kr: 0 | cap2udp: 0 | kr2udp: 1 | 
2026-05-03 15:35:43,653 - INFO     - img2od: 0 | od2fr: 0 | od2lpr: 0 | od2cap: 0 | fr2kr: 116 | lpr2kr: 0 | cap2udp: 0 | kr2udp: 1 | 
2026-05-03 15:35:44,654 - INFO     - img2od: 0 | od2fr: 0 | od2lpr: 0 | od2cap: 0 | fr2kr: 112 | lpr2kr: 0 | cap2udp: 0 | kr2udp: 0 | 
2026-05-03 15:35:45,655 - INFO     - img2od: 0 | od2fr: 0 | od2lpr: 0 | od2cap: 0 | fr2kr: 108 | lpr2kr: 0 | cap2udp: 0 | kr2udp: 0 | 
2026-05-03 15:35:46,656 - INFO     - img2od: 0 | od2fr: 0 | od2lpr: 0 | od2cap: 0 | fr2kr: 104 | lpr2kr: 0 | cap2udp: 0 | kr2udp: 0 | 
2026-05-03 15:35:47,657 - INFO     - img2od: 0 | od2fr: 0 | od2lpr: 0 | od2cap: 0 | fr2kr: 100 | lpr2kr: 0 | cap2udp: 0 | kr2udp: 1 | 
2026-05-03 15:35:48,658 - INFO     - img2od: 0 | od2fr: 0 | od2lpr: 0 | od2cap: 0 | fr2kr: 96 | lpr2kr: 0 | cap2udp: 0 | kr2udp: 1 | 
2026-05-03 15:35:49,659 - INFO     - img2od: 0 | od2fr: 0 | od2lpr: 0 | od2cap: 0 | fr2kr: 92 | lpr2kr: 0 | cap2udp: 0 | kr2udp: 1 | 
2026-05-03 15:35:50,660 - INFO     - img2od: 0 | od2fr: 0 | od2lpr: 0 | od2cap: 0 | fr2kr: 88 | lpr2kr: 0 | cap2udp: 0 | kr2udp: 1 | 
2026-05-03 15:35:51,661 - INFO     - img2od: 0 | od2fr: 0 | od2lpr: 0 | od2cap: 0 | fr2kr: 83 | lpr2kr: 0 | cap2udp: 0 | kr2udp: 0 | 
2026-05-03 15:35:52,662 - INFO     - img2od: 0 | od2fr: 0 | od2lpr: 0 | od2cap: 0 | fr2kr: 79 | lpr2kr: 0 | cap2udp: 0 | kr2udp: 1 | 
2026-05-03 15:35:53,664 - INFO     - img2od: 0 | od2fr: 0 | od2lpr: 0 | od2cap: 0 | fr2kr: 75 | lpr2kr: 0 | cap2udp: 0 | kr2udp: 1 | 
2026-05-03 15:35:54,665 - INFO     - img2od: 0 | od2fr: 0 | od2lpr: 0 | od2cap: 0 | fr2kr: 70 | lpr2kr: 0 | cap2udp: 0 | kr2udp: 0 | 
2026-05-03 15:35:55,666 - INFO     - img2od: 0 | od2fr: 0 | od2lpr: 0 | od2cap: 0 | fr2kr: 66 | lpr2kr: 0 | cap2udp: 0 | kr2udp: 1 | 
2026-05-03 15:35:56,667 - INFO     - img2od: 0 | od2fr: 0 | od2lpr: 0 | od2cap: 0 | fr2kr: 62 | lpr2kr: 0 | cap2udp: 0 | kr2udp: 1 | 
2026-05-03 15:35:57,669 - INFO     - img2od: 0 | od2fr: 0 | od2lpr: 0 | od2cap: 0 | fr2kr: 57 | lpr2kr: 0 | cap2udp: 0 | kr2udp: 0 | 
2026-05-03 15:35:58,670 - INFO     - img2od: 0 | od2fr: 0 | od2lpr: 0 | od2cap: 0 | fr2kr: 53 | lpr2kr: 0 | cap2udp: 0 | kr2udp: 1 | 
2026-05-03 15:35:59,671 - INFO     - img2od: 0 | od2fr: 0 | od2lpr: 0 | od2cap: 0 | fr2kr: 48 | lpr2kr: 0 | cap2udp: 0 | kr2udp: 1 | 
2026-05-03 15:36:00,672 - INFO     - img2od: 0 | od2fr: 0 | od2lpr: 0 | od2cap: 0 | fr2kr: 44 | lpr2kr: 0 | cap2udp: 0 | kr2udp: 0 | 
2026-05-03 15:36:01,673 - INFO     - img2od: 0 | od2fr: 0 | od2lpr: 0 | od2cap: 0 | fr2kr: 40 | lpr2kr: 0 | cap2udp: 0 | kr2udp: 1 | 
2026-05-03 15:36:02,675 - INFO     - img2od: 0 | od2fr: 0 | od2lpr: 0 | od2cap: 0 | fr2kr: 35 | lpr2kr: 0 | cap2udp: 0 | kr2udp: 0 | 
2026-05-03 15:36:03,676 - INFO     - img2od: 0 | od2fr: 0 | od2lpr: 0 | od2cap: 0 | fr2kr: 31 | lpr2kr: 0 | cap2udp: 0 | kr2udp: 0 | 
2026-05-03 15:36:04,677 - INFO     - img2od: 0 | od2fr: 0 | od2lpr: 0 | od2cap: 0 | fr2kr: 27 | lpr2kr: 0 | cap2udp: 0 | kr2udp: 1 | 
2026-05-03 15:36:05,678 - INFO     - img2od: 0 | od2fr: 0 | od2lpr: 0 | od2cap: 0 | fr2kr: 22 | lpr2kr: 0 | cap2udp: 0 | kr2udp: 0 | 
2026-05-03 15:36:06,680 - INFO     - img2od: 0 | od2fr: 0 | od2lpr: 0 | od2cap: 0 | fr2kr: 18 | lpr2kr: 0 | cap2udp: 0 | kr2udp: 1 | 
2026-05-03 15:36:07,681 - INFO     - img2od: 0 | od2fr: 0 | od2lpr: 0 | od2cap: 0 | fr2kr: 14 | lpr2kr: 0 | cap2udp: 0 | kr2udp: 1 | 
2026-05-03 15:36:08,682 - INFO     - img2od: 0 | od2fr: 0 | od2lpr: 0 | od2cap: 0 | fr2kr: 9 | lpr2kr: 0 | cap2udp: 0 | kr2udp: 0 | 
2026-05-03 15:36:09,683 - INFO     - img2od: 0 | od2fr: 0 | od2lpr: 0 | od2cap: 0 | fr2kr: 5 | lpr2kr: 0 | cap2udp: 0 | kr2udp: 0 | 
2026-05-03 15:36:10,685 - INFO     - img2od: 0 | od2fr: 0 | od2lpr: 0 | od2cap: 0 | fr2kr: 1 | lpr2kr: 0 | cap2udp: 0 | kr2udp: 1 | 
2026-05-03 15:36:10,745 - INFO     - krStream     : Received end signal from FR
2026-05-03 15:36:10,859 - INFO     - krStream     : Received BOTH END signal, shutting down
2026-05-03 15:36:10,992 - INFO     - udpStream    : Received end signal from KR
2026-05-03 15:36:11,010 - INFO     - krStream     : shutdown successful
2026-05-03 15:36:11,109 - INFO     - udpStream    : Received BOTH END signal, shutting down
2026-05-03 15:36:11,467 - INFO     - udpStream    : shutdown successful
2026-05-03 15:36:11,686 - INFO     - img2od: 0 | od2fr: 0 | od2lpr: 0 | od2cap: 0 | fr2kr: 0 | lpr2kr: 0 | cap2udp: 0 | kr2udp: 0 | 
2026-05-03 15:36:12,687 - INFO     - img2od: 0 | od2fr: 0 | od2lpr: 0 | od2cap: 0 | fr2kr: 0 | lpr2kr: 0 | cap2udp: 0 | kr2udp: 0 | 
2026-05-03 15:36:13,688 - INFO     - img2od: 0 | od2fr: 0 | od2lpr: 0 | od2cap: 0 | fr2kr: 0 | lpr2kr: 0 | cap2udp: 0 | kr2udp: 0 | 
2026-05-03 15:36:14,689 - INFO     - img2od: 0 | od2fr: 0 | od2lpr: 0 | od2cap: 0 | fr2kr: 0 | lpr2kr: 0 | cap2udp: 0 | kr2udp: 0 | 
2026-05-03 15:36:15,691 - INFO     - img2od: 0 | od2fr: 0 | od2lpr: 0 | od2cap: 0 | fr2kr: 0 | lpr2kr: 0 | cap2udp: 0 | kr2udp: 0 | 
2026-05-03 15:36:16,692 - INFO     - img2od: 0 | od2fr: 0 | od2lpr: 0 | od2cap: 0 | fr2kr: 0 | lpr2kr: 0 | cap2udp: 0 | kr2udp: 0 | 
2026-05-03 15:36:17,693 - INFO     - All queues empty, job done
2026-05-03 15:36:17,695 - INFO     - Queue logs written to ./profile_exp/mix/r0.01/def_gaussian/seed3/QUEUEWATCH.json
2026-05-03 15:36:18,291 - INFO     - Reach FINALLY block in MAIN process
2026-05-03 15:36:18,292 - INFO     - Starting cleanup of 7 processes.
2026-05-03 15:36:18,292 - INFO     - Draining and closing 8 queues.
2026-05-03 15:36:18,292 - INFO     - Starting cleanup for queue 0, queue size: 0.
2026-05-03 15:36:18,292 - INFO     - Starting cleanup for queue 1, queue size: 0.
2026-05-03 15:36:18,292 - INFO     - Starting cleanup for queue 2, queue size: 0.
2026-05-03 15:36:18,292 - INFO     - Starting cleanup for queue 3, queue size: 0.
2026-05-03 15:36:18,292 - INFO     - Starting cleanup for queue 4, queue size: 0.
2026-05-03 15:36:18,292 - INFO     - Starting cleanup for queue 5, queue size: 0.
2026-05-03 15:36:18,292 - INFO     - Starting cleanup for queue 6, queue size: 0.
2026-05-03 15:36:18,292 - INFO     - Starting cleanup for queue 7, queue size: 0.
2026-05-03 15:36:18,292 - INFO     - Cleanup complete.
2026-05-03 15:36:18,292 - INFO     - Cleaned up resources in MAIN process
2026-05-03 15:36:18,293 - INFO     - Summary written to ./profile_exp/mix/r0.01/def_gaussian/seed3/SUMMARY.json

======================================================================
PROFILING SUMMARY
======================================================================
  Total wall time:    169.77s
  Images processed:   100
  Throughput:         0.5890 img/s
  Avg E2E latency:    39.7977s
  Min E2E latency:    0.0218s
  Max E2E latency:    138.2482s

  Component          Count  Dropped     FLOPs/call    Total FLOPs
  --------------- -------- -------- -------------- --------------
  odStream             100        0   153844849936 15384484993600
  frStream             512        0     2837404864  1452751290368
  lprStream            250        0    55081670272 13770417568000
  capStream             46        0   248859413613 11447533026198
  krStream             762        0            n/a            n/a
  udpStream            808        0            n/a            n/a

  Total FLOPs:        42055186878166
======================================================================
