2026-05-04 08:13:02,815 - INFO     - imgStream    : internal profiling set to False
2026-05-04 08:13:02,815 - INFO     - odStream     : internal profiling set to False
2026-05-04 08:13:02,815 - INFO     - frStream     : internal profiling set to False
2026-05-04 08:13:02,815 - INFO     - lprStream    : internal profiling set to False
2026-05-04 08:13:02,815 - INFO     - capStream    : internal profiling set to False
2026-05-04 08:13:02,815 - INFO     - krStream     : internal profiling set to False
2026-05-04 08:13:02,815 - INFO     - udpStream    : internal profiling set to False


================================================================================
|                                                                              |
|                     Running: Traffic Monitoring Pipeline                     |
|                                                                              |
|                         Algorithm: None, Model ID: 0                         |
|                                                                              |
|                             Target Indices: none                             |
|                                                                              |
|                             2026-05-04 08:13:02                              |
|                                                                              |
================================================================================


Number of CUDA devices: 1
2026-05-04 08:13:05,809 - INFO     - img2od: 0 | od2fr: 0 | od2lpr: 0 | od2cap: 0 | fr2kr: 0 | lpr2kr: 0 | cap2udp: 0 | kr2udp: 0 | 
2026-05-04 08:13:06,065 - INFO     - imgStream    : input defense = smoothing
2026-05-04 08:13:06,066 - INFO     - imgStream    : mix mode ratio=0.01 seed=2 -> 99 clean / 1 attack
2026-05-04 08:13:06,066 - INFO     - imgStream    : started
/home/lxt230026/.conda/envs/dyndl/lib/python3.10/site-packages/facenet_pytorch/models/inception_resnet_v1.py:329: FutureWarning: You are using `torch.load` with `weights_only=False` (the current default value), which uses the default pickle module implicitly. It is possible to construct malicious pickle data which will execute arbitrary code during unpickling (See https://github.com/pytorch/pytorch/blob/main/SECURITY.md#untrusted-models for more details). In a future release, the default value for `weights_only` will be flipped to `True`. This limits the functions that could be executed during unpickling. Arbitrary objects will no longer be allowed to be loaded via this mode unless they are explicitly allowlisted by the user via `torch.serialization.add_safe_globals`. We recommend you start setting `weights_only=True` for any use case where you don't have full control of the loaded file. Please open an issue on GitHub for any issues related to this experimental feature.
  state_dict = torch.load(cached_file)
2026-05-04 08:13:06,811 - INFO     - img2od: 2 | od2fr: 0 | od2lpr: 0 | od2cap: 0 | fr2kr: 0 | lpr2kr: 0 | cap2udp: 0 | kr2udp: 0 | 
2026-05-04 08:13:07,027 - INFO     - odStream     : OD model loaded, model_id = 0
2026-05-04 08:13:07,027 - INFO     - odStream     : started
2026-05-04 08:13:07,115 - INFO     - frStream     : FR model loaded, model_id = vggface2
2026-05-04 08:13:07,115 - INFO     - frStream     : started
2026-05-04 08:13:07,405 - INFO     - krStream     : face embeddings loaded, found 1000 embeddings
2026-05-04 08:13:07,405 - INFO     - krStream     : started
/home/lxt230026/EfficiencyAttack/traffic/cmpnt/c4_lpr.py:145: FutureWarning: You are using `torch.load` with `weights_only=False` (the current default value), which uses the default pickle module implicitly. It is possible to construct malicious pickle data which will execute arbitrary code during unpickling (See https://github.com/pytorch/pytorch/blob/main/SECURITY.md#untrusted-models for more details). In a future release, the default value for `weights_only` will be flipped to `True`. This limits the functions that could be executed during unpickling. Arbitrary objects will no longer be allowed to be loaded via this mode unless they are explicitly allowlisted by the user via `torch.serialization.add_safe_globals`. We recommend you start setting `weights_only=True` for any use case where you don't have full control of the loaded file. Please open an issue on GitHub for any issues related to this experimental feature.
  self.checkpoint = torch.load(self.model_id, map_location='cpu')
2026-05-04 08:13:07,812 - INFO     - img2od: 4 | od2fr: 0 | od2lpr: 0 | od2cap: 0 | fr2kr: 0 | lpr2kr: 0 | cap2udp: 0 | kr2udp: 0 | 
2026-05-04 08:13:07,977 - INFO     - Using custom providers: ['CPUExecutionProvider']
2026-05-04 08:13:07,978 - INFO     - Skipping download of 'argentinian-plates-cnn-model' model, already exists at /home/lxt230026/.cache/fast-plate-ocr/argentinian-plates-cnn-model
2026-05-04 08:13:07,992 - INFO     - lprStream    : LPR model loaded, model_id = model_v2.pth
2026-05-04 08:13:07,992 - INFO     - lprStream    : started
2026-05-04 08:13:08,300 - INFO     - udpStream    : LM model loaded, model_id = gpt2
2026-05-04 08:13:08,300 - INFO     - udpStream    : started
2026-05-04 08:13:08,395 - INFO     - capStream    : CAP model loaded, model_id = microsoft/git-base
2026-05-04 08:13:08,395 - INFO     - capStream    : started
2026-05-04 08:13:08,813 - INFO     - img2od: 5 | od2fr: 66 | od2lpr: 0 | od2cap: 0 | fr2kr: 1 | lpr2kr: 0 | cap2udp: 0 | kr2udp: 0 | 
2026-05-04 08:13:09,814 - INFO     - img2od: 2 | od2fr: 104 | od2lpr: 0 | od2cap: 3 | fr2kr: 3 | lpr2kr: 0 | cap2udp: 0 | kr2udp: 1 | 
2026-05-04 08:13:10,815 - INFO     - img2od: 1 | od2fr: 118 | od2lpr: 0 | od2cap: 4 | fr2kr: 6 | lpr2kr: 0 | cap2udp: 1 | kr2udp: 1 | 
2026-05-04 08:13:11,815 - INFO     - img2od: 0 | od2fr: 138 | od2lpr: 0 | od2cap: 3 | fr2kr: 9 | lpr2kr: 0 | cap2udp: 0 | kr2udp: 1 | 
2026-05-04 08:13:12,816 - INFO     - img2od: 0 | od2fr: 178 | od2lpr: 0 | od2cap: 2 | fr2kr: 11 | lpr2kr: 8 | cap2udp: 0 | kr2udp: 1 | 
2026-05-04 08:13:13,817 - INFO     - img2od: 0 | od2fr: 183 | od2lpr: 0 | od2cap: 2 | fr2kr: 15 | lpr2kr: 5 | cap2udp: 0 | kr2udp: 1 | 
2026-05-04 08:13:14,820 - INFO     - img2od: 0 | od2fr: 182 | od2lpr: 0 | od2cap: 2 | fr2kr: 19 | lpr2kr: 16 | cap2udp: 0 | kr2udp: 1 | 
2026-05-04 08:13:15,821 - INFO     - img2od: 0 | od2fr: 208 | od2lpr: 1 | od2cap: 0 | fr2kr: 22 | lpr2kr: 28 | cap2udp: 1 | kr2udp: 1 | 
2026-05-04 08:13:16,822 - INFO     - img2od: 0 | od2fr: 202 | od2lpr: 0 | od2cap: 0 | fr2kr: 26 | lpr2kr: 27 | cap2udp: 0 | kr2udp: 1 | 
2026-05-04 08:13:17,823 - INFO     - img2od: 0 | od2fr: 199 | od2lpr: 0 | od2cap: 0 | fr2kr: 30 | lpr2kr: 24 | cap2udp: 0 | kr2udp: 1 | 
2026-05-04 08:13:18,824 - INFO     - img2od: 0 | od2fr: 195 | od2lpr: 0 | od2cap: 0 | fr2kr: 34 | lpr2kr: 22 | cap2udp: 0 | kr2udp: 1 | 
2026-05-04 08:13:19,825 - INFO     - img2od: 0 | od2fr: 203 | od2lpr: 0 | od2cap: 0 | fr2kr: 37 | lpr2kr: 19 | cap2udp: 0 | kr2udp: 1 | 
2026-05-04 08:13:20,826 - INFO     - img2od: 0 | od2fr: 196 | od2lpr: 0 | od2cap: 0 | fr2kr: 41 | lpr2kr: 18 | cap2udp: 0 | kr2udp: 1 | 
2026-05-04 08:13:21,827 - INFO     - img2od: 0 | od2fr: 202 | od2lpr: 86 | od2cap: 0 | fr2kr: 45 | lpr2kr: 18 | cap2udp: 0 | kr2udp: 1 | 
2026-05-04 08:13:22,828 - INFO     - img2od: 0 | od2fr: 198 | od2lpr: 56 | od2cap: 0 | fr2kr: 47 | lpr2kr: 46 | cap2udp: 0 | kr2udp: 1 | 
2026-05-04 08:13:23,829 - INFO     - img2od: 0 | od2fr: 201 | od2lpr: 21 | od2cap: 0 | fr2kr: 49 | lpr2kr: 80 | cap2udp: 0 | kr2udp: 0 | 
2026-05-04 08:13:24,830 - INFO     - img2od: 0 | od2fr: 197 | od2lpr: 0 | od2cap: 0 | fr2kr: 52 | lpr2kr: 98 | cap2udp: 0 | kr2udp: 1 | 
2026-05-04 08:13:25,831 - INFO     - img2od: 0 | od2fr: 199 | od2lpr: 0 | od2cap: 0 | fr2kr: 56 | lpr2kr: 100 | cap2udp: 0 | kr2udp: 0 | 
2026-05-04 08:13:26,832 - INFO     - img2od: 0 | od2fr: 281 | od2lpr: 0 | od2cap: 0 | fr2kr: 59 | lpr2kr: 98 | cap2udp: 0 | kr2udp: 1 | 
2026-05-04 08:13:27,833 - INFO     - img2od: 0 | od2fr: 279 | od2lpr: 0 | od2cap: 0 | fr2kr: 63 | lpr2kr: 95 | cap2udp: 0 | kr2udp: 1 | 
2026-05-04 08:13:28,834 - INFO     - img2od: 0 | od2fr: 302 | od2lpr: 0 | od2cap: 0 | fr2kr: 67 | lpr2kr: 94 | cap2udp: 0 | kr2udp: 1 | 
2026-05-04 08:13:29,835 - INFO     - img2od: 0 | od2fr: 296 | od2lpr: 0 | od2cap: 0 | fr2kr: 71 | lpr2kr: 91 | cap2udp: 0 | kr2udp: 1 | 
2026-05-04 08:13:30,836 - INFO     - img2od: 0 | od2fr: 319 | od2lpr: 0 | od2cap: 0 | fr2kr: 75 | lpr2kr: 89 | cap2udp: 1 | kr2udp: 0 | 
2026-05-04 08:13:31,837 - INFO     - img2od: 0 | od2fr: 324 | od2lpr: 0 | od2cap: 0 | fr2kr: 79 | lpr2kr: 86 | cap2udp: 0 | kr2udp: 1 | 
2026-05-04 08:13:32,838 - INFO     - img2od: 0 | od2fr: 317 | od2lpr: 0 | od2cap: 0 | fr2kr: 84 | lpr2kr: 83 | cap2udp: 0 | kr2udp: 0 | 
2026-05-04 08:13:33,839 - INFO     - img2od: 0 | od2fr: 339 | od2lpr: 1 | od2cap: 0 | fr2kr: 87 | lpr2kr: 84 | cap2udp: 0 | kr2udp: 1 | 
2026-05-04 08:13:34,840 - INFO     - img2od: 0 | od2fr: 335 | od2lpr: 0 | od2cap: 0 | fr2kr: 91 | lpr2kr: 103 | cap2udp: 0 | kr2udp: 1 | 
2026-05-04 08:13:35,841 - INFO     - img2od: 0 | od2fr: 339 | od2lpr: 0 | od2cap: 0 | fr2kr: 96 | lpr2kr: 101 | cap2udp: 0 | kr2udp: 1 | 
2026-05-04 08:13:36,842 - INFO     - img2od: 0 | od2fr: 366 | od2lpr: 0 | od2cap: 0 | fr2kr: 100 | lpr2kr: 98 | cap2udp: 0 | kr2udp: 0 | 
2026-05-04 08:13:37,485 - INFO     - imgStream    : completed, sending END signal
2026-05-04 08:13:37,485 - INFO     - imgStream    : shutdown
2026-05-04 08:13:37,519 - INFO     - odStream     : Received END signal, shutting down
2026-05-04 08:13:37,523 - INFO     - lprStream    : Received END signal, shutting down
2026-05-04 08:13:37,625 - INFO     - capStream    : Received END signal, shutting down
2026-05-04 08:13:37,633 - INFO     - udpStream    : Received end signal from CAP
2026-05-04 08:13:37,646 - INFO     - lprStream    : shutdown successful
2026-05-04 08:13:37,673 - INFO     - imgStream    : shutdown successful
2026-05-04 08:13:37,760 - INFO     - odStream     : shutdown successful
2026-05-04 08:13:37,843 - INFO     - img2od: 0 | od2fr: 371 | od2lpr: 0 | od2cap: 0 | fr2kr: 104 | lpr2kr: 97 | cap2udp: 0 | kr2udp: 1 | 
2026-05-04 08:13:38,116 - INFO     - capStream    : shutdown successful
2026-05-04 08:13:38,844 - INFO     - img2od: 0 | od2fr: 364 | od2lpr: 0 | od2cap: 0 | fr2kr: 108 | lpr2kr: 95 | cap2udp: 0 | kr2udp: 0 | 
2026-05-04 08:13:39,845 - INFO     - img2od: 0 | od2fr: 357 | od2lpr: 0 | od2cap: 0 | fr2kr: 112 | lpr2kr: 92 | cap2udp: 0 | kr2udp: 1 | 
2026-05-04 08:13:40,846 - INFO     - img2od: 0 | od2fr: 350 | od2lpr: 0 | od2cap: 0 | fr2kr: 117 | lpr2kr: 89 | cap2udp: 0 | kr2udp: 1 | 
2026-05-04 08:13:41,847 - INFO     - img2od: 0 | od2fr: 343 | od2lpr: 0 | od2cap: 0 | fr2kr: 121 | lpr2kr: 86 | cap2udp: 0 | kr2udp: 0 | 
2026-05-04 08:13:42,848 - INFO     - img2od: 0 | od2fr: 336 | od2lpr: 0 | od2cap: 0 | fr2kr: 125 | lpr2kr: 84 | cap2udp: 0 | kr2udp: 0 | 
2026-05-04 08:13:43,849 - INFO     - img2od: 0 | od2fr: 329 | od2lpr: 0 | od2cap: 0 | fr2kr: 129 | lpr2kr: 81 | cap2udp: 0 | kr2udp: 0 | 
2026-05-04 08:13:44,850 - INFO     - img2od: 0 | od2fr: 322 | od2lpr: 0 | od2cap: 0 | fr2kr: 134 | lpr2kr: 78 | cap2udp: 0 | kr2udp: 1 | 
2026-05-04 08:13:45,851 - INFO     - img2od: 0 | od2fr: 314 | od2lpr: 0 | od2cap: 0 | fr2kr: 138 | lpr2kr: 75 | cap2udp: 0 | kr2udp: 1 | 
2026-05-04 08:13:46,853 - INFO     - img2od: 0 | od2fr: 307 | od2lpr: 0 | od2cap: 0 | fr2kr: 143 | lpr2kr: 73 | cap2udp: 0 | kr2udp: 0 | 
2026-05-04 08:13:47,854 - INFO     - img2od: 0 | od2fr: 300 | od2lpr: 0 | od2cap: 0 | fr2kr: 147 | lpr2kr: 70 | cap2udp: 0 | kr2udp: 1 | 
2026-05-04 08:13:48,855 - INFO     - img2od: 0 | od2fr: 293 | od2lpr: 0 | od2cap: 0 | fr2kr: 152 | lpr2kr: 67 | cap2udp: 0 | kr2udp: 1 | 
2026-05-04 08:13:49,856 - INFO     - img2od: 0 | od2fr: 286 | od2lpr: 0 | od2cap: 0 | fr2kr: 156 | lpr2kr: 64 | cap2udp: 0 | kr2udp: 0 | 
2026-05-04 08:13:50,858 - INFO     - img2od: 0 | od2fr: 279 | od2lpr: 0 | od2cap: 0 | fr2kr: 160 | lpr2kr: 61 | cap2udp: 0 | kr2udp: 1 | 
2026-05-04 08:13:51,859 - INFO     - img2od: 0 | od2fr: 272 | od2lpr: 0 | od2cap: 0 | fr2kr: 164 | lpr2kr: 59 | cap2udp: 0 | kr2udp: 1 | 
2026-05-04 08:13:52,860 - INFO     - img2od: 0 | od2fr: 265 | od2lpr: 0 | od2cap: 0 | fr2kr: 169 | lpr2kr: 56 | cap2udp: 0 | kr2udp: 1 | 
2026-05-04 08:13:53,861 - INFO     - img2od: 0 | od2fr: 258 | od2lpr: 0 | od2cap: 0 | fr2kr: 173 | lpr2kr: 53 | cap2udp: 0 | kr2udp: 1 | 
2026-05-04 08:13:54,862 - INFO     - img2od: 0 | od2fr: 250 | od2lpr: 0 | od2cap: 0 | fr2kr: 178 | lpr2kr: 50 | cap2udp: 0 | kr2udp: 1 | 
2026-05-04 08:13:55,863 - INFO     - img2od: 0 | od2fr: 243 | od2lpr: 0 | od2cap: 0 | fr2kr: 182 | lpr2kr: 48 | cap2udp: 0 | kr2udp: 0 | 
2026-05-04 08:13:56,864 - INFO     - img2od: 0 | od2fr: 236 | od2lpr: 0 | od2cap: 0 | fr2kr: 186 | lpr2kr: 45 | cap2udp: 0 | kr2udp: 1 | 
2026-05-04 08:13:57,865 - INFO     - img2od: 0 | od2fr: 229 | od2lpr: 0 | od2cap: 0 | fr2kr: 191 | lpr2kr: 42 | cap2udp: 0 | kr2udp: 1 | 
2026-05-04 08:13:58,866 - INFO     - img2od: 0 | od2fr: 222 | od2lpr: 0 | od2cap: 0 | fr2kr: 195 | lpr2kr: 39 | cap2udp: 0 | kr2udp: 0 | 
2026-05-04 08:13:59,867 - INFO     - img2od: 0 | od2fr: 215 | od2lpr: 0 | od2cap: 0 | fr2kr: 199 | lpr2kr: 37 | cap2udp: 0 | kr2udp: 0 | 
2026-05-04 08:14:00,868 - INFO     - img2od: 0 | od2fr: 208 | od2lpr: 0 | od2cap: 0 | fr2kr: 203 | lpr2kr: 34 | cap2udp: 0 | kr2udp: 1 | 
2026-05-04 08:14:01,869 - INFO     - img2od: 0 | od2fr: 201 | od2lpr: 0 | od2cap: 0 | fr2kr: 208 | lpr2kr: 31 | cap2udp: 0 | kr2udp: 1 | 
2026-05-04 08:14:02,870 - INFO     - img2od: 0 | od2fr: 194 | od2lpr: 0 | od2cap: 0 | fr2kr: 212 | lpr2kr: 28 | cap2udp: 0 | kr2udp: 1 | 
2026-05-04 08:14:03,871 - INFO     - img2od: 0 | od2fr: 187 | od2lpr: 0 | od2cap: 0 | fr2kr: 216 | lpr2kr: 26 | cap2udp: 0 | kr2udp: 1 | 
2026-05-04 08:14:04,872 - INFO     - img2od: 0 | od2fr: 180 | od2lpr: 0 | od2cap: 0 | fr2kr: 220 | lpr2kr: 23 | cap2udp: 0 | kr2udp: 1 | 
2026-05-04 08:14:05,873 - INFO     - img2od: 0 | od2fr: 174 | od2lpr: 0 | od2cap: 0 | fr2kr: 224 | lpr2kr: 20 | cap2udp: 0 | kr2udp: 0 | 
2026-05-04 08:14:06,874 - INFO     - img2od: 0 | od2fr: 167 | od2lpr: 0 | od2cap: 0 | fr2kr: 228 | lpr2kr: 18 | cap2udp: 0 | kr2udp: 0 | 
2026-05-04 08:14:07,875 - INFO     - img2od: 0 | od2fr: 160 | od2lpr: 0 | od2cap: 0 | fr2kr: 232 | lpr2kr: 15 | cap2udp: 0 | kr2udp: 1 | 
2026-05-04 08:14:08,876 - INFO     - img2od: 0 | od2fr: 153 | od2lpr: 0 | od2cap: 0 | fr2kr: 237 | lpr2kr: 12 | cap2udp: 0 | kr2udp: 1 | 
2026-05-04 08:14:09,877 - INFO     - img2od: 0 | od2fr: 146 | od2lpr: 0 | od2cap: 0 | fr2kr: 241 | lpr2kr: 9 | cap2udp: 0 | kr2udp: 0 | 
2026-05-04 08:14:10,878 - INFO     - img2od: 0 | od2fr: 139 | od2lpr: 0 | od2cap: 0 | fr2kr: 245 | lpr2kr: 7 | cap2udp: 0 | kr2udp: 0 | 
2026-05-04 08:14:11,879 - INFO     - img2od: 0 | od2fr: 132 | od2lpr: 0 | od2cap: 0 | fr2kr: 250 | lpr2kr: 4 | cap2udp: 0 | kr2udp: 1 | 
2026-05-04 08:14:12,880 - INFO     - img2od: 0 | od2fr: 125 | od2lpr: 0 | od2cap: 0 | fr2kr: 254 | lpr2kr: 1 | cap2udp: 0 | kr2udp: 0 | 
2026-05-04 08:14:13,152 - INFO     - krStream     : Received end signal from LPR
2026-05-04 08:14:13,881 - INFO     - img2od: 0 | od2fr: 118 | od2lpr: 0 | od2cap: 0 | fr2kr: 257 | lpr2kr: 0 | cap2udp: 0 | kr2udp: 1 | 
2026-05-04 08:14:14,882 - INFO     - img2od: 0 | od2fr: 111 | od2lpr: 0 | od2cap: 0 | fr2kr: 259 | lpr2kr: 0 | cap2udp: 0 | kr2udp: 0 | 
2026-05-04 08:14:15,883 - INFO     - img2od: 0 | od2fr: 105 | od2lpr: 0 | od2cap: 0 | fr2kr: 262 | lpr2kr: 0 | cap2udp: 0 | kr2udp: 0 | 
2026-05-04 08:14:16,884 - INFO     - img2od: 0 | od2fr: 98 | od2lpr: 0 | od2cap: 0 | fr2kr: 265 | lpr2kr: 0 | cap2udp: 0 | kr2udp: 0 | 
2026-05-04 08:14:17,885 - INFO     - img2od: 0 | od2fr: 91 | od2lpr: 0 | od2cap: 0 | fr2kr: 268 | lpr2kr: 0 | cap2udp: 0 | kr2udp: 0 | 
2026-05-04 08:14:18,886 - INFO     - img2od: 0 | od2fr: 83 | od2lpr: 0 | od2cap: 0 | fr2kr: 271 | lpr2kr: 0 | cap2udp: 0 | kr2udp: 0 | 
2026-05-04 08:14:19,887 - INFO     - img2od: 0 | od2fr: 76 | od2lpr: 0 | od2cap: 0 | fr2kr: 274 | lpr2kr: 0 | cap2udp: 0 | kr2udp: 1 | 
2026-05-04 08:14:20,888 - INFO     - img2od: 0 | od2fr: 69 | od2lpr: 0 | od2cap: 0 | fr2kr: 278 | lpr2kr: 0 | cap2udp: 0 | kr2udp: 1 | 
2026-05-04 08:14:21,889 - INFO     - img2od: 0 | od2fr: 62 | od2lpr: 0 | od2cap: 0 | fr2kr: 280 | lpr2kr: 0 | cap2udp: 0 | kr2udp: 1 | 
2026-05-04 08:14:22,890 - INFO     - img2od: 0 | od2fr: 56 | od2lpr: 0 | od2cap: 0 | fr2kr: 283 | lpr2kr: 0 | cap2udp: 0 | kr2udp: 1 | 
2026-05-04 08:14:23,891 - INFO     - img2od: 0 | od2fr: 49 | od2lpr: 0 | od2cap: 0 | fr2kr: 286 | lpr2kr: 0 | cap2udp: 0 | kr2udp: 1 | 
2026-05-04 08:14:24,892 - INFO     - img2od: 0 | od2fr: 42 | od2lpr: 0 | od2cap: 0 | fr2kr: 289 | lpr2kr: 0 | cap2udp: 0 | kr2udp: 1 | 
2026-05-04 08:14:25,893 - INFO     - img2od: 0 | od2fr: 35 | od2lpr: 0 | od2cap: 0 | fr2kr: 292 | lpr2kr: 0 | cap2udp: 0 | kr2udp: 1 | 
2026-05-04 08:14:26,894 - INFO     - img2od: 0 | od2fr: 27 | od2lpr: 0 | od2cap: 0 | fr2kr: 294 | lpr2kr: 0 | cap2udp: 0 | kr2udp: 1 | 
2026-05-04 08:14:27,896 - INFO     - img2od: 0 | od2fr: 20 | od2lpr: 0 | od2cap: 0 | fr2kr: 298 | lpr2kr: 0 | cap2udp: 0 | kr2udp: 1 | 
2026-05-04 08:14:28,897 - INFO     - img2od: 0 | od2fr: 13 | od2lpr: 0 | od2cap: 0 | fr2kr: 301 | lpr2kr: 0 | cap2udp: 0 | kr2udp: 0 | 
2026-05-04 08:14:29,898 - INFO     - img2od: 0 | od2fr: 6 | od2lpr: 0 | od2cap: 0 | fr2kr: 304 | lpr2kr: 0 | cap2udp: 0 | kr2udp: 0 | 
loading model on device: cuda
Initializing checkpoint: PekingU/rtdetr_r50vd, ID: 0
2026-05-04 08:14:30,711 - INFO     - frStream     : Received END signal, shutting down
2026-05-04 08:14:30,899 - INFO     - img2od: 0 | od2fr: 0 | od2lpr: 0 | od2cap: 0 | fr2kr: 306 | lpr2kr: 0 | cap2udp: 0 | kr2udp: 0 | 
2026-05-04 08:14:30,905 - INFO     - frStream     : shutdown successful
2026-05-04 08:14:31,901 - INFO     - img2od: 0 | od2fr: 0 | od2lpr: 0 | od2cap: 0 | fr2kr: 302 | lpr2kr: 0 | cap2udp: 0 | kr2udp: 1 | 
2026-05-04 08:14:32,902 - INFO     - img2od: 0 | od2fr: 0 | od2lpr: 0 | od2cap: 0 | fr2kr: 297 | lpr2kr: 0 | cap2udp: 0 | kr2udp: 1 | 
2026-05-04 08:14:33,903 - INFO     - img2od: 0 | od2fr: 0 | od2lpr: 0 | od2cap: 0 | fr2kr: 293 | lpr2kr: 0 | cap2udp: 0 | kr2udp: 1 | 
2026-05-04 08:14:34,904 - INFO     - img2od: 0 | od2fr: 0 | od2lpr: 0 | od2cap: 0 | fr2kr: 289 | lpr2kr: 0 | cap2udp: 0 | kr2udp: 1 | 
2026-05-04 08:14:35,906 - INFO     - img2od: 0 | od2fr: 0 | od2lpr: 0 | od2cap: 0 | fr2kr: 285 | lpr2kr: 0 | cap2udp: 0 | kr2udp: 1 | 
2026-05-04 08:14:36,907 - INFO     - img2od: 0 | od2fr: 0 | od2lpr: 0 | od2cap: 0 | fr2kr: 280 | lpr2kr: 0 | cap2udp: 0 | kr2udp: 0 | 
2026-05-04 08:14:37,908 - INFO     - img2od: 0 | od2fr: 0 | od2lpr: 0 | od2cap: 0 | fr2kr: 276 | lpr2kr: 0 | cap2udp: 0 | kr2udp: 1 | 
2026-05-04 08:14:38,909 - INFO     - img2od: 0 | od2fr: 0 | od2lpr: 0 | od2cap: 0 | fr2kr: 272 | lpr2kr: 0 | cap2udp: 0 | kr2udp: 1 | 
2026-05-04 08:14:39,911 - INFO     - img2od: 0 | od2fr: 0 | od2lpr: 0 | od2cap: 0 | fr2kr: 267 | lpr2kr: 0 | cap2udp: 0 | kr2udp: 1 | 
2026-05-04 08:14:40,912 - INFO     - img2od: 0 | od2fr: 0 | od2lpr: 0 | od2cap: 0 | fr2kr: 263 | lpr2kr: 0 | cap2udp: 0 | kr2udp: 1 | 
2026-05-04 08:14:41,913 - INFO     - img2od: 0 | od2fr: 0 | od2lpr: 0 | od2cap: 0 | fr2kr: 259 | lpr2kr: 0 | cap2udp: 0 | kr2udp: 1 | 
2026-05-04 08:14:42,914 - INFO     - img2od: 0 | od2fr: 0 | od2lpr: 0 | od2cap: 0 | fr2kr: 254 | lpr2kr: 0 | cap2udp: 0 | kr2udp: 1 | 
2026-05-04 08:14:43,915 - INFO     - img2od: 0 | od2fr: 0 | od2lpr: 0 | od2cap: 0 | fr2kr: 250 | lpr2kr: 0 | cap2udp: 0 | kr2udp: 1 | 
2026-05-04 08:14:44,917 - INFO     - img2od: 0 | od2fr: 0 | od2lpr: 0 | od2cap: 0 | fr2kr: 246 | lpr2kr: 0 | cap2udp: 0 | kr2udp: 1 | 
2026-05-04 08:14:45,918 - INFO     - img2od: 0 | od2fr: 0 | od2lpr: 0 | od2cap: 0 | fr2kr: 241 | lpr2kr: 0 | cap2udp: 0 | kr2udp: 1 | 
2026-05-04 08:14:46,919 - INFO     - img2od: 0 | od2fr: 0 | od2lpr: 0 | od2cap: 0 | fr2kr: 237 | lpr2kr: 0 | cap2udp: 0 | kr2udp: 1 | 
2026-05-04 08:14:47,920 - INFO     - img2od: 0 | od2fr: 0 | od2lpr: 0 | od2cap: 0 | fr2kr: 233 | lpr2kr: 0 | cap2udp: 0 | kr2udp: 1 | 
2026-05-04 08:14:48,922 - INFO     - img2od: 0 | od2fr: 0 | od2lpr: 0 | od2cap: 0 | fr2kr: 229 | lpr2kr: 0 | cap2udp: 0 | kr2udp: 1 | 
2026-05-04 08:14:49,923 - INFO     - img2od: 0 | od2fr: 0 | od2lpr: 0 | od2cap: 0 | fr2kr: 224 | lpr2kr: 0 | cap2udp: 0 | kr2udp: 1 | 
2026-05-04 08:14:50,924 - INFO     - img2od: 0 | od2fr: 0 | od2lpr: 0 | od2cap: 0 | fr2kr: 219 | lpr2kr: 0 | cap2udp: 0 | kr2udp: 1 | 
2026-05-04 08:14:51,925 - INFO     - img2od: 0 | od2fr: 0 | od2lpr: 0 | od2cap: 0 | fr2kr: 214 | lpr2kr: 0 | cap2udp: 0 | kr2udp: 1 | 
2026-05-04 08:14:52,926 - INFO     - img2od: 0 | od2fr: 0 | od2lpr: 0 | od2cap: 0 | fr2kr: 209 | lpr2kr: 0 | cap2udp: 0 | kr2udp: 1 | 
2026-05-04 08:14:53,928 - INFO     - img2od: 0 | od2fr: 0 | od2lpr: 0 | od2cap: 0 | fr2kr: 204 | lpr2kr: 0 | cap2udp: 0 | kr2udp: 0 | 
2026-05-04 08:14:54,929 - INFO     - img2od: 0 | od2fr: 0 | od2lpr: 0 | od2cap: 0 | fr2kr: 200 | lpr2kr: 0 | cap2udp: 0 | kr2udp: 1 | 
2026-05-04 08:14:55,930 - INFO     - img2od: 0 | od2fr: 0 | od2lpr: 0 | od2cap: 0 | fr2kr: 195 | lpr2kr: 0 | cap2udp: 0 | kr2udp: 1 | 
2026-05-04 08:14:56,931 - INFO     - img2od: 0 | od2fr: 0 | od2lpr: 0 | od2cap: 0 | fr2kr: 190 | lpr2kr: 0 | cap2udp: 0 | kr2udp: 1 | 
2026-05-04 08:14:57,932 - INFO     - img2od: 0 | od2fr: 0 | od2lpr: 0 | od2cap: 0 | fr2kr: 185 | lpr2kr: 0 | cap2udp: 0 | kr2udp: 1 | 
2026-05-04 08:14:58,933 - INFO     - img2od: 0 | od2fr: 0 | od2lpr: 0 | od2cap: 0 | fr2kr: 180 | lpr2kr: 0 | cap2udp: 0 | kr2udp: 1 | 
2026-05-04 08:14:59,934 - INFO     - img2od: 0 | od2fr: 0 | od2lpr: 0 | od2cap: 0 | fr2kr: 175 | lpr2kr: 0 | cap2udp: 0 | kr2udp: 0 | 
2026-05-04 08:15:00,936 - INFO     - img2od: 0 | od2fr: 0 | od2lpr: 0 | od2cap: 0 | fr2kr: 170 | lpr2kr: 0 | cap2udp: 0 | kr2udp: 0 | 
2026-05-04 08:15:01,937 - INFO     - img2od: 0 | od2fr: 0 | od2lpr: 0 | od2cap: 0 | fr2kr: 165 | lpr2kr: 0 | cap2udp: 0 | kr2udp: 0 | 
2026-05-04 08:15:02,938 - INFO     - img2od: 0 | od2fr: 0 | od2lpr: 0 | od2cap: 0 | fr2kr: 160 | lpr2kr: 0 | cap2udp: 0 | kr2udp: 0 | 
2026-05-04 08:15:03,939 - INFO     - img2od: 0 | od2fr: 0 | od2lpr: 0 | od2cap: 0 | fr2kr: 156 | lpr2kr: 0 | cap2udp: 0 | kr2udp: 1 | 
2026-05-04 08:15:04,940 - INFO     - img2od: 0 | od2fr: 0 | od2lpr: 0 | od2cap: 0 | fr2kr: 151 | lpr2kr: 0 | cap2udp: 0 | kr2udp: 1 | 
2026-05-04 08:15:05,942 - INFO     - img2od: 0 | od2fr: 0 | od2lpr: 0 | od2cap: 0 | fr2kr: 146 | lpr2kr: 0 | cap2udp: 0 | kr2udp: 1 | 
2026-05-04 08:15:06,943 - INFO     - img2od: 0 | od2fr: 0 | od2lpr: 0 | od2cap: 0 | fr2kr: 142 | lpr2kr: 0 | cap2udp: 0 | kr2udp: 1 | 
2026-05-04 08:15:07,944 - INFO     - img2od: 0 | od2fr: 0 | od2lpr: 0 | od2cap: 0 | fr2kr: 137 | lpr2kr: 0 | cap2udp: 0 | kr2udp: 1 | 
2026-05-04 08:15:08,945 - INFO     - img2od: 0 | od2fr: 0 | od2lpr: 0 | od2cap: 0 | fr2kr: 134 | lpr2kr: 0 | cap2udp: 0 | kr2udp: 1 | 
2026-05-04 08:15:09,946 - INFO     - img2od: 0 | od2fr: 0 | od2lpr: 0 | od2cap: 0 | fr2kr: 130 | lpr2kr: 0 | cap2udp: 0 | kr2udp: 1 | 
2026-05-04 08:15:10,947 - INFO     - img2od: 0 | od2fr: 0 | od2lpr: 0 | od2cap: 0 | fr2kr: 126 | lpr2kr: 0 | cap2udp: 0 | kr2udp: 1 | 
2026-05-04 08:15:11,948 - INFO     - img2od: 0 | od2fr: 0 | od2lpr: 0 | od2cap: 0 | fr2kr: 122 | lpr2kr: 0 | cap2udp: 0 | kr2udp: 1 | 
2026-05-04 08:15:12,949 - INFO     - img2od: 0 | od2fr: 0 | od2lpr: 0 | od2cap: 0 | fr2kr: 119 | lpr2kr: 0 | cap2udp: 0 | kr2udp: 1 | 
2026-05-04 08:15:13,950 - INFO     - img2od: 0 | od2fr: 0 | od2lpr: 0 | od2cap: 0 | fr2kr: 115 | lpr2kr: 0 | cap2udp: 0 | kr2udp: 1 | 
2026-05-04 08:15:14,951 - INFO     - img2od: 0 | od2fr: 0 | od2lpr: 0 | od2cap: 0 | fr2kr: 111 | lpr2kr: 0 | cap2udp: 0 | kr2udp: 1 | 
2026-05-04 08:15:15,952 - INFO     - img2od: 0 | od2fr: 0 | od2lpr: 0 | od2cap: 0 | fr2kr: 107 | lpr2kr: 0 | cap2udp: 0 | kr2udp: 0 | 
2026-05-04 08:15:16,953 - INFO     - img2od: 0 | od2fr: 0 | od2lpr: 0 | od2cap: 0 | fr2kr: 103 | lpr2kr: 0 | cap2udp: 0 | kr2udp: 1 | 
2026-05-04 08:15:17,954 - INFO     - img2od: 0 | od2fr: 0 | od2lpr: 0 | od2cap: 0 | fr2kr: 99 | lpr2kr: 0 | cap2udp: 0 | kr2udp: 1 | 
2026-05-04 08:15:18,955 - INFO     - img2od: 0 | od2fr: 0 | od2lpr: 0 | od2cap: 0 | fr2kr: 95 | lpr2kr: 0 | cap2udp: 0 | kr2udp: 1 | 
2026-05-04 08:15:19,957 - INFO     - img2od: 0 | od2fr: 0 | od2lpr: 0 | od2cap: 0 | fr2kr: 91 | lpr2kr: 0 | cap2udp: 0 | kr2udp: 0 | 
2026-05-04 08:15:20,958 - INFO     - img2od: 0 | od2fr: 0 | od2lpr: 0 | od2cap: 0 | fr2kr: 87 | lpr2kr: 0 | cap2udp: 0 | kr2udp: 0 | 
2026-05-04 08:15:21,959 - INFO     - img2od: 0 | od2fr: 0 | od2lpr: 0 | od2cap: 0 | fr2kr: 83 | lpr2kr: 0 | cap2udp: 0 | kr2udp: 0 | 
2026-05-04 08:15:22,960 - INFO     - img2od: 0 | od2fr: 0 | od2lpr: 0 | od2cap: 0 | fr2kr: 79 | lpr2kr: 0 | cap2udp: 0 | kr2udp: 1 | 
2026-05-04 08:15:23,961 - INFO     - img2od: 0 | od2fr: 0 | od2lpr: 0 | od2cap: 0 | fr2kr: 76 | lpr2kr: 0 | cap2udp: 0 | kr2udp: 1 | 
2026-05-04 08:15:24,962 - INFO     - img2od: 0 | od2fr: 0 | od2lpr: 0 | od2cap: 0 | fr2kr: 72 | lpr2kr: 0 | cap2udp: 0 | kr2udp: 2 | 
2026-05-04 08:15:25,963 - INFO     - img2od: 0 | od2fr: 0 | od2lpr: 0 | od2cap: 0 | fr2kr: 68 | lpr2kr: 0 | cap2udp: 0 | kr2udp: 1 | 
2026-05-04 08:15:26,964 - INFO     - img2od: 0 | od2fr: 0 | od2lpr: 0 | od2cap: 0 | fr2kr: 65 | lpr2kr: 0 | cap2udp: 0 | kr2udp: 1 | 
2026-05-04 08:15:27,965 - INFO     - img2od: 0 | od2fr: 0 | od2lpr: 0 | od2cap: 0 | fr2kr: 61 | lpr2kr: 0 | cap2udp: 0 | kr2udp: 1 | 
2026-05-04 08:15:28,966 - INFO     - img2od: 0 | od2fr: 0 | od2lpr: 0 | od2cap: 0 | fr2kr: 57 | lpr2kr: 0 | cap2udp: 0 | kr2udp: 0 | 
2026-05-04 08:15:29,967 - INFO     - img2od: 0 | od2fr: 0 | od2lpr: 0 | od2cap: 0 | fr2kr: 54 | lpr2kr: 0 | cap2udp: 0 | kr2udp: 1 | 
2026-05-04 08:15:30,968 - INFO     - img2od: 0 | od2fr: 0 | od2lpr: 0 | od2cap: 0 | fr2kr: 50 | lpr2kr: 0 | cap2udp: 0 | kr2udp: 1 | 
2026-05-04 08:15:31,969 - INFO     - img2od: 0 | od2fr: 0 | od2lpr: 0 | od2cap: 0 | fr2kr: 46 | lpr2kr: 0 | cap2udp: 0 | kr2udp: 1 | 
2026-05-04 08:15:32,969 - INFO     - img2od: 0 | od2fr: 0 | od2lpr: 0 | od2cap: 0 | fr2kr: 42 | lpr2kr: 0 | cap2udp: 0 | kr2udp: 1 | 
2026-05-04 08:15:33,970 - INFO     - img2od: 0 | od2fr: 0 | od2lpr: 0 | od2cap: 0 | fr2kr: 38 | lpr2kr: 0 | cap2udp: 0 | kr2udp: 0 | 
2026-05-04 08:15:34,971 - INFO     - img2od: 0 | od2fr: 0 | od2lpr: 0 | od2cap: 0 | fr2kr: 34 | lpr2kr: 0 | cap2udp: 0 | kr2udp: 0 | 
2026-05-04 08:15:35,972 - INFO     - img2od: 0 | od2fr: 0 | od2lpr: 0 | od2cap: 0 | fr2kr: 30 | lpr2kr: 0 | cap2udp: 0 | kr2udp: 1 | 
2026-05-04 08:15:36,973 - INFO     - img2od: 0 | od2fr: 0 | od2lpr: 0 | od2cap: 0 | fr2kr: 26 | lpr2kr: 0 | cap2udp: 0 | kr2udp: 1 | 
2026-05-04 08:15:37,974 - INFO     - img2od: 0 | od2fr: 0 | od2lpr: 0 | od2cap: 0 | fr2kr: 23 | lpr2kr: 0 | cap2udp: 0 | kr2udp: 1 | 
2026-05-04 08:15:38,976 - INFO     - img2od: 0 | od2fr: 0 | od2lpr: 0 | od2cap: 0 | fr2kr: 19 | lpr2kr: 0 | cap2udp: 0 | kr2udp: 1 | 
2026-05-04 08:15:39,977 - INFO     - img2od: 0 | od2fr: 0 | od2lpr: 0 | od2cap: 0 | fr2kr: 15 | lpr2kr: 0 | cap2udp: 0 | kr2udp: 1 | 
2026-05-04 08:15:40,978 - INFO     - img2od: 0 | od2fr: 0 | od2lpr: 0 | od2cap: 0 | fr2kr: 10 | lpr2kr: 0 | cap2udp: 0 | kr2udp: 1 | 
2026-05-04 08:15:41,979 - INFO     - img2od: 0 | od2fr: 0 | od2lpr: 0 | od2cap: 0 | fr2kr: 6 | lpr2kr: 0 | cap2udp: 0 | kr2udp: 0 | 
2026-05-04 08:15:42,980 - INFO     - img2od: 0 | od2fr: 0 | od2lpr: 0 | od2cap: 0 | fr2kr: 2 | lpr2kr: 0 | cap2udp: 0 | kr2udp: 1 | 
2026-05-04 08:15:43,297 - INFO     - krStream     : Received end signal from FR
2026-05-04 08:15:43,413 - INFO     - krStream     : Received BOTH END signal, shutting down
2026-05-04 08:15:43,520 - INFO     - udpStream    : Received end signal from KR
2026-05-04 08:15:43,557 - INFO     - krStream     : shutdown successful
2026-05-04 08:15:43,639 - INFO     - udpStream    : Received BOTH END signal, shutting down
2026-05-04 08:15:43,981 - INFO     - img2od: 0 | od2fr: 0 | od2lpr: 0 | od2cap: 0 | fr2kr: 0 | lpr2kr: 0 | cap2udp: 0 | kr2udp: 0 | 
2026-05-04 08:15:43,990 - INFO     - udpStream    : shutdown successful
2026-05-04 08:15:44,982 - INFO     - img2od: 0 | od2fr: 0 | od2lpr: 0 | od2cap: 0 | fr2kr: 0 | lpr2kr: 0 | cap2udp: 0 | kr2udp: 0 | 
2026-05-04 08:15:45,984 - INFO     - img2od: 0 | od2fr: 0 | od2lpr: 0 | od2cap: 0 | fr2kr: 0 | lpr2kr: 0 | cap2udp: 0 | kr2udp: 0 | 
2026-05-04 08:15:46,985 - INFO     - img2od: 0 | od2fr: 0 | od2lpr: 0 | od2cap: 0 | fr2kr: 0 | lpr2kr: 0 | cap2udp: 0 | kr2udp: 0 | 
2026-05-04 08:15:47,986 - INFO     - img2od: 0 | od2fr: 0 | od2lpr: 0 | od2cap: 0 | fr2kr: 0 | lpr2kr: 0 | cap2udp: 0 | kr2udp: 0 | 
2026-05-04 08:15:48,987 - INFO     - img2od: 0 | od2fr: 0 | od2lpr: 0 | od2cap: 0 | fr2kr: 0 | lpr2kr: 0 | cap2udp: 0 | kr2udp: 0 | 
2026-05-04 08:15:49,988 - INFO     - All queues empty, job done
2026-05-04 08:15:49,990 - INFO     - Queue logs written to ./profile_exp/mix/r0.01/def_smoothing/seed2/QUEUEWATCH.json
2026-05-04 08:15:50,621 - INFO     - Reach FINALLY block in MAIN process
2026-05-04 08:15:50,621 - INFO     - Starting cleanup of 7 processes.
2026-05-04 08:15:50,621 - INFO     - Draining and closing 8 queues.
2026-05-04 08:15:50,621 - INFO     - Starting cleanup for queue 0, queue size: 0.
2026-05-04 08:15:50,621 - INFO     - Starting cleanup for queue 1, queue size: 0.
2026-05-04 08:15:50,621 - INFO     - Starting cleanup for queue 2, queue size: 0.
2026-05-04 08:15:50,621 - INFO     - Starting cleanup for queue 3, queue size: 0.
2026-05-04 08:15:50,621 - INFO     - Starting cleanup for queue 4, queue size: 0.
2026-05-04 08:15:50,621 - INFO     - Starting cleanup for queue 5, queue size: 0.
2026-05-04 08:15:50,622 - INFO     - Starting cleanup for queue 6, queue size: 0.
2026-05-04 08:15:50,622 - INFO     - Starting cleanup for queue 7, queue size: 0.
2026-05-04 08:15:50,622 - INFO     - Cleanup complete.
2026-05-04 08:15:50,622 - INFO     - Cleaned up resources in MAIN process
2026-05-04 08:15:50,622 - INFO     - Summary written to ./profile_exp/mix/r0.01/def_smoothing/seed2/SUMMARY.json

======================================================================
PROFILING SUMMARY
======================================================================
  Total wall time:    167.93s
  Images processed:   100
  Throughput:         0.5955 img/s
  Avg E2E latency:    46.1139s
  Min E2E latency:    0.0214s
  Max E2E latency:    126.0876s

  Component          Count  Dropped     FLOPs/call    Total FLOPs
  --------------- -------- -------- -------------- --------------
  odStream             100        0   153844849936 15384484993600
  frStream             551        0     2837404864  1563410080064
  lprStream            160        0    60379460608  9660713697280
  capStream             43        0   435542443635 18728325076305
  krStream             711        0            n/a            n/a
  udpStream            754        0            n/a            n/a

  Total FLOPs:        45336933847249
======================================================================
