2026-05-03 16:21:13,194 - INFO     - imgStream    : internal profiling set to False
2026-05-03 16:21:13,194 - INFO     - odStream     : internal profiling set to False
2026-05-03 16:21:13,194 - INFO     - frStream     : internal profiling set to False
2026-05-03 16:21:13,194 - INFO     - lprStream    : internal profiling set to False
2026-05-03 16:21:13,194 - INFO     - capStream    : internal profiling set to False
2026-05-03 16:21:13,195 - INFO     - krStream     : internal profiling set to False
2026-05-03 16:21:13,195 - INFO     - udpStream    : internal profiling set to False


================================================================================
|                                                                              |
|                     Running: Traffic Monitoring Pipeline                     |
|                                                                              |
|                         Algorithm: None, Model ID: 0                         |
|                                                                              |
|                             Target Indices: none                             |
|                                                                              |
|                             2026-05-03 16:21:13                              |
|                                                                              |
================================================================================


Number of CUDA devices: 1
2026-05-03 16:21:16,563 - INFO     - imgStream    : input defense = gaussian
2026-05-03 16:21:16,564 - INFO     - imgStream    : mix mode ratio=0.05 seed=0 -> 95 clean / 5 attack
2026-05-03 16:21:16,564 - INFO     - imgStream    : started
/home/lxt230026/.conda/envs/dyndl/lib/python3.10/site-packages/facenet_pytorch/models/inception_resnet_v1.py:329: FutureWarning: You are using `torch.load` with `weights_only=False` (the current default value), which uses the default pickle module implicitly. It is possible to construct malicious pickle data which will execute arbitrary code during unpickling (See https://github.com/pytorch/pytorch/blob/main/SECURITY.md#untrusted-models for more details). In a future release, the default value for `weights_only` will be flipped to `True`. This limits the functions that could be executed during unpickling. Arbitrary objects will no longer be allowed to be loaded via this mode unless they are explicitly allowlisted by the user via `torch.serialization.add_safe_globals`. We recommend you start setting `weights_only=True` for any use case where you don't have full control of the loaded file. Please open an issue on GitHub for any issues related to this experimental feature.
  state_dict = torch.load(cached_file)
2026-05-03 16:21:17,071 - INFO     - img2od: 2 | od2fr: 0 | od2lpr: 0 | od2cap: 0 | fr2kr: 0 | lpr2kr: 0 | cap2udp: 0 | kr2udp: 0 | 
2026-05-03 16:21:17,424 - INFO     - krStream     : face embeddings loaded, found 1000 embeddings
2026-05-03 16:21:17,424 - INFO     - krStream     : started
2026-05-03 16:21:17,487 - INFO     - frStream     : FR model loaded, model_id = vggface2
2026-05-03 16:21:17,487 - INFO     - frStream     : started
/home/lxt230026/EfficiencyAttack/traffic/cmpnt/c4_lpr.py:145: FutureWarning: You are using `torch.load` with `weights_only=False` (the current default value), which uses the default pickle module implicitly. It is possible to construct malicious pickle data which will execute arbitrary code during unpickling (See https://github.com/pytorch/pytorch/blob/main/SECURITY.md#untrusted-models for more details). In a future release, the default value for `weights_only` will be flipped to `True`. This limits the functions that could be executed during unpickling. Arbitrary objects will no longer be allowed to be loaded via this mode unless they are explicitly allowlisted by the user via `torch.serialization.add_safe_globals`. We recommend you start setting `weights_only=True` for any use case where you don't have full control of the loaded file. Please open an issue on GitHub for any issues related to this experimental feature.
  self.checkpoint = torch.load(self.model_id, map_location='cpu')
2026-05-03 16:21:17,694 - INFO     - odStream     : OD model loaded, model_id = 0
2026-05-03 16:21:17,694 - INFO     - odStream     : started
2026-05-03 16:21:18,072 - INFO     - img2od: 6 | od2fr: 0 | od2lpr: 0 | od2cap: 0 | fr2kr: 0 | lpr2kr: 0 | cap2udp: 0 | kr2udp: 0 | 
2026-05-03 16:21:18,223 - INFO     - Using custom providers: ['CPUExecutionProvider']
2026-05-03 16:21:18,223 - INFO     - Skipping download of 'argentinian-plates-cnn-model' model, already exists at /home/lxt230026/.cache/fast-plate-ocr/argentinian-plates-cnn-model
2026-05-03 16:21:18,236 - INFO     - lprStream    : LPR model loaded, model_id = model_v2.pth
2026-05-03 16:21:18,236 - INFO     - lprStream    : started
2026-05-03 16:21:18,988 - INFO     - capStream    : CAP model loaded, model_id = microsoft/git-base
2026-05-03 16:21:18,988 - INFO     - capStream    : started
2026-05-03 16:21:19,073 - INFO     - img2od: 9 | od2fr: 47 | od2lpr: 0 | od2cap: 0 | fr2kr: 0 | lpr2kr: 0 | cap2udp: 0 | kr2udp: 0 | 
2026-05-03 16:21:19,172 - INFO     - udpStream    : LM model loaded, model_id = gpt2
2026-05-03 16:21:19,172 - INFO     - udpStream    : started
2026-05-03 16:21:20,074 - INFO     - img2od: 10 | od2fr: 47 | od2lpr: 0 | od2cap: 1 | fr2kr: 2 | lpr2kr: 5 | cap2udp: 0 | kr2udp: 1 | 
2026-05-03 16:21:21,075 - INFO     - img2od: 10 | od2fr: 72 | od2lpr: 257 | od2cap: 2 | fr2kr: 4 | lpr2kr: 18 | cap2udp: 0 | kr2udp: 0 | 
2026-05-03 16:21:22,076 - INFO     - img2od: 9 | od2fr: 86 | od2lpr: 240 | od2cap: 4 | fr2kr: 7 | lpr2kr: 32 | cap2udp: 1 | kr2udp: 0 | 
2026-05-03 16:21:23,077 - INFO     - img2od: 10 | od2fr: 98 | od2lpr: 222 | od2cap: 4 | fr2kr: 10 | lpr2kr: 52 | cap2udp: 1 | kr2udp: 1 | 
2026-05-03 16:21:24,078 - INFO     - img2od: 9 | od2fr: 94 | od2lpr: 262 | od2cap: 2 | fr2kr: 13 | lpr2kr: 70 | cap2udp: 1 | kr2udp: 1 | 
2026-05-03 16:21:25,079 - INFO     - img2od: 8 | od2fr: 117 | od2lpr: 239 | od2cap: 0 | fr2kr: 16 | lpr2kr: 91 | cap2udp: 1 | kr2udp: 1 | 
2026-05-03 16:21:26,080 - INFO     - img2od: 10 | od2fr: 117 | od2lpr: 217 | od2cap: 0 | fr2kr: 19 | lpr2kr: 112 | cap2udp: 0 | kr2udp: 1 | 
2026-05-03 16:21:27,081 - INFO     - img2od: 10 | od2fr: 114 | od2lpr: 271 | od2cap: 0 | fr2kr: 21 | lpr2kr: 137 | cap2udp: 0 | kr2udp: 1 | 
2026-05-03 16:21:28,082 - INFO     - img2od: 9 | od2fr: 114 | od2lpr: 237 | od2cap: 0 | fr2kr: 23 | lpr2kr: 172 | cap2udp: 0 | kr2udp: 0 | 
2026-05-03 16:21:29,083 - INFO     - img2od: 8 | od2fr: 130 | od2lpr: 215 | od2cap: 0 | fr2kr: 26 | lpr2kr: 192 | cap2udp: 0 | kr2udp: 1 | 
2026-05-03 16:21:30,084 - INFO     - img2od: 8 | od2fr: 127 | od2lpr: 180 | od2cap: 0 | fr2kr: 28 | lpr2kr: 225 | cap2udp: 0 | kr2udp: 1 | 
2026-05-03 16:21:31,085 - INFO     - img2od: 8 | od2fr: 125 | od2lpr: 149 | od2cap: 0 | fr2kr: 31 | lpr2kr: 253 | cap2udp: 1 | kr2udp: 1 | 
2026-05-03 16:21:32,086 - INFO     - img2od: 8 | od2fr: 231 | od2lpr: 131 | od2cap: 0 | fr2kr: 35 | lpr2kr: 270 | cap2udp: 1 | kr2udp: 1 | 
2026-05-03 16:21:33,087 - INFO     - img2od: 7 | od2fr: 230 | od2lpr: 111 | od2cap: 0 | fr2kr: 38 | lpr2kr: 287 | cap2udp: 0 | kr2udp: 1 | 
2026-05-03 16:21:34,088 - INFO     - img2od: 8 | od2fr: 236 | od2lpr: 92 | od2cap: 0 | fr2kr: 41 | lpr2kr: 305 | cap2udp: 0 | kr2udp: 0 | 
2026-05-03 16:21:35,089 - INFO     - img2od: 8 | od2fr: 281 | od2lpr: 70 | od2cap: 0 | fr2kr: 43 | lpr2kr: 323 | cap2udp: 0 | kr2udp: 1 | 
2026-05-03 16:21:36,090 - INFO     - img2od: 8 | od2fr: 286 | od2lpr: 29 | od2cap: 0 | fr2kr: 47 | lpr2kr: 362 | cap2udp: 1 | kr2udp: 1 | 
2026-05-03 16:21:37,091 - INFO     - img2od: 8 | od2fr: 297 | od2lpr: 4 | od2cap: 0 | fr2kr: 50 | lpr2kr: 387 | cap2udp: 0 | kr2udp: 1 | 
2026-05-03 16:21:38,092 - INFO     - img2od: 10 | od2fr: 349 | od2lpr: 7 | od2cap: 0 | fr2kr: 54 | lpr2kr: 394 | cap2udp: 0 | kr2udp: 1 | 
2026-05-03 16:21:39,093 - INFO     - img2od: 11 | od2fr: 350 | od2lpr: 310 | od2cap: 0 | fr2kr: 58 | lpr2kr: 430 | cap2udp: 0 | kr2udp: 1 | 
2026-05-03 16:21:40,094 - INFO     - img2od: 10 | od2fr: 391 | od2lpr: 267 | od2cap: 0 | fr2kr: 61 | lpr2kr: 470 | cap2udp: 0 | kr2udp: 1 | 
2026-05-03 16:21:40,600 - INFO     - imgStream    : completed, sending END signal
2026-05-03 16:21:40,600 - INFO     - imgStream    : shutdown
2026-05-03 16:21:40,768 - INFO     - imgStream    : shutdown successful
2026-05-03 16:21:41,095 - INFO     - img2od: 8 | od2fr: 407 | od2lpr: 239 | od2cap: 1 | fr2kr: 65 | lpr2kr: 495 | cap2udp: 0 | kr2udp: 1 | 
2026-05-03 16:21:42,096 - INFO     - img2od: 4 | od2fr: 413 | od2lpr: 430 | od2cap: 0 | fr2kr: 69 | lpr2kr: 535 | cap2udp: 0 | kr2udp: 1 | 
2026-05-03 16:21:43,097 - INFO     - img2od: 1 | od2fr: 411 | od2lpr: 735 | od2cap: 0 | fr2kr: 72 | lpr2kr: 592 | cap2udp: 0 | kr2udp: 1 | 
2026-05-03 16:21:43,111 - INFO     - odStream     : Received END signal, shutting down
2026-05-03 16:21:43,231 - INFO     - capStream    : Received END signal, shutting down
2026-05-03 16:21:43,324 - INFO     - udpStream    : Received end signal from CAP
2026-05-03 16:21:43,375 - INFO     - odStream     : shutdown successful
2026-05-03 16:21:43,777 - INFO     - capStream    : shutdown successful
2026-05-03 16:21:44,098 - INFO     - img2od: 0 | od2fr: 406 | od2lpr: 669 | od2cap: 0 | fr2kr: 76 | lpr2kr: 656 | cap2udp: 0 | kr2udp: 0 | 
2026-05-03 16:21:45,099 - INFO     - img2od: 0 | od2fr: 400 | od2lpr: 590 | od2cap: 0 | fr2kr: 80 | lpr2kr: 732 | cap2udp: 0 | kr2udp: 0 | 
2026-05-03 16:21:46,100 - INFO     - img2od: 0 | od2fr: 394 | od2lpr: 512 | od2cap: 0 | fr2kr: 83 | lpr2kr: 808 | cap2udp: 0 | kr2udp: 1 | 
2026-05-03 16:21:47,101 - INFO     - img2od: 0 | od2fr: 388 | od2lpr: 425 | od2cap: 0 | fr2kr: 87 | lpr2kr: 892 | cap2udp: 0 | kr2udp: 1 | 
2026-05-03 16:21:48,102 - INFO     - img2od: 0 | od2fr: 382 | od2lpr: 345 | od2cap: 0 | fr2kr: 91 | lpr2kr: 970 | cap2udp: 0 | kr2udp: 1 | 
2026-05-03 16:21:49,103 - INFO     - img2od: 0 | od2fr: 376 | od2lpr: 313 | od2cap: 0 | fr2kr: 94 | lpr2kr: 1000 | cap2udp: 0 | kr2udp: 0 | 
2026-05-03 16:21:50,105 - INFO     - img2od: 0 | od2fr: 369 | od2lpr: 310 | od2cap: 0 | fr2kr: 99 | lpr2kr: 1000 | cap2udp: 0 | kr2udp: 0 | 
2026-05-03 16:21:51,106 - INFO     - img2od: 0 | od2fr: 363 | od2lpr: 308 | od2cap: 0 | fr2kr: 102 | lpr2kr: 1000 | cap2udp: 0 | kr2udp: 0 | 
2026-05-03 16:21:52,107 - INFO     - img2od: 0 | od2fr: 356 | od2lpr: 305 | od2cap: 0 | fr2kr: 107 | lpr2kr: 1000 | cap2udp: 0 | kr2udp: 1 | 
2026-05-03 16:21:53,108 - INFO     - img2od: 0 | od2fr: 350 | od2lpr: 303 | od2cap: 0 | fr2kr: 110 | lpr2kr: 1000 | cap2udp: 0 | kr2udp: 1 | 
2026-05-03 16:21:54,109 - INFO     - img2od: 0 | od2fr: 344 | od2lpr: 300 | od2cap: 0 | fr2kr: 114 | lpr2kr: 1000 | cap2udp: 0 | kr2udp: 1 | 
2026-05-03 16:21:55,110 - INFO     - img2od: 0 | od2fr: 337 | od2lpr: 298 | od2cap: 0 | fr2kr: 118 | lpr2kr: 1000 | cap2udp: 0 | kr2udp: 1 | 
2026-05-03 16:21:56,111 - INFO     - img2od: 0 | od2fr: 331 | od2lpr: 295 | od2cap: 0 | fr2kr: 122 | lpr2kr: 1000 | cap2udp: 0 | kr2udp: 1 | 
2026-05-03 16:21:57,112 - INFO     - img2od: 0 | od2fr: 325 | od2lpr: 293 | od2cap: 0 | fr2kr: 125 | lpr2kr: 1000 | cap2udp: 0 | kr2udp: 1 | 
2026-05-03 16:21:58,113 - INFO     - img2od: 0 | od2fr: 318 | od2lpr: 290 | od2cap: 0 | fr2kr: 130 | lpr2kr: 1000 | cap2udp: 0 | kr2udp: 1 | 
2026-05-03 16:21:59,114 - INFO     - img2od: 0 | od2fr: 312 | od2lpr: 288 | od2cap: 0 | fr2kr: 133 | lpr2kr: 1000 | cap2udp: 0 | kr2udp: 1 | 
2026-05-03 16:22:00,115 - INFO     - img2od: 0 | od2fr: 305 | od2lpr: 285 | od2cap: 0 | fr2kr: 138 | lpr2kr: 1000 | cap2udp: 0 | kr2udp: 0 | 
2026-05-03 16:22:01,116 - INFO     - img2od: 0 | od2fr: 299 | od2lpr: 283 | od2cap: 0 | fr2kr: 141 | lpr2kr: 1000 | cap2udp: 0 | kr2udp: 1 | 
2026-05-03 16:22:02,117 - INFO     - img2od: 0 | od2fr: 293 | od2lpr: 280 | od2cap: 0 | fr2kr: 145 | lpr2kr: 1000 | cap2udp: 0 | kr2udp: 0 | 
2026-05-03 16:22:03,118 - INFO     - img2od: 0 | od2fr: 286 | od2lpr: 278 | od2cap: 0 | fr2kr: 149 | lpr2kr: 1000 | cap2udp: 0 | kr2udp: 1 | 
2026-05-03 16:22:04,119 - INFO     - img2od: 0 | od2fr: 280 | od2lpr: 275 | od2cap: 0 | fr2kr: 153 | lpr2kr: 1000 | cap2udp: 0 | kr2udp: 0 | 
2026-05-03 16:22:05,120 - INFO     - img2od: 0 | od2fr: 274 | od2lpr: 273 | od2cap: 0 | fr2kr: 156 | lpr2kr: 1000 | cap2udp: 0 | kr2udp: 1 | 
2026-05-03 16:22:06,121 - INFO     - img2od: 0 | od2fr: 267 | od2lpr: 270 | od2cap: 0 | fr2kr: 161 | lpr2kr: 1000 | cap2udp: 0 | kr2udp: 1 | 
2026-05-03 16:22:07,122 - INFO     - img2od: 0 | od2fr: 261 | od2lpr: 268 | od2cap: 0 | fr2kr: 164 | lpr2kr: 1000 | cap2udp: 0 | kr2udp: 1 | 
2026-05-03 16:22:08,123 - INFO     - img2od: 0 | od2fr: 254 | od2lpr: 265 | od2cap: 0 | fr2kr: 169 | lpr2kr: 1000 | cap2udp: 0 | kr2udp: 1 | 
2026-05-03 16:22:09,124 - INFO     - img2od: 0 | od2fr: 248 | od2lpr: 263 | od2cap: 0 | fr2kr: 173 | lpr2kr: 1000 | cap2udp: 0 | kr2udp: 1 | 
2026-05-03 16:22:10,125 - INFO     - img2od: 0 | od2fr: 242 | od2lpr: 260 | od2cap: 0 | fr2kr: 176 | lpr2kr: 1000 | cap2udp: 0 | kr2udp: 1 | 
2026-05-03 16:22:11,127 - INFO     - img2od: 0 | od2fr: 235 | od2lpr: 258 | od2cap: 0 | fr2kr: 181 | lpr2kr: 1000 | cap2udp: 0 | kr2udp: 1 | 
2026-05-03 16:22:12,128 - INFO     - img2od: 0 | od2fr: 229 | od2lpr: 255 | od2cap: 0 | fr2kr: 184 | lpr2kr: 1000 | cap2udp: 0 | kr2udp: 0 | 
2026-05-03 16:22:13,129 - INFO     - img2od: 0 | od2fr: 223 | od2lpr: 253 | od2cap: 0 | fr2kr: 188 | lpr2kr: 1000 | cap2udp: 0 | kr2udp: 1 | 
2026-05-03 16:22:14,130 - INFO     - img2od: 0 | od2fr: 216 | od2lpr: 250 | od2cap: 0 | fr2kr: 192 | lpr2kr: 1000 | cap2udp: 0 | kr2udp: 1 | 
2026-05-03 16:22:15,132 - INFO     - img2od: 0 | od2fr: 210 | od2lpr: 248 | od2cap: 0 | fr2kr: 196 | lpr2kr: 1000 | cap2udp: 0 | kr2udp: 1 | 
2026-05-03 16:22:16,133 - INFO     - img2od: 0 | od2fr: 204 | od2lpr: 245 | od2cap: 0 | fr2kr: 199 | lpr2kr: 1000 | cap2udp: 0 | kr2udp: 0 | 
2026-05-03 16:22:17,134 - INFO     - img2od: 0 | od2fr: 197 | od2lpr: 243 | od2cap: 0 | fr2kr: 203 | lpr2kr: 1000 | cap2udp: 0 | kr2udp: 1 | 
2026-05-03 16:22:18,135 - INFO     - img2od: 0 | od2fr: 191 | od2lpr: 240 | od2cap: 0 | fr2kr: 207 | lpr2kr: 1000 | cap2udp: 0 | kr2udp: 0 | 
2026-05-03 16:22:19,136 - INFO     - img2od: 0 | od2fr: 185 | od2lpr: 238 | od2cap: 0 | fr2kr: 210 | lpr2kr: 1000 | cap2udp: 0 | kr2udp: 1 | 
2026-05-03 16:22:20,137 - INFO     - img2od: 0 | od2fr: 178 | od2lpr: 235 | od2cap: 0 | fr2kr: 215 | lpr2kr: 1000 | cap2udp: 0 | kr2udp: 1 | 
2026-05-03 16:22:21,138 - INFO     - img2od: 0 | od2fr: 172 | od2lpr: 233 | od2cap: 0 | fr2kr: 219 | lpr2kr: 1000 | cap2udp: 0 | kr2udp: 1 | 
2026-05-03 16:22:22,139 - INFO     - img2od: 0 | od2fr: 166 | od2lpr: 230 | od2cap: 0 | fr2kr: 222 | lpr2kr: 1000 | cap2udp: 0 | kr2udp: 0 | 
2026-05-03 16:22:23,139 - INFO     - img2od: 0 | od2fr: 159 | od2lpr: 228 | od2cap: 0 | fr2kr: 227 | lpr2kr: 1000 | cap2udp: 0 | kr2udp: 1 | 
2026-05-03 16:22:24,140 - INFO     - img2od: 0 | od2fr: 153 | od2lpr: 225 | od2cap: 0 | fr2kr: 230 | lpr2kr: 1000 | cap2udp: 0 | kr2udp: 0 | 
2026-05-03 16:22:25,142 - INFO     - img2od: 0 | od2fr: 147 | od2lpr: 223 | od2cap: 0 | fr2kr: 233 | lpr2kr: 1000 | cap2udp: 0 | kr2udp: 0 | 
2026-05-03 16:22:26,143 - INFO     - img2od: 0 | od2fr: 140 | od2lpr: 220 | od2cap: 0 | fr2kr: 236 | lpr2kr: 1000 | cap2udp: 0 | kr2udp: 1 | 
2026-05-03 16:22:27,144 - INFO     - img2od: 0 | od2fr: 134 | od2lpr: 217 | od2cap: 0 | fr2kr: 241 | lpr2kr: 1000 | cap2udp: 0 | kr2udp: 1 | 
2026-05-03 16:22:28,145 - INFO     - img2od: 0 | od2fr: 128 | od2lpr: 214 | od2cap: 0 | fr2kr: 244 | lpr2kr: 1000 | cap2udp: 0 | kr2udp: 1 | 
2026-05-03 16:22:29,146 - INFO     - img2od: 0 | od2fr: 122 | od2lpr: 212 | od2cap: 0 | fr2kr: 247 | lpr2kr: 1000 | cap2udp: 0 | kr2udp: 0 | 
2026-05-03 16:22:30,147 - INFO     - img2od: 0 | od2fr: 115 | od2lpr: 209 | od2cap: 0 | fr2kr: 251 | lpr2kr: 1000 | cap2udp: 0 | kr2udp: 1 | 
2026-05-03 16:22:31,148 - INFO     - img2od: 0 | od2fr: 109 | od2lpr: 206 | od2cap: 0 | fr2kr: 255 | lpr2kr: 1000 | cap2udp: 0 | kr2udp: 0 | 
2026-05-03 16:22:32,149 - INFO     - img2od: 0 | od2fr: 103 | od2lpr: 204 | od2cap: 0 | fr2kr: 258 | lpr2kr: 1000 | cap2udp: 0 | kr2udp: 1 | 
2026-05-03 16:22:33,150 - INFO     - img2od: 0 | od2fr: 97 | od2lpr: 201 | od2cap: 0 | fr2kr: 262 | lpr2kr: 1000 | cap2udp: 0 | kr2udp: 1 | 
2026-05-03 16:22:34,151 - INFO     - img2od: 0 | od2fr: 90 | od2lpr: 198 | od2cap: 0 | fr2kr: 266 | lpr2kr: 1000 | cap2udp: 0 | kr2udp: 1 | 
2026-05-03 16:22:35,152 - INFO     - img2od: 0 | od2fr: 84 | od2lpr: 196 | od2cap: 0 | fr2kr: 269 | lpr2kr: 1000 | cap2udp: 0 | kr2udp: 0 | 
2026-05-03 16:22:36,153 - INFO     - img2od: 0 | od2fr: 78 | od2lpr: 193 | od2cap: 0 | fr2kr: 272 | lpr2kr: 1000 | cap2udp: 0 | kr2udp: 1 | 
2026-05-03 16:22:37,154 - INFO     - img2od: 0 | od2fr: 71 | od2lpr: 190 | od2cap: 0 | fr2kr: 277 | lpr2kr: 1000 | cap2udp: 0 | kr2udp: 1 | 
2026-05-03 16:22:38,155 - INFO     - img2od: 0 | od2fr: 65 | od2lpr: 187 | od2cap: 0 | fr2kr: 280 | lpr2kr: 1000 | cap2udp: 0 | kr2udp: 0 | 
2026-05-03 16:22:39,157 - INFO     - img2od: 0 | od2fr: 59 | od2lpr: 184 | od2cap: 0 | fr2kr: 283 | lpr2kr: 1000 | cap2udp: 0 | kr2udp: 1 | 
2026-05-03 16:22:40,158 - INFO     - img2od: 0 | od2fr: 52 | od2lpr: 182 | od2cap: 0 | fr2kr: 287 | lpr2kr: 1000 | cap2udp: 0 | kr2udp: 1 | 
2026-05-03 16:22:41,159 - INFO     - img2od: 0 | od2fr: 46 | od2lpr: 179 | od2cap: 0 | fr2kr: 291 | lpr2kr: 1000 | cap2udp: 0 | kr2udp: 1 | 
2026-05-03 16:22:42,160 - INFO     - img2od: 0 | od2fr: 39 | od2lpr: 176 | od2cap: 0 | fr2kr: 295 | lpr2kr: 1000 | cap2udp: 0 | kr2udp: 1 | 
2026-05-03 16:22:43,161 - INFO     - img2od: 0 | od2fr: 33 | od2lpr: 174 | od2cap: 0 | fr2kr: 299 | lpr2kr: 1000 | cap2udp: 0 | kr2udp: 1 | 
2026-05-03 16:22:44,162 - INFO     - img2od: 0 | od2fr: 26 | od2lpr: 171 | od2cap: 0 | fr2kr: 303 | lpr2kr: 1000 | cap2udp: 0 | kr2udp: 1 | 
2026-05-03 16:22:45,163 - INFO     - img2od: 0 | od2fr: 20 | od2lpr: 169 | od2cap: 0 | fr2kr: 306 | lpr2kr: 1000 | cap2udp: 0 | kr2udp: 1 | 
2026-05-03 16:22:46,164 - INFO     - img2od: 0 | od2fr: 13 | od2lpr: 166 | od2cap: 0 | fr2kr: 311 | lpr2kr: 1000 | cap2udp: 0 | kr2udp: 1 | 
2026-05-03 16:22:47,165 - INFO     - img2od: 0 | od2fr: 7 | od2lpr: 164 | od2cap: 0 | fr2kr: 314 | lpr2kr: 1000 | cap2udp: 0 | kr2udp: 1 | 
2026-05-03 16:22:48,166 - INFO     - img2od: 0 | od2fr: 1 | od2lpr: 161 | od2cap: 0 | fr2kr: 318 | lpr2kr: 1000 | cap2udp: 0 | kr2udp: 1 | 
2026-05-03 16:22:48,170 - INFO     - frStream     : Received END signal, shutting down
2026-05-03 16:22:48,378 - INFO     - frStream     : shutdown successful
2026-05-03 16:22:49,167 - INFO     - img2od: 0 | od2fr: 0 | od2lpr: 159 | od2cap: 0 | fr2kr: 316 | lpr2kr: 1000 | cap2udp: 0 | kr2udp: 0 | 
2026-05-03 16:22:50,168 - INFO     - img2od: 0 | od2fr: 0 | od2lpr: 156 | od2cap: 0 | fr2kr: 314 | lpr2kr: 1000 | cap2udp: 0 | kr2udp: 1 | 
2026-05-03 16:22:51,169 - INFO     - img2od: 0 | od2fr: 0 | od2lpr: 153 | od2cap: 0 | fr2kr: 311 | lpr2kr: 1000 | cap2udp: 0 | kr2udp: 0 | 
2026-05-03 16:22:52,170 - INFO     - img2od: 0 | od2fr: 0 | od2lpr: 151 | od2cap: 0 | fr2kr: 308 | lpr2kr: 1000 | cap2udp: 0 | kr2udp: 0 | 
2026-05-03 16:22:53,171 - INFO     - img2od: 0 | od2fr: 0 | od2lpr: 148 | od2cap: 0 | fr2kr: 306 | lpr2kr: 1000 | cap2udp: 0 | kr2udp: 1 | 
2026-05-03 16:22:54,172 - INFO     - img2od: 0 | od2fr: 0 | od2lpr: 146 | od2cap: 0 | fr2kr: 303 | lpr2kr: 1000 | cap2udp: 0 | kr2udp: 0 | 
2026-05-03 16:22:55,173 - INFO     - img2od: 0 | od2fr: 0 | od2lpr: 143 | od2cap: 0 | fr2kr: 301 | lpr2kr: 1000 | cap2udp: 0 | kr2udp: 1 | 
2026-05-03 16:22:56,175 - INFO     - img2od: 0 | od2fr: 0 | od2lpr: 140 | od2cap: 0 | fr2kr: 298 | lpr2kr: 1000 | cap2udp: 0 | kr2udp: 1 | 
2026-05-03 16:22:57,176 - INFO     - img2od: 0 | od2fr: 0 | od2lpr: 138 | od2cap: 0 | fr2kr: 295 | lpr2kr: 1000 | cap2udp: 0 | kr2udp: 1 | 
2026-05-03 16:22:58,177 - INFO     - img2od: 0 | od2fr: 0 | od2lpr: 135 | od2cap: 0 | fr2kr: 293 | lpr2kr: 1000 | cap2udp: 0 | kr2udp: 1 | 
2026-05-03 16:22:59,178 - INFO     - img2od: 0 | od2fr: 0 | od2lpr: 132 | od2cap: 0 | fr2kr: 290 | lpr2kr: 1000 | cap2udp: 0 | kr2udp: 0 | 
2026-05-03 16:23:00,179 - INFO     - img2od: 0 | od2fr: 0 | od2lpr: 130 | od2cap: 0 | fr2kr: 287 | lpr2kr: 1000 | cap2udp: 0 | kr2udp: 0 | 
2026-05-03 16:23:01,180 - INFO     - img2od: 0 | od2fr: 0 | od2lpr: 127 | od2cap: 0 | fr2kr: 285 | lpr2kr: 1000 | cap2udp: 0 | kr2udp: 0 | 
2026-05-03 16:23:02,181 - INFO     - img2od: 0 | od2fr: 0 | od2lpr: 125 | od2cap: 0 | fr2kr: 282 | lpr2kr: 1000 | cap2udp: 0 | kr2udp: 0 | 
2026-05-03 16:23:03,182 - INFO     - img2od: 0 | od2fr: 0 | od2lpr: 122 | od2cap: 0 | fr2kr: 280 | lpr2kr: 1000 | cap2udp: 0 | kr2udp: 1 | 
2026-05-03 16:23:04,183 - INFO     - img2od: 0 | od2fr: 0 | od2lpr: 119 | od2cap: 0 | fr2kr: 277 | lpr2kr: 1000 | cap2udp: 0 | kr2udp: 1 | 
2026-05-03 16:23:05,184 - INFO     - img2od: 0 | od2fr: 0 | od2lpr: 117 | od2cap: 0 | fr2kr: 274 | lpr2kr: 1000 | cap2udp: 0 | kr2udp: 1 | 
2026-05-03 16:23:06,185 - INFO     - img2od: 0 | od2fr: 0 | od2lpr: 114 | od2cap: 0 | fr2kr: 272 | lpr2kr: 1000 | cap2udp: 0 | kr2udp: 1 | 
2026-05-03 16:23:07,186 - INFO     - img2od: 0 | od2fr: 0 | od2lpr: 112 | od2cap: 0 | fr2kr: 269 | lpr2kr: 999 | cap2udp: 0 | kr2udp: 0 | 
2026-05-03 16:23:08,186 - INFO     - img2od: 0 | od2fr: 0 | od2lpr: 109 | od2cap: 0 | fr2kr: 267 | lpr2kr: 1000 | cap2udp: 0 | kr2udp: 1 | 
2026-05-03 16:23:09,187 - INFO     - img2od: 0 | od2fr: 0 | od2lpr: 106 | od2cap: 0 | fr2kr: 264 | lpr2kr: 1000 | cap2udp: 0 | kr2udp: 1 | 
2026-05-03 16:23:10,189 - INFO     - img2od: 0 | od2fr: 0 | od2lpr: 104 | od2cap: 0 | fr2kr: 261 | lpr2kr: 1000 | cap2udp: 0 | kr2udp: 1 | 
2026-05-03 16:23:11,190 - INFO     - img2od: 0 | od2fr: 0 | od2lpr: 101 | od2cap: 0 | fr2kr: 259 | lpr2kr: 1000 | cap2udp: 0 | kr2udp: 0 | 
2026-05-03 16:23:12,191 - INFO     - img2od: 0 | od2fr: 0 | od2lpr: 99 | od2cap: 0 | fr2kr: 256 | lpr2kr: 1000 | cap2udp: 0 | kr2udp: 0 | 
2026-05-03 16:23:13,192 - INFO     - img2od: 0 | od2fr: 0 | od2lpr: 96 | od2cap: 0 | fr2kr: 254 | lpr2kr: 1000 | cap2udp: 0 | kr2udp: 1 | 
2026-05-03 16:23:14,193 - INFO     - img2od: 0 | od2fr: 0 | od2lpr: 93 | od2cap: 0 | fr2kr: 251 | lpr2kr: 1000 | cap2udp: 0 | kr2udp: 1 | 
2026-05-03 16:23:15,194 - INFO     - img2od: 0 | od2fr: 0 | od2lpr: 91 | od2cap: 0 | fr2kr: 249 | lpr2kr: 1000 | cap2udp: 0 | kr2udp: 1 | 
2026-05-03 16:23:16,195 - INFO     - img2od: 0 | od2fr: 0 | od2lpr: 88 | od2cap: 0 | fr2kr: 246 | lpr2kr: 1000 | cap2udp: 0 | kr2udp: 1 | 
2026-05-03 16:23:17,196 - INFO     - img2od: 0 | od2fr: 0 | od2lpr: 86 | od2cap: 0 | fr2kr: 243 | lpr2kr: 1000 | cap2udp: 0 | kr2udp: 1 | 
2026-05-03 16:23:18,198 - INFO     - img2od: 0 | od2fr: 0 | od2lpr: 83 | od2cap: 0 | fr2kr: 241 | lpr2kr: 1000 | cap2udp: 0 | kr2udp: 1 | 
2026-05-03 16:23:19,199 - INFO     - img2od: 0 | od2fr: 0 | od2lpr: 81 | od2cap: 0 | fr2kr: 238 | lpr2kr: 1000 | cap2udp: 0 | kr2udp: 0 | 
2026-05-03 16:23:20,200 - INFO     - img2od: 0 | od2fr: 0 | od2lpr: 78 | od2cap: 0 | fr2kr: 236 | lpr2kr: 1000 | cap2udp: 0 | kr2udp: 1 | 
2026-05-03 16:23:21,201 - INFO     - img2od: 0 | od2fr: 0 | od2lpr: 75 | od2cap: 0 | fr2kr: 233 | lpr2kr: 1000 | cap2udp: 0 | kr2udp: 1 | 
2026-05-03 16:23:22,202 - INFO     - img2od: 0 | od2fr: 0 | od2lpr: 73 | od2cap: 0 | fr2kr: 230 | lpr2kr: 1000 | cap2udp: 0 | kr2udp: 1 | 
2026-05-03 16:23:23,203 - INFO     - img2od: 0 | od2fr: 0 | od2lpr: 70 | od2cap: 0 | fr2kr: 228 | lpr2kr: 1000 | cap2udp: 0 | kr2udp: 0 | 
2026-05-03 16:23:24,204 - INFO     - img2od: 0 | od2fr: 0 | od2lpr: 68 | od2cap: 0 | fr2kr: 225 | lpr2kr: 1000 | cap2udp: 0 | kr2udp: 1 | 
2026-05-03 16:23:25,205 - INFO     - img2od: 0 | od2fr: 0 | od2lpr: 65 | od2cap: 0 | fr2kr: 223 | lpr2kr: 1000 | cap2udp: 0 | kr2udp: 1 | 
2026-05-03 16:23:26,206 - INFO     - img2od: 0 | od2fr: 0 | od2lpr: 62 | od2cap: 0 | fr2kr: 220 | lpr2kr: 1000 | cap2udp: 0 | kr2udp: 0 | 
2026-05-03 16:23:27,207 - INFO     - img2od: 0 | od2fr: 0 | od2lpr: 60 | od2cap: 0 | fr2kr: 217 | lpr2kr: 1000 | cap2udp: 0 | kr2udp: 1 | 
2026-05-03 16:23:28,208 - INFO     - img2od: 0 | od2fr: 0 | od2lpr: 57 | od2cap: 0 | fr2kr: 215 | lpr2kr: 1000 | cap2udp: 0 | kr2udp: 1 | 
2026-05-03 16:23:29,209 - INFO     - img2od: 0 | od2fr: 0 | od2lpr: 54 | od2cap: 0 | fr2kr: 212 | lpr2kr: 1000 | cap2udp: 0 | kr2udp: 1 | 
2026-05-03 16:23:30,210 - INFO     - img2od: 0 | od2fr: 0 | od2lpr: 52 | od2cap: 0 | fr2kr: 209 | lpr2kr: 1000 | cap2udp: 0 | kr2udp: 1 | 
2026-05-03 16:23:31,211 - INFO     - img2od: 0 | od2fr: 0 | od2lpr: 49 | od2cap: 0 | fr2kr: 206 | lpr2kr: 1000 | cap2udp: 0 | kr2udp: 1 | 
2026-05-03 16:23:32,212 - INFO     - img2od: 0 | od2fr: 0 | od2lpr: 46 | od2cap: 0 | fr2kr: 203 | lpr2kr: 1000 | cap2udp: 0 | kr2udp: 1 | 
2026-05-03 16:23:33,213 - INFO     - img2od: 0 | od2fr: 0 | od2lpr: 43 | od2cap: 0 | fr2kr: 201 | lpr2kr: 1000 | cap2udp: 0 | kr2udp: 1 | 
2026-05-03 16:23:34,214 - INFO     - img2od: 0 | od2fr: 0 | od2lpr: 40 | od2cap: 0 | fr2kr: 198 | lpr2kr: 1000 | cap2udp: 0 | kr2udp: 1 | 
2026-05-03 16:23:35,215 - INFO     - img2od: 0 | od2fr: 0 | od2lpr: 37 | od2cap: 0 | fr2kr: 195 | lpr2kr: 1000 | cap2udp: 0 | kr2udp: 1 | 
2026-05-03 16:23:36,216 - INFO     - img2od: 0 | od2fr: 0 | od2lpr: 34 | od2cap: 0 | fr2kr: 192 | lpr2kr: 1000 | cap2udp: 0 | kr2udp: 1 | 
2026-05-03 16:23:37,218 - INFO     - img2od: 0 | od2fr: 0 | od2lpr: 31 | od2cap: 0 | fr2kr: 189 | lpr2kr: 1000 | cap2udp: 0 | kr2udp: 0 | 
2026-05-03 16:23:38,219 - INFO     - img2od: 0 | od2fr: 0 | od2lpr: 28 | od2cap: 0 | fr2kr: 186 | lpr2kr: 1000 | cap2udp: 0 | kr2udp: 0 | 
2026-05-03 16:23:39,220 - INFO     - img2od: 0 | od2fr: 0 | od2lpr: 26 | od2cap: 0 | fr2kr: 183 | lpr2kr: 1000 | cap2udp: 0 | kr2udp: 0 | 
2026-05-03 16:23:40,221 - INFO     - img2od: 0 | od2fr: 0 | od2lpr: 23 | od2cap: 0 | fr2kr: 180 | lpr2kr: 1000 | cap2udp: 0 | kr2udp: 1 | 
2026-05-03 16:23:41,222 - INFO     - img2od: 0 | od2fr: 0 | od2lpr: 20 | od2cap: 0 | fr2kr: 177 | lpr2kr: 1000 | cap2udp: 0 | kr2udp: 1 | 
2026-05-03 16:23:42,223 - INFO     - img2od: 0 | od2fr: 0 | od2lpr: 17 | od2cap: 0 | fr2kr: 175 | lpr2kr: 1000 | cap2udp: 0 | kr2udp: 1 | 
2026-05-03 16:23:43,224 - INFO     - img2od: 0 | od2fr: 0 | od2lpr: 14 | od2cap: 0 | fr2kr: 172 | lpr2kr: 1000 | cap2udp: 0 | kr2udp: 1 | 
2026-05-03 16:23:44,225 - INFO     - img2od: 0 | od2fr: 0 | od2lpr: 11 | od2cap: 0 | fr2kr: 169 | lpr2kr: 1000 | cap2udp: 0 | kr2udp: 1 | 
2026-05-03 16:23:45,226 - INFO     - img2od: 0 | od2fr: 0 | od2lpr: 8 | od2cap: 0 | fr2kr: 165 | lpr2kr: 1000 | cap2udp: 0 | kr2udp: 0 | 
2026-05-03 16:23:46,227 - INFO     - img2od: 0 | od2fr: 0 | od2lpr: 4 | od2cap: 0 | fr2kr: 162 | lpr2kr: 1000 | cap2udp: 0 | kr2udp: 1 | 
loading model on device: cuda
Initializing checkpoint: PekingU/rtdetr_r50vd, ID: 0
2026-05-03 16:23:47,228 - INFO     - img2od: 0 | od2fr: 0 | od2lpr: 1 | od2cap: 0 | fr2kr: 159 | lpr2kr: 1000 | cap2udp: 0 | kr2udp: 1 | 
2026-05-03 16:23:47,457 - INFO     - lprStream    : Received END signal, shutting down
2026-05-03 16:23:47,903 - INFO     - lprStream    : shutdown successful
2026-05-03 16:23:48,229 - INFO     - img2od: 0 | od2fr: 0 | od2lpr: 0 | od2cap: 0 | fr2kr: 156 | lpr2kr: 999 | cap2udp: 0 | kr2udp: 0 | 
2026-05-03 16:23:49,230 - INFO     - img2od: 0 | od2fr: 0 | od2lpr: 0 | od2cap: 0 | fr2kr: 153 | lpr2kr: 996 | cap2udp: 0 | kr2udp: 0 | 
2026-05-03 16:23:50,231 - INFO     - img2od: 0 | od2fr: 0 | od2lpr: 0 | od2cap: 0 | fr2kr: 150 | lpr2kr: 993 | cap2udp: 0 | kr2udp: 1 | 
2026-05-03 16:23:51,233 - INFO     - img2od: 0 | od2fr: 0 | od2lpr: 0 | od2cap: 0 | fr2kr: 147 | lpr2kr: 990 | cap2udp: 0 | kr2udp: 1 | 
2026-05-03 16:23:52,234 - INFO     - img2od: 0 | od2fr: 0 | od2lpr: 0 | od2cap: 0 | fr2kr: 143 | lpr2kr: 987 | cap2udp: 0 | kr2udp: 1 | 
2026-05-03 16:23:53,235 - INFO     - img2od: 0 | od2fr: 0 | od2lpr: 0 | od2cap: 0 | fr2kr: 140 | lpr2kr: 983 | cap2udp: 0 | kr2udp: 1 | 
2026-05-03 16:23:54,236 - INFO     - img2od: 0 | od2fr: 0 | od2lpr: 0 | od2cap: 0 | fr2kr: 137 | lpr2kr: 980 | cap2udp: 0 | kr2udp: 1 | 
2026-05-03 16:23:55,238 - INFO     - img2od: 0 | od2fr: 0 | od2lpr: 0 | od2cap: 0 | fr2kr: 134 | lpr2kr: 977 | cap2udp: 0 | kr2udp: 1 | 
2026-05-03 16:23:56,239 - INFO     - img2od: 0 | od2fr: 0 | od2lpr: 0 | od2cap: 0 | fr2kr: 130 | lpr2kr: 974 | cap2udp: 0 | kr2udp: 1 | 
2026-05-03 16:23:57,240 - INFO     - img2od: 0 | od2fr: 0 | od2lpr: 0 | od2cap: 0 | fr2kr: 127 | lpr2kr: 970 | cap2udp: 0 | kr2udp: 1 | 
2026-05-03 16:23:58,241 - INFO     - img2od: 0 | od2fr: 0 | od2lpr: 0 | od2cap: 0 | fr2kr: 124 | lpr2kr: 967 | cap2udp: 0 | kr2udp: 1 | 
2026-05-03 16:23:59,243 - INFO     - img2od: 0 | od2fr: 0 | od2lpr: 0 | od2cap: 0 | fr2kr: 120 | lpr2kr: 964 | cap2udp: 0 | kr2udp: 1 | 
2026-05-03 16:24:00,244 - INFO     - img2od: 0 | od2fr: 0 | od2lpr: 0 | od2cap: 0 | fr2kr: 117 | lpr2kr: 961 | cap2udp: 0 | kr2udp: 1 | 
2026-05-03 16:24:01,245 - INFO     - img2od: 0 | od2fr: 0 | od2lpr: 0 | od2cap: 0 | fr2kr: 114 | lpr2kr: 958 | cap2udp: 0 | kr2udp: 1 | 
2026-05-03 16:24:02,246 - INFO     - img2od: 0 | od2fr: 0 | od2lpr: 0 | od2cap: 0 | fr2kr: 111 | lpr2kr: 955 | cap2udp: 0 | kr2udp: 1 | 
2026-05-03 16:24:03,247 - INFO     - img2od: 0 | od2fr: 0 | od2lpr: 0 | od2cap: 0 | fr2kr: 108 | lpr2kr: 952 | cap2udp: 0 | kr2udp: 1 | 
2026-05-03 16:24:04,248 - INFO     - img2od: 0 | od2fr: 0 | od2lpr: 0 | od2cap: 0 | fr2kr: 106 | lpr2kr: 949 | cap2udp: 0 | kr2udp: 1 | 
2026-05-03 16:24:05,249 - INFO     - img2od: 0 | od2fr: 0 | od2lpr: 0 | od2cap: 0 | fr2kr: 103 | lpr2kr: 947 | cap2udp: 0 | kr2udp: 0 | 
2026-05-03 16:24:06,250 - INFO     - img2od: 0 | od2fr: 0 | od2lpr: 0 | od2cap: 0 | fr2kr: 101 | lpr2kr: 944 | cap2udp: 0 | kr2udp: 1 | 
2026-05-03 16:24:07,251 - INFO     - img2od: 0 | od2fr: 0 | od2lpr: 0 | od2cap: 0 | fr2kr: 99 | lpr2kr: 942 | cap2udp: 0 | kr2udp: 1 | 
2026-05-03 16:24:08,252 - INFO     - img2od: 0 | od2fr: 0 | od2lpr: 0 | od2cap: 0 | fr2kr: 96 | lpr2kr: 939 | cap2udp: 0 | kr2udp: 1 | 
2026-05-03 16:24:09,253 - INFO     - img2od: 0 | od2fr: 0 | od2lpr: 0 | od2cap: 0 | fr2kr: 93 | lpr2kr: 937 | cap2udp: 0 | kr2udp: 1 | 
2026-05-03 16:24:10,254 - INFO     - img2od: 0 | od2fr: 0 | od2lpr: 0 | od2cap: 0 | fr2kr: 91 | lpr2kr: 934 | cap2udp: 0 | kr2udp: 1 | 
2026-05-03 16:24:11,255 - INFO     - img2od: 0 | od2fr: 0 | od2lpr: 0 | od2cap: 0 | fr2kr: 88 | lpr2kr: 932 | cap2udp: 0 | kr2udp: 1 | 
2026-05-03 16:24:12,256 - INFO     - img2od: 0 | od2fr: 0 | od2lpr: 0 | od2cap: 0 | fr2kr: 86 | lpr2kr: 929 | cap2udp: 0 | kr2udp: 0 | 
2026-05-03 16:24:13,257 - INFO     - img2od: 0 | od2fr: 0 | od2lpr: 0 | od2cap: 0 | fr2kr: 83 | lpr2kr: 927 | cap2udp: 0 | kr2udp: 1 | 
2026-05-03 16:24:14,258 - INFO     - img2od: 0 | od2fr: 0 | od2lpr: 0 | od2cap: 0 | fr2kr: 81 | lpr2kr: 924 | cap2udp: 0 | kr2udp: 1 | 
2026-05-03 16:24:15,259 - INFO     - img2od: 0 | od2fr: 0 | od2lpr: 0 | od2cap: 0 | fr2kr: 78 | lpr2kr: 921 | cap2udp: 0 | kr2udp: 0 | 
2026-05-03 16:24:16,260 - INFO     - img2od: 0 | od2fr: 0 | od2lpr: 0 | od2cap: 0 | fr2kr: 75 | lpr2kr: 919 | cap2udp: 0 | kr2udp: 1 | 
2026-05-03 16:24:17,261 - INFO     - img2od: 0 | od2fr: 0 | od2lpr: 0 | od2cap: 0 | fr2kr: 73 | lpr2kr: 916 | cap2udp: 0 | kr2udp: 1 | 
2026-05-03 16:24:18,262 - INFO     - img2od: 0 | od2fr: 0 | od2lpr: 0 | od2cap: 0 | fr2kr: 70 | lpr2kr: 914 | cap2udp: 0 | kr2udp: 1 | 
2026-05-03 16:24:19,263 - INFO     - img2od: 0 | od2fr: 0 | od2lpr: 0 | od2cap: 0 | fr2kr: 68 | lpr2kr: 911 | cap2udp: 0 | kr2udp: 1 | 
2026-05-03 16:24:20,264 - INFO     - img2od: 0 | od2fr: 0 | od2lpr: 0 | od2cap: 0 | fr2kr: 66 | lpr2kr: 909 | cap2udp: 0 | kr2udp: 1 | 
2026-05-03 16:24:21,265 - INFO     - img2od: 0 | od2fr: 0 | od2lpr: 0 | od2cap: 0 | fr2kr: 63 | lpr2kr: 907 | cap2udp: 0 | kr2udp: 1 | 
2026-05-03 16:24:22,266 - INFO     - img2od: 0 | od2fr: 0 | od2lpr: 0 | od2cap: 0 | fr2kr: 61 | lpr2kr: 904 | cap2udp: 0 | kr2udp: 1 | 
2026-05-03 16:24:23,267 - INFO     - img2od: 0 | od2fr: 0 | od2lpr: 0 | od2cap: 0 | fr2kr: 59 | lpr2kr: 902 | cap2udp: 0 | kr2udp: 1 | 
2026-05-03 16:24:24,268 - INFO     - img2od: 0 | od2fr: 0 | od2lpr: 0 | od2cap: 0 | fr2kr: 56 | lpr2kr: 900 | cap2udp: 0 | kr2udp: 0 | 
2026-05-03 16:24:25,269 - INFO     - img2od: 0 | od2fr: 0 | od2lpr: 0 | od2cap: 0 | fr2kr: 54 | lpr2kr: 897 | cap2udp: 0 | kr2udp: 0 | 
2026-05-03 16:24:26,270 - INFO     - img2od: 0 | od2fr: 0 | od2lpr: 0 | od2cap: 0 | fr2kr: 52 | lpr2kr: 895 | cap2udp: 0 | kr2udp: 1 | 
2026-05-03 16:24:27,271 - INFO     - img2od: 0 | od2fr: 0 | od2lpr: 0 | od2cap: 0 | fr2kr: 49 | lpr2kr: 892 | cap2udp: 0 | kr2udp: 1 | 
2026-05-03 16:24:28,272 - INFO     - img2od: 0 | od2fr: 0 | od2lpr: 0 | od2cap: 0 | fr2kr: 47 | lpr2kr: 890 | cap2udp: 0 | kr2udp: 1 | 
2026-05-03 16:24:29,273 - INFO     - img2od: 0 | od2fr: 0 | od2lpr: 0 | od2cap: 0 | fr2kr: 44 | lpr2kr: 888 | cap2udp: 0 | kr2udp: 0 | 
2026-05-03 16:24:30,274 - INFO     - img2od: 0 | od2fr: 0 | od2lpr: 0 | od2cap: 0 | fr2kr: 42 | lpr2kr: 885 | cap2udp: 0 | kr2udp: 1 | 
2026-05-03 16:24:31,275 - INFO     - img2od: 0 | od2fr: 0 | od2lpr: 0 | od2cap: 0 | fr2kr: 40 | lpr2kr: 883 | cap2udp: 0 | kr2udp: 1 | 
2026-05-03 16:24:32,276 - INFO     - img2od: 0 | od2fr: 0 | od2lpr: 0 | od2cap: 0 | fr2kr: 37 | lpr2kr: 881 | cap2udp: 0 | kr2udp: 0 | 
2026-05-03 16:24:33,277 - INFO     - img2od: 0 | od2fr: 0 | od2lpr: 0 | od2cap: 0 | fr2kr: 35 | lpr2kr: 878 | cap2udp: 0 | kr2udp: 1 | 
2026-05-03 16:24:34,278 - INFO     - img2od: 0 | od2fr: 0 | od2lpr: 0 | od2cap: 0 | fr2kr: 32 | lpr2kr: 876 | cap2udp: 0 | kr2udp: 1 | 
2026-05-03 16:24:35,280 - INFO     - img2od: 0 | od2fr: 0 | od2lpr: 0 | od2cap: 0 | fr2kr: 30 | lpr2kr: 873 | cap2udp: 0 | kr2udp: 0 | 
2026-05-03 16:24:36,281 - INFO     - img2od: 0 | od2fr: 0 | od2lpr: 0 | od2cap: 0 | fr2kr: 28 | lpr2kr: 871 | cap2udp: 0 | kr2udp: 1 | 
2026-05-03 16:24:37,282 - INFO     - img2od: 0 | od2fr: 0 | od2lpr: 0 | od2cap: 0 | fr2kr: 25 | lpr2kr: 868 | cap2udp: 0 | kr2udp: 1 | 
2026-05-03 16:24:38,283 - INFO     - img2od: 0 | od2fr: 0 | od2lpr: 0 | od2cap: 0 | fr2kr: 23 | lpr2kr: 866 | cap2udp: 0 | kr2udp: 1 | 
2026-05-03 16:24:39,284 - INFO     - img2od: 0 | od2fr: 0 | od2lpr: 0 | od2cap: 0 | fr2kr: 20 | lpr2kr: 863 | cap2udp: 0 | kr2udp: 0 | 
2026-05-03 16:24:40,285 - INFO     - img2od: 0 | od2fr: 0 | od2lpr: 0 | od2cap: 0 | fr2kr: 17 | lpr2kr: 861 | cap2udp: 0 | kr2udp: 0 | 
2026-05-03 16:24:41,286 - INFO     - img2od: 0 | od2fr: 0 | od2lpr: 0 | od2cap: 0 | fr2kr: 15 | lpr2kr: 858 | cap2udp: 0 | kr2udp: 1 | 
2026-05-03 16:24:42,287 - INFO     - img2od: 0 | od2fr: 0 | od2lpr: 0 | od2cap: 0 | fr2kr: 12 | lpr2kr: 855 | cap2udp: 0 | kr2udp: 1 | 
2026-05-03 16:24:43,289 - INFO     - img2od: 0 | od2fr: 0 | od2lpr: 0 | od2cap: 0 | fr2kr: 9 | lpr2kr: 852 | cap2udp: 0 | kr2udp: 1 | 
2026-05-03 16:24:44,290 - INFO     - img2od: 0 | od2fr: 0 | od2lpr: 0 | od2cap: 0 | fr2kr: 6 | lpr2kr: 850 | cap2udp: 0 | kr2udp: 1 | 
2026-05-03 16:24:45,291 - INFO     - img2od: 0 | od2fr: 0 | od2lpr: 0 | od2cap: 0 | fr2kr: 4 | lpr2kr: 847 | cap2udp: 0 | kr2udp: 1 | 
2026-05-03 16:24:46,292 - INFO     - img2od: 0 | od2fr: 0 | od2lpr: 0 | od2cap: 0 | fr2kr: 1 | lpr2kr: 844 | cap2udp: 0 | kr2udp: 1 | 
2026-05-03 16:24:46,363 - INFO     - krStream     : Received end signal from FR
2026-05-03 16:24:47,294 - INFO     - img2od: 0 | od2fr: 0 | od2lpr: 0 | od2cap: 0 | fr2kr: 0 | lpr2kr: 840 | cap2udp: 0 | kr2udp: 1 | 
2026-05-03 16:24:48,295 - INFO     - img2od: 0 | od2fr: 0 | od2lpr: 0 | od2cap: 0 | fr2kr: 0 | lpr2kr: 835 | cap2udp: 0 | kr2udp: 1 | 
2026-05-03 16:24:49,296 - INFO     - img2od: 0 | od2fr: 0 | od2lpr: 0 | od2cap: 0 | fr2kr: 0 | lpr2kr: 831 | cap2udp: 0 | kr2udp: 1 | 
2026-05-03 16:24:50,297 - INFO     - img2od: 0 | od2fr: 0 | od2lpr: 0 | od2cap: 0 | fr2kr: 0 | lpr2kr: 827 | cap2udp: 0 | kr2udp: 1 | 
2026-05-03 16:24:51,299 - INFO     - img2od: 0 | od2fr: 0 | od2lpr: 0 | od2cap: 0 | fr2kr: 0 | lpr2kr: 823 | cap2udp: 0 | kr2udp: 1 | 
2026-05-03 16:24:52,300 - INFO     - img2od: 0 | od2fr: 0 | od2lpr: 0 | od2cap: 0 | fr2kr: 0 | lpr2kr: 818 | cap2udp: 0 | kr2udp: 0 | 
2026-05-03 16:24:53,301 - INFO     - img2od: 0 | od2fr: 0 | od2lpr: 0 | od2cap: 0 | fr2kr: 0 | lpr2kr: 814 | cap2udp: 0 | kr2udp: 0 | 
2026-05-03 16:24:54,302 - INFO     - img2od: 0 | od2fr: 0 | od2lpr: 0 | od2cap: 0 | fr2kr: 0 | lpr2kr: 810 | cap2udp: 0 | kr2udp: 1 | 
2026-05-03 16:24:55,304 - INFO     - img2od: 0 | od2fr: 0 | od2lpr: 0 | od2cap: 0 | fr2kr: 0 | lpr2kr: 806 | cap2udp: 0 | kr2udp: 1 | 
2026-05-03 16:24:56,305 - INFO     - img2od: 0 | od2fr: 0 | od2lpr: 0 | od2cap: 0 | fr2kr: 0 | lpr2kr: 801 | cap2udp: 0 | kr2udp: 1 | 
2026-05-03 16:24:57,306 - INFO     - img2od: 0 | od2fr: 0 | od2lpr: 0 | od2cap: 0 | fr2kr: 0 | lpr2kr: 797 | cap2udp: 0 | kr2udp: 1 | 
2026-05-03 16:24:58,307 - INFO     - img2od: 0 | od2fr: 0 | od2lpr: 0 | od2cap: 0 | fr2kr: 0 | lpr2kr: 793 | cap2udp: 0 | kr2udp: 1 | 
2026-05-03 16:24:59,309 - INFO     - img2od: 0 | od2fr: 0 | od2lpr: 0 | od2cap: 0 | fr2kr: 0 | lpr2kr: 789 | cap2udp: 0 | kr2udp: 1 | 
2026-05-03 16:25:00,310 - INFO     - img2od: 0 | od2fr: 0 | od2lpr: 0 | od2cap: 0 | fr2kr: 0 | lpr2kr: 784 | cap2udp: 0 | kr2udp: 0 | 
2026-05-03 16:25:01,311 - INFO     - img2od: 0 | od2fr: 0 | od2lpr: 0 | od2cap: 0 | fr2kr: 0 | lpr2kr: 780 | cap2udp: 0 | kr2udp: 0 | 
2026-05-03 16:25:02,312 - INFO     - img2od: 0 | od2fr: 0 | od2lpr: 0 | od2cap: 0 | fr2kr: 0 | lpr2kr: 776 | cap2udp: 0 | kr2udp: 1 | 
2026-05-03 16:25:03,313 - INFO     - img2od: 0 | od2fr: 0 | od2lpr: 0 | od2cap: 0 | fr2kr: 0 | lpr2kr: 772 | cap2udp: 0 | kr2udp: 1 | 
2026-05-03 16:25:04,315 - INFO     - img2od: 0 | od2fr: 0 | od2lpr: 0 | od2cap: 0 | fr2kr: 0 | lpr2kr: 767 | cap2udp: 0 | kr2udp: 0 | 
2026-05-03 16:25:05,316 - INFO     - img2od: 0 | od2fr: 0 | od2lpr: 0 | od2cap: 0 | fr2kr: 0 | lpr2kr: 763 | cap2udp: 0 | kr2udp: 0 | 
2026-05-03 16:25:06,317 - INFO     - img2od: 0 | od2fr: 0 | od2lpr: 0 | od2cap: 0 | fr2kr: 0 | lpr2kr: 759 | cap2udp: 0 | kr2udp: 1 | 
2026-05-03 16:25:07,318 - INFO     - img2od: 0 | od2fr: 0 | od2lpr: 0 | od2cap: 0 | fr2kr: 0 | lpr2kr: 755 | cap2udp: 0 | kr2udp: 1 | 
2026-05-03 16:25:08,320 - INFO     - img2od: 0 | od2fr: 0 | od2lpr: 0 | od2cap: 0 | fr2kr: 0 | lpr2kr: 750 | cap2udp: 0 | kr2udp: 0 | 
2026-05-03 16:25:09,321 - INFO     - img2od: 0 | od2fr: 0 | od2lpr: 0 | od2cap: 0 | fr2kr: 0 | lpr2kr: 746 | cap2udp: 0 | kr2udp: 0 | 
2026-05-03 16:25:10,322 - INFO     - img2od: 0 | od2fr: 0 | od2lpr: 0 | od2cap: 0 | fr2kr: 0 | lpr2kr: 742 | cap2udp: 0 | kr2udp: 1 | 
2026-05-03 16:25:11,323 - INFO     - img2od: 0 | od2fr: 0 | od2lpr: 0 | od2cap: 0 | fr2kr: 0 | lpr2kr: 738 | cap2udp: 0 | kr2udp: 1 | 
2026-05-03 16:25:12,324 - INFO     - img2od: 0 | od2fr: 0 | od2lpr: 0 | od2cap: 0 | fr2kr: 0 | lpr2kr: 733 | cap2udp: 0 | kr2udp: 0 | 
2026-05-03 16:25:13,326 - INFO     - img2od: 0 | od2fr: 0 | od2lpr: 0 | od2cap: 0 | fr2kr: 0 | lpr2kr: 729 | cap2udp: 0 | kr2udp: 0 | 
2026-05-03 16:25:14,327 - INFO     - img2od: 0 | od2fr: 0 | od2lpr: 0 | od2cap: 0 | fr2kr: 0 | lpr2kr: 725 | cap2udp: 0 | kr2udp: 1 | 
2026-05-03 16:25:15,328 - INFO     - img2od: 0 | od2fr: 0 | od2lpr: 0 | od2cap: 0 | fr2kr: 0 | lpr2kr: 721 | cap2udp: 0 | kr2udp: 1 | 
2026-05-03 16:25:16,329 - INFO     - img2od: 0 | od2fr: 0 | od2lpr: 0 | od2cap: 0 | fr2kr: 0 | lpr2kr: 716 | cap2udp: 0 | kr2udp: 1 | 
2026-05-03 16:25:17,331 - INFO     - img2od: 0 | od2fr: 0 | od2lpr: 0 | od2cap: 0 | fr2kr: 0 | lpr2kr: 712 | cap2udp: 0 | kr2udp: 0 | 
2026-05-03 16:25:18,332 - INFO     - img2od: 0 | od2fr: 0 | od2lpr: 0 | od2cap: 0 | fr2kr: 0 | lpr2kr: 708 | cap2udp: 0 | kr2udp: 1 | 
2026-05-03 16:25:19,333 - INFO     - img2od: 0 | od2fr: 0 | od2lpr: 0 | od2cap: 0 | fr2kr: 0 | lpr2kr: 704 | cap2udp: 0 | kr2udp: 1 | 
2026-05-03 16:25:20,334 - INFO     - img2od: 0 | od2fr: 0 | od2lpr: 0 | od2cap: 0 | fr2kr: 0 | lpr2kr: 700 | cap2udp: 0 | kr2udp: 1 | 
2026-05-03 16:25:21,336 - INFO     - img2od: 0 | od2fr: 0 | od2lpr: 0 | od2cap: 0 | fr2kr: 0 | lpr2kr: 695 | cap2udp: 0 | kr2udp: 1 | 
2026-05-03 16:25:22,337 - INFO     - img2od: 0 | od2fr: 0 | od2lpr: 0 | od2cap: 0 | fr2kr: 0 | lpr2kr: 691 | cap2udp: 0 | kr2udp: 1 | 
2026-05-03 16:25:23,338 - INFO     - img2od: 0 | od2fr: 0 | od2lpr: 0 | od2cap: 0 | fr2kr: 0 | lpr2kr: 687 | cap2udp: 0 | kr2udp: 0 | 
2026-05-03 16:25:24,339 - INFO     - img2od: 0 | od2fr: 0 | od2lpr: 0 | od2cap: 0 | fr2kr: 0 | lpr2kr: 683 | cap2udp: 0 | kr2udp: 1 | 
2026-05-03 16:25:25,340 - INFO     - img2od: 0 | od2fr: 0 | od2lpr: 0 | od2cap: 0 | fr2kr: 0 | lpr2kr: 678 | cap2udp: 0 | kr2udp: 1 | 
2026-05-03 16:25:26,341 - INFO     - img2od: 0 | od2fr: 0 | od2lpr: 0 | od2cap: 0 | fr2kr: 0 | lpr2kr: 674 | cap2udp: 0 | kr2udp: 1 | 
2026-05-03 16:25:27,343 - INFO     - img2od: 0 | od2fr: 0 | od2lpr: 0 | od2cap: 0 | fr2kr: 0 | lpr2kr: 670 | cap2udp: 0 | kr2udp: 1 | 
2026-05-03 16:25:28,344 - INFO     - img2od: 0 | od2fr: 0 | od2lpr: 0 | od2cap: 0 | fr2kr: 0 | lpr2kr: 665 | cap2udp: 0 | kr2udp: 1 | 
2026-05-03 16:25:29,345 - INFO     - img2od: 0 | od2fr: 0 | od2lpr: 0 | od2cap: 0 | fr2kr: 0 | lpr2kr: 661 | cap2udp: 0 | kr2udp: 1 | 
2026-05-03 16:25:30,346 - INFO     - img2od: 0 | od2fr: 0 | od2lpr: 0 | od2cap: 0 | fr2kr: 0 | lpr2kr: 657 | cap2udp: 0 | kr2udp: 1 | 
2026-05-03 16:25:31,348 - INFO     - img2od: 0 | od2fr: 0 | od2lpr: 0 | od2cap: 0 | fr2kr: 0 | lpr2kr: 652 | cap2udp: 0 | kr2udp: 1 | 
2026-05-03 16:25:32,349 - INFO     - img2od: 0 | od2fr: 0 | od2lpr: 0 | od2cap: 0 | fr2kr: 0 | lpr2kr: 648 | cap2udp: 0 | kr2udp: 1 | 
2026-05-03 16:25:33,350 - INFO     - img2od: 0 | od2fr: 0 | od2lpr: 0 | od2cap: 0 | fr2kr: 0 | lpr2kr: 643 | cap2udp: 0 | kr2udp: 1 | 
2026-05-03 16:25:34,351 - INFO     - img2od: 0 | od2fr: 0 | od2lpr: 0 | od2cap: 0 | fr2kr: 0 | lpr2kr: 639 | cap2udp: 0 | kr2udp: 1 | 
2026-05-03 16:25:35,352 - INFO     - img2od: 0 | od2fr: 0 | od2lpr: 0 | od2cap: 0 | fr2kr: 0 | lpr2kr: 635 | cap2udp: 0 | kr2udp: 1 | 
2026-05-03 16:25:36,353 - INFO     - img2od: 0 | od2fr: 0 | od2lpr: 0 | od2cap: 0 | fr2kr: 0 | lpr2kr: 630 | cap2udp: 0 | kr2udp: 1 | 
2026-05-03 16:25:37,355 - INFO     - img2od: 0 | od2fr: 0 | od2lpr: 0 | od2cap: 0 | fr2kr: 0 | lpr2kr: 626 | cap2udp: 0 | kr2udp: 1 | 
2026-05-03 16:25:38,356 - INFO     - img2od: 0 | od2fr: 0 | od2lpr: 0 | od2cap: 0 | fr2kr: 0 | lpr2kr: 622 | cap2udp: 0 | kr2udp: 1 | 
2026-05-03 16:25:39,357 - INFO     - img2od: 0 | od2fr: 0 | od2lpr: 0 | od2cap: 0 | fr2kr: 0 | lpr2kr: 617 | cap2udp: 0 | kr2udp: 1 | 
2026-05-03 16:25:40,358 - INFO     - img2od: 0 | od2fr: 0 | od2lpr: 0 | od2cap: 0 | fr2kr: 0 | lpr2kr: 613 | cap2udp: 0 | kr2udp: 1 | 
2026-05-03 16:25:41,360 - INFO     - img2od: 0 | od2fr: 0 | od2lpr: 0 | od2cap: 0 | fr2kr: 0 | lpr2kr: 608 | cap2udp: 0 | kr2udp: 1 | 
2026-05-03 16:25:42,361 - INFO     - img2od: 0 | od2fr: 0 | od2lpr: 0 | od2cap: 0 | fr2kr: 0 | lpr2kr: 604 | cap2udp: 0 | kr2udp: 1 | 
2026-05-03 16:25:43,362 - INFO     - img2od: 0 | od2fr: 0 | od2lpr: 0 | od2cap: 0 | fr2kr: 0 | lpr2kr: 600 | cap2udp: 0 | kr2udp: 1 | 
2026-05-03 16:25:44,363 - INFO     - img2od: 0 | od2fr: 0 | od2lpr: 0 | od2cap: 0 | fr2kr: 0 | lpr2kr: 595 | cap2udp: 0 | kr2udp: 1 | 
2026-05-03 16:25:45,365 - INFO     - img2od: 0 | od2fr: 0 | od2lpr: 0 | od2cap: 0 | fr2kr: 0 | lpr2kr: 591 | cap2udp: 0 | kr2udp: 1 | 
2026-05-03 16:25:46,366 - INFO     - img2od: 0 | od2fr: 0 | od2lpr: 0 | od2cap: 0 | fr2kr: 0 | lpr2kr: 587 | cap2udp: 0 | kr2udp: 1 | 
2026-05-03 16:25:47,367 - INFO     - img2od: 0 | od2fr: 0 | od2lpr: 0 | od2cap: 0 | fr2kr: 0 | lpr2kr: 582 | cap2udp: 0 | kr2udp: 1 | 
2026-05-03 16:25:48,368 - INFO     - img2od: 0 | od2fr: 0 | od2lpr: 0 | od2cap: 0 | fr2kr: 0 | lpr2kr: 578 | cap2udp: 0 | kr2udp: 1 | 
2026-05-03 16:25:49,369 - INFO     - img2od: 0 | od2fr: 0 | od2lpr: 0 | od2cap: 0 | fr2kr: 0 | lpr2kr: 574 | cap2udp: 0 | kr2udp: 1 | 
2026-05-03 16:25:50,370 - INFO     - img2od: 0 | od2fr: 0 | od2lpr: 0 | od2cap: 0 | fr2kr: 0 | lpr2kr: 569 | cap2udp: 0 | kr2udp: 1 | 
2026-05-03 16:25:51,371 - INFO     - img2od: 0 | od2fr: 0 | od2lpr: 0 | od2cap: 0 | fr2kr: 0 | lpr2kr: 565 | cap2udp: 0 | kr2udp: 1 | 
2026-05-03 16:25:52,373 - INFO     - img2od: 0 | od2fr: 0 | od2lpr: 0 | od2cap: 0 | fr2kr: 0 | lpr2kr: 560 | cap2udp: 0 | kr2udp: 1 | 
2026-05-03 16:25:53,374 - INFO     - img2od: 0 | od2fr: 0 | od2lpr: 0 | od2cap: 0 | fr2kr: 0 | lpr2kr: 556 | cap2udp: 0 | kr2udp: 1 | 
2026-05-03 16:25:54,375 - INFO     - img2od: 0 | od2fr: 0 | od2lpr: 0 | od2cap: 0 | fr2kr: 0 | lpr2kr: 552 | cap2udp: 0 | kr2udp: 1 | 
2026-05-03 16:25:55,376 - INFO     - img2od: 0 | od2fr: 0 | od2lpr: 0 | od2cap: 0 | fr2kr: 0 | lpr2kr: 547 | cap2udp: 0 | kr2udp: 1 | 
2026-05-03 16:25:56,378 - INFO     - img2od: 0 | od2fr: 0 | od2lpr: 0 | od2cap: 0 | fr2kr: 0 | lpr2kr: 543 | cap2udp: 0 | kr2udp: 1 | 
2026-05-03 16:25:57,379 - INFO     - img2od: 0 | od2fr: 0 | od2lpr: 0 | od2cap: 0 | fr2kr: 0 | lpr2kr: 539 | cap2udp: 0 | kr2udp: 1 | 
2026-05-03 16:25:58,380 - INFO     - img2od: 0 | od2fr: 0 | od2lpr: 0 | od2cap: 0 | fr2kr: 0 | lpr2kr: 534 | cap2udp: 0 | kr2udp: 1 | 
2026-05-03 16:25:59,381 - INFO     - img2od: 0 | od2fr: 0 | od2lpr: 0 | od2cap: 0 | fr2kr: 0 | lpr2kr: 530 | cap2udp: 0 | kr2udp: 1 | 
2026-05-03 16:26:00,383 - INFO     - img2od: 0 | od2fr: 0 | od2lpr: 0 | od2cap: 0 | fr2kr: 0 | lpr2kr: 525 | cap2udp: 0 | kr2udp: 1 | 
2026-05-03 16:26:01,384 - INFO     - img2od: 0 | od2fr: 0 | od2lpr: 0 | od2cap: 0 | fr2kr: 0 | lpr2kr: 521 | cap2udp: 0 | kr2udp: 0 | 
2026-05-03 16:26:02,385 - INFO     - img2od: 0 | od2fr: 0 | od2lpr: 0 | od2cap: 0 | fr2kr: 0 | lpr2kr: 517 | cap2udp: 0 | kr2udp: 1 | 
2026-05-03 16:26:03,386 - INFO     - img2od: 0 | od2fr: 0 | od2lpr: 0 | od2cap: 0 | fr2kr: 0 | lpr2kr: 512 | cap2udp: 0 | kr2udp: 1 | 
2026-05-03 16:26:04,388 - INFO     - img2od: 0 | od2fr: 0 | od2lpr: 0 | od2cap: 0 | fr2kr: 0 | lpr2kr: 508 | cap2udp: 0 | kr2udp: 1 | 
2026-05-03 16:26:05,389 - INFO     - img2od: 0 | od2fr: 0 | od2lpr: 0 | od2cap: 0 | fr2kr: 0 | lpr2kr: 503 | cap2udp: 0 | kr2udp: 1 | 
2026-05-03 16:26:06,390 - INFO     - img2od: 0 | od2fr: 0 | od2lpr: 0 | od2cap: 0 | fr2kr: 0 | lpr2kr: 499 | cap2udp: 0 | kr2udp: 0 | 
2026-05-03 16:26:07,391 - INFO     - img2od: 0 | od2fr: 0 | od2lpr: 0 | od2cap: 0 | fr2kr: 0 | lpr2kr: 495 | cap2udp: 0 | kr2udp: 1 | 
2026-05-03 16:26:08,392 - INFO     - img2od: 0 | od2fr: 0 | od2lpr: 0 | od2cap: 0 | fr2kr: 0 | lpr2kr: 490 | cap2udp: 0 | kr2udp: 0 | 
2026-05-03 16:26:09,394 - INFO     - img2od: 0 | od2fr: 0 | od2lpr: 0 | od2cap: 0 | fr2kr: 0 | lpr2kr: 486 | cap2udp: 0 | kr2udp: 1 | 
2026-05-03 16:26:10,395 - INFO     - img2od: 0 | od2fr: 0 | od2lpr: 0 | od2cap: 0 | fr2kr: 0 | lpr2kr: 482 | cap2udp: 0 | kr2udp: 1 | 
2026-05-03 16:26:11,396 - INFO     - img2od: 0 | od2fr: 0 | od2lpr: 0 | od2cap: 0 | fr2kr: 0 | lpr2kr: 477 | cap2udp: 0 | kr2udp: 0 | 
2026-05-03 16:26:12,397 - INFO     - img2od: 0 | od2fr: 0 | od2lpr: 0 | od2cap: 0 | fr2kr: 0 | lpr2kr: 473 | cap2udp: 0 | kr2udp: 1 | 
2026-05-03 16:26:13,398 - INFO     - img2od: 0 | od2fr: 0 | od2lpr: 0 | od2cap: 0 | fr2kr: 0 | lpr2kr: 468 | cap2udp: 0 | kr2udp: 1 | 
2026-05-03 16:26:14,399 - INFO     - img2od: 0 | od2fr: 0 | od2lpr: 0 | od2cap: 0 | fr2kr: 0 | lpr2kr: 464 | cap2udp: 0 | kr2udp: 1 | 
2026-05-03 16:26:15,401 - INFO     - img2od: 0 | od2fr: 0 | od2lpr: 0 | od2cap: 0 | fr2kr: 0 | lpr2kr: 459 | cap2udp: 0 | kr2udp: 1 | 
2026-05-03 16:26:16,402 - INFO     - img2od: 0 | od2fr: 0 | od2lpr: 0 | od2cap: 0 | fr2kr: 0 | lpr2kr: 455 | cap2udp: 0 | kr2udp: 0 | 
2026-05-03 16:26:17,403 - INFO     - img2od: 0 | od2fr: 0 | od2lpr: 0 | od2cap: 0 | fr2kr: 0 | lpr2kr: 451 | cap2udp: 0 | kr2udp: 1 | 
2026-05-03 16:26:18,404 - INFO     - img2od: 0 | od2fr: 0 | od2lpr: 0 | od2cap: 0 | fr2kr: 0 | lpr2kr: 446 | cap2udp: 0 | kr2udp: 0 | 
2026-05-03 16:26:19,406 - INFO     - img2od: 0 | od2fr: 0 | od2lpr: 0 | od2cap: 0 | fr2kr: 0 | lpr2kr: 442 | cap2udp: 0 | kr2udp: 1 | 
2026-05-03 16:26:20,407 - INFO     - img2od: 0 | od2fr: 0 | od2lpr: 0 | od2cap: 0 | fr2kr: 0 | lpr2kr: 438 | cap2udp: 0 | kr2udp: 1 | 
2026-05-03 16:26:21,408 - INFO     - img2od: 0 | od2fr: 0 | od2lpr: 0 | od2cap: 0 | fr2kr: 0 | lpr2kr: 433 | cap2udp: 0 | kr2udp: 0 | 
2026-05-03 16:26:22,409 - INFO     - img2od: 0 | od2fr: 0 | od2lpr: 0 | od2cap: 0 | fr2kr: 0 | lpr2kr: 429 | cap2udp: 0 | kr2udp: 1 | 
2026-05-03 16:26:23,410 - INFO     - img2od: 0 | od2fr: 0 | od2lpr: 0 | od2cap: 0 | fr2kr: 0 | lpr2kr: 424 | cap2udp: 0 | kr2udp: 1 | 
2026-05-03 16:26:24,411 - INFO     - img2od: 0 | od2fr: 0 | od2lpr: 0 | od2cap: 0 | fr2kr: 0 | lpr2kr: 420 | cap2udp: 0 | kr2udp: 0 | 
2026-05-03 16:26:25,412 - INFO     - img2od: 0 | od2fr: 0 | od2lpr: 0 | od2cap: 0 | fr2kr: 0 | lpr2kr: 416 | cap2udp: 0 | kr2udp: 1 | 
2026-05-03 16:26:26,413 - INFO     - img2od: 0 | od2fr: 0 | od2lpr: 0 | od2cap: 0 | fr2kr: 0 | lpr2kr: 411 | cap2udp: 0 | kr2udp: 0 | 
2026-05-03 16:26:27,414 - INFO     - img2od: 0 | od2fr: 0 | od2lpr: 0 | od2cap: 0 | fr2kr: 0 | lpr2kr: 407 | cap2udp: 0 | kr2udp: 0 | 
2026-05-03 16:26:28,415 - INFO     - img2od: 0 | od2fr: 0 | od2lpr: 0 | od2cap: 0 | fr2kr: 0 | lpr2kr: 403 | cap2udp: 0 | kr2udp: 1 | 
2026-05-03 16:26:29,416 - INFO     - img2od: 0 | od2fr: 0 | od2lpr: 0 | od2cap: 0 | fr2kr: 0 | lpr2kr: 398 | cap2udp: 0 | kr2udp: 0 | 
2026-05-03 16:26:30,418 - INFO     - img2od: 0 | od2fr: 0 | od2lpr: 0 | od2cap: 0 | fr2kr: 0 | lpr2kr: 394 | cap2udp: 0 | kr2udp: 1 | 
2026-05-03 16:26:31,419 - INFO     - img2od: 0 | od2fr: 0 | od2lpr: 0 | od2cap: 0 | fr2kr: 0 | lpr2kr: 390 | cap2udp: 0 | kr2udp: 1 | 
2026-05-03 16:26:32,420 - INFO     - img2od: 0 | od2fr: 0 | od2lpr: 0 | od2cap: 0 | fr2kr: 0 | lpr2kr: 385 | cap2udp: 0 | kr2udp: 0 | 
2026-05-03 16:26:33,421 - INFO     - img2od: 0 | od2fr: 0 | od2lpr: 0 | od2cap: 0 | fr2kr: 0 | lpr2kr: 381 | cap2udp: 0 | kr2udp: 1 | 
2026-05-03 16:26:34,422 - INFO     - img2od: 0 | od2fr: 0 | od2lpr: 0 | od2cap: 0 | fr2kr: 0 | lpr2kr: 376 | cap2udp: 0 | kr2udp: 1 | 
2026-05-03 16:26:35,424 - INFO     - img2od: 0 | od2fr: 0 | od2lpr: 0 | od2cap: 0 | fr2kr: 0 | lpr2kr: 372 | cap2udp: 0 | kr2udp: 0 | 
2026-05-03 16:26:36,425 - INFO     - img2od: 0 | od2fr: 0 | od2lpr: 0 | od2cap: 0 | fr2kr: 0 | lpr2kr: 368 | cap2udp: 0 | kr2udp: 1 | 
2026-05-03 16:26:37,426 - INFO     - img2od: 0 | od2fr: 0 | od2lpr: 0 | od2cap: 0 | fr2kr: 0 | lpr2kr: 363 | cap2udp: 0 | kr2udp: 0 | 
2026-05-03 16:26:38,427 - INFO     - img2od: 0 | od2fr: 0 | od2lpr: 0 | od2cap: 0 | fr2kr: 0 | lpr2kr: 359 | cap2udp: 0 | kr2udp: 1 | 
2026-05-03 16:26:39,428 - INFO     - img2od: 0 | od2fr: 0 | od2lpr: 0 | od2cap: 0 | fr2kr: 0 | lpr2kr: 355 | cap2udp: 0 | kr2udp: 1 | 
2026-05-03 16:26:40,429 - INFO     - img2od: 0 | od2fr: 0 | od2lpr: 0 | od2cap: 0 | fr2kr: 0 | lpr2kr: 350 | cap2udp: 0 | kr2udp: 0 | 
2026-05-03 16:26:41,430 - INFO     - img2od: 0 | od2fr: 0 | od2lpr: 0 | od2cap: 0 | fr2kr: 0 | lpr2kr: 346 | cap2udp: 0 | kr2udp: 1 | 
2026-05-03 16:26:42,431 - INFO     - img2od: 0 | od2fr: 0 | od2lpr: 0 | od2cap: 0 | fr2kr: 0 | lpr2kr: 341 | cap2udp: 0 | kr2udp: 1 | 
2026-05-03 16:26:43,431 - INFO     - img2od: 0 | od2fr: 0 | od2lpr: 0 | od2cap: 0 | fr2kr: 0 | lpr2kr: 337 | cap2udp: 0 | kr2udp: 0 | 
2026-05-03 16:26:44,432 - INFO     - img2od: 0 | od2fr: 0 | od2lpr: 0 | od2cap: 0 | fr2kr: 0 | lpr2kr: 333 | cap2udp: 0 | kr2udp: 1 | 
2026-05-03 16:26:45,434 - INFO     - img2od: 0 | od2fr: 0 | od2lpr: 0 | od2cap: 0 | fr2kr: 0 | lpr2kr: 328 | cap2udp: 0 | kr2udp: 0 | 
2026-05-03 16:26:46,435 - INFO     - img2od: 0 | od2fr: 0 | od2lpr: 0 | od2cap: 0 | fr2kr: 0 | lpr2kr: 324 | cap2udp: 0 | kr2udp: 1 | 
2026-05-03 16:26:47,436 - INFO     - img2od: 0 | od2fr: 0 | od2lpr: 0 | od2cap: 0 | fr2kr: 0 | lpr2kr: 319 | cap2udp: 0 | kr2udp: 0 | 
2026-05-03 16:26:48,437 - INFO     - img2od: 0 | od2fr: 0 | od2lpr: 0 | od2cap: 0 | fr2kr: 0 | lpr2kr: 315 | cap2udp: 0 | kr2udp: 1 | 
2026-05-03 16:26:49,438 - INFO     - img2od: 0 | od2fr: 0 | od2lpr: 0 | od2cap: 0 | fr2kr: 0 | lpr2kr: 310 | cap2udp: 0 | kr2udp: 1 | 
2026-05-03 16:26:50,439 - INFO     - img2od: 0 | od2fr: 0 | od2lpr: 0 | od2cap: 0 | fr2kr: 0 | lpr2kr: 306 | cap2udp: 0 | kr2udp: 1 | 
2026-05-03 16:26:51,440 - INFO     - img2od: 0 | od2fr: 0 | od2lpr: 0 | od2cap: 0 | fr2kr: 0 | lpr2kr: 302 | cap2udp: 0 | kr2udp: 1 | 
2026-05-03 16:26:52,442 - INFO     - img2od: 0 | od2fr: 0 | od2lpr: 0 | od2cap: 0 | fr2kr: 0 | lpr2kr: 297 | cap2udp: 0 | kr2udp: 0 | 
2026-05-03 16:26:53,443 - INFO     - img2od: 0 | od2fr: 0 | od2lpr: 0 | od2cap: 0 | fr2kr: 0 | lpr2kr: 293 | cap2udp: 0 | kr2udp: 1 | 
2026-05-03 16:26:54,444 - INFO     - img2od: 0 | od2fr: 0 | od2lpr: 0 | od2cap: 0 | fr2kr: 0 | lpr2kr: 288 | cap2udp: 0 | kr2udp: 0 | 
2026-05-03 16:26:55,445 - INFO     - img2od: 0 | od2fr: 0 | od2lpr: 0 | od2cap: 0 | fr2kr: 0 | lpr2kr: 284 | cap2udp: 0 | kr2udp: 1 | 
2026-05-03 16:26:56,447 - INFO     - img2od: 0 | od2fr: 0 | od2lpr: 0 | od2cap: 0 | fr2kr: 0 | lpr2kr: 279 | cap2udp: 0 | kr2udp: 1 | 
2026-05-03 16:26:57,448 - INFO     - img2od: 0 | od2fr: 0 | od2lpr: 0 | od2cap: 0 | fr2kr: 0 | lpr2kr: 275 | cap2udp: 0 | kr2udp: 0 | 
2026-05-03 16:26:58,449 - INFO     - img2od: 0 | od2fr: 0 | od2lpr: 0 | od2cap: 0 | fr2kr: 0 | lpr2kr: 271 | cap2udp: 0 | kr2udp: 1 | 
2026-05-03 16:26:59,450 - INFO     - img2od: 0 | od2fr: 0 | od2lpr: 0 | od2cap: 0 | fr2kr: 0 | lpr2kr: 266 | cap2udp: 0 | kr2udp: 0 | 
2026-05-03 16:27:00,452 - INFO     - img2od: 0 | od2fr: 0 | od2lpr: 0 | od2cap: 0 | fr2kr: 0 | lpr2kr: 262 | cap2udp: 0 | kr2udp: 1 | 
2026-05-03 16:27:01,453 - INFO     - img2od: 0 | od2fr: 0 | od2lpr: 0 | od2cap: 0 | fr2kr: 0 | lpr2kr: 258 | cap2udp: 0 | kr2udp: 1 | 
2026-05-03 16:27:02,454 - INFO     - img2od: 0 | od2fr: 0 | od2lpr: 0 | od2cap: 0 | fr2kr: 0 | lpr2kr: 253 | cap2udp: 0 | kr2udp: 1 | 
2026-05-03 16:27:03,455 - INFO     - img2od: 0 | od2fr: 0 | od2lpr: 0 | od2cap: 0 | fr2kr: 0 | lpr2kr: 249 | cap2udp: 0 | kr2udp: 1 | 
2026-05-03 16:27:04,455 - INFO     - img2od: 0 | od2fr: 0 | od2lpr: 0 | od2cap: 0 | fr2kr: 0 | lpr2kr: 245 | cap2udp: 0 | kr2udp: 1 | 
2026-05-03 16:27:05,457 - INFO     - img2od: 0 | od2fr: 0 | od2lpr: 0 | od2cap: 0 | fr2kr: 0 | lpr2kr: 240 | cap2udp: 0 | kr2udp: 1 | 
2026-05-03 16:27:06,458 - INFO     - img2od: 0 | od2fr: 0 | od2lpr: 0 | od2cap: 0 | fr2kr: 0 | lpr2kr: 236 | cap2udp: 0 | kr2udp: 1 | 
2026-05-03 16:27:07,459 - INFO     - img2od: 0 | od2fr: 0 | od2lpr: 0 | od2cap: 0 | fr2kr: 0 | lpr2kr: 231 | cap2udp: 0 | kr2udp: 0 | 
2026-05-03 16:27:08,460 - INFO     - img2od: 0 | od2fr: 0 | od2lpr: 0 | od2cap: 0 | fr2kr: 0 | lpr2kr: 227 | cap2udp: 0 | kr2udp: 1 | 
2026-05-03 16:27:09,461 - INFO     - img2od: 0 | od2fr: 0 | od2lpr: 0 | od2cap: 0 | fr2kr: 0 | lpr2kr: 223 | cap2udp: 0 | kr2udp: 1 | 
2026-05-03 16:27:10,463 - INFO     - img2od: 0 | od2fr: 0 | od2lpr: 0 | od2cap: 0 | fr2kr: 0 | lpr2kr: 218 | cap2udp: 0 | kr2udp: 0 | 
2026-05-03 16:27:11,464 - INFO     - img2od: 0 | od2fr: 0 | od2lpr: 0 | od2cap: 0 | fr2kr: 0 | lpr2kr: 214 | cap2udp: 0 | kr2udp: 1 | 
2026-05-03 16:27:12,465 - INFO     - img2od: 0 | od2fr: 0 | od2lpr: 0 | od2cap: 0 | fr2kr: 0 | lpr2kr: 209 | cap2udp: 0 | kr2udp: 1 | 
2026-05-03 16:27:13,466 - INFO     - img2od: 0 | od2fr: 0 | od2lpr: 0 | od2cap: 0 | fr2kr: 0 | lpr2kr: 205 | cap2udp: 0 | kr2udp: 0 | 
2026-05-03 16:27:14,468 - INFO     - img2od: 0 | od2fr: 0 | od2lpr: 0 | od2cap: 0 | fr2kr: 0 | lpr2kr: 201 | cap2udp: 0 | kr2udp: 1 | 
2026-05-03 16:27:15,469 - INFO     - img2od: 0 | od2fr: 0 | od2lpr: 0 | od2cap: 0 | fr2kr: 0 | lpr2kr: 196 | cap2udp: 0 | kr2udp: 0 | 
2026-05-03 16:27:16,470 - INFO     - img2od: 0 | od2fr: 0 | od2lpr: 0 | od2cap: 0 | fr2kr: 0 | lpr2kr: 192 | cap2udp: 0 | kr2udp: 0 | 
2026-05-03 16:27:17,471 - INFO     - img2od: 0 | od2fr: 0 | od2lpr: 0 | od2cap: 0 | fr2kr: 0 | lpr2kr: 188 | cap2udp: 0 | kr2udp: 1 | 
2026-05-03 16:27:18,473 - INFO     - img2od: 0 | od2fr: 0 | od2lpr: 0 | od2cap: 0 | fr2kr: 0 | lpr2kr: 183 | cap2udp: 0 | kr2udp: 0 | 
2026-05-03 16:27:19,474 - INFO     - img2od: 0 | od2fr: 0 | od2lpr: 0 | od2cap: 0 | fr2kr: 0 | lpr2kr: 179 | cap2udp: 0 | kr2udp: 1 | 
2026-05-03 16:27:20,475 - INFO     - img2od: 0 | od2fr: 0 | od2lpr: 0 | od2cap: 0 | fr2kr: 0 | lpr2kr: 175 | cap2udp: 0 | kr2udp: 1 | 
2026-05-03 16:27:21,476 - INFO     - img2od: 0 | od2fr: 0 | od2lpr: 0 | od2cap: 0 | fr2kr: 0 | lpr2kr: 170 | cap2udp: 0 | kr2udp: 0 | 
2026-05-03 16:27:22,478 - INFO     - img2od: 0 | od2fr: 0 | od2lpr: 0 | od2cap: 0 | fr2kr: 0 | lpr2kr: 166 | cap2udp: 0 | kr2udp: 1 | 
2026-05-03 16:27:23,479 - INFO     - img2od: 0 | od2fr: 0 | od2lpr: 0 | od2cap: 0 | fr2kr: 0 | lpr2kr: 161 | cap2udp: 0 | kr2udp: 1 | 
2026-05-03 16:27:24,480 - INFO     - img2od: 0 | od2fr: 0 | od2lpr: 0 | od2cap: 0 | fr2kr: 0 | lpr2kr: 157 | cap2udp: 0 | kr2udp: 1 | 
2026-05-03 16:27:25,481 - INFO     - img2od: 0 | od2fr: 0 | od2lpr: 0 | od2cap: 0 | fr2kr: 0 | lpr2kr: 153 | cap2udp: 0 | kr2udp: 1 | 
2026-05-03 16:27:26,482 - INFO     - img2od: 0 | od2fr: 0 | od2lpr: 0 | od2cap: 0 | fr2kr: 0 | lpr2kr: 148 | cap2udp: 0 | kr2udp: 0 | 
2026-05-03 16:27:27,484 - INFO     - img2od: 0 | od2fr: 0 | od2lpr: 0 | od2cap: 0 | fr2kr: 0 | lpr2kr: 144 | cap2udp: 0 | kr2udp: 1 | 
2026-05-03 16:27:28,485 - INFO     - img2od: 0 | od2fr: 0 | od2lpr: 0 | od2cap: 0 | fr2kr: 0 | lpr2kr: 139 | cap2udp: 0 | kr2udp: 1 | 
2026-05-03 16:27:29,486 - INFO     - img2od: 0 | od2fr: 0 | od2lpr: 0 | od2cap: 0 | fr2kr: 0 | lpr2kr: 135 | cap2udp: 0 | kr2udp: 1 | 
2026-05-03 16:27:30,487 - INFO     - img2od: 0 | od2fr: 0 | od2lpr: 0 | od2cap: 0 | fr2kr: 0 | lpr2kr: 130 | cap2udp: 0 | kr2udp: 1 | 
2026-05-03 16:27:31,489 - INFO     - img2od: 0 | od2fr: 0 | od2lpr: 0 | od2cap: 0 | fr2kr: 0 | lpr2kr: 126 | cap2udp: 0 | kr2udp: 0 | 
2026-05-03 16:27:32,490 - INFO     - img2od: 0 | od2fr: 0 | od2lpr: 0 | od2cap: 0 | fr2kr: 0 | lpr2kr: 122 | cap2udp: 0 | kr2udp: 1 | 
2026-05-03 16:27:33,491 - INFO     - img2od: 0 | od2fr: 0 | od2lpr: 0 | od2cap: 0 | fr2kr: 0 | lpr2kr: 117 | cap2udp: 0 | kr2udp: 0 | 
2026-05-03 16:27:34,492 - INFO     - img2od: 0 | od2fr: 0 | od2lpr: 0 | od2cap: 0 | fr2kr: 0 | lpr2kr: 113 | cap2udp: 0 | kr2udp: 0 | 
2026-05-03 16:27:35,494 - INFO     - img2od: 0 | od2fr: 0 | od2lpr: 0 | od2cap: 0 | fr2kr: 0 | lpr2kr: 109 | cap2udp: 0 | kr2udp: 1 | 
2026-05-03 16:27:36,495 - INFO     - img2od: 0 | od2fr: 0 | od2lpr: 0 | od2cap: 0 | fr2kr: 0 | lpr2kr: 104 | cap2udp: 0 | kr2udp: 0 | 
2026-05-03 16:27:37,496 - INFO     - img2od: 0 | od2fr: 0 | od2lpr: 0 | od2cap: 0 | fr2kr: 0 | lpr2kr: 100 | cap2udp: 0 | kr2udp: 1 | 
2026-05-03 16:27:38,497 - INFO     - img2od: 0 | od2fr: 0 | od2lpr: 0 | od2cap: 0 | fr2kr: 0 | lpr2kr: 96 | cap2udp: 0 | kr2udp: 1 | 
2026-05-03 16:27:39,499 - INFO     - img2od: 0 | od2fr: 0 | od2lpr: 0 | od2cap: 0 | fr2kr: 0 | lpr2kr: 91 | cap2udp: 0 | kr2udp: 0 | 
2026-05-03 16:27:40,500 - INFO     - img2od: 0 | od2fr: 0 | od2lpr: 0 | od2cap: 0 | fr2kr: 0 | lpr2kr: 87 | cap2udp: 0 | kr2udp: 1 | 
2026-05-03 16:27:41,501 - INFO     - img2od: 0 | od2fr: 0 | od2lpr: 0 | od2cap: 0 | fr2kr: 0 | lpr2kr: 82 | cap2udp: 0 | kr2udp: 1 | 
2026-05-03 16:27:42,502 - INFO     - img2od: 0 | od2fr: 0 | od2lpr: 0 | od2cap: 0 | fr2kr: 0 | lpr2kr: 78 | cap2udp: 0 | kr2udp: 0 | 
2026-05-03 16:27:43,504 - INFO     - img2od: 0 | od2fr: 0 | od2lpr: 0 | od2cap: 0 | fr2kr: 0 | lpr2kr: 74 | cap2udp: 0 | kr2udp: 1 | 
2026-05-03 16:27:44,505 - INFO     - img2od: 0 | od2fr: 0 | od2lpr: 0 | od2cap: 0 | fr2kr: 0 | lpr2kr: 69 | cap2udp: 0 | kr2udp: 0 | 
2026-05-03 16:27:45,506 - INFO     - img2od: 0 | od2fr: 0 | od2lpr: 0 | od2cap: 0 | fr2kr: 0 | lpr2kr: 65 | cap2udp: 0 | kr2udp: 0 | 
2026-05-03 16:27:46,507 - INFO     - img2od: 0 | od2fr: 0 | od2lpr: 0 | od2cap: 0 | fr2kr: 0 | lpr2kr: 61 | cap2udp: 0 | kr2udp: 1 | 
2026-05-03 16:27:47,509 - INFO     - img2od: 0 | od2fr: 0 | od2lpr: 0 | od2cap: 0 | fr2kr: 0 | lpr2kr: 56 | cap2udp: 0 | kr2udp: 0 | 
2026-05-03 16:27:48,510 - INFO     - img2od: 0 | od2fr: 0 | od2lpr: 0 | od2cap: 0 | fr2kr: 0 | lpr2kr: 52 | cap2udp: 0 | kr2udp: 1 | 
2026-05-03 16:27:49,511 - INFO     - img2od: 0 | od2fr: 0 | od2lpr: 0 | od2cap: 0 | fr2kr: 0 | lpr2kr: 47 | cap2udp: 0 | kr2udp: 1 | 
2026-05-03 16:27:50,512 - INFO     - img2od: 0 | od2fr: 0 | od2lpr: 0 | od2cap: 0 | fr2kr: 0 | lpr2kr: 43 | cap2udp: 0 | kr2udp: 0 | 
2026-05-03 16:27:51,514 - INFO     - img2od: 0 | od2fr: 0 | od2lpr: 0 | od2cap: 0 | fr2kr: 0 | lpr2kr: 39 | cap2udp: 0 | kr2udp: 1 | 
2026-05-03 16:27:52,515 - INFO     - img2od: 0 | od2fr: 0 | od2lpr: 0 | od2cap: 0 | fr2kr: 0 | lpr2kr: 34 | cap2udp: 0 | kr2udp: 0 | 
2026-05-03 16:27:53,516 - INFO     - img2od: 0 | od2fr: 0 | od2lpr: 0 | od2cap: 0 | fr2kr: 0 | lpr2kr: 30 | cap2udp: 0 | kr2udp: 1 | 
2026-05-03 16:27:54,517 - INFO     - img2od: 0 | od2fr: 0 | od2lpr: 0 | od2cap: 0 | fr2kr: 0 | lpr2kr: 26 | cap2udp: 0 | kr2udp: 1 | 
2026-05-03 16:27:55,518 - INFO     - img2od: 0 | od2fr: 0 | od2lpr: 0 | od2cap: 0 | fr2kr: 0 | lpr2kr: 21 | cap2udp: 0 | kr2udp: 0 | 
2026-05-03 16:27:56,520 - INFO     - img2od: 0 | od2fr: 0 | od2lpr: 0 | od2cap: 0 | fr2kr: 0 | lpr2kr: 17 | cap2udp: 0 | kr2udp: 1 | 
2026-05-03 16:27:57,521 - INFO     - img2od: 0 | od2fr: 0 | od2lpr: 0 | od2cap: 0 | fr2kr: 0 | lpr2kr: 12 | cap2udp: 0 | kr2udp: 1 | 
2026-05-03 16:27:58,522 - INFO     - img2od: 0 | od2fr: 0 | od2lpr: 0 | od2cap: 0 | fr2kr: 0 | lpr2kr: 8 | cap2udp: 0 | kr2udp: 0 | 
2026-05-03 16:27:59,523 - INFO     - img2od: 0 | od2fr: 0 | od2lpr: 0 | od2cap: 0 | fr2kr: 0 | lpr2kr: 4 | cap2udp: 0 | kr2udp: 1 | 
2026-05-03 16:28:00,228 - INFO     - krStream     : Received end signal from LPR
2026-05-03 16:28:00,339 - INFO     - krStream     : Received BOTH END signal, shutting down
2026-05-03 16:28:00,447 - INFO     - udpStream    : Received end signal from KR
2026-05-03 16:28:00,491 - INFO     - krStream     : shutdown successful
2026-05-03 16:28:00,525 - INFO     - img2od: 0 | od2fr: 0 | od2lpr: 0 | od2cap: 0 | fr2kr: 0 | lpr2kr: 0 | cap2udp: 0 | kr2udp: 0 | 
2026-05-03 16:28:00,564 - INFO     - udpStream    : Received BOTH END signal, shutting down
2026-05-03 16:28:00,932 - INFO     - udpStream    : shutdown successful
2026-05-03 16:28:01,526 - INFO     - img2od: 0 | od2fr: 0 | od2lpr: 0 | od2cap: 0 | fr2kr: 0 | lpr2kr: 0 | cap2udp: 0 | kr2udp: 0 | 
2026-05-03 16:28:02,527 - INFO     - img2od: 0 | od2fr: 0 | od2lpr: 0 | od2cap: 0 | fr2kr: 0 | lpr2kr: 0 | cap2udp: 0 | kr2udp: 0 | 
2026-05-03 16:28:03,528 - INFO     - img2od: 0 | od2fr: 0 | od2lpr: 0 | od2cap: 0 | fr2kr: 0 | lpr2kr: 0 | cap2udp: 0 | kr2udp: 0 | 
2026-05-03 16:28:04,529 - INFO     - img2od: 0 | od2fr: 0 | od2lpr: 0 | od2cap: 0 | fr2kr: 0 | lpr2kr: 0 | cap2udp: 0 | kr2udp: 0 | 
2026-05-03 16:28:05,531 - INFO     - img2od: 0 | od2fr: 0 | od2lpr: 0 | od2cap: 0 | fr2kr: 0 | lpr2kr: 0 | cap2udp: 0 | kr2udp: 0 | 
2026-05-03 16:28:06,532 - INFO     - All queues empty, job done
2026-05-03 16:28:06,535 - INFO     - Queue logs written to ./profile_exp/mix/r0.05/def_gaussian/seed0/QUEUEWATCH.json
2026-05-03 16:28:07,146 - INFO     - Reach FINALLY block in MAIN process
2026-05-03 16:28:07,146 - INFO     - Starting cleanup of 7 processes.
2026-05-03 16:28:07,146 - INFO     - Draining and closing 8 queues.
2026-05-03 16:28:07,146 - INFO     - Starting cleanup for queue 0, queue size: 0.
2026-05-03 16:28:07,146 - INFO     - Starting cleanup for queue 1, queue size: 0.
2026-05-03 16:28:07,146 - INFO     - Starting cleanup for queue 2, queue size: 0.
2026-05-03 16:28:07,146 - INFO     - Starting cleanup for queue 3, queue size: 0.
2026-05-03 16:28:07,146 - INFO     - Starting cleanup for queue 4, queue size: 0.
2026-05-03 16:28:07,146 - INFO     - Starting cleanup for queue 5, queue size: 0.
2026-05-03 16:28:07,146 - INFO     - Starting cleanup for queue 6, queue size: 0.
2026-05-03 16:28:07,146 - INFO     - Starting cleanup for queue 7, queue size: 0.
2026-05-03 16:28:07,146 - INFO     - Cleanup complete.
2026-05-03 16:28:07,146 - INFO     - Cleaned up resources in MAIN process
2026-05-03 16:28:07,148 - INFO     - Summary written to ./profile_exp/mix/r0.05/def_gaussian/seed0/SUMMARY.json

======================================================================
PROFILING SUMMARY
======================================================================
  Total wall time:    414.08s
  Images processed:   100
  Throughput:         0.2415 img/s
  Avg E2E latency:    68.6488s
  Min E2E latency:    0.0238s
  Max E2E latency:    378.3659s

  Component          Count  Dropped     FLOPs/call    Total FLOPs
  --------------- -------- -------- -------------- --------------
  odStream             100        0   153844849936 15384484993600
  frStream             535        0     2837404864  1518011602240
  lprStream           1380        0    17122871296 23629562388480
  capStream             45        0   435542443635 19599409963575
  krStream            1915        0            n/a            n/a
  udpStream           1960        0            n/a            n/a

  Total FLOPs:        60131468947895
======================================================================
